Sender: LSF System <lsfadmin@linuxdc01>
Subject: Job 24728744: <GM12878_ESR2_APQ> in cluster <rcc> Done

Job <GM12878_ESR2_APQ> was submitted from host <cluster> by user <eg474423> in cluster <rcc>.
Job was executed on host(s) <linuxdc01>, in queue <low>, as user <eg474423> in cluster <rcc>.
</home/eg474423> was used as the home directory.
</work/eg474423/eg474423_Projects/trunk/TfbsPrediction/Code/CompetingMethods/Pipeline> was used as the working directory.
Started at Thu Nov  5 03:20:52 2015
Results reported on Thu Nov  5 04:03:09 2015

Your job looked like:

------------------------------------------------------------
# LSBATCH: User input
./applyPIQ_pipeline.zsh 26 ESR2 /hpcwork/izkf/projects/TfbsPrediction/Results/MPBSAWG/PIQ_batch/ /hpcwork/izkf/projects/TfbsPrediction/Results/Signals/Counts/DU_GM12878/PIQ/DNase.RData /hpcwork/izkf/projects/TfbsPrediction/Results/Footprints/Predictions/GM12878/PIQ_batch/
------------------------------------------------------------

Successfully completed.

Resource usage summary:

    CPU time :                                   2548.47 sec.
    Max Memory :                                 6469 MB
    Average Memory :                             4389.59 MB
    Total Requested Memory :                     12000.00 MB
    Delta Memory :                               5531.00 MB
    Max Processes :                              8
    Max Threads :                                9

The output (if any) follows:

> args <- commandArgs(trailingOnly = TRUE)
> print(args)
[1] "common.r"                                                                                         
[2] "/hpcwork/izkf/projects/TfbsPrediction/Results/MPBSAWG/PIQ_batch/"                                 
[3] "/hpcwork/izkf/projects/TfbsPrediction/Results/Footprints/Predictions/GM12878/PIQ_batch/temp_ESR2/"
[4] "/hpcwork/izkf/projects/TfbsPrediction/Results/Footprints/Predictions/GM12878/PIQ_batch/res_ESR2/" 
[5] "/hpcwork/izkf/projects/TfbsPrediction/Results/Signals/Counts/DU_GM12878/PIQ/DNase.RData"          
[6] "26"                                                                                               
> 
> #location of common.r containing runtime parameters
> commonfile = args[1]
> 
> #directory where pwm matches are stored
> pwmdir = args[2]
> 
> #directory to use as fast temporary storage
> tmpdir = args[3]
> 
> #location of output calls
> outdir = args[4]
> 
> #location of the bam RData file made by bam2rdata.r
> bamfile = args[5]
> 
> #which pwm file to use in pwmdir
> pwmid = args[6]
> 
> ###
> # do FW
> 
> match.rc = F
> dump.chropen = F
> 
> two.pass = F
> suppressWarnings(source(commonfile))
> if(overwrite==F & file.exists( file.path(outdir,paste0(pwmid,'-diag.pdf')))){
+   stop(paste0('found previous run for ',pwmid,' avoiding overwrite'))
+ }
> 
> debugstring = c('loading pwm','loadbam','clustering','binding outputs')
> 
> dump.bed = T
> 
> tryCatch({
+ phase=0
+ load(paste0(pwmdir,pwmid,'.pwmout.RData'))
+ if(sum(clengths[1])>0){
+ phase=1
+ at<-Sys.time()
+ source('loadbam.r')
+ print(Sys.time()-at);at<-Sys.time()
+ phase=2
+ source('cluster.r')
+ print(Sys.time()-at);at<-Sys.time()
+ phase=3
+ source('bindcall.r')
+ print(Sys.time()-at);at<-Sys.time()
+ }
+ },error = function(e){
+    e$message=paste0('error during ',debugstring[phase+1],'\n','Error msg: ',e$message,'\n Args:',paste0(commandArgs(trailingOnly = TRUE),collapse=':'))
+    stop(e)
+ })
[1] "chr1"
[1] "chr2"
[1] "chr3"
[1] "chr4"
[1] "chr5"
[1] "chr6"
[1] "chr7"
[1] "chr8"
[1] "chr9"
[1] "chr10"
[1] "chr11"
[1] "chr12"
[1] "chr13"
[1] "chr14"
[1] "chr15"
[1] "chr16"
[1] "chr17"
[1] "chr18"
[1] "chr19"
[1] "chr20"
[1] "chr21"
[1] "chr22"
[1] "chrX"
[1] "chrM"
[1] "chr1"
[1] "chr2"
[1] "chr3"
[1] "chr4"
[1] "chr5"
[1] "chr6"
[1] "chr7"
[1] "chr8"
[1] "chr9"
[1] "chr10"
[1] "chr11"
[1] "chr12"
[1] "chr13"
[1] "chr14"
[1] "chr15"
[1] "chr16"
[1] "chr17"
[1] "chr18"
[1] "chr19"
[1] "chr20"
[1] "chr21"
[1] "chr22"
[1] "chrX"
[1] "chrM"
Time difference of 6.482215 mins
[1] "/hpcwork/izkf/projects/TfbsPrediction/Results/Footprints/Predictions/GM12878/PIQ_batch/temp_ESR2//26//positive.tf26-chr1.RData"
[1] "/hpcwork/izkf/projects/TfbsPrediction/Results/Footprints/Predictions/GM12878/PIQ_batch/temp_ESR2//26//positive.tf26-chr10.RData"
[1] "/hpcwork/izkf/projects/TfbsPrediction/Results/Footprints/Predictions/GM12878/PIQ_batch/temp_ESR2//26//positive.tf26-chr11.RData"
[1] "/hpcwork/izkf/projects/TfbsPrediction/Results/Footprints/Predictions/GM12878/PIQ_batch/temp_ESR2//26//positive.tf26-chr12.RData"
[1] "/hpcwork/izkf/projects/TfbsPrediction/Results/Footprints/Predictions/GM12878/PIQ_batch/temp_ESR2//26//positive.tf26-chr13.RData"
[1] "/hpcwork/izkf/projects/TfbsPrediction/Results/Footprints/Predictions/GM12878/PIQ_batch/temp_ESR2//26//positive.tf26-chr14.RData"
[1] "/hpcwork/izkf/projects/TfbsPrediction/Results/Footprints/Predictions/GM12878/PIQ_batch/temp_ESR2//26//positive.tf26-chr15.RData"
[1] "/hpcwork/izkf/projects/TfbsPrediction/Results/Footprints/Predictions/GM12878/PIQ_batch/temp_ESR2//26//positive.tf26-chr16.RData"
[1] "/hpcwork/izkf/projects/TfbsPrediction/Results/Footprints/Predictions/GM12878/PIQ_batch/temp_ESR2//26//positive.tf26-chr17.RData"
[1] "/hpcwork/izkf/projects/TfbsPrediction/Results/Footprints/Predictions/GM12878/PIQ_batch/temp_ESR2//26//positive.tf26-chr18.RData"
[1] "/hpcwork/izkf/projects/TfbsPrediction/Results/Footprints/Predictions/GM12878/PIQ_batch/temp_ESR2//26//positive.tf26-chr19.RData"
[1] "/hpcwork/izkf/projects/TfbsPrediction/Results/Footprints/Predictions/GM12878/PIQ_batch/temp_ESR2//26//positive.tf26-chr2.RData"
[1] "/hpcwork/izkf/projects/TfbsPrediction/Results/Footprints/Predictions/GM12878/PIQ_batch/temp_ESR2//26//positive.tf26-chr20.RData"
[1] "/hpcwork/izkf/projects/TfbsPrediction/Results/Footprints/Predictions/GM12878/PIQ_batch/temp_ESR2//26//positive.tf26-chr21.RData"
[1] "/hpcwork/izkf/projects/TfbsPrediction/Results/Footprints/Predictions/GM12878/PIQ_batch/temp_ESR2//26//positive.tf26-chr22.RData"
[1] "/hpcwork/izkf/projects/TfbsPrediction/Results/Footprints/Predictions/GM12878/PIQ_batch/temp_ESR2//26//positive.tf26-chr3.RData"
[1] "/hpcwork/izkf/projects/TfbsPrediction/Results/Footprints/Predictions/GM12878/PIQ_batch/temp_ESR2//26//positive.tf26-chr4.RData"
[1] "/hpcwork/izkf/projects/TfbsPrediction/Results/Footprints/Predictions/GM12878/PIQ_batch/temp_ESR2//26//positive.tf26-chr5.RData"
[1] "/hpcwork/izkf/projects/TfbsPrediction/Results/Footprints/Predictions/GM12878/PIQ_batch/temp_ESR2//26//positive.tf26-chr6.RData"
[1] "/hpcwork/izkf/projects/TfbsPrediction/Results/Footprints/Predictions/GM12878/PIQ_batch/temp_ESR2//26//positive.tf26-chr7.RData"
[1] "/hpcwork/izkf/projects/TfbsPrediction/Results/Footprints/Predictions/GM12878/PIQ_batch/temp_ESR2//26//positive.tf26-chr8.RData"
[1] "/hpcwork/izkf/projects/TfbsPrediction/Results/Footprints/Predictions/GM12878/PIQ_batch/temp_ESR2//26//positive.tf26-chr9.RData"
[1] "/hpcwork/izkf/projects/TfbsPrediction/Results/Footprints/Predictions/GM12878/PIQ_batch/temp_ESR2//26//positive.tf26-chrM.RData"
[1] "/hpcwork/izkf/projects/TfbsPrediction/Results/Footprints/Predictions/GM12878/PIQ_batch/temp_ESR2//26//positive.tf26-chrX.RData"
[1] "/hpcwork/izkf/projects/TfbsPrediction/Results/Footprints/Predictions/GM12878/PIQ_batch/temp_ESR2//26//background.tf26-chr1.RData"
[1] "/hpcwork/izkf/projects/TfbsPrediction/Results/Footprints/Predictions/GM12878/PIQ_batch/temp_ESR2//26//background.tf26-chr10.RData"
[1] "/hpcwork/izkf/projects/TfbsPrediction/Results/Footprints/Predictions/GM12878/PIQ_batch/temp_ESR2//26//background.tf26-chr11.RData"
[1] "/hpcwork/izkf/projects/TfbsPrediction/Results/Footprints/Predictions/GM12878/PIQ_batch/temp_ESR2//26//background.tf26-chr12.RData"
[1] "/hpcwork/izkf/projects/TfbsPrediction/Results/Footprints/Predictions/GM12878/PIQ_batch/temp_ESR2//26//background.tf26-chr13.RData"
[1] "/hpcwork/izkf/projects/TfbsPrediction/Results/Footprints/Predictions/GM12878/PIQ_batch/temp_ESR2//26//background.tf26-chr14.RData"
[1] "/hpcwork/izkf/projects/TfbsPrediction/Results/Footprints/Predictions/GM12878/PIQ_batch/temp_ESR2//26//background.tf26-chr15.RData"
[1] "/hpcwork/izkf/projects/TfbsPrediction/Results/Footprints/Predictions/GM12878/PIQ_batch/temp_ESR2//26//background.tf26-chr16.RData"
[1] "/hpcwork/izkf/projects/TfbsPrediction/Results/Footprints/Predictions/GM12878/PIQ_batch/temp_ESR2//26//background.tf26-chr17.RData"
[1] "/hpcwork/izkf/projects/TfbsPrediction/Results/Footprints/Predictions/GM12878/PIQ_batch/temp_ESR2//26//background.tf26-chr18.RData"
[1] "/hpcwork/izkf/projects/TfbsPrediction/Results/Footprints/Predictions/GM12878/PIQ_batch/temp_ESR2//26//background.tf26-chr19.RData"
[1] "/hpcwork/izkf/projects/TfbsPrediction/Results/Footprints/Predictions/GM12878/PIQ_batch/temp_ESR2//26//background.tf26-chr2.RData"
[1] "/hpcwork/izkf/projects/TfbsPrediction/Results/Footprints/Predictions/GM12878/PIQ_batch/temp_ESR2//26//background.tf26-chr20.RData"
[1] "/hpcwork/izkf/projects/TfbsPrediction/Results/Footprints/Predictions/GM12878/PIQ_batch/temp_ESR2//26//background.tf26-chr21.RData"
[1] "/hpcwork/izkf/projects/TfbsPrediction/Results/Footprints/Predictions/GM12878/PIQ_batch/temp_ESR2//26//background.tf26-chr22.RData"
[1] "/hpcwork/izkf/projects/TfbsPrediction/Results/Footprints/Predictions/GM12878/PIQ_batch/temp_ESR2//26//background.tf26-chr3.RData"
[1] "/hpcwork/izkf/projects/TfbsPrediction/Results/Footprints/Predictions/GM12878/PIQ_batch/temp_ESR2//26//background.tf26-chr4.RData"
[1] "/hpcwork/izkf/projects/TfbsPrediction/Results/Footprints/Predictions/GM12878/PIQ_batch/temp_ESR2//26//background.tf26-chr5.RData"
[1] "/hpcwork/izkf/projects/TfbsPrediction/Results/Footprints/Predictions/GM12878/PIQ_batch/temp_ESR2//26//background.tf26-chr6.RData"
[1] "/hpcwork/izkf/projects/TfbsPrediction/Results/Footprints/Predictions/GM12878/PIQ_batch/temp_ESR2//26//background.tf26-chr7.RData"
[1] "/hpcwork/izkf/projects/TfbsPrediction/Results/Footprints/Predictions/GM12878/PIQ_batch/temp_ESR2//26//background.tf26-chr8.RData"
[1] "/hpcwork/izkf/projects/TfbsPrediction/Results/Footprints/Predictions/GM12878/PIQ_batch/temp_ESR2//26//background.tf26-chr9.RData"
[1] "/hpcwork/izkf/projects/TfbsPrediction/Results/Footprints/Predictions/GM12878/PIQ_batch/temp_ESR2//26//background.tf26-chrM.RData"
[1] "/hpcwork/izkf/projects/TfbsPrediction/Results/Footprints/Predictions/GM12878/PIQ_batch/temp_ESR2//26//background.tf26-chrX.RData"
Time difference of 4.436917 mins
[1] "background.tf26-chr1.RData"
[1] "background.tf26-chr10.RData"
[1] "background.tf26-chr11.RData"
[1] "background.tf26-chr12.RData"
[1] "background.tf26-chr13.RData"
[1] "background.tf26-chr14.RData"
[1] "background.tf26-chr15.RData"
[1] "background.tf26-chr16.RData"
[1] "background.tf26-chr17.RData"
[1] "background.tf26-chr18.RData"
[1] "background.tf26-chr19.RData"
[1] "background.tf26-chr2.RData"
[1] "background.tf26-chr20.RData"
[1] "background.tf26-chr21.RData"
[1] "background.tf26-chr22.RData"
[1] "background.tf26-chr3.RData"
[1] "background.tf26-chr4.RData"
[1] "background.tf26-chr5.RData"
[1] "background.tf26-chr6.RData"
[1] "background.tf26-chr7.RData"
[1] "background.tf26-chr8.RData"
[1] "background.tf26-chr9.RData"
[1] "background.tf26-chrM.RData"
[1] "background.tf26-chrX.RData"
[1] "background.tf26-chr1.RData"
[1] 1192.801
[1] "background.tf26-chr10.RData"
[1] 1069.922
[1] "background.tf26-chr11.RData"
[1] 1264.421
[1] "background.tf26-chr12.RData"
[1] 1219.917
[1] "background.tf26-chr13.RData"
[1] 920.6721
[1] "background.tf26-chr14.RData"
[1] 1467.698
[1] "background.tf26-chr15.RData"
[1] 1080.383
[1] "background.tf26-chr16.RData"
[1] 1662.209
[1] "background.tf26-chr17.RData"
[1] 1163.846
[1] "background.tf26-chr18.RData"
[1] 805.2966
[1] "background.tf26-chr19.RData"
[1] 1395.322
[1] "background.tf26-chr2.RData"
[1] 1017.681
[1] "background.tf26-chr20.RData"
[1] 1106.2
[1] "background.tf26-chr21.RData"
[1] 1345.666
[1] "background.tf26-chr22.RData"
[1] 1264.75
[1] "background.tf26-chr3.RData"
[1] 1037.057
[1] "background.tf26-chr4.RData"
[1] 1199.408
[1] "background.tf26-chr5.RData"
[1] 1212.954
[1] "background.tf26-chr6.RData"
[1] 1130.498
[1] "background.tf26-chr7.RData"
[1] 1210.23
[1] "background.tf26-chr8.RData"
[1] 1086.963
[1] "background.tf26-chr9.RData"
[1] 1367.489
[1] "background.tf26-chrM.RData"
[1] 210.2436
[1] "background.tf26-chrX.RData"
[1] 1098.834
[1] 1
[1] 2
[1] 3
[1] 4
[1] 5
[1] 6
[1] 7
[1] 8
[1] 9
[1] 10
[1] 11
[1] 12
[1] 13
[1] 14
[1] 15
[1] 16
[1] 17
[1] 18
[1] 19
[1] 20
[1] 21
[1] 22
[1] 23
[1] 24
Time difference of 8.607315 mins
> 
> ###
> # do RC
> 
> match.rc = T
> 
> suppressWarnings(source(commonfile))
> if(overwrite==F & file.exists( file.path(outdir,paste0(pwmid,'-diag.rc.pdf')))){
+   stop(paste0('found previous run for ',pwmid,' avoiding overwrite'))
+ }
> 
> debugstring = c('loading pwm.rc','loadbam.rc','clustering.rc','binding outputs.rc')
> 
> tryCatch({
+ phase=0
+ load(paste0(pwmdir,pwmid,'.pwmout.rc.RData'))
+ if(sum(clengths[1])>0){
+ phase=1
+ at<-Sys.time()
+ source('loadbam.r')
+ print(Sys.time()-at);at<-Sys.time()
+ phase=2
+ source('cluster.r')
+ print(Sys.time()-at);at<-Sys.time()
+ phase=3
+ source('bindcall.r')
+ print(Sys.time()-at);at<-Sys.time()
+ }
+ },error = function(e){
+    e$message=paste0('error during ',debugstring[phase+1],'\n','Error msg: ',e$message,'\n Args:',paste0(commandArgs(trailingOnly = TRUE),collapse=':'))
+    stop(e)
+ })
[1] "chr1"
[1] "chr2"
[1] "chr3"
[1] "chr4"
[1] "chr5"
[1] "chr6"
[1] "chr7"
[1] "chr8"
[1] "chr9"
[1] "chr10"
[1] "chr11"
[1] "chr12"
[1] "chr13"
[1] "chr14"
[1] "chr15"
[1] "chr16"
[1] "chr17"
[1] "chr18"
[1] "chr19"
[1] "chr20"
[1] "chr21"
[1] "chr22"
[1] "chrX"
[1] "chrM"
[1] "chr1"
[1] "chr2"
[1] "chr3"
[1] "chr4"
[1] "chr5"
[1] "chr6"
[1] "chr7"
[1] "chr8"
[1] "chr9"
[1] "chr10"
[1] "chr11"
[1] "chr12"
[1] "chr13"
[1] "chr14"
[1] "chr15"
[1] "chr16"
[1] "chr17"
[1] "chr18"
[1] "chr19"
[1] "chr20"
[1] "chr21"
[1] "chr22"
[1] "chrX"
[1] "chrM"
Time difference of 8.386773 mins
[1] "/hpcwork/izkf/projects/TfbsPrediction/Results/Footprints/Predictions/GM12878/PIQ_batch/temp_ESR2//26//positive.tf26-chr1.RData"
[1] "/hpcwork/izkf/projects/TfbsPrediction/Results/Footprints/Predictions/GM12878/PIQ_batch/temp_ESR2//26//positive.tf26-chr10.RData"
[1] "/hpcwork/izkf/projects/TfbsPrediction/Results/Footprints/Predictions/GM12878/PIQ_batch/temp_ESR2//26//positive.tf26-chr11.RData"
[1] "/hpcwork/izkf/projects/TfbsPrediction/Results/Footprints/Predictions/GM12878/PIQ_batch/temp_ESR2//26//positive.tf26-chr12.RData"
[1] "/hpcwork/izkf/projects/TfbsPrediction/Results/Footprints/Predictions/GM12878/PIQ_batch/temp_ESR2//26//positive.tf26-chr13.RData"
[1] "/hpcwork/izkf/projects/TfbsPrediction/Results/Footprints/Predictions/GM12878/PIQ_batch/temp_ESR2//26//positive.tf26-chr14.RData"
[1] "/hpcwork/izkf/projects/TfbsPrediction/Results/Footprints/Predictions/GM12878/PIQ_batch/temp_ESR2//26//positive.tf26-chr15.RData"
[1] "/hpcwork/izkf/projects/TfbsPrediction/Results/Footprints/Predictions/GM12878/PIQ_batch/temp_ESR2//26//positive.tf26-chr16.RData"
[1] "/hpcwork/izkf/projects/TfbsPrediction/Results/Footprints/Predictions/GM12878/PIQ_batch/temp_ESR2//26//positive.tf26-chr17.RData"
[1] "/hpcwork/izkf/projects/TfbsPrediction/Results/Footprints/Predictions/GM12878/PIQ_batch/temp_ESR2//26//positive.tf26-chr18.RData"
[1] "/hpcwork/izkf/projects/TfbsPrediction/Results/Footprints/Predictions/GM12878/PIQ_batch/temp_ESR2//26//positive.tf26-chr19.RData"
[1] "/hpcwork/izkf/projects/TfbsPrediction/Results/Footprints/Predictions/GM12878/PIQ_batch/temp_ESR2//26//positive.tf26-chr2.RData"
[1] "/hpcwork/izkf/projects/TfbsPrediction/Results/Footprints/Predictions/GM12878/PIQ_batch/temp_ESR2//26//positive.tf26-chr20.RData"
[1] "/hpcwork/izkf/projects/TfbsPrediction/Results/Footprints/Predictions/GM12878/PIQ_batch/temp_ESR2//26//positive.tf26-chr21.RData"
[1] "/hpcwork/izkf/projects/TfbsPrediction/Results/Footprints/Predictions/GM12878/PIQ_batch/temp_ESR2//26//positive.tf26-chr22.RData"
[1] "/hpcwork/izkf/projects/TfbsPrediction/Results/Footprints/Predictions/GM12878/PIQ_batch/temp_ESR2//26//positive.tf26-chr3.RData"
[1] "/hpcwork/izkf/projects/TfbsPrediction/Results/Footprints/Predictions/GM12878/PIQ_batch/temp_ESR2//26//positive.tf26-chr4.RData"
[1] "/hpcwork/izkf/projects/TfbsPrediction/Results/Footprints/Predictions/GM12878/PIQ_batch/temp_ESR2//26//positive.tf26-chr5.RData"
[1] "/hpcwork/izkf/projects/TfbsPrediction/Results/Footprints/Predictions/GM12878/PIQ_batch/temp_ESR2//26//positive.tf26-chr6.RData"
[1] "/hpcwork/izkf/projects/TfbsPrediction/Results/Footprints/Predictions/GM12878/PIQ_batch/temp_ESR2//26//positive.tf26-chr7.RData"
[1] "/hpcwork/izkf/projects/TfbsPrediction/Results/Footprints/Predictions/GM12878/PIQ_batch/temp_ESR2//26//positive.tf26-chr8.RData"
[1] "/hpcwork/izkf/projects/TfbsPrediction/Results/Footprints/Predictions/GM12878/PIQ_batch/temp_ESR2//26//positive.tf26-chr9.RData"
[1] "/hpcwork/izkf/projects/TfbsPrediction/Results/Footprints/Predictions/GM12878/PIQ_batch/temp_ESR2//26//positive.tf26-chrM.RData"
[1] "/hpcwork/izkf/projects/TfbsPrediction/Results/Footprints/Predictions/GM12878/PIQ_batch/temp_ESR2//26//positive.tf26-chrX.RData"
[1] "/hpcwork/izkf/projects/TfbsPrediction/Results/Footprints/Predictions/GM12878/PIQ_batch/temp_ESR2//26//background.tf26-chr1.RData"
[1] "/hpcwork/izkf/projects/TfbsPrediction/Results/Footprints/Predictions/GM12878/PIQ_batch/temp_ESR2//26//background.tf26-chr10.RData"
[1] "/hpcwork/izkf/projects/TfbsPrediction/Results/Footprints/Predictions/GM12878/PIQ_batch/temp_ESR2//26//background.tf26-chr11.RData"
[1] "/hpcwork/izkf/projects/TfbsPrediction/Results/Footprints/Predictions/GM12878/PIQ_batch/temp_ESR2//26//background.tf26-chr12.RData"
[1] "/hpcwork/izkf/projects/TfbsPrediction/Results/Footprints/Predictions/GM12878/PIQ_batch/temp_ESR2//26//background.tf26-chr13.RData"
[1] "/hpcwork/izkf/projects/TfbsPrediction/Results/Footprints/Predictions/GM12878/PIQ_batch/temp_ESR2//26//background.tf26-chr14.RData"
[1] "/hpcwork/izkf/projects/TfbsPrediction/Results/Footprints/Predictions/GM12878/PIQ_batch/temp_ESR2//26//background.tf26-chr15.RData"
[1] "/hpcwork/izkf/projects/TfbsPrediction/Results/Footprints/Predictions/GM12878/PIQ_batch/temp_ESR2//26//background.tf26-chr16.RData"
[1] "/hpcwork/izkf/projects/TfbsPrediction/Results/Footprints/Predictions/GM12878/PIQ_batch/temp_ESR2//26//background.tf26-chr17.RData"
[1] "/hpcwork/izkf/projects/TfbsPrediction/Results/Footprints/Predictions/GM12878/PIQ_batch/temp_ESR2//26//background.tf26-chr18.RData"
[1] "/hpcwork/izkf/projects/TfbsPrediction/Results/Footprints/Predictions/GM12878/PIQ_batch/temp_ESR2//26//background.tf26-chr19.RData"
[1] "/hpcwork/izkf/projects/TfbsPrediction/Results/Footprints/Predictions/GM12878/PIQ_batch/temp_ESR2//26//background.tf26-chr2.RData"
[1] "/hpcwork/izkf/projects/TfbsPrediction/Results/Footprints/Predictions/GM12878/PIQ_batch/temp_ESR2//26//background.tf26-chr20.RData"
[1] "/hpcwork/izkf/projects/TfbsPrediction/Results/Footprints/Predictions/GM12878/PIQ_batch/temp_ESR2//26//background.tf26-chr21.RData"
[1] "/hpcwork/izkf/projects/TfbsPrediction/Results/Footprints/Predictions/GM12878/PIQ_batch/temp_ESR2//26//background.tf26-chr22.RData"
[1] "/hpcwork/izkf/projects/TfbsPrediction/Results/Footprints/Predictions/GM12878/PIQ_batch/temp_ESR2//26//background.tf26-chr3.RData"
[1] "/hpcwork/izkf/projects/TfbsPrediction/Results/Footprints/Predictions/GM12878/PIQ_batch/temp_ESR2//26//background.tf26-chr4.RData"
[1] "/hpcwork/izkf/projects/TfbsPrediction/Results/Footprints/Predictions/GM12878/PIQ_batch/temp_ESR2//26//background.tf26-chr5.RData"
[1] "/hpcwork/izkf/projects/TfbsPrediction/Results/Footprints/Predictions/GM12878/PIQ_batch/temp_ESR2//26//background.tf26-chr6.RData"
[1] "/hpcwork/izkf/projects/TfbsPrediction/Results/Footprints/Predictions/GM12878/PIQ_batch/temp_ESR2//26//background.tf26-chr7.RData"
[1] "/hpcwork/izkf/projects/TfbsPrediction/Results/Footprints/Predictions/GM12878/PIQ_batch/temp_ESR2//26//background.tf26-chr8.RData"
[1] "/hpcwork/izkf/projects/TfbsPrediction/Results/Footprints/Predictions/GM12878/PIQ_batch/temp_ESR2//26//background.tf26-chr9.RData"
[1] "/hpcwork/izkf/projects/TfbsPrediction/Results/Footprints/Predictions/GM12878/PIQ_batch/temp_ESR2//26//background.tf26-chrM.RData"
[1] "/hpcwork/izkf/projects/TfbsPrediction/Results/Footprints/Predictions/GM12878/PIQ_batch/temp_ESR2//26//background.tf26-chrX.RData"
Time difference of 4.357085 mins
[1] "background.tf26-chr1.RData"
[1] "background.tf26-chr10.RData"
[1] "background.tf26-chr11.RData"
[1] "background.tf26-chr12.RData"
[1] "background.tf26-chr13.RData"
[1] "background.tf26-chr14.RData"
[1] "background.tf26-chr15.RData"
[1] "background.tf26-chr16.RData"
[1] "background.tf26-chr17.RData"
[1] "background.tf26-chr18.RData"
[1] "background.tf26-chr19.RData"
[1] "background.tf26-chr2.RData"
[1] "background.tf26-chr20.RData"
[1] "background.tf26-chr21.RData"
[1] "background.tf26-chr22.RData"
[1] "background.tf26-chr3.RData"
[1] "background.tf26-chr4.RData"
[1] "background.tf26-chr5.RData"
[1] "background.tf26-chr6.RData"
[1] "background.tf26-chr7.RData"
[1] "background.tf26-chr8.RData"
[1] "background.tf26-chr9.RData"
[1] "background.tf26-chrM.RData"
[1] "background.tf26-chrX.RData"
[1] "background.tf26-chr1.RData"
[1] 1093.023
[1] "background.tf26-chr10.RData"
[1] 1505.332
[1] "background.tf26-chr11.RData"
[1] 1062.685
[1] "background.tf26-chr12.RData"
[1] 1292.433
[1] "background.tf26-chr13.RData"
[1] 1017.401
[1] "background.tf26-chr14.RData"
[1] 1195.126
[1] "background.tf26-chr15.RData"
[1] 887.0106
[1] "background.tf26-chr16.RData"
[1] 1429.595
[1] "background.tf26-chr17.RData"
[1] 1128.231
[1] "background.tf26-chr18.RData"
[1] 2688.195
[1] "background.tf26-chr19.RData"
[1] 1222.172
[1] "background.tf26-chr2.RData"
[1] 1148.33
[1] "background.tf26-chr20.RData"
[1] 1331.146
[1] "background.tf26-chr21.RData"
[1] 952.3099
[1] "background.tf26-chr22.RData"
[1] 1291.301
[1] "background.tf26-chr3.RData"
[1] 1156.296
[1] "background.tf26-chr4.RData"
[1] 1199.408
[1] "background.tf26-chr5.RData"
[1] 1104.772
[1] "background.tf26-chr6.RData"
[1] 1130.498
[1] "background.tf26-chr7.RData"
[1] 1195.858
[1] "background.tf26-chr8.RData"
[1] 1054.966
[1] "background.tf26-chr9.RData"
[1] 1559.166
[1] "background.tf26-chrM.RData"
[1] 233.8198
[1] "background.tf26-chrX.RData"
[1] 1098.834
[1] 1
[1] 2
[1] 3
[1] 4
[1] 5
[1] 6
[1] 7
[1] 8
[1] 9
[1] 10
[1] 11
[1] 12
[1] 13
[1] 14
[1] 15
[1] 16
[1] 17
[1] 18
[1] 19
[1] 20
[1] 21
[1] 22
[1] 23
[1] 24
Time difference of 8.590356 mins
> 


PS:

Read file <GM12878_ESR2_APQ_err.txt> for stderr output of this job.

