Sender: LSF System <lsfadmin@linuxbmc0609>
Subject: Job 24728699: <GM12878_SOX3_APQ> in cluster <rcc> Done

Job <GM12878_SOX3_APQ> was submitted from host <cluster> by user <eg474423> in cluster <rcc>.
Job was executed on host(s) <linuxbmc0609>, in queue <low>, as user <eg474423> in cluster <rcc>.
</home/eg474423> was used as the home directory.
</work/eg474423/eg474423_Projects/trunk/TfbsPrediction/Code/CompetingMethods/Pipeline> was used as the working directory.
Started at Wed Nov  4 20:11:04 2015
Results reported on Wed Nov  4 20:31:10 2015

Your job looked like:

------------------------------------------------------------
# LSBATCH: User input
./applyPIQ_pipeline.zsh 119 SOX3 /hpcwork/izkf/projects/TfbsPrediction/Results/MPBSAWG/PIQ_batch/ /hpcwork/izkf/projects/TfbsPrediction/Results/Signals/Counts/DU_GM12878/PIQ/DNase.RData /hpcwork/izkf/projects/TfbsPrediction/Results/Footprints/Predictions/GM12878/PIQ_batch/
------------------------------------------------------------

Successfully completed.

Resource usage summary:

    CPU time :                                   1196.29 sec.
    Max Memory :                                 5351 MB
    Average Memory :                             3892.80 MB
    Total Requested Memory :                     12000.00 MB
    Delta Memory :                               6649.00 MB
    Max Processes :                              8
    Max Threads :                                9

The output (if any) follows:

> args <- commandArgs(trailingOnly = TRUE)
> print(args)
[1] "common.r"                                                                                         
[2] "/hpcwork/izkf/projects/TfbsPrediction/Results/MPBSAWG/PIQ_batch/"                                 
[3] "/hpcwork/izkf/projects/TfbsPrediction/Results/Footprints/Predictions/GM12878/PIQ_batch/temp_SOX3/"
[4] "/hpcwork/izkf/projects/TfbsPrediction/Results/Footprints/Predictions/GM12878/PIQ_batch/res_SOX3/" 
[5] "/hpcwork/izkf/projects/TfbsPrediction/Results/Signals/Counts/DU_GM12878/PIQ/DNase.RData"          
[6] "119"                                                                                              
> 
> #location of common.r containing runtime parameters
> commonfile = args[1]
> 
> #directory where pwm matches are stored
> pwmdir = args[2]
> 
> #directory to use as fast temporary storage
> tmpdir = args[3]
> 
> #location of output calls
> outdir = args[4]
> 
> #location of the bam RData file made by bam2rdata.r
> bamfile = args[5]
> 
> #which pwm file to use in pwmdir
> pwmid = args[6]
> 
> ###
> # do FW
> 
> match.rc = F
> dump.chropen = F
> 
> two.pass = F
> suppressWarnings(source(commonfile))
> if(overwrite==F & file.exists( file.path(outdir,paste0(pwmid,'-diag.pdf')))){
+   stop(paste0('found previous run for ',pwmid,' avoiding overwrite'))
+ }
> 
> debugstring = c('loading pwm','loadbam','clustering','binding outputs')
> 
> dump.bed = T
> 
> tryCatch({
+ phase=0
+ load(paste0(pwmdir,pwmid,'.pwmout.RData'))
+ if(sum(clengths[1])>0){
+ phase=1
+ at<-Sys.time()
+ source('loadbam.r')
+ print(Sys.time()-at);at<-Sys.time()
+ phase=2
+ source('cluster.r')
+ print(Sys.time()-at);at<-Sys.time()
+ phase=3
+ source('bindcall.r')
+ print(Sys.time()-at);at<-Sys.time()
+ }
+ },error = function(e){
+    e$message=paste0('error during ',debugstring[phase+1],'\n','Error msg: ',e$message,'\n Args:',paste0(commandArgs(trailingOnly = TRUE),collapse=':'))
+    stop(e)
+ })
[1] "chr1"
[1] "chr2"
[1] "chr3"
[1] "chr4"
[1] "chr5"
[1] "chr6"
[1] "chr7"
[1] "chr8"
[1] "chr9"
[1] "chr10"
[1] "chr11"
[1] "chr12"
[1] "chr13"
[1] "chr14"
[1] "chr15"
[1] "chr16"
[1] "chr17"
[1] "chr18"
[1] "chr19"
[1] "chr20"
[1] "chr21"
[1] "chr22"
[1] "chrX"
[1] "chrM"
[1] "chr1"
[1] "chr2"
[1] "chr3"
[1] "chr4"
[1] "chr5"
[1] "chr6"
[1] "chr7"
[1] "chr8"
[1] "chr9"
[1] "chr10"
[1] "chr11"
[1] "chr12"
[1] "chr13"
[1] "chr14"
[1] "chr15"
[1] "chr16"
[1] "chr17"
[1] "chr18"
[1] "chr19"
[1] "chr20"
[1] "chr21"
[1] "chr22"
[1] "chrX"
[1] "chrM"
Time difference of 2.936338 mins
[1] "/hpcwork/izkf/projects/TfbsPrediction/Results/Footprints/Predictions/GM12878/PIQ_batch/temp_SOX3//119//positive.tf119-chr1.RData"
[1] "/hpcwork/izkf/projects/TfbsPrediction/Results/Footprints/Predictions/GM12878/PIQ_batch/temp_SOX3//119//positive.tf119-chr10.RData"
[1] "/hpcwork/izkf/projects/TfbsPrediction/Results/Footprints/Predictions/GM12878/PIQ_batch/temp_SOX3//119//positive.tf119-chr11.RData"
[1] "/hpcwork/izkf/projects/TfbsPrediction/Results/Footprints/Predictions/GM12878/PIQ_batch/temp_SOX3//119//positive.tf119-chr12.RData"
[1] "/hpcwork/izkf/projects/TfbsPrediction/Results/Footprints/Predictions/GM12878/PIQ_batch/temp_SOX3//119//positive.tf119-chr13.RData"
[1] "/hpcwork/izkf/projects/TfbsPrediction/Results/Footprints/Predictions/GM12878/PIQ_batch/temp_SOX3//119//positive.tf119-chr14.RData"
[1] "/hpcwork/izkf/projects/TfbsPrediction/Results/Footprints/Predictions/GM12878/PIQ_batch/temp_SOX3//119//positive.tf119-chr15.RData"
[1] "/hpcwork/izkf/projects/TfbsPrediction/Results/Footprints/Predictions/GM12878/PIQ_batch/temp_SOX3//119//positive.tf119-chr16.RData"
[1] "/hpcwork/izkf/projects/TfbsPrediction/Results/Footprints/Predictions/GM12878/PIQ_batch/temp_SOX3//119//positive.tf119-chr17.RData"
[1] "/hpcwork/izkf/projects/TfbsPrediction/Results/Footprints/Predictions/GM12878/PIQ_batch/temp_SOX3//119//positive.tf119-chr18.RData"
[1] "/hpcwork/izkf/projects/TfbsPrediction/Results/Footprints/Predictions/GM12878/PIQ_batch/temp_SOX3//119//positive.tf119-chr19.RData"
[1] "/hpcwork/izkf/projects/TfbsPrediction/Results/Footprints/Predictions/GM12878/PIQ_batch/temp_SOX3//119//positive.tf119-chr2.RData"
[1] "/hpcwork/izkf/projects/TfbsPrediction/Results/Footprints/Predictions/GM12878/PIQ_batch/temp_SOX3//119//positive.tf119-chr20.RData"
[1] "/hpcwork/izkf/projects/TfbsPrediction/Results/Footprints/Predictions/GM12878/PIQ_batch/temp_SOX3//119//positive.tf119-chr21.RData"
[1] "/hpcwork/izkf/projects/TfbsPrediction/Results/Footprints/Predictions/GM12878/PIQ_batch/temp_SOX3//119//positive.tf119-chr22.RData"
[1] "/hpcwork/izkf/projects/TfbsPrediction/Results/Footprints/Predictions/GM12878/PIQ_batch/temp_SOX3//119//positive.tf119-chr3.RData"
[1] "/hpcwork/izkf/projects/TfbsPrediction/Results/Footprints/Predictions/GM12878/PIQ_batch/temp_SOX3//119//positive.tf119-chr4.RData"
[1] "/hpcwork/izkf/projects/TfbsPrediction/Results/Footprints/Predictions/GM12878/PIQ_batch/temp_SOX3//119//positive.tf119-chr5.RData"
[1] "/hpcwork/izkf/projects/TfbsPrediction/Results/Footprints/Predictions/GM12878/PIQ_batch/temp_SOX3//119//positive.tf119-chr6.RData"
[1] "/hpcwork/izkf/projects/TfbsPrediction/Results/Footprints/Predictions/GM12878/PIQ_batch/temp_SOX3//119//positive.tf119-chr7.RData"
[1] "/hpcwork/izkf/projects/TfbsPrediction/Results/Footprints/Predictions/GM12878/PIQ_batch/temp_SOX3//119//positive.tf119-chr8.RData"
[1] "/hpcwork/izkf/projects/TfbsPrediction/Results/Footprints/Predictions/GM12878/PIQ_batch/temp_SOX3//119//positive.tf119-chr9.RData"
[1] "/hpcwork/izkf/projects/TfbsPrediction/Results/Footprints/Predictions/GM12878/PIQ_batch/temp_SOX3//119//positive.tf119-chrM.RData"
[1] "/hpcwork/izkf/projects/TfbsPrediction/Results/Footprints/Predictions/GM12878/PIQ_batch/temp_SOX3//119//positive.tf119-chrX.RData"
[1] "/hpcwork/izkf/projects/TfbsPrediction/Results/Footprints/Predictions/GM12878/PIQ_batch/temp_SOX3//119//background.tf119-chr1.RData"
[1] "/hpcwork/izkf/projects/TfbsPrediction/Results/Footprints/Predictions/GM12878/PIQ_batch/temp_SOX3//119//background.tf119-chr10.RData"
[1] "/hpcwork/izkf/projects/TfbsPrediction/Results/Footprints/Predictions/GM12878/PIQ_batch/temp_SOX3//119//background.tf119-chr11.RData"
[1] "/hpcwork/izkf/projects/TfbsPrediction/Results/Footprints/Predictions/GM12878/PIQ_batch/temp_SOX3//119//background.tf119-chr12.RData"
[1] "/hpcwork/izkf/projects/TfbsPrediction/Results/Footprints/Predictions/GM12878/PIQ_batch/temp_SOX3//119//background.tf119-chr13.RData"
[1] "/hpcwork/izkf/projects/TfbsPrediction/Results/Footprints/Predictions/GM12878/PIQ_batch/temp_SOX3//119//background.tf119-chr14.RData"
[1] "/hpcwork/izkf/projects/TfbsPrediction/Results/Footprints/Predictions/GM12878/PIQ_batch/temp_SOX3//119//background.tf119-chr15.RData"
[1] "/hpcwork/izkf/projects/TfbsPrediction/Results/Footprints/Predictions/GM12878/PIQ_batch/temp_SOX3//119//background.tf119-chr16.RData"
[1] "/hpcwork/izkf/projects/TfbsPrediction/Results/Footprints/Predictions/GM12878/PIQ_batch/temp_SOX3//119//background.tf119-chr17.RData"
[1] "/hpcwork/izkf/projects/TfbsPrediction/Results/Footprints/Predictions/GM12878/PIQ_batch/temp_SOX3//119//background.tf119-chr18.RData"
[1] "/hpcwork/izkf/projects/TfbsPrediction/Results/Footprints/Predictions/GM12878/PIQ_batch/temp_SOX3//119//background.tf119-chr19.RData"
[1] "/hpcwork/izkf/projects/TfbsPrediction/Results/Footprints/Predictions/GM12878/PIQ_batch/temp_SOX3//119//background.tf119-chr2.RData"
[1] "/hpcwork/izkf/projects/TfbsPrediction/Results/Footprints/Predictions/GM12878/PIQ_batch/temp_SOX3//119//background.tf119-chr20.RData"
[1] "/hpcwork/izkf/projects/TfbsPrediction/Results/Footprints/Predictions/GM12878/PIQ_batch/temp_SOX3//119//background.tf119-chr21.RData"
[1] "/hpcwork/izkf/projects/TfbsPrediction/Results/Footprints/Predictions/GM12878/PIQ_batch/temp_SOX3//119//background.tf119-chr22.RData"
[1] "/hpcwork/izkf/projects/TfbsPrediction/Results/Footprints/Predictions/GM12878/PIQ_batch/temp_SOX3//119//background.tf119-chr3.RData"
[1] "/hpcwork/izkf/projects/TfbsPrediction/Results/Footprints/Predictions/GM12878/PIQ_batch/temp_SOX3//119//background.tf119-chr4.RData"
[1] "/hpcwork/izkf/projects/TfbsPrediction/Results/Footprints/Predictions/GM12878/PIQ_batch/temp_SOX3//119//background.tf119-chr5.RData"
[1] "/hpcwork/izkf/projects/TfbsPrediction/Results/Footprints/Predictions/GM12878/PIQ_batch/temp_SOX3//119//background.tf119-chr6.RData"
[1] "/hpcwork/izkf/projects/TfbsPrediction/Results/Footprints/Predictions/GM12878/PIQ_batch/temp_SOX3//119//background.tf119-chr7.RData"
[1] "/hpcwork/izkf/projects/TfbsPrediction/Results/Footprints/Predictions/GM12878/PIQ_batch/temp_SOX3//119//background.tf119-chr8.RData"
[1] "/hpcwork/izkf/projects/TfbsPrediction/Results/Footprints/Predictions/GM12878/PIQ_batch/temp_SOX3//119//background.tf119-chr9.RData"
[1] "/hpcwork/izkf/projects/TfbsPrediction/Results/Footprints/Predictions/GM12878/PIQ_batch/temp_SOX3//119//background.tf119-chrM.RData"
[1] "/hpcwork/izkf/projects/TfbsPrediction/Results/Footprints/Predictions/GM12878/PIQ_batch/temp_SOX3//119//background.tf119-chrX.RData"
Time difference of 2.042126 mins
[1] "background.tf119-chr1.RData"
[1] "background.tf119-chr10.RData"
[1] "background.tf119-chr11.RData"
[1] "background.tf119-chr12.RData"
[1] "background.tf119-chr13.RData"
[1] "background.tf119-chr14.RData"
[1] "background.tf119-chr15.RData"
[1] "background.tf119-chr16.RData"
[1] "background.tf119-chr17.RData"
[1] "background.tf119-chr18.RData"
[1] "background.tf119-chr19.RData"
[1] "background.tf119-chr2.RData"
[1] "background.tf119-chr20.RData"
[1] "background.tf119-chr21.RData"
[1] "background.tf119-chr22.RData"
[1] "background.tf119-chr3.RData"
[1] "background.tf119-chr4.RData"
[1] "background.tf119-chr5.RData"
[1] "background.tf119-chr6.RData"
[1] "background.tf119-chr7.RData"
[1] "background.tf119-chr8.RData"
[1] "background.tf119-chr9.RData"
[1] "background.tf119-chrM.RData"
[1] "background.tf119-chrX.RData"
[1] "background.tf119-chr1.RData"
[1] 1408.008
[1] "background.tf119-chr10.RData"
[1] 925.8885
[1] "background.tf119-chr11.RData"
[1] 1148.805
[1] "background.tf119-chr12.RData"
[1] 1129.636
[1] "background.tf119-chr13.RData"
[1] 996.4836
[1] "background.tf119-chr14.RData"
[1] 1490.298
[1] "background.tf119-chr15.RData"
[1] 1017.713
[1] "background.tf119-chr16.RData"
[1] 958.5225
[1] "background.tf119-chr17.RData"
[1] 888.8215
[1] "background.tf119-chr18.RData"
[1] 2697.36
[1] "background.tf119-chr19.RData"
[1] 1150.691
[1] "background.tf119-chr2.RData"
[1] 1187.864
[1] "background.tf119-chr20.RData"
[1] 1085.734
[1] "background.tf119-chr21.RData"
[1] 1026.253
[1] "background.tf119-chr22.RData"
[1] 865.6276
[1] "background.tf119-chr3.RData"
[1] 1083.84
[1] "background.tf119-chr4.RData"
[1] 889.8193
[1] "background.tf119-chr5.RData"
[1] 998.3062
[1] "background.tf119-chr6.RData"
[1] 1432.019
[1] "background.tf119-chr7.RData"
[1] 1065.116
[1] "background.tf119-chr8.RData"
[1] 1062.111
[1] "background.tf119-chr9.RData"
[1] 1004.23
[1] "background.tf119-chrM.RData"
[1] 276.7646
[1] "background.tf119-chrX.RData"
[1] 757.975
[1] 1
[1] 2
[1] 3
[1] 4
[1] 5
[1] 6
[1] 7
[1] 8
[1] 9
[1] 10
[1] 11
[1] 12
[1] 13
[1] 14
[1] 15
[1] 16
[1] 17
[1] 18
[1] 19
[1] 20
[1] 21
[1] 22
[1] 23
[1] 24
Time difference of 4.531361 mins
> 
> ###
> # do RC
> 
> match.rc = T
> 
> suppressWarnings(source(commonfile))
> if(overwrite==F & file.exists( file.path(outdir,paste0(pwmid,'-diag.rc.pdf')))){
+   stop(paste0('found previous run for ',pwmid,' avoiding overwrite'))
+ }
> 
> debugstring = c('loading pwm.rc','loadbam.rc','clustering.rc','binding outputs.rc')
> 
> tryCatch({
+ phase=0
+ load(paste0(pwmdir,pwmid,'.pwmout.rc.RData'))
+ if(sum(clengths[1])>0){
+ phase=1
+ at<-Sys.time()
+ source('loadbam.r')
+ print(Sys.time()-at);at<-Sys.time()
+ phase=2
+ source('cluster.r')
+ print(Sys.time()-at);at<-Sys.time()
+ phase=3
+ source('bindcall.r')
+ print(Sys.time()-at);at<-Sys.time()
+ }
+ },error = function(e){
+    e$message=paste0('error during ',debugstring[phase+1],'\n','Error msg: ',e$message,'\n Args:',paste0(commandArgs(trailingOnly = TRUE),collapse=':'))
+    stop(e)
+ })
[1] "chr1"
[1] "chr2"
[1] "chr3"
[1] "chr4"
[1] "chr5"
[1] "chr6"
[1] "chr7"
[1] "chr8"
[1] "chr9"
[1] "chr10"
[1] "chr11"
[1] "chr12"
[1] "chr13"
[1] "chr14"
[1] "chr15"
[1] "chr16"
[1] "chr17"
[1] "chr18"
[1] "chr19"
[1] "chr20"
[1] "chr21"
[1] "chr22"
[1] "chrX"
[1] "chrM"
[1] "chr1"
[1] "chr2"
[1] "chr3"
[1] "chr4"
[1] "chr5"
[1] "chr6"
[1] "chr7"
[1] "chr8"
[1] "chr9"
[1] "chr10"
[1] "chr11"
[1] "chr12"
[1] "chr13"
[1] "chr14"
[1] "chr15"
[1] "chr16"
[1] "chr17"
[1] "chr18"
[1] "chr19"
[1] "chr20"
[1] "chr21"
[1] "chr22"
[1] "chrX"
[1] "chrM"
Time difference of 3.533327 mins
[1] "/hpcwork/izkf/projects/TfbsPrediction/Results/Footprints/Predictions/GM12878/PIQ_batch/temp_SOX3//119//positive.tf119-chr1.RData"
[1] "/hpcwork/izkf/projects/TfbsPrediction/Results/Footprints/Predictions/GM12878/PIQ_batch/temp_SOX3//119//positive.tf119-chr10.RData"
[1] "/hpcwork/izkf/projects/TfbsPrediction/Results/Footprints/Predictions/GM12878/PIQ_batch/temp_SOX3//119//positive.tf119-chr11.RData"
[1] "/hpcwork/izkf/projects/TfbsPrediction/Results/Footprints/Predictions/GM12878/PIQ_batch/temp_SOX3//119//positive.tf119-chr12.RData"
[1] "/hpcwork/izkf/projects/TfbsPrediction/Results/Footprints/Predictions/GM12878/PIQ_batch/temp_SOX3//119//positive.tf119-chr13.RData"
[1] "/hpcwork/izkf/projects/TfbsPrediction/Results/Footprints/Predictions/GM12878/PIQ_batch/temp_SOX3//119//positive.tf119-chr14.RData"
[1] "/hpcwork/izkf/projects/TfbsPrediction/Results/Footprints/Predictions/GM12878/PIQ_batch/temp_SOX3//119//positive.tf119-chr15.RData"
[1] "/hpcwork/izkf/projects/TfbsPrediction/Results/Footprints/Predictions/GM12878/PIQ_batch/temp_SOX3//119//positive.tf119-chr16.RData"
[1] "/hpcwork/izkf/projects/TfbsPrediction/Results/Footprints/Predictions/GM12878/PIQ_batch/temp_SOX3//119//positive.tf119-chr17.RData"
[1] "/hpcwork/izkf/projects/TfbsPrediction/Results/Footprints/Predictions/GM12878/PIQ_batch/temp_SOX3//119//positive.tf119-chr18.RData"
[1] "/hpcwork/izkf/projects/TfbsPrediction/Results/Footprints/Predictions/GM12878/PIQ_batch/temp_SOX3//119//positive.tf119-chr19.RData"
[1] "/hpcwork/izkf/projects/TfbsPrediction/Results/Footprints/Predictions/GM12878/PIQ_batch/temp_SOX3//119//positive.tf119-chr2.RData"
[1] "/hpcwork/izkf/projects/TfbsPrediction/Results/Footprints/Predictions/GM12878/PIQ_batch/temp_SOX3//119//positive.tf119-chr20.RData"
[1] "/hpcwork/izkf/projects/TfbsPrediction/Results/Footprints/Predictions/GM12878/PIQ_batch/temp_SOX3//119//positive.tf119-chr21.RData"
[1] "/hpcwork/izkf/projects/TfbsPrediction/Results/Footprints/Predictions/GM12878/PIQ_batch/temp_SOX3//119//positive.tf119-chr22.RData"
[1] "/hpcwork/izkf/projects/TfbsPrediction/Results/Footprints/Predictions/GM12878/PIQ_batch/temp_SOX3//119//positive.tf119-chr3.RData"
[1] "/hpcwork/izkf/projects/TfbsPrediction/Results/Footprints/Predictions/GM12878/PIQ_batch/temp_SOX3//119//positive.tf119-chr4.RData"
[1] "/hpcwork/izkf/projects/TfbsPrediction/Results/Footprints/Predictions/GM12878/PIQ_batch/temp_SOX3//119//positive.tf119-chr5.RData"
[1] "/hpcwork/izkf/projects/TfbsPrediction/Results/Footprints/Predictions/GM12878/PIQ_batch/temp_SOX3//119//positive.tf119-chr6.RData"
[1] "/hpcwork/izkf/projects/TfbsPrediction/Results/Footprints/Predictions/GM12878/PIQ_batch/temp_SOX3//119//positive.tf119-chr7.RData"
[1] "/hpcwork/izkf/projects/TfbsPrediction/Results/Footprints/Predictions/GM12878/PIQ_batch/temp_SOX3//119//positive.tf119-chr8.RData"
[1] "/hpcwork/izkf/projects/TfbsPrediction/Results/Footprints/Predictions/GM12878/PIQ_batch/temp_SOX3//119//positive.tf119-chr9.RData"
[1] "/hpcwork/izkf/projects/TfbsPrediction/Results/Footprints/Predictions/GM12878/PIQ_batch/temp_SOX3//119//positive.tf119-chrM.RData"
[1] "/hpcwork/izkf/projects/TfbsPrediction/Results/Footprints/Predictions/GM12878/PIQ_batch/temp_SOX3//119//positive.tf119-chrX.RData"
[1] "/hpcwork/izkf/projects/TfbsPrediction/Results/Footprints/Predictions/GM12878/PIQ_batch/temp_SOX3//119//background.tf119-chr1.RData"
[1] "/hpcwork/izkf/projects/TfbsPrediction/Results/Footprints/Predictions/GM12878/PIQ_batch/temp_SOX3//119//background.tf119-chr10.RData"
[1] "/hpcwork/izkf/projects/TfbsPrediction/Results/Footprints/Predictions/GM12878/PIQ_batch/temp_SOX3//119//background.tf119-chr11.RData"
[1] "/hpcwork/izkf/projects/TfbsPrediction/Results/Footprints/Predictions/GM12878/PIQ_batch/temp_SOX3//119//background.tf119-chr12.RData"
[1] "/hpcwork/izkf/projects/TfbsPrediction/Results/Footprints/Predictions/GM12878/PIQ_batch/temp_SOX3//119//background.tf119-chr13.RData"
[1] "/hpcwork/izkf/projects/TfbsPrediction/Results/Footprints/Predictions/GM12878/PIQ_batch/temp_SOX3//119//background.tf119-chr14.RData"
[1] "/hpcwork/izkf/projects/TfbsPrediction/Results/Footprints/Predictions/GM12878/PIQ_batch/temp_SOX3//119//background.tf119-chr15.RData"
[1] "/hpcwork/izkf/projects/TfbsPrediction/Results/Footprints/Predictions/GM12878/PIQ_batch/temp_SOX3//119//background.tf119-chr16.RData"
[1] "/hpcwork/izkf/projects/TfbsPrediction/Results/Footprints/Predictions/GM12878/PIQ_batch/temp_SOX3//119//background.tf119-chr17.RData"
[1] "/hpcwork/izkf/projects/TfbsPrediction/Results/Footprints/Predictions/GM12878/PIQ_batch/temp_SOX3//119//background.tf119-chr18.RData"
[1] "/hpcwork/izkf/projects/TfbsPrediction/Results/Footprints/Predictions/GM12878/PIQ_batch/temp_SOX3//119//background.tf119-chr19.RData"
[1] "/hpcwork/izkf/projects/TfbsPrediction/Results/Footprints/Predictions/GM12878/PIQ_batch/temp_SOX3//119//background.tf119-chr2.RData"
[1] "/hpcwork/izkf/projects/TfbsPrediction/Results/Footprints/Predictions/GM12878/PIQ_batch/temp_SOX3//119//background.tf119-chr20.RData"
[1] "/hpcwork/izkf/projects/TfbsPrediction/Results/Footprints/Predictions/GM12878/PIQ_batch/temp_SOX3//119//background.tf119-chr21.RData"
[1] "/hpcwork/izkf/projects/TfbsPrediction/Results/Footprints/Predictions/GM12878/PIQ_batch/temp_SOX3//119//background.tf119-chr22.RData"
[1] "/hpcwork/izkf/projects/TfbsPrediction/Results/Footprints/Predictions/GM12878/PIQ_batch/temp_SOX3//119//background.tf119-chr3.RData"
[1] "/hpcwork/izkf/projects/TfbsPrediction/Results/Footprints/Predictions/GM12878/PIQ_batch/temp_SOX3//119//background.tf119-chr4.RData"
[1] "/hpcwork/izkf/projects/TfbsPrediction/Results/Footprints/Predictions/GM12878/PIQ_batch/temp_SOX3//119//background.tf119-chr5.RData"
[1] "/hpcwork/izkf/projects/TfbsPrediction/Results/Footprints/Predictions/GM12878/PIQ_batch/temp_SOX3//119//background.tf119-chr6.RData"
[1] "/hpcwork/izkf/projects/TfbsPrediction/Results/Footprints/Predictions/GM12878/PIQ_batch/temp_SOX3//119//background.tf119-chr7.RData"
[1] "/hpcwork/izkf/projects/TfbsPrediction/Results/Footprints/Predictions/GM12878/PIQ_batch/temp_SOX3//119//background.tf119-chr8.RData"
[1] "/hpcwork/izkf/projects/TfbsPrediction/Results/Footprints/Predictions/GM12878/PIQ_batch/temp_SOX3//119//background.tf119-chr9.RData"
[1] "/hpcwork/izkf/projects/TfbsPrediction/Results/Footprints/Predictions/GM12878/PIQ_batch/temp_SOX3//119//background.tf119-chrM.RData"
[1] "/hpcwork/izkf/projects/TfbsPrediction/Results/Footprints/Predictions/GM12878/PIQ_batch/temp_SOX3//119//background.tf119-chrX.RData"
Time difference of 1.985022 mins
[1] "background.tf119-chr1.RData"
[1] "background.tf119-chr10.RData"
[1] "background.tf119-chr11.RData"
[1] "background.tf119-chr12.RData"
[1] "background.tf119-chr13.RData"
[1] "background.tf119-chr14.RData"
[1] "background.tf119-chr15.RData"
[1] "background.tf119-chr16.RData"
[1] "background.tf119-chr17.RData"
[1] "background.tf119-chr18.RData"
[1] "background.tf119-chr19.RData"
[1] "background.tf119-chr2.RData"
[1] "background.tf119-chr20.RData"
[1] "background.tf119-chr21.RData"
[1] "background.tf119-chr22.RData"
[1] "background.tf119-chr3.RData"
[1] "background.tf119-chr4.RData"
[1] "background.tf119-chr5.RData"
[1] "background.tf119-chr6.RData"
[1] "background.tf119-chr7.RData"
[1] "background.tf119-chr8.RData"
[1] "background.tf119-chr9.RData"
[1] "background.tf119-chrM.RData"
[1] "background.tf119-chrX.RData"
[1] "background.tf119-chr1.RData"
[1] 1072.648
[1] "background.tf119-chr10.RData"
[1] 878.6901
[1] "background.tf119-chr11.RData"
[1] 821.392
[1] "background.tf119-chr12.RData"
[1] 1196.869
[1] "background.tf119-chr13.RData"
[1] 905.3228
[1] "background.tf119-chr14.RData"
[1] 1227.423
[1] "background.tf119-chr15.RData"
[1] 1131.114
[1] "background.tf119-chr16.RData"
[1] 934.9338
[1] "background.tf119-chr17.RData"
[1] 1061.697
[1] "background.tf119-chr18.RData"
[1] 2208.268
[1] "background.tf119-chr19.RData"
[1] 1259.699
[1] "background.tf119-chr2.RData"
[1] 1001.402
[1] "background.tf119-chr20.RData"
[1] 978.919
[1] "background.tf119-chr21.RData"
[1] 1153.142
[1] "background.tf119-chr22.RData"
[1] 949.2349
[1] "background.tf119-chr3.RData"
[1] 1057.254
[1] "background.tf119-chr4.RData"
[1] 1118
[1] "background.tf119-chr5.RData"
[1] 1114.28
[1] "background.tf119-chr6.RData"
[1] 1561.97
[1] "background.tf119-chr7.RData"
[1] 1137.12
[1] "background.tf119-chr8.RData"
[1] 1148.967
[1] "background.tf119-chr9.RData"
[1] 1100.184
[1] "background.tf119-chrM.RData"
[1] 197.2209
[1] "background.tf119-chrX.RData"
[1] 866.6733
[1] 1
[1] 2
[1] 3
[1] 4
[1] 5
[1] 6
[1] 7
[1] 8
[1] 9
[1] 10
[1] 11
[1] 12
[1] 13
[1] 14
[1] 15
[1] 16
[1] 17
[1] 18
[1] 19
[1] 20
[1] 21
[1] 22
[1] 23
[1] 24
Time difference of 4.394025 mins
> 


PS:

Read file <GM12878_SOX3_APQ_err.txt> for stderr output of this job.

