Sender: LSF System <lsfadmin@linuxbmc0043>
Subject: Job 24728773: <GM12878_GFI1_APQ> in cluster <rcc> Done

Job <GM12878_GFI1_APQ> was submitted from host <cluster> by user <eg474423> in cluster <rcc>.
Job was executed on host(s) <linuxbmc0043>, in queue <low>, as user <eg474423> in cluster <rcc>.
</home/eg474423> was used as the home directory.
</work/eg474423/eg474423_Projects/trunk/TfbsPrediction/Code/CompetingMethods/Pipeline> was used as the working directory.
Started at Thu Nov  5 06:41:56 2015
Results reported on Thu Nov  5 07:01:39 2015

Your job looked like:

------------------------------------------------------------
# LSBATCH: User input
./applyPIQ_pipeline.zsh 52 GFI1 /hpcwork/izkf/projects/TfbsPrediction/Results/MPBSAWG/PIQ_batch/ /hpcwork/izkf/projects/TfbsPrediction/Results/Signals/Counts/DU_GM12878/PIQ/DNase.RData /hpcwork/izkf/projects/TfbsPrediction/Results/Footprints/Predictions/GM12878/PIQ_batch/
------------------------------------------------------------

Successfully completed.

Resource usage summary:

    CPU time :                                   1182.97 sec.
    Max Memory :                                 5503 MB
    Average Memory :                             3812.44 MB
    Total Requested Memory :                     12000.00 MB
    Delta Memory :                               6497.00 MB
    Max Processes :                              8
    Max Threads :                                9

The output (if any) follows:

> args <- commandArgs(trailingOnly = TRUE)
> print(args)
[1] "common.r"                                                                                         
[2] "/hpcwork/izkf/projects/TfbsPrediction/Results/MPBSAWG/PIQ_batch/"                                 
[3] "/hpcwork/izkf/projects/TfbsPrediction/Results/Footprints/Predictions/GM12878/PIQ_batch/temp_GFI1/"
[4] "/hpcwork/izkf/projects/TfbsPrediction/Results/Footprints/Predictions/GM12878/PIQ_batch/res_GFI1/" 
[5] "/hpcwork/izkf/projects/TfbsPrediction/Results/Signals/Counts/DU_GM12878/PIQ/DNase.RData"          
[6] "52"                                                                                               
> 
> #location of common.r containing runtime parameters
> commonfile = args[1]
> 
> #directory where pwm matches are stored
> pwmdir = args[2]
> 
> #directory to use as fast temporary storage
> tmpdir = args[3]
> 
> #location of output calls
> outdir = args[4]
> 
> #location of the bam RData file made by bam2rdata.r
> bamfile = args[5]
> 
> #which pwm file to use in pwmdir
> pwmid = args[6]
> 
> ###
> # do FW
> 
> match.rc = F
> dump.chropen = F
> 
> two.pass = F
> suppressWarnings(source(commonfile))
> if(overwrite==F & file.exists( file.path(outdir,paste0(pwmid,'-diag.pdf')))){
+   stop(paste0('found previous run for ',pwmid,' avoiding overwrite'))
+ }
> 
> debugstring = c('loading pwm','loadbam','clustering','binding outputs')
> 
> dump.bed = T
> 
> tryCatch({
+ phase=0
+ load(paste0(pwmdir,pwmid,'.pwmout.RData'))
+ if(sum(clengths[1])>0){
+ phase=1
+ at<-Sys.time()
+ source('loadbam.r')
+ print(Sys.time()-at);at<-Sys.time()
+ phase=2
+ source('cluster.r')
+ print(Sys.time()-at);at<-Sys.time()
+ phase=3
+ source('bindcall.r')
+ print(Sys.time()-at);at<-Sys.time()
+ }
+ },error = function(e){
+    e$message=paste0('error during ',debugstring[phase+1],'\n','Error msg: ',e$message,'\n Args:',paste0(commandArgs(trailingOnly = TRUE),collapse=':'))
+    stop(e)
+ })
[1] "chr1"
[1] "chr2"
[1] "chr3"
[1] "chr4"
[1] "chr5"
[1] "chr6"
[1] "chr7"
[1] "chr8"
[1] "chr9"
[1] "chr10"
[1] "chr11"
[1] "chr12"
[1] "chr13"
[1] "chr14"
[1] "chr15"
[1] "chr16"
[1] "chr17"
[1] "chr18"
[1] "chr19"
[1] "chr20"
[1] "chr21"
[1] "chr22"
[1] "chrX"
[1] "chrM"
[1] "chr1"
[1] "chr2"
[1] "chr3"
[1] "chr4"
[1] "chr5"
[1] "chr6"
[1] "chr7"
[1] "chr8"
[1] "chr9"
[1] "chr10"
[1] "chr11"
[1] "chr12"
[1] "chr13"
[1] "chr14"
[1] "chr15"
[1] "chr16"
[1] "chr17"
[1] "chr18"
[1] "chr19"
[1] "chr20"
[1] "chr21"
[1] "chr22"
[1] "chrX"
[1] "chrM"
Time difference of 3.040308 mins
[1] "/hpcwork/izkf/projects/TfbsPrediction/Results/Footprints/Predictions/GM12878/PIQ_batch/temp_GFI1//52//positive.tf52-chr1.RData"
[1] "/hpcwork/izkf/projects/TfbsPrediction/Results/Footprints/Predictions/GM12878/PIQ_batch/temp_GFI1//52//positive.tf52-chr10.RData"
[1] "/hpcwork/izkf/projects/TfbsPrediction/Results/Footprints/Predictions/GM12878/PIQ_batch/temp_GFI1//52//positive.tf52-chr11.RData"
[1] "/hpcwork/izkf/projects/TfbsPrediction/Results/Footprints/Predictions/GM12878/PIQ_batch/temp_GFI1//52//positive.tf52-chr12.RData"
[1] "/hpcwork/izkf/projects/TfbsPrediction/Results/Footprints/Predictions/GM12878/PIQ_batch/temp_GFI1//52//positive.tf52-chr13.RData"
[1] "/hpcwork/izkf/projects/TfbsPrediction/Results/Footprints/Predictions/GM12878/PIQ_batch/temp_GFI1//52//positive.tf52-chr14.RData"
[1] "/hpcwork/izkf/projects/TfbsPrediction/Results/Footprints/Predictions/GM12878/PIQ_batch/temp_GFI1//52//positive.tf52-chr15.RData"
[1] "/hpcwork/izkf/projects/TfbsPrediction/Results/Footprints/Predictions/GM12878/PIQ_batch/temp_GFI1//52//positive.tf52-chr16.RData"
[1] "/hpcwork/izkf/projects/TfbsPrediction/Results/Footprints/Predictions/GM12878/PIQ_batch/temp_GFI1//52//positive.tf52-chr17.RData"
[1] "/hpcwork/izkf/projects/TfbsPrediction/Results/Footprints/Predictions/GM12878/PIQ_batch/temp_GFI1//52//positive.tf52-chr18.RData"
[1] "/hpcwork/izkf/projects/TfbsPrediction/Results/Footprints/Predictions/GM12878/PIQ_batch/temp_GFI1//52//positive.tf52-chr19.RData"
[1] "/hpcwork/izkf/projects/TfbsPrediction/Results/Footprints/Predictions/GM12878/PIQ_batch/temp_GFI1//52//positive.tf52-chr2.RData"
[1] "/hpcwork/izkf/projects/TfbsPrediction/Results/Footprints/Predictions/GM12878/PIQ_batch/temp_GFI1//52//positive.tf52-chr20.RData"
[1] "/hpcwork/izkf/projects/TfbsPrediction/Results/Footprints/Predictions/GM12878/PIQ_batch/temp_GFI1//52//positive.tf52-chr21.RData"
[1] "/hpcwork/izkf/projects/TfbsPrediction/Results/Footprints/Predictions/GM12878/PIQ_batch/temp_GFI1//52//positive.tf52-chr22.RData"
[1] "/hpcwork/izkf/projects/TfbsPrediction/Results/Footprints/Predictions/GM12878/PIQ_batch/temp_GFI1//52//positive.tf52-chr3.RData"
[1] "/hpcwork/izkf/projects/TfbsPrediction/Results/Footprints/Predictions/GM12878/PIQ_batch/temp_GFI1//52//positive.tf52-chr4.RData"
[1] "/hpcwork/izkf/projects/TfbsPrediction/Results/Footprints/Predictions/GM12878/PIQ_batch/temp_GFI1//52//positive.tf52-chr5.RData"
[1] "/hpcwork/izkf/projects/TfbsPrediction/Results/Footprints/Predictions/GM12878/PIQ_batch/temp_GFI1//52//positive.tf52-chr6.RData"
[1] "/hpcwork/izkf/projects/TfbsPrediction/Results/Footprints/Predictions/GM12878/PIQ_batch/temp_GFI1//52//positive.tf52-chr7.RData"
[1] "/hpcwork/izkf/projects/TfbsPrediction/Results/Footprints/Predictions/GM12878/PIQ_batch/temp_GFI1//52//positive.tf52-chr8.RData"
[1] "/hpcwork/izkf/projects/TfbsPrediction/Results/Footprints/Predictions/GM12878/PIQ_batch/temp_GFI1//52//positive.tf52-chr9.RData"
[1] "/hpcwork/izkf/projects/TfbsPrediction/Results/Footprints/Predictions/GM12878/PIQ_batch/temp_GFI1//52//positive.tf52-chrM.RData"
[1] "/hpcwork/izkf/projects/TfbsPrediction/Results/Footprints/Predictions/GM12878/PIQ_batch/temp_GFI1//52//positive.tf52-chrX.RData"
[1] "/hpcwork/izkf/projects/TfbsPrediction/Results/Footprints/Predictions/GM12878/PIQ_batch/temp_GFI1//52//background.tf52-chr1.RData"
[1] "/hpcwork/izkf/projects/TfbsPrediction/Results/Footprints/Predictions/GM12878/PIQ_batch/temp_GFI1//52//background.tf52-chr10.RData"
[1] "/hpcwork/izkf/projects/TfbsPrediction/Results/Footprints/Predictions/GM12878/PIQ_batch/temp_GFI1//52//background.tf52-chr11.RData"
[1] "/hpcwork/izkf/projects/TfbsPrediction/Results/Footprints/Predictions/GM12878/PIQ_batch/temp_GFI1//52//background.tf52-chr12.RData"
[1] "/hpcwork/izkf/projects/TfbsPrediction/Results/Footprints/Predictions/GM12878/PIQ_batch/temp_GFI1//52//background.tf52-chr13.RData"
[1] "/hpcwork/izkf/projects/TfbsPrediction/Results/Footprints/Predictions/GM12878/PIQ_batch/temp_GFI1//52//background.tf52-chr14.RData"
[1] "/hpcwork/izkf/projects/TfbsPrediction/Results/Footprints/Predictions/GM12878/PIQ_batch/temp_GFI1//52//background.tf52-chr15.RData"
[1] "/hpcwork/izkf/projects/TfbsPrediction/Results/Footprints/Predictions/GM12878/PIQ_batch/temp_GFI1//52//background.tf52-chr16.RData"
[1] "/hpcwork/izkf/projects/TfbsPrediction/Results/Footprints/Predictions/GM12878/PIQ_batch/temp_GFI1//52//background.tf52-chr17.RData"
[1] "/hpcwork/izkf/projects/TfbsPrediction/Results/Footprints/Predictions/GM12878/PIQ_batch/temp_GFI1//52//background.tf52-chr18.RData"
[1] "/hpcwork/izkf/projects/TfbsPrediction/Results/Footprints/Predictions/GM12878/PIQ_batch/temp_GFI1//52//background.tf52-chr19.RData"
[1] "/hpcwork/izkf/projects/TfbsPrediction/Results/Footprints/Predictions/GM12878/PIQ_batch/temp_GFI1//52//background.tf52-chr2.RData"
[1] "/hpcwork/izkf/projects/TfbsPrediction/Results/Footprints/Predictions/GM12878/PIQ_batch/temp_GFI1//52//background.tf52-chr20.RData"
[1] "/hpcwork/izkf/projects/TfbsPrediction/Results/Footprints/Predictions/GM12878/PIQ_batch/temp_GFI1//52//background.tf52-chr21.RData"
[1] "/hpcwork/izkf/projects/TfbsPrediction/Results/Footprints/Predictions/GM12878/PIQ_batch/temp_GFI1//52//background.tf52-chr22.RData"
[1] "/hpcwork/izkf/projects/TfbsPrediction/Results/Footprints/Predictions/GM12878/PIQ_batch/temp_GFI1//52//background.tf52-chr3.RData"
[1] "/hpcwork/izkf/projects/TfbsPrediction/Results/Footprints/Predictions/GM12878/PIQ_batch/temp_GFI1//52//background.tf52-chr4.RData"
[1] "/hpcwork/izkf/projects/TfbsPrediction/Results/Footprints/Predictions/GM12878/PIQ_batch/temp_GFI1//52//background.tf52-chr5.RData"
[1] "/hpcwork/izkf/projects/TfbsPrediction/Results/Footprints/Predictions/GM12878/PIQ_batch/temp_GFI1//52//background.tf52-chr6.RData"
[1] "/hpcwork/izkf/projects/TfbsPrediction/Results/Footprints/Predictions/GM12878/PIQ_batch/temp_GFI1//52//background.tf52-chr7.RData"
[1] "/hpcwork/izkf/projects/TfbsPrediction/Results/Footprints/Predictions/GM12878/PIQ_batch/temp_GFI1//52//background.tf52-chr8.RData"
[1] "/hpcwork/izkf/projects/TfbsPrediction/Results/Footprints/Predictions/GM12878/PIQ_batch/temp_GFI1//52//background.tf52-chr9.RData"
[1] "/hpcwork/izkf/projects/TfbsPrediction/Results/Footprints/Predictions/GM12878/PIQ_batch/temp_GFI1//52//background.tf52-chrM.RData"
[1] "/hpcwork/izkf/projects/TfbsPrediction/Results/Footprints/Predictions/GM12878/PIQ_batch/temp_GFI1//52//background.tf52-chrX.RData"
Time difference of 2.01152 mins
[1] "background.tf52-chr1.RData"
[1] "background.tf52-chr10.RData"
[1] "background.tf52-chr11.RData"
[1] "background.tf52-chr12.RData"
[1] "background.tf52-chr13.RData"
[1] "background.tf52-chr14.RData"
[1] "background.tf52-chr15.RData"
[1] "background.tf52-chr16.RData"
[1] "background.tf52-chr17.RData"
[1] "background.tf52-chr18.RData"
[1] "background.tf52-chr19.RData"
[1] "background.tf52-chr2.RData"
[1] "background.tf52-chr20.RData"
[1] "background.tf52-chr21.RData"
[1] "background.tf52-chr22.RData"
[1] "background.tf52-chr3.RData"
[1] "background.tf52-chr4.RData"
[1] "background.tf52-chr5.RData"
[1] "background.tf52-chr6.RData"
[1] "background.tf52-chr7.RData"
[1] "background.tf52-chr8.RData"
[1] "background.tf52-chr9.RData"
[1] "background.tf52-chrM.RData"
[1] "background.tf52-chrX.RData"
[1] "background.tf52-chr1.RData"
[1] 1169.768
[1] "background.tf52-chr10.RData"
[1] 860.2344
[1] "background.tf52-chr11.RData"
[1] 846.6783
[1] "background.tf52-chr12.RData"
[1] 1070.871
[1] "background.tf52-chr13.RData"
[1] 896.4663
[1] "background.tf52-chr14.RData"
[1] 1007.537
[1] "background.tf52-chr15.RData"
[1] 1007.873
[1] "background.tf52-chr16.RData"
[1] 1107.549
[1] "background.tf52-chr17.RData"
[1] 1414.143
[1] "background.tf52-chr18.RData"
[1] 845.659
[1] "background.tf52-chr19.RData"
[1] 1052.368
[1] "background.tf52-chr2.RData"
[1] 1014.287
[1] "background.tf52-chr20.RData"
[1] 1317.296
[1] "background.tf52-chr21.RData"
[1] 910.5432
[1] "background.tf52-chr22.RData"
[1] 1324.39
[1] "background.tf52-chr3.RData"
[1] 1086.205
[1] "background.tf52-chr4.RData"
[1] 1060.817
[1] "background.tf52-chr5.RData"
[1] 969.4739
[1] "background.tf52-chr6.RData"
[1] 987.3561
[1] "background.tf52-chr7.RData"
[1] 1354.607
[1] "background.tf52-chr8.RData"
[1] 772.9764
[1] "background.tf52-chr9.RData"
[1] 1222.589
[1] "background.tf52-chrM.RData"
[1] 267.9719
[1] "background.tf52-chrX.RData"
[1] 949.7924
[1] 1
[1] 2
[1] 3
[1] 4
[1] 5
[1] 6
[1] 7
[1] 8
[1] 9
[1] 10
[1] 11
[1] 12
[1] 13
[1] 14
[1] 15
[1] 16
[1] 17
[1] 18
[1] 19
[1] 20
[1] 21
[1] 22
[1] 23
[1] 24
Time difference of 4.237076 mins
> 
> ###
> # do RC
> 
> match.rc = T
> 
> suppressWarnings(source(commonfile))
> if(overwrite==F & file.exists( file.path(outdir,paste0(pwmid,'-diag.rc.pdf')))){
+   stop(paste0('found previous run for ',pwmid,' avoiding overwrite'))
+ }
> 
> debugstring = c('loading pwm.rc','loadbam.rc','clustering.rc','binding outputs.rc')
> 
> tryCatch({
+ phase=0
+ load(paste0(pwmdir,pwmid,'.pwmout.rc.RData'))
+ if(sum(clengths[1])>0){
+ phase=1
+ at<-Sys.time()
+ source('loadbam.r')
+ print(Sys.time()-at);at<-Sys.time()
+ phase=2
+ source('cluster.r')
+ print(Sys.time()-at);at<-Sys.time()
+ phase=3
+ source('bindcall.r')
+ print(Sys.time()-at);at<-Sys.time()
+ }
+ },error = function(e){
+    e$message=paste0('error during ',debugstring[phase+1],'\n','Error msg: ',e$message,'\n Args:',paste0(commandArgs(trailingOnly = TRUE),collapse=':'))
+    stop(e)
+ })
[1] "chr1"
[1] "chr2"
[1] "chr3"
[1] "chr4"
[1] "chr5"
[1] "chr6"
[1] "chr7"
[1] "chr8"
[1] "chr9"
[1] "chr10"
[1] "chr11"
[1] "chr12"
[1] "chr13"
[1] "chr14"
[1] "chr15"
[1] "chr16"
[1] "chr17"
[1] "chr18"
[1] "chr19"
[1] "chr20"
[1] "chr21"
[1] "chr22"
[1] "chrX"
[1] "chrM"
[1] "chr1"
[1] "chr2"
[1] "chr3"
[1] "chr4"
[1] "chr5"
[1] "chr6"
[1] "chr7"
[1] "chr8"
[1] "chr9"
[1] "chr10"
[1] "chr11"
[1] "chr12"
[1] "chr13"
[1] "chr14"
[1] "chr15"
[1] "chr16"
[1] "chr17"
[1] "chr18"
[1] "chr19"
[1] "chr20"
[1] "chr21"
[1] "chr22"
[1] "chrX"
[1] "chrM"
Time difference of 3.626549 mins
[1] "/hpcwork/izkf/projects/TfbsPrediction/Results/Footprints/Predictions/GM12878/PIQ_batch/temp_GFI1//52//positive.tf52-chr1.RData"
[1] "/hpcwork/izkf/projects/TfbsPrediction/Results/Footprints/Predictions/GM12878/PIQ_batch/temp_GFI1//52//positive.tf52-chr10.RData"
[1] "/hpcwork/izkf/projects/TfbsPrediction/Results/Footprints/Predictions/GM12878/PIQ_batch/temp_GFI1//52//positive.tf52-chr11.RData"
[1] "/hpcwork/izkf/projects/TfbsPrediction/Results/Footprints/Predictions/GM12878/PIQ_batch/temp_GFI1//52//positive.tf52-chr12.RData"
[1] "/hpcwork/izkf/projects/TfbsPrediction/Results/Footprints/Predictions/GM12878/PIQ_batch/temp_GFI1//52//positive.tf52-chr13.RData"
[1] "/hpcwork/izkf/projects/TfbsPrediction/Results/Footprints/Predictions/GM12878/PIQ_batch/temp_GFI1//52//positive.tf52-chr14.RData"
[1] "/hpcwork/izkf/projects/TfbsPrediction/Results/Footprints/Predictions/GM12878/PIQ_batch/temp_GFI1//52//positive.tf52-chr15.RData"
[1] "/hpcwork/izkf/projects/TfbsPrediction/Results/Footprints/Predictions/GM12878/PIQ_batch/temp_GFI1//52//positive.tf52-chr16.RData"
[1] "/hpcwork/izkf/projects/TfbsPrediction/Results/Footprints/Predictions/GM12878/PIQ_batch/temp_GFI1//52//positive.tf52-chr17.RData"
[1] "/hpcwork/izkf/projects/TfbsPrediction/Results/Footprints/Predictions/GM12878/PIQ_batch/temp_GFI1//52//positive.tf52-chr18.RData"
[1] "/hpcwork/izkf/projects/TfbsPrediction/Results/Footprints/Predictions/GM12878/PIQ_batch/temp_GFI1//52//positive.tf52-chr19.RData"
[1] "/hpcwork/izkf/projects/TfbsPrediction/Results/Footprints/Predictions/GM12878/PIQ_batch/temp_GFI1//52//positive.tf52-chr2.RData"
[1] "/hpcwork/izkf/projects/TfbsPrediction/Results/Footprints/Predictions/GM12878/PIQ_batch/temp_GFI1//52//positive.tf52-chr20.RData"
[1] "/hpcwork/izkf/projects/TfbsPrediction/Results/Footprints/Predictions/GM12878/PIQ_batch/temp_GFI1//52//positive.tf52-chr21.RData"
[1] "/hpcwork/izkf/projects/TfbsPrediction/Results/Footprints/Predictions/GM12878/PIQ_batch/temp_GFI1//52//positive.tf52-chr22.RData"
[1] "/hpcwork/izkf/projects/TfbsPrediction/Results/Footprints/Predictions/GM12878/PIQ_batch/temp_GFI1//52//positive.tf52-chr3.RData"
[1] "/hpcwork/izkf/projects/TfbsPrediction/Results/Footprints/Predictions/GM12878/PIQ_batch/temp_GFI1//52//positive.tf52-chr4.RData"
[1] "/hpcwork/izkf/projects/TfbsPrediction/Results/Footprints/Predictions/GM12878/PIQ_batch/temp_GFI1//52//positive.tf52-chr5.RData"
[1] "/hpcwork/izkf/projects/TfbsPrediction/Results/Footprints/Predictions/GM12878/PIQ_batch/temp_GFI1//52//positive.tf52-chr6.RData"
[1] "/hpcwork/izkf/projects/TfbsPrediction/Results/Footprints/Predictions/GM12878/PIQ_batch/temp_GFI1//52//positive.tf52-chr7.RData"
[1] "/hpcwork/izkf/projects/TfbsPrediction/Results/Footprints/Predictions/GM12878/PIQ_batch/temp_GFI1//52//positive.tf52-chr8.RData"
[1] "/hpcwork/izkf/projects/TfbsPrediction/Results/Footprints/Predictions/GM12878/PIQ_batch/temp_GFI1//52//positive.tf52-chr9.RData"
[1] "/hpcwork/izkf/projects/TfbsPrediction/Results/Footprints/Predictions/GM12878/PIQ_batch/temp_GFI1//52//positive.tf52-chrM.RData"
[1] "/hpcwork/izkf/projects/TfbsPrediction/Results/Footprints/Predictions/GM12878/PIQ_batch/temp_GFI1//52//positive.tf52-chrX.RData"
[1] "/hpcwork/izkf/projects/TfbsPrediction/Results/Footprints/Predictions/GM12878/PIQ_batch/temp_GFI1//52//background.tf52-chr1.RData"
[1] "/hpcwork/izkf/projects/TfbsPrediction/Results/Footprints/Predictions/GM12878/PIQ_batch/temp_GFI1//52//background.tf52-chr10.RData"
[1] "/hpcwork/izkf/projects/TfbsPrediction/Results/Footprints/Predictions/GM12878/PIQ_batch/temp_GFI1//52//background.tf52-chr11.RData"
[1] "/hpcwork/izkf/projects/TfbsPrediction/Results/Footprints/Predictions/GM12878/PIQ_batch/temp_GFI1//52//background.tf52-chr12.RData"
[1] "/hpcwork/izkf/projects/TfbsPrediction/Results/Footprints/Predictions/GM12878/PIQ_batch/temp_GFI1//52//background.tf52-chr13.RData"
[1] "/hpcwork/izkf/projects/TfbsPrediction/Results/Footprints/Predictions/GM12878/PIQ_batch/temp_GFI1//52//background.tf52-chr14.RData"
[1] "/hpcwork/izkf/projects/TfbsPrediction/Results/Footprints/Predictions/GM12878/PIQ_batch/temp_GFI1//52//background.tf52-chr15.RData"
[1] "/hpcwork/izkf/projects/TfbsPrediction/Results/Footprints/Predictions/GM12878/PIQ_batch/temp_GFI1//52//background.tf52-chr16.RData"
[1] "/hpcwork/izkf/projects/TfbsPrediction/Results/Footprints/Predictions/GM12878/PIQ_batch/temp_GFI1//52//background.tf52-chr17.RData"
[1] "/hpcwork/izkf/projects/TfbsPrediction/Results/Footprints/Predictions/GM12878/PIQ_batch/temp_GFI1//52//background.tf52-chr18.RData"
[1] "/hpcwork/izkf/projects/TfbsPrediction/Results/Footprints/Predictions/GM12878/PIQ_batch/temp_GFI1//52//background.tf52-chr19.RData"
[1] "/hpcwork/izkf/projects/TfbsPrediction/Results/Footprints/Predictions/GM12878/PIQ_batch/temp_GFI1//52//background.tf52-chr2.RData"
[1] "/hpcwork/izkf/projects/TfbsPrediction/Results/Footprints/Predictions/GM12878/PIQ_batch/temp_GFI1//52//background.tf52-chr20.RData"
[1] "/hpcwork/izkf/projects/TfbsPrediction/Results/Footprints/Predictions/GM12878/PIQ_batch/temp_GFI1//52//background.tf52-chr21.RData"
[1] "/hpcwork/izkf/projects/TfbsPrediction/Results/Footprints/Predictions/GM12878/PIQ_batch/temp_GFI1//52//background.tf52-chr22.RData"
[1] "/hpcwork/izkf/projects/TfbsPrediction/Results/Footprints/Predictions/GM12878/PIQ_batch/temp_GFI1//52//background.tf52-chr3.RData"
[1] "/hpcwork/izkf/projects/TfbsPrediction/Results/Footprints/Predictions/GM12878/PIQ_batch/temp_GFI1//52//background.tf52-chr4.RData"
[1] "/hpcwork/izkf/projects/TfbsPrediction/Results/Footprints/Predictions/GM12878/PIQ_batch/temp_GFI1//52//background.tf52-chr5.RData"
[1] "/hpcwork/izkf/projects/TfbsPrediction/Results/Footprints/Predictions/GM12878/PIQ_batch/temp_GFI1//52//background.tf52-chr6.RData"
[1] "/hpcwork/izkf/projects/TfbsPrediction/Results/Footprints/Predictions/GM12878/PIQ_batch/temp_GFI1//52//background.tf52-chr7.RData"
[1] "/hpcwork/izkf/projects/TfbsPrediction/Results/Footprints/Predictions/GM12878/PIQ_batch/temp_GFI1//52//background.tf52-chr8.RData"
[1] "/hpcwork/izkf/projects/TfbsPrediction/Results/Footprints/Predictions/GM12878/PIQ_batch/temp_GFI1//52//background.tf52-chr9.RData"
[1] "/hpcwork/izkf/projects/TfbsPrediction/Results/Footprints/Predictions/GM12878/PIQ_batch/temp_GFI1//52//background.tf52-chrM.RData"
[1] "/hpcwork/izkf/projects/TfbsPrediction/Results/Footprints/Predictions/GM12878/PIQ_batch/temp_GFI1//52//background.tf52-chrX.RData"
Time difference of 1.957678 mins
[1] "background.tf52-chr1.RData"
[1] "background.tf52-chr10.RData"
[1] "background.tf52-chr11.RData"
[1] "background.tf52-chr12.RData"
[1] "background.tf52-chr13.RData"
[1] "background.tf52-chr14.RData"
[1] "background.tf52-chr15.RData"
[1] "background.tf52-chr16.RData"
[1] "background.tf52-chr17.RData"
[1] "background.tf52-chr18.RData"
[1] "background.tf52-chr19.RData"
[1] "background.tf52-chr2.RData"
[1] "background.tf52-chr20.RData"
[1] "background.tf52-chr21.RData"
[1] "background.tf52-chr22.RData"
[1] "background.tf52-chr3.RData"
[1] "background.tf52-chr4.RData"
[1] "background.tf52-chr5.RData"
[1] "background.tf52-chr6.RData"
[1] "background.tf52-chr7.RData"
[1] "background.tf52-chr8.RData"
[1] "background.tf52-chr9.RData"
[1] "background.tf52-chrM.RData"
[1] "background.tf52-chrX.RData"
[1] "background.tf52-chr1.RData"
[1] 1182.32
[1] "background.tf52-chr10.RData"
[1] 1007.667
[1] "background.tf52-chr11.RData"
[1] 832.1713
[1] "background.tf52-chr12.RData"
[1] 1176.912
[1] "background.tf52-chr13.RData"
[1] 1106.299
[1] "background.tf52-chr14.RData"
[1] 993.8337
[1] "background.tf52-chr15.RData"
[1] 1033.484
[1] "background.tf52-chr16.RData"
[1] 1681.209
[1] "background.tf52-chr17.RData"
[1] 1155.043
[1] "background.tf52-chr18.RData"
[1] 1546.797
[1] "background.tf52-chr19.RData"
[1] 1212.511
[1] "background.tf52-chr2.RData"
[1] 1036.731
[1] "background.tf52-chr20.RData"
[1] 944.3255
[1] "background.tf52-chr21.RData"
[1] 1081.137
[1] "background.tf52-chr22.RData"
[1] 1301.578
[1] "background.tf52-chr3.RData"
[1] 1188.822
[1] "background.tf52-chr4.RData"
[1] 1311.286
[1] "background.tf52-chr5.RData"
[1] 981.9602
[1] "background.tf52-chr6.RData"
[1] 1517.668
[1] "background.tf52-chr7.RData"
[1] 1190.435
[1] "background.tf52-chr8.RData"
[1] 954.3841
[1] "background.tf52-chr9.RData"
[1] 1005.715
[1] "background.tf52-chrM.RData"
[1] 215.7985
[1] "background.tf52-chrX.RData"
[1] 784.7242
[1] 1
[1] 2
[1] 3
[1] 4
[1] 5
[1] 6
[1] 7
[1] 8
[1] 9
[1] 10
[1] 11
[1] 12
[1] 13
[1] 14
[1] 15
[1] 16
[1] 17
[1] 18
[1] 19
[1] 20
[1] 21
[1] 22
[1] 23
[1] 24
Time difference of 4.194644 mins
> 


PS:

Read file <GM12878_GFI1_APQ_err.txt> for stderr output of this job.

