Sender: LSF System <lsfadmin@linuxbmc0094>
Subject: Job 24728793: <GM12878_LHX3_APQ> in cluster <rcc> Done

Job <GM12878_LHX3_APQ> was submitted from host <cluster> by user <eg474423> in cluster <rcc>.
Job was executed on host(s) <linuxbmc0094>, in queue <low>, as user <eg474423> in cluster <rcc>.
</home/eg474423> was used as the home directory.
</work/eg474423/eg474423_Projects/trunk/TfbsPrediction/Code/CompetingMethods/Pipeline> was used as the working directory.
Started at Thu Nov  5 06:41:56 2015
Results reported on Thu Nov  5 07:00:48 2015

Your job looked like:

------------------------------------------------------------
# LSBATCH: User input
./applyPIQ_pipeline.zsh 70 LHX3 /hpcwork/izkf/projects/TfbsPrediction/Results/MPBSAWG/PIQ_batch/ /hpcwork/izkf/projects/TfbsPrediction/Results/Signals/Counts/DU_GM12878/PIQ/DNase.RData /hpcwork/izkf/projects/TfbsPrediction/Results/Footprints/Predictions/GM12878/PIQ_batch/
------------------------------------------------------------

Successfully completed.

Resource usage summary:

    CPU time :                                   1119.10 sec.
    Max Memory :                                 5319 MB
    Average Memory :                             3707.91 MB
    Total Requested Memory :                     12000.00 MB
    Delta Memory :                               6681.00 MB
    Max Processes :                              8
    Max Threads :                                9

The output (if any) follows:

> args <- commandArgs(trailingOnly = TRUE)
> print(args)
[1] "common.r"                                                                                         
[2] "/hpcwork/izkf/projects/TfbsPrediction/Results/MPBSAWG/PIQ_batch/"                                 
[3] "/hpcwork/izkf/projects/TfbsPrediction/Results/Footprints/Predictions/GM12878/PIQ_batch/temp_LHX3/"
[4] "/hpcwork/izkf/projects/TfbsPrediction/Results/Footprints/Predictions/GM12878/PIQ_batch/res_LHX3/" 
[5] "/hpcwork/izkf/projects/TfbsPrediction/Results/Signals/Counts/DU_GM12878/PIQ/DNase.RData"          
[6] "70"                                                                                               
> 
> #location of common.r containing runtime parameters
> commonfile = args[1]
> 
> #directory where pwm matches are stored
> pwmdir = args[2]
> 
> #directory to use as fast temporary storage
> tmpdir = args[3]
> 
> #location of output calls
> outdir = args[4]
> 
> #location of the bam RData file made by bam2rdata.r
> bamfile = args[5]
> 
> #which pwm file to use in pwmdir
> pwmid = args[6]
> 
> ###
> # do FW
> 
> match.rc = F
> dump.chropen = F
> 
> two.pass = F
> suppressWarnings(source(commonfile))
> if(overwrite==F & file.exists( file.path(outdir,paste0(pwmid,'-diag.pdf')))){
+   stop(paste0('found previous run for ',pwmid,' avoiding overwrite'))
+ }
> 
> debugstring = c('loading pwm','loadbam','clustering','binding outputs')
> 
> dump.bed = T
> 
> tryCatch({
+ phase=0
+ load(paste0(pwmdir,pwmid,'.pwmout.RData'))
+ if(sum(clengths[1])>0){
+ phase=1
+ at<-Sys.time()
+ source('loadbam.r')
+ print(Sys.time()-at);at<-Sys.time()
+ phase=2
+ source('cluster.r')
+ print(Sys.time()-at);at<-Sys.time()
+ phase=3
+ source('bindcall.r')
+ print(Sys.time()-at);at<-Sys.time()
+ }
+ },error = function(e){
+    e$message=paste0('error during ',debugstring[phase+1],'\n','Error msg: ',e$message,'\n Args:',paste0(commandArgs(trailingOnly = TRUE),collapse=':'))
+    stop(e)
+ })
[1] "chr1"
[1] "chr2"
[1] "chr3"
[1] "chr4"
[1] "chr5"
[1] "chr6"
[1] "chr7"
[1] "chr8"
[1] "chr9"
[1] "chr10"
[1] "chr11"
[1] "chr12"
[1] "chr13"
[1] "chr14"
[1] "chr15"
[1] "chr16"
[1] "chr17"
[1] "chr18"
[1] "chr19"
[1] "chr20"
[1] "chr21"
[1] "chr22"
[1] "chrX"
[1] "chrM"
[1] "chr1"
[1] "chr2"
[1] "chr3"
[1] "chr4"
[1] "chr5"
[1] "chr6"
[1] "chr7"
[1] "chr8"
[1] "chr9"
[1] "chr10"
[1] "chr11"
[1] "chr12"
[1] "chr13"
[1] "chr14"
[1] "chr15"
[1] "chr16"
[1] "chr17"
[1] "chr18"
[1] "chr19"
[1] "chr20"
[1] "chr21"
[1] "chr22"
[1] "chrX"
[1] "chrM"
Time difference of 2.697388 mins
[1] "/hpcwork/izkf/projects/TfbsPrediction/Results/Footprints/Predictions/GM12878/PIQ_batch/temp_LHX3//70//positive.tf70-chr1.RData"
[1] "/hpcwork/izkf/projects/TfbsPrediction/Results/Footprints/Predictions/GM12878/PIQ_batch/temp_LHX3//70//positive.tf70-chr10.RData"
[1] "/hpcwork/izkf/projects/TfbsPrediction/Results/Footprints/Predictions/GM12878/PIQ_batch/temp_LHX3//70//positive.tf70-chr11.RData"
[1] "/hpcwork/izkf/projects/TfbsPrediction/Results/Footprints/Predictions/GM12878/PIQ_batch/temp_LHX3//70//positive.tf70-chr12.RData"
[1] "/hpcwork/izkf/projects/TfbsPrediction/Results/Footprints/Predictions/GM12878/PIQ_batch/temp_LHX3//70//positive.tf70-chr13.RData"
[1] "/hpcwork/izkf/projects/TfbsPrediction/Results/Footprints/Predictions/GM12878/PIQ_batch/temp_LHX3//70//positive.tf70-chr14.RData"
[1] "/hpcwork/izkf/projects/TfbsPrediction/Results/Footprints/Predictions/GM12878/PIQ_batch/temp_LHX3//70//positive.tf70-chr15.RData"
[1] "/hpcwork/izkf/projects/TfbsPrediction/Results/Footprints/Predictions/GM12878/PIQ_batch/temp_LHX3//70//positive.tf70-chr16.RData"
[1] "/hpcwork/izkf/projects/TfbsPrediction/Results/Footprints/Predictions/GM12878/PIQ_batch/temp_LHX3//70//positive.tf70-chr17.RData"
[1] "/hpcwork/izkf/projects/TfbsPrediction/Results/Footprints/Predictions/GM12878/PIQ_batch/temp_LHX3//70//positive.tf70-chr18.RData"
[1] "/hpcwork/izkf/projects/TfbsPrediction/Results/Footprints/Predictions/GM12878/PIQ_batch/temp_LHX3//70//positive.tf70-chr19.RData"
[1] "/hpcwork/izkf/projects/TfbsPrediction/Results/Footprints/Predictions/GM12878/PIQ_batch/temp_LHX3//70//positive.tf70-chr2.RData"
[1] "/hpcwork/izkf/projects/TfbsPrediction/Results/Footprints/Predictions/GM12878/PIQ_batch/temp_LHX3//70//positive.tf70-chr20.RData"
[1] "/hpcwork/izkf/projects/TfbsPrediction/Results/Footprints/Predictions/GM12878/PIQ_batch/temp_LHX3//70//positive.tf70-chr21.RData"
[1] "/hpcwork/izkf/projects/TfbsPrediction/Results/Footprints/Predictions/GM12878/PIQ_batch/temp_LHX3//70//positive.tf70-chr22.RData"
[1] "/hpcwork/izkf/projects/TfbsPrediction/Results/Footprints/Predictions/GM12878/PIQ_batch/temp_LHX3//70//positive.tf70-chr3.RData"
[1] "/hpcwork/izkf/projects/TfbsPrediction/Results/Footprints/Predictions/GM12878/PIQ_batch/temp_LHX3//70//positive.tf70-chr4.RData"
[1] "/hpcwork/izkf/projects/TfbsPrediction/Results/Footprints/Predictions/GM12878/PIQ_batch/temp_LHX3//70//positive.tf70-chr5.RData"
[1] "/hpcwork/izkf/projects/TfbsPrediction/Results/Footprints/Predictions/GM12878/PIQ_batch/temp_LHX3//70//positive.tf70-chr6.RData"
[1] "/hpcwork/izkf/projects/TfbsPrediction/Results/Footprints/Predictions/GM12878/PIQ_batch/temp_LHX3//70//positive.tf70-chr7.RData"
[1] "/hpcwork/izkf/projects/TfbsPrediction/Results/Footprints/Predictions/GM12878/PIQ_batch/temp_LHX3//70//positive.tf70-chr8.RData"
[1] "/hpcwork/izkf/projects/TfbsPrediction/Results/Footprints/Predictions/GM12878/PIQ_batch/temp_LHX3//70//positive.tf70-chr9.RData"
[1] "/hpcwork/izkf/projects/TfbsPrediction/Results/Footprints/Predictions/GM12878/PIQ_batch/temp_LHX3//70//positive.tf70-chrM.RData"
[1] "/hpcwork/izkf/projects/TfbsPrediction/Results/Footprints/Predictions/GM12878/PIQ_batch/temp_LHX3//70//positive.tf70-chrX.RData"
[1] "/hpcwork/izkf/projects/TfbsPrediction/Results/Footprints/Predictions/GM12878/PIQ_batch/temp_LHX3//70//background.tf70-chr1.RData"
[1] "/hpcwork/izkf/projects/TfbsPrediction/Results/Footprints/Predictions/GM12878/PIQ_batch/temp_LHX3//70//background.tf70-chr10.RData"
[1] "/hpcwork/izkf/projects/TfbsPrediction/Results/Footprints/Predictions/GM12878/PIQ_batch/temp_LHX3//70//background.tf70-chr11.RData"
[1] "/hpcwork/izkf/projects/TfbsPrediction/Results/Footprints/Predictions/GM12878/PIQ_batch/temp_LHX3//70//background.tf70-chr12.RData"
[1] "/hpcwork/izkf/projects/TfbsPrediction/Results/Footprints/Predictions/GM12878/PIQ_batch/temp_LHX3//70//background.tf70-chr13.RData"
[1] "/hpcwork/izkf/projects/TfbsPrediction/Results/Footprints/Predictions/GM12878/PIQ_batch/temp_LHX3//70//background.tf70-chr14.RData"
[1] "/hpcwork/izkf/projects/TfbsPrediction/Results/Footprints/Predictions/GM12878/PIQ_batch/temp_LHX3//70//background.tf70-chr15.RData"
[1] "/hpcwork/izkf/projects/TfbsPrediction/Results/Footprints/Predictions/GM12878/PIQ_batch/temp_LHX3//70//background.tf70-chr16.RData"
[1] "/hpcwork/izkf/projects/TfbsPrediction/Results/Footprints/Predictions/GM12878/PIQ_batch/temp_LHX3//70//background.tf70-chr17.RData"
[1] "/hpcwork/izkf/projects/TfbsPrediction/Results/Footprints/Predictions/GM12878/PIQ_batch/temp_LHX3//70//background.tf70-chr18.RData"
[1] "/hpcwork/izkf/projects/TfbsPrediction/Results/Footprints/Predictions/GM12878/PIQ_batch/temp_LHX3//70//background.tf70-chr19.RData"
[1] "/hpcwork/izkf/projects/TfbsPrediction/Results/Footprints/Predictions/GM12878/PIQ_batch/temp_LHX3//70//background.tf70-chr2.RData"
[1] "/hpcwork/izkf/projects/TfbsPrediction/Results/Footprints/Predictions/GM12878/PIQ_batch/temp_LHX3//70//background.tf70-chr20.RData"
[1] "/hpcwork/izkf/projects/TfbsPrediction/Results/Footprints/Predictions/GM12878/PIQ_batch/temp_LHX3//70//background.tf70-chr21.RData"
[1] "/hpcwork/izkf/projects/TfbsPrediction/Results/Footprints/Predictions/GM12878/PIQ_batch/temp_LHX3//70//background.tf70-chr22.RData"
[1] "/hpcwork/izkf/projects/TfbsPrediction/Results/Footprints/Predictions/GM12878/PIQ_batch/temp_LHX3//70//background.tf70-chr3.RData"
[1] "/hpcwork/izkf/projects/TfbsPrediction/Results/Footprints/Predictions/GM12878/PIQ_batch/temp_LHX3//70//background.tf70-chr4.RData"
[1] "/hpcwork/izkf/projects/TfbsPrediction/Results/Footprints/Predictions/GM12878/PIQ_batch/temp_LHX3//70//background.tf70-chr5.RData"
[1] "/hpcwork/izkf/projects/TfbsPrediction/Results/Footprints/Predictions/GM12878/PIQ_batch/temp_LHX3//70//background.tf70-chr6.RData"
[1] "/hpcwork/izkf/projects/TfbsPrediction/Results/Footprints/Predictions/GM12878/PIQ_batch/temp_LHX3//70//background.tf70-chr7.RData"
[1] "/hpcwork/izkf/projects/TfbsPrediction/Results/Footprints/Predictions/GM12878/PIQ_batch/temp_LHX3//70//background.tf70-chr8.RData"
[1] "/hpcwork/izkf/projects/TfbsPrediction/Results/Footprints/Predictions/GM12878/PIQ_batch/temp_LHX3//70//background.tf70-chr9.RData"
[1] "/hpcwork/izkf/projects/TfbsPrediction/Results/Footprints/Predictions/GM12878/PIQ_batch/temp_LHX3//70//background.tf70-chrM.RData"
[1] "/hpcwork/izkf/projects/TfbsPrediction/Results/Footprints/Predictions/GM12878/PIQ_batch/temp_LHX3//70//background.tf70-chrX.RData"
Time difference of 1.770873 mins
[1] "background.tf70-chr1.RData"
[1] "background.tf70-chr10.RData"
[1] "background.tf70-chr11.RData"
[1] "background.tf70-chr12.RData"
[1] "background.tf70-chr13.RData"
[1] "background.tf70-chr14.RData"
[1] "background.tf70-chr15.RData"
[1] "background.tf70-chr16.RData"
[1] "background.tf70-chr17.RData"
[1] "background.tf70-chr18.RData"
[1] "background.tf70-chr19.RData"
[1] "background.tf70-chr2.RData"
[1] "background.tf70-chr20.RData"
[1] "background.tf70-chr21.RData"
[1] "background.tf70-chr22.RData"
[1] "background.tf70-chr3.RData"
[1] "background.tf70-chr4.RData"
[1] "background.tf70-chr5.RData"
[1] "background.tf70-chr6.RData"
[1] "background.tf70-chr7.RData"
[1] "background.tf70-chr8.RData"
[1] "background.tf70-chr9.RData"
[1] "background.tf70-chrM.RData"
[1] "background.tf70-chrX.RData"
[1] "background.tf70-chr1.RData"
[1] 1188.67
[1] "background.tf70-chr10.RData"
[1] 1155.83
[1] "background.tf70-chr11.RData"
[1] 1280.97
[1] "background.tf70-chr12.RData"
[1] 1048.556
[1] "background.tf70-chr13.RData"
[1] 996.6606
[1] "background.tf70-chr14.RData"
[1] 1320.531
[1] "background.tf70-chr15.RData"
[1] 1053.29
[1] "background.tf70-chr16.RData"
[1] 941.7432
[1] "background.tf70-chr17.RData"
[1] 1031.851
[1] "background.tf70-chr18.RData"
[1] 841.8482
[1] "background.tf70-chr19.RData"
[1] 878.9458
[1] "background.tf70-chr2.RData"
[1] 954.1174
[1] "background.tf70-chr20.RData"
[1] 825.9518
[1] "background.tf70-chr21.RData"
[1] 1009.659
[1] "background.tf70-chr22.RData"
[1] 933.2456
[1] "background.tf70-chr3.RData"
[1] 1162.276
[1] "background.tf70-chr4.RData"
[1] 1088.916
[1] "background.tf70-chr5.RData"
[1] 1207.071
[1] "background.tf70-chr6.RData"
[1] 1785.511
[1] "background.tf70-chr7.RData"
[1] 995.8055
[1] "background.tf70-chr8.RData"
[1] 933.5074
[1] "background.tf70-chr9.RData"
[1] 1127.254
[1] "background.tf70-chrM.RData"
[1] 205.6574
[1] "background.tf70-chrX.RData"
[1] 784.7242
[1] 1
[1] 2
[1] 3
[1] 4
[1] 5
[1] 6
[1] 7
[1] 8
[1] 9
[1] 10
[1] 11
[1] 12
[1] 13
[1] 14
[1] 15
[1] 16
[1] 17
[1] 18
[1] 19
[1] 20
[1] 21
[1] 22
[1] 23
[1] 24
Time difference of 4.264149 mins
> 
> ###
> # do RC
> 
> match.rc = T
> 
> suppressWarnings(source(commonfile))
> if(overwrite==F & file.exists( file.path(outdir,paste0(pwmid,'-diag.rc.pdf')))){
+   stop(paste0('found previous run for ',pwmid,' avoiding overwrite'))
+ }
> 
> debugstring = c('loading pwm.rc','loadbam.rc','clustering.rc','binding outputs.rc')
> 
> tryCatch({
+ phase=0
+ load(paste0(pwmdir,pwmid,'.pwmout.rc.RData'))
+ if(sum(clengths[1])>0){
+ phase=1
+ at<-Sys.time()
+ source('loadbam.r')
+ print(Sys.time()-at);at<-Sys.time()
+ phase=2
+ source('cluster.r')
+ print(Sys.time()-at);at<-Sys.time()
+ phase=3
+ source('bindcall.r')
+ print(Sys.time()-at);at<-Sys.time()
+ }
+ },error = function(e){
+    e$message=paste0('error during ',debugstring[phase+1],'\n','Error msg: ',e$message,'\n Args:',paste0(commandArgs(trailingOnly = TRUE),collapse=':'))
+    stop(e)
+ })
[1] "chr1"
[1] "chr2"
[1] "chr3"
[1] "chr4"
[1] "chr5"
[1] "chr6"
[1] "chr7"
[1] "chr8"
[1] "chr9"
[1] "chr10"
[1] "chr11"
[1] "chr12"
[1] "chr13"
[1] "chr14"
[1] "chr15"
[1] "chr16"
[1] "chr17"
[1] "chr18"
[1] "chr19"
[1] "chr20"
[1] "chr21"
[1] "chr22"
[1] "chrX"
[1] "chrM"
[1] "chr1"
[1] "chr2"
[1] "chr3"
[1] "chr4"
[1] "chr5"
[1] "chr6"
[1] "chr7"
[1] "chr8"
[1] "chr9"
[1] "chr10"
[1] "chr11"
[1] "chr12"
[1] "chr13"
[1] "chr14"
[1] "chr15"
[1] "chr16"
[1] "chr17"
[1] "chr18"
[1] "chr19"
[1] "chr20"
[1] "chr21"
[1] "chr22"
[1] "chrX"
[1] "chrM"
Time difference of 3.402297 mins
[1] "/hpcwork/izkf/projects/TfbsPrediction/Results/Footprints/Predictions/GM12878/PIQ_batch/temp_LHX3//70//positive.tf70-chr1.RData"
[1] "/hpcwork/izkf/projects/TfbsPrediction/Results/Footprints/Predictions/GM12878/PIQ_batch/temp_LHX3//70//positive.tf70-chr10.RData"
[1] "/hpcwork/izkf/projects/TfbsPrediction/Results/Footprints/Predictions/GM12878/PIQ_batch/temp_LHX3//70//positive.tf70-chr11.RData"
[1] "/hpcwork/izkf/projects/TfbsPrediction/Results/Footprints/Predictions/GM12878/PIQ_batch/temp_LHX3//70//positive.tf70-chr12.RData"
[1] "/hpcwork/izkf/projects/TfbsPrediction/Results/Footprints/Predictions/GM12878/PIQ_batch/temp_LHX3//70//positive.tf70-chr13.RData"
[1] "/hpcwork/izkf/projects/TfbsPrediction/Results/Footprints/Predictions/GM12878/PIQ_batch/temp_LHX3//70//positive.tf70-chr14.RData"
[1] "/hpcwork/izkf/projects/TfbsPrediction/Results/Footprints/Predictions/GM12878/PIQ_batch/temp_LHX3//70//positive.tf70-chr15.RData"
[1] "/hpcwork/izkf/projects/TfbsPrediction/Results/Footprints/Predictions/GM12878/PIQ_batch/temp_LHX3//70//positive.tf70-chr16.RData"
[1] "/hpcwork/izkf/projects/TfbsPrediction/Results/Footprints/Predictions/GM12878/PIQ_batch/temp_LHX3//70//positive.tf70-chr17.RData"
[1] "/hpcwork/izkf/projects/TfbsPrediction/Results/Footprints/Predictions/GM12878/PIQ_batch/temp_LHX3//70//positive.tf70-chr18.RData"
[1] "/hpcwork/izkf/projects/TfbsPrediction/Results/Footprints/Predictions/GM12878/PIQ_batch/temp_LHX3//70//positive.tf70-chr19.RData"
[1] "/hpcwork/izkf/projects/TfbsPrediction/Results/Footprints/Predictions/GM12878/PIQ_batch/temp_LHX3//70//positive.tf70-chr2.RData"
[1] "/hpcwork/izkf/projects/TfbsPrediction/Results/Footprints/Predictions/GM12878/PIQ_batch/temp_LHX3//70//positive.tf70-chr20.RData"
[1] "/hpcwork/izkf/projects/TfbsPrediction/Results/Footprints/Predictions/GM12878/PIQ_batch/temp_LHX3//70//positive.tf70-chr21.RData"
[1] "/hpcwork/izkf/projects/TfbsPrediction/Results/Footprints/Predictions/GM12878/PIQ_batch/temp_LHX3//70//positive.tf70-chr22.RData"
[1] "/hpcwork/izkf/projects/TfbsPrediction/Results/Footprints/Predictions/GM12878/PIQ_batch/temp_LHX3//70//positive.tf70-chr3.RData"
[1] "/hpcwork/izkf/projects/TfbsPrediction/Results/Footprints/Predictions/GM12878/PIQ_batch/temp_LHX3//70//positive.tf70-chr4.RData"
[1] "/hpcwork/izkf/projects/TfbsPrediction/Results/Footprints/Predictions/GM12878/PIQ_batch/temp_LHX3//70//positive.tf70-chr5.RData"
[1] "/hpcwork/izkf/projects/TfbsPrediction/Results/Footprints/Predictions/GM12878/PIQ_batch/temp_LHX3//70//positive.tf70-chr6.RData"
[1] "/hpcwork/izkf/projects/TfbsPrediction/Results/Footprints/Predictions/GM12878/PIQ_batch/temp_LHX3//70//positive.tf70-chr7.RData"
[1] "/hpcwork/izkf/projects/TfbsPrediction/Results/Footprints/Predictions/GM12878/PIQ_batch/temp_LHX3//70//positive.tf70-chr8.RData"
[1] "/hpcwork/izkf/projects/TfbsPrediction/Results/Footprints/Predictions/GM12878/PIQ_batch/temp_LHX3//70//positive.tf70-chr9.RData"
[1] "/hpcwork/izkf/projects/TfbsPrediction/Results/Footprints/Predictions/GM12878/PIQ_batch/temp_LHX3//70//positive.tf70-chrM.RData"
[1] "/hpcwork/izkf/projects/TfbsPrediction/Results/Footprints/Predictions/GM12878/PIQ_batch/temp_LHX3//70//positive.tf70-chrX.RData"
[1] "/hpcwork/izkf/projects/TfbsPrediction/Results/Footprints/Predictions/GM12878/PIQ_batch/temp_LHX3//70//background.tf70-chr1.RData"
[1] "/hpcwork/izkf/projects/TfbsPrediction/Results/Footprints/Predictions/GM12878/PIQ_batch/temp_LHX3//70//background.tf70-chr10.RData"
[1] "/hpcwork/izkf/projects/TfbsPrediction/Results/Footprints/Predictions/GM12878/PIQ_batch/temp_LHX3//70//background.tf70-chr11.RData"
[1] "/hpcwork/izkf/projects/TfbsPrediction/Results/Footprints/Predictions/GM12878/PIQ_batch/temp_LHX3//70//background.tf70-chr12.RData"
[1] "/hpcwork/izkf/projects/TfbsPrediction/Results/Footprints/Predictions/GM12878/PIQ_batch/temp_LHX3//70//background.tf70-chr13.RData"
[1] "/hpcwork/izkf/projects/TfbsPrediction/Results/Footprints/Predictions/GM12878/PIQ_batch/temp_LHX3//70//background.tf70-chr14.RData"
[1] "/hpcwork/izkf/projects/TfbsPrediction/Results/Footprints/Predictions/GM12878/PIQ_batch/temp_LHX3//70//background.tf70-chr15.RData"
[1] "/hpcwork/izkf/projects/TfbsPrediction/Results/Footprints/Predictions/GM12878/PIQ_batch/temp_LHX3//70//background.tf70-chr16.RData"
[1] "/hpcwork/izkf/projects/TfbsPrediction/Results/Footprints/Predictions/GM12878/PIQ_batch/temp_LHX3//70//background.tf70-chr17.RData"
[1] "/hpcwork/izkf/projects/TfbsPrediction/Results/Footprints/Predictions/GM12878/PIQ_batch/temp_LHX3//70//background.tf70-chr18.RData"
[1] "/hpcwork/izkf/projects/TfbsPrediction/Results/Footprints/Predictions/GM12878/PIQ_batch/temp_LHX3//70//background.tf70-chr19.RData"
[1] "/hpcwork/izkf/projects/TfbsPrediction/Results/Footprints/Predictions/GM12878/PIQ_batch/temp_LHX3//70//background.tf70-chr2.RData"
[1] "/hpcwork/izkf/projects/TfbsPrediction/Results/Footprints/Predictions/GM12878/PIQ_batch/temp_LHX3//70//background.tf70-chr20.RData"
[1] "/hpcwork/izkf/projects/TfbsPrediction/Results/Footprints/Predictions/GM12878/PIQ_batch/temp_LHX3//70//background.tf70-chr21.RData"
[1] "/hpcwork/izkf/projects/TfbsPrediction/Results/Footprints/Predictions/GM12878/PIQ_batch/temp_LHX3//70//background.tf70-chr22.RData"
[1] "/hpcwork/izkf/projects/TfbsPrediction/Results/Footprints/Predictions/GM12878/PIQ_batch/temp_LHX3//70//background.tf70-chr3.RData"
[1] "/hpcwork/izkf/projects/TfbsPrediction/Results/Footprints/Predictions/GM12878/PIQ_batch/temp_LHX3//70//background.tf70-chr4.RData"
[1] "/hpcwork/izkf/projects/TfbsPrediction/Results/Footprints/Predictions/GM12878/PIQ_batch/temp_LHX3//70//background.tf70-chr5.RData"
[1] "/hpcwork/izkf/projects/TfbsPrediction/Results/Footprints/Predictions/GM12878/PIQ_batch/temp_LHX3//70//background.tf70-chr6.RData"
[1] "/hpcwork/izkf/projects/TfbsPrediction/Results/Footprints/Predictions/GM12878/PIQ_batch/temp_LHX3//70//background.tf70-chr7.RData"
[1] "/hpcwork/izkf/projects/TfbsPrediction/Results/Footprints/Predictions/GM12878/PIQ_batch/temp_LHX3//70//background.tf70-chr8.RData"
[1] "/hpcwork/izkf/projects/TfbsPrediction/Results/Footprints/Predictions/GM12878/PIQ_batch/temp_LHX3//70//background.tf70-chr9.RData"
[1] "/hpcwork/izkf/projects/TfbsPrediction/Results/Footprints/Predictions/GM12878/PIQ_batch/temp_LHX3//70//background.tf70-chrM.RData"
[1] "/hpcwork/izkf/projects/TfbsPrediction/Results/Footprints/Predictions/GM12878/PIQ_batch/temp_LHX3//70//background.tf70-chrX.RData"
Time difference of 1.692404 mins
[1] "background.tf70-chr1.RData"
[1] "background.tf70-chr10.RData"
[1] "background.tf70-chr11.RData"
[1] "background.tf70-chr12.RData"
[1] "background.tf70-chr13.RData"
[1] "background.tf70-chr14.RData"
[1] "background.tf70-chr15.RData"
[1] "background.tf70-chr16.RData"
[1] "background.tf70-chr17.RData"
[1] "background.tf70-chr18.RData"
[1] "background.tf70-chr19.RData"
[1] "background.tf70-chr2.RData"
[1] "background.tf70-chr20.RData"
[1] "background.tf70-chr21.RData"
[1] "background.tf70-chr22.RData"
[1] "background.tf70-chr3.RData"
[1] "background.tf70-chr4.RData"
[1] "background.tf70-chr5.RData"
[1] "background.tf70-chr6.RData"
[1] "background.tf70-chr7.RData"
[1] "background.tf70-chr8.RData"
[1] "background.tf70-chr9.RData"
[1] "background.tf70-chrM.RData"
[1] "background.tf70-chrX.RData"
[1] "background.tf70-chr1.RData"
[1] 1096.282
[1] "background.tf70-chr10.RData"
[1] 918.5676
[1] "background.tf70-chr11.RData"
[1] 871.1611
[1] "background.tf70-chr12.RData"
[1] 904.6583
[1] "background.tf70-chr13.RData"
[1] 994.35
[1] "background.tf70-chr14.RData"
[1] 1317.043
[1] "background.tf70-chr15.RData"
[1] 1056.568
[1] "background.tf70-chr16.RData"
[1] 1367.929
[1] "background.tf70-chr17.RData"
[1] 1029.522
[1] "background.tf70-chr18.RData"
[1] 2608.065
[1] "background.tf70-chr19.RData"
[1] 858.6352
[1] "background.tf70-chr2.RData"
[1] 1180.053
[1] "background.tf70-chr20.RData"
[1] 843.2807
[1] "background.tf70-chr21.RData"
[1] 718.248
[1] "background.tf70-chr22.RData"
[1] 1116.857
[1] "background.tf70-chr3.RData"
[1] 1158.042
[1] "background.tf70-chr4.RData"
[1] 1160.433
[1] "background.tf70-chr5.RData"
[1] 1201.359
[1] "background.tf70-chr6.RData"
[1] 874.309
[1] "background.tf70-chr7.RData"
[1] 909.7474
[1] "background.tf70-chr8.RData"
[1] 963.9101
[1] "background.tf70-chr9.RData"
[1] 944.6634
[1] "background.tf70-chrM.RData"
[1] 222.6637
[1] "background.tf70-chrX.RData"
[1] 793.1436
[1] 1
[1] 2
[1] 3
[1] 4
[1] 5
[1] 6
[1] 7
[1] 8
[1] 9
[1] 10
[1] 11
[1] 12
[1] 13
[1] 14
[1] 15
[1] 16
[1] 17
[1] 18
[1] 19
[1] 20
[1] 21
[1] 22
[1] 23
[1] 24
Time difference of 4.156576 mins
> 


PS:

Read file <GM12878_LHX3_APQ_err.txt> for stderr output of this job.

