Sender: LSF System <lsfadmin@linuxbmc0035>
Subject: Job 24728784: <GM12878_HOXA9_APQ> in cluster <rcc> Done

Job <GM12878_HOXA9_APQ> was submitted from host <cluster> by user <eg474423> in cluster <rcc>.
Job was executed on host(s) <linuxbmc0035>, in queue <low>, as user <eg474423> in cluster <rcc>.
</home/eg474423> was used as the home directory.
</work/eg474423/eg474423_Projects/trunk/TfbsPrediction/Code/CompetingMethods/Pipeline> was used as the working directory.
Started at Thu Nov  5 06:41:56 2015
Results reported on Thu Nov  5 07:01:26 2015

Your job looked like:

------------------------------------------------------------
# LSBATCH: User input
./applyPIQ_pipeline.zsh 62 HOXA9 /hpcwork/izkf/projects/TfbsPrediction/Results/MPBSAWG/PIQ_batch/ /hpcwork/izkf/projects/TfbsPrediction/Results/Signals/Counts/DU_GM12878/PIQ/DNase.RData /hpcwork/izkf/projects/TfbsPrediction/Results/Footprints/Predictions/GM12878/PIQ_batch/
------------------------------------------------------------

Successfully completed.

Resource usage summary:

    CPU time :                                   1186.67 sec.
    Max Memory :                                 5424 MB
    Average Memory :                             3852.95 MB
    Total Requested Memory :                     12000.00 MB
    Delta Memory :                               6576.00 MB
    Max Processes :                              8
    Max Threads :                                9

The output (if any) follows:

> args <- commandArgs(trailingOnly = TRUE)
> print(args)
[1] "common.r"                                                                                          
[2] "/hpcwork/izkf/projects/TfbsPrediction/Results/MPBSAWG/PIQ_batch/"                                  
[3] "/hpcwork/izkf/projects/TfbsPrediction/Results/Footprints/Predictions/GM12878/PIQ_batch/temp_HOXA9/"
[4] "/hpcwork/izkf/projects/TfbsPrediction/Results/Footprints/Predictions/GM12878/PIQ_batch/res_HOXA9/" 
[5] "/hpcwork/izkf/projects/TfbsPrediction/Results/Signals/Counts/DU_GM12878/PIQ/DNase.RData"           
[6] "62"                                                                                                
> 
> #location of common.r containing runtime parameters
> commonfile = args[1]
> 
> #directory where pwm matches are stored
> pwmdir = args[2]
> 
> #directory to use as fast temporary storage
> tmpdir = args[3]
> 
> #location of output calls
> outdir = args[4]
> 
> #location of the bam RData file made by bam2rdata.r
> bamfile = args[5]
> 
> #which pwm file to use in pwmdir
> pwmid = args[6]
> 
> ###
> # do FW
> 
> match.rc = F
> dump.chropen = F
> 
> two.pass = F
> suppressWarnings(source(commonfile))
> if(overwrite==F & file.exists( file.path(outdir,paste0(pwmid,'-diag.pdf')))){
+   stop(paste0('found previous run for ',pwmid,' avoiding overwrite'))
+ }
> 
> debugstring = c('loading pwm','loadbam','clustering','binding outputs')
> 
> dump.bed = T
> 
> tryCatch({
+ phase=0
+ load(paste0(pwmdir,pwmid,'.pwmout.RData'))
+ if(sum(clengths[1])>0){
+ phase=1
+ at<-Sys.time()
+ source('loadbam.r')
+ print(Sys.time()-at);at<-Sys.time()
+ phase=2
+ source('cluster.r')
+ print(Sys.time()-at);at<-Sys.time()
+ phase=3
+ source('bindcall.r')
+ print(Sys.time()-at);at<-Sys.time()
+ }
+ },error = function(e){
+    e$message=paste0('error during ',debugstring[phase+1],'\n','Error msg: ',e$message,'\n Args:',paste0(commandArgs(trailingOnly = TRUE),collapse=':'))
+    stop(e)
+ })
[1] "chr1"
[1] "chr2"
[1] "chr3"
[1] "chr4"
[1] "chr5"
[1] "chr6"
[1] "chr7"
[1] "chr8"
[1] "chr9"
[1] "chr10"
[1] "chr11"
[1] "chr12"
[1] "chr13"
[1] "chr14"
[1] "chr15"
[1] "chr16"
[1] "chr17"
[1] "chr18"
[1] "chr19"
[1] "chr20"
[1] "chr21"
[1] "chr22"
[1] "chrX"
[1] "chrM"
[1] "chr1"
[1] "chr2"
[1] "chr3"
[1] "chr4"
[1] "chr5"
[1] "chr6"
[1] "chr7"
[1] "chr8"
[1] "chr9"
[1] "chr10"
[1] "chr11"
[1] "chr12"
[1] "chr13"
[1] "chr14"
[1] "chr15"
[1] "chr16"
[1] "chr17"
[1] "chr18"
[1] "chr19"
[1] "chr20"
[1] "chr21"
[1] "chr22"
[1] "chrX"
[1] "chrM"
Time difference of 2.93266 mins
[1] "/hpcwork/izkf/projects/TfbsPrediction/Results/Footprints/Predictions/GM12878/PIQ_batch/temp_HOXA9//62//positive.tf62-chr1.RData"
[1] "/hpcwork/izkf/projects/TfbsPrediction/Results/Footprints/Predictions/GM12878/PIQ_batch/temp_HOXA9//62//positive.tf62-chr10.RData"
[1] "/hpcwork/izkf/projects/TfbsPrediction/Results/Footprints/Predictions/GM12878/PIQ_batch/temp_HOXA9//62//positive.tf62-chr11.RData"
[1] "/hpcwork/izkf/projects/TfbsPrediction/Results/Footprints/Predictions/GM12878/PIQ_batch/temp_HOXA9//62//positive.tf62-chr12.RData"
[1] "/hpcwork/izkf/projects/TfbsPrediction/Results/Footprints/Predictions/GM12878/PIQ_batch/temp_HOXA9//62//positive.tf62-chr13.RData"
[1] "/hpcwork/izkf/projects/TfbsPrediction/Results/Footprints/Predictions/GM12878/PIQ_batch/temp_HOXA9//62//positive.tf62-chr14.RData"
[1] "/hpcwork/izkf/projects/TfbsPrediction/Results/Footprints/Predictions/GM12878/PIQ_batch/temp_HOXA9//62//positive.tf62-chr15.RData"
[1] "/hpcwork/izkf/projects/TfbsPrediction/Results/Footprints/Predictions/GM12878/PIQ_batch/temp_HOXA9//62//positive.tf62-chr16.RData"
[1] "/hpcwork/izkf/projects/TfbsPrediction/Results/Footprints/Predictions/GM12878/PIQ_batch/temp_HOXA9//62//positive.tf62-chr17.RData"
[1] "/hpcwork/izkf/projects/TfbsPrediction/Results/Footprints/Predictions/GM12878/PIQ_batch/temp_HOXA9//62//positive.tf62-chr18.RData"
[1] "/hpcwork/izkf/projects/TfbsPrediction/Results/Footprints/Predictions/GM12878/PIQ_batch/temp_HOXA9//62//positive.tf62-chr19.RData"
[1] "/hpcwork/izkf/projects/TfbsPrediction/Results/Footprints/Predictions/GM12878/PIQ_batch/temp_HOXA9//62//positive.tf62-chr2.RData"
[1] "/hpcwork/izkf/projects/TfbsPrediction/Results/Footprints/Predictions/GM12878/PIQ_batch/temp_HOXA9//62//positive.tf62-chr20.RData"
[1] "/hpcwork/izkf/projects/TfbsPrediction/Results/Footprints/Predictions/GM12878/PIQ_batch/temp_HOXA9//62//positive.tf62-chr21.RData"
[1] "/hpcwork/izkf/projects/TfbsPrediction/Results/Footprints/Predictions/GM12878/PIQ_batch/temp_HOXA9//62//positive.tf62-chr22.RData"
[1] "/hpcwork/izkf/projects/TfbsPrediction/Results/Footprints/Predictions/GM12878/PIQ_batch/temp_HOXA9//62//positive.tf62-chr3.RData"
[1] "/hpcwork/izkf/projects/TfbsPrediction/Results/Footprints/Predictions/GM12878/PIQ_batch/temp_HOXA9//62//positive.tf62-chr4.RData"
[1] "/hpcwork/izkf/projects/TfbsPrediction/Results/Footprints/Predictions/GM12878/PIQ_batch/temp_HOXA9//62//positive.tf62-chr5.RData"
[1] "/hpcwork/izkf/projects/TfbsPrediction/Results/Footprints/Predictions/GM12878/PIQ_batch/temp_HOXA9//62//positive.tf62-chr6.RData"
[1] "/hpcwork/izkf/projects/TfbsPrediction/Results/Footprints/Predictions/GM12878/PIQ_batch/temp_HOXA9//62//positive.tf62-chr7.RData"
[1] "/hpcwork/izkf/projects/TfbsPrediction/Results/Footprints/Predictions/GM12878/PIQ_batch/temp_HOXA9//62//positive.tf62-chr8.RData"
[1] "/hpcwork/izkf/projects/TfbsPrediction/Results/Footprints/Predictions/GM12878/PIQ_batch/temp_HOXA9//62//positive.tf62-chr9.RData"
[1] "/hpcwork/izkf/projects/TfbsPrediction/Results/Footprints/Predictions/GM12878/PIQ_batch/temp_HOXA9//62//positive.tf62-chrM.RData"
[1] "/hpcwork/izkf/projects/TfbsPrediction/Results/Footprints/Predictions/GM12878/PIQ_batch/temp_HOXA9//62//positive.tf62-chrX.RData"
[1] "/hpcwork/izkf/projects/TfbsPrediction/Results/Footprints/Predictions/GM12878/PIQ_batch/temp_HOXA9//62//background.tf62-chr1.RData"
[1] "/hpcwork/izkf/projects/TfbsPrediction/Results/Footprints/Predictions/GM12878/PIQ_batch/temp_HOXA9//62//background.tf62-chr10.RData"
[1] "/hpcwork/izkf/projects/TfbsPrediction/Results/Footprints/Predictions/GM12878/PIQ_batch/temp_HOXA9//62//background.tf62-chr11.RData"
[1] "/hpcwork/izkf/projects/TfbsPrediction/Results/Footprints/Predictions/GM12878/PIQ_batch/temp_HOXA9//62//background.tf62-chr12.RData"
[1] "/hpcwork/izkf/projects/TfbsPrediction/Results/Footprints/Predictions/GM12878/PIQ_batch/temp_HOXA9//62//background.tf62-chr13.RData"
[1] "/hpcwork/izkf/projects/TfbsPrediction/Results/Footprints/Predictions/GM12878/PIQ_batch/temp_HOXA9//62//background.tf62-chr14.RData"
[1] "/hpcwork/izkf/projects/TfbsPrediction/Results/Footprints/Predictions/GM12878/PIQ_batch/temp_HOXA9//62//background.tf62-chr15.RData"
[1] "/hpcwork/izkf/projects/TfbsPrediction/Results/Footprints/Predictions/GM12878/PIQ_batch/temp_HOXA9//62//background.tf62-chr16.RData"
[1] "/hpcwork/izkf/projects/TfbsPrediction/Results/Footprints/Predictions/GM12878/PIQ_batch/temp_HOXA9//62//background.tf62-chr17.RData"
[1] "/hpcwork/izkf/projects/TfbsPrediction/Results/Footprints/Predictions/GM12878/PIQ_batch/temp_HOXA9//62//background.tf62-chr18.RData"
[1] "/hpcwork/izkf/projects/TfbsPrediction/Results/Footprints/Predictions/GM12878/PIQ_batch/temp_HOXA9//62//background.tf62-chr19.RData"
[1] "/hpcwork/izkf/projects/TfbsPrediction/Results/Footprints/Predictions/GM12878/PIQ_batch/temp_HOXA9//62//background.tf62-chr2.RData"
[1] "/hpcwork/izkf/projects/TfbsPrediction/Results/Footprints/Predictions/GM12878/PIQ_batch/temp_HOXA9//62//background.tf62-chr20.RData"
[1] "/hpcwork/izkf/projects/TfbsPrediction/Results/Footprints/Predictions/GM12878/PIQ_batch/temp_HOXA9//62//background.tf62-chr21.RData"
[1] "/hpcwork/izkf/projects/TfbsPrediction/Results/Footprints/Predictions/GM12878/PIQ_batch/temp_HOXA9//62//background.tf62-chr22.RData"
[1] "/hpcwork/izkf/projects/TfbsPrediction/Results/Footprints/Predictions/GM12878/PIQ_batch/temp_HOXA9//62//background.tf62-chr3.RData"
[1] "/hpcwork/izkf/projects/TfbsPrediction/Results/Footprints/Predictions/GM12878/PIQ_batch/temp_HOXA9//62//background.tf62-chr4.RData"
[1] "/hpcwork/izkf/projects/TfbsPrediction/Results/Footprints/Predictions/GM12878/PIQ_batch/temp_HOXA9//62//background.tf62-chr5.RData"
[1] "/hpcwork/izkf/projects/TfbsPrediction/Results/Footprints/Predictions/GM12878/PIQ_batch/temp_HOXA9//62//background.tf62-chr6.RData"
[1] "/hpcwork/izkf/projects/TfbsPrediction/Results/Footprints/Predictions/GM12878/PIQ_batch/temp_HOXA9//62//background.tf62-chr7.RData"
[1] "/hpcwork/izkf/projects/TfbsPrediction/Results/Footprints/Predictions/GM12878/PIQ_batch/temp_HOXA9//62//background.tf62-chr8.RData"
[1] "/hpcwork/izkf/projects/TfbsPrediction/Results/Footprints/Predictions/GM12878/PIQ_batch/temp_HOXA9//62//background.tf62-chr9.RData"
[1] "/hpcwork/izkf/projects/TfbsPrediction/Results/Footprints/Predictions/GM12878/PIQ_batch/temp_HOXA9//62//background.tf62-chrM.RData"
[1] "/hpcwork/izkf/projects/TfbsPrediction/Results/Footprints/Predictions/GM12878/PIQ_batch/temp_HOXA9//62//background.tf62-chrX.RData"
Time difference of 1.849753 mins
[1] "background.tf62-chr1.RData"
[1] "background.tf62-chr10.RData"
[1] "background.tf62-chr11.RData"
[1] "background.tf62-chr12.RData"
[1] "background.tf62-chr13.RData"
[1] "background.tf62-chr14.RData"
[1] "background.tf62-chr15.RData"
[1] "background.tf62-chr16.RData"
[1] "background.tf62-chr17.RData"
[1] "background.tf62-chr18.RData"
[1] "background.tf62-chr19.RData"
[1] "background.tf62-chr2.RData"
[1] "background.tf62-chr20.RData"
[1] "background.tf62-chr21.RData"
[1] "background.tf62-chr22.RData"
[1] "background.tf62-chr3.RData"
[1] "background.tf62-chr4.RData"
[1] "background.tf62-chr5.RData"
[1] "background.tf62-chr6.RData"
[1] "background.tf62-chr7.RData"
[1] "background.tf62-chr8.RData"
[1] "background.tf62-chr9.RData"
[1] "background.tf62-chrM.RData"
[1] "background.tf62-chrX.RData"
[1] "background.tf62-chr1.RData"
[1] 1198.961
[1] "background.tf62-chr10.RData"
[1] 1168.899
[1] "background.tf62-chr11.RData"
[1] 1089.835
[1] "background.tf62-chr12.RData"
[1] 1048.556
[1] "background.tf62-chr13.RData"
[1] 935.2851
[1] "background.tf62-chr14.RData"
[1] 1443.392
[1] "background.tf62-chr15.RData"
[1] 1289.21
[1] "background.tf62-chr16.RData"
[1] 1010.942
[1] "background.tf62-chr17.RData"
[1] 1330.054
[1] "background.tf62-chr18.RData"
[1] 2622.873
[1] "background.tf62-chr19.RData"
[1] 1043.207
[1] "background.tf62-chr2.RData"
[1] 1193.168
[1] "background.tf62-chr20.RData"
[1] 963.275
[1] "background.tf62-chr21.RData"
[1] 794.9103
[1] "background.tf62-chr22.RData"
[1] 878.8638
[1] "background.tf62-chr3.RData"
[1] 933.6323
[1] "background.tf62-chr4.RData"
[1] 1254.931
[1] "background.tf62-chr5.RData"
[1] 1107.413
[1] "background.tf62-chr6.RData"
[1] 1413.413
[1] "background.tf62-chr7.RData"
[1] 979.3375
[1] "background.tf62-chr8.RData"
[1] 899.202
[1] "background.tf62-chr9.RData"
[1] 1102.42
[1] "background.tf62-chrM.RData"
[1] 214.8727
[1] "background.tf62-chrX.RData"
[1] 772.2433
[1] 1
[1] 2
[1] 3
[1] 4
[1] 5
[1] 6
[1] 7
[1] 8
[1] 9
[1] 10
[1] 11
[1] 12
[1] 13
[1] 14
[1] 15
[1] 16
[1] 17
[1] 18
[1] 19
[1] 20
[1] 21
[1] 22
[1] 23
[1] 24
Time difference of 4.345326 mins
> 
> ###
> # do RC
> 
> match.rc = T
> 
> suppressWarnings(source(commonfile))
> if(overwrite==F & file.exists( file.path(outdir,paste0(pwmid,'-diag.rc.pdf')))){
+   stop(paste0('found previous run for ',pwmid,' avoiding overwrite'))
+ }
> 
> debugstring = c('loading pwm.rc','loadbam.rc','clustering.rc','binding outputs.rc')
> 
> tryCatch({
+ phase=0
+ load(paste0(pwmdir,pwmid,'.pwmout.rc.RData'))
+ if(sum(clengths[1])>0){
+ phase=1
+ at<-Sys.time()
+ source('loadbam.r')
+ print(Sys.time()-at);at<-Sys.time()
+ phase=2
+ source('cluster.r')
+ print(Sys.time()-at);at<-Sys.time()
+ phase=3
+ source('bindcall.r')
+ print(Sys.time()-at);at<-Sys.time()
+ }
+ },error = function(e){
+    e$message=paste0('error during ',debugstring[phase+1],'\n','Error msg: ',e$message,'\n Args:',paste0(commandArgs(trailingOnly = TRUE),collapse=':'))
+    stop(e)
+ })
[1] "chr1"
[1] "chr2"
[1] "chr3"
[1] "chr4"
[1] "chr5"
[1] "chr6"
[1] "chr7"
[1] "chr8"
[1] "chr9"
[1] "chr10"
[1] "chr11"
[1] "chr12"
[1] "chr13"
[1] "chr14"
[1] "chr15"
[1] "chr16"
[1] "chr17"
[1] "chr18"
[1] "chr19"
[1] "chr20"
[1] "chr21"
[1] "chr22"
[1] "chrX"
[1] "chrM"
[1] "chr1"
[1] "chr2"
[1] "chr3"
[1] "chr4"
[1] "chr5"
[1] "chr6"
[1] "chr7"
[1] "chr8"
[1] "chr9"
[1] "chr10"
[1] "chr11"
[1] "chr12"
[1] "chr13"
[1] "chr14"
[1] "chr15"
[1] "chr16"
[1] "chr17"
[1] "chr18"
[1] "chr19"
[1] "chr20"
[1] "chr21"
[1] "chr22"
[1] "chrX"
[1] "chrM"
Time difference of 3.496194 mins
[1] "/hpcwork/izkf/projects/TfbsPrediction/Results/Footprints/Predictions/GM12878/PIQ_batch/temp_HOXA9//62//positive.tf62-chr1.RData"
[1] "/hpcwork/izkf/projects/TfbsPrediction/Results/Footprints/Predictions/GM12878/PIQ_batch/temp_HOXA9//62//positive.tf62-chr10.RData"
[1] "/hpcwork/izkf/projects/TfbsPrediction/Results/Footprints/Predictions/GM12878/PIQ_batch/temp_HOXA9//62//positive.tf62-chr11.RData"
[1] "/hpcwork/izkf/projects/TfbsPrediction/Results/Footprints/Predictions/GM12878/PIQ_batch/temp_HOXA9//62//positive.tf62-chr12.RData"
[1] "/hpcwork/izkf/projects/TfbsPrediction/Results/Footprints/Predictions/GM12878/PIQ_batch/temp_HOXA9//62//positive.tf62-chr13.RData"
[1] "/hpcwork/izkf/projects/TfbsPrediction/Results/Footprints/Predictions/GM12878/PIQ_batch/temp_HOXA9//62//positive.tf62-chr14.RData"
[1] "/hpcwork/izkf/projects/TfbsPrediction/Results/Footprints/Predictions/GM12878/PIQ_batch/temp_HOXA9//62//positive.tf62-chr15.RData"
[1] "/hpcwork/izkf/projects/TfbsPrediction/Results/Footprints/Predictions/GM12878/PIQ_batch/temp_HOXA9//62//positive.tf62-chr16.RData"
[1] "/hpcwork/izkf/projects/TfbsPrediction/Results/Footprints/Predictions/GM12878/PIQ_batch/temp_HOXA9//62//positive.tf62-chr17.RData"
[1] "/hpcwork/izkf/projects/TfbsPrediction/Results/Footprints/Predictions/GM12878/PIQ_batch/temp_HOXA9//62//positive.tf62-chr18.RData"
[1] "/hpcwork/izkf/projects/TfbsPrediction/Results/Footprints/Predictions/GM12878/PIQ_batch/temp_HOXA9//62//positive.tf62-chr19.RData"
[1] "/hpcwork/izkf/projects/TfbsPrediction/Results/Footprints/Predictions/GM12878/PIQ_batch/temp_HOXA9//62//positive.tf62-chr2.RData"
[1] "/hpcwork/izkf/projects/TfbsPrediction/Results/Footprints/Predictions/GM12878/PIQ_batch/temp_HOXA9//62//positive.tf62-chr20.RData"
[1] "/hpcwork/izkf/projects/TfbsPrediction/Results/Footprints/Predictions/GM12878/PIQ_batch/temp_HOXA9//62//positive.tf62-chr21.RData"
[1] "/hpcwork/izkf/projects/TfbsPrediction/Results/Footprints/Predictions/GM12878/PIQ_batch/temp_HOXA9//62//positive.tf62-chr22.RData"
[1] "/hpcwork/izkf/projects/TfbsPrediction/Results/Footprints/Predictions/GM12878/PIQ_batch/temp_HOXA9//62//positive.tf62-chr3.RData"
[1] "/hpcwork/izkf/projects/TfbsPrediction/Results/Footprints/Predictions/GM12878/PIQ_batch/temp_HOXA9//62//positive.tf62-chr4.RData"
[1] "/hpcwork/izkf/projects/TfbsPrediction/Results/Footprints/Predictions/GM12878/PIQ_batch/temp_HOXA9//62//positive.tf62-chr5.RData"
[1] "/hpcwork/izkf/projects/TfbsPrediction/Results/Footprints/Predictions/GM12878/PIQ_batch/temp_HOXA9//62//positive.tf62-chr6.RData"
[1] "/hpcwork/izkf/projects/TfbsPrediction/Results/Footprints/Predictions/GM12878/PIQ_batch/temp_HOXA9//62//positive.tf62-chr7.RData"
[1] "/hpcwork/izkf/projects/TfbsPrediction/Results/Footprints/Predictions/GM12878/PIQ_batch/temp_HOXA9//62//positive.tf62-chr8.RData"
[1] "/hpcwork/izkf/projects/TfbsPrediction/Results/Footprints/Predictions/GM12878/PIQ_batch/temp_HOXA9//62//positive.tf62-chr9.RData"
[1] "/hpcwork/izkf/projects/TfbsPrediction/Results/Footprints/Predictions/GM12878/PIQ_batch/temp_HOXA9//62//positive.tf62-chrM.RData"
[1] "/hpcwork/izkf/projects/TfbsPrediction/Results/Footprints/Predictions/GM12878/PIQ_batch/temp_HOXA9//62//positive.tf62-chrX.RData"
[1] "/hpcwork/izkf/projects/TfbsPrediction/Results/Footprints/Predictions/GM12878/PIQ_batch/temp_HOXA9//62//background.tf62-chr1.RData"
[1] "/hpcwork/izkf/projects/TfbsPrediction/Results/Footprints/Predictions/GM12878/PIQ_batch/temp_HOXA9//62//background.tf62-chr10.RData"
[1] "/hpcwork/izkf/projects/TfbsPrediction/Results/Footprints/Predictions/GM12878/PIQ_batch/temp_HOXA9//62//background.tf62-chr11.RData"
[1] "/hpcwork/izkf/projects/TfbsPrediction/Results/Footprints/Predictions/GM12878/PIQ_batch/temp_HOXA9//62//background.tf62-chr12.RData"
[1] "/hpcwork/izkf/projects/TfbsPrediction/Results/Footprints/Predictions/GM12878/PIQ_batch/temp_HOXA9//62//background.tf62-chr13.RData"
[1] "/hpcwork/izkf/projects/TfbsPrediction/Results/Footprints/Predictions/GM12878/PIQ_batch/temp_HOXA9//62//background.tf62-chr14.RData"
[1] "/hpcwork/izkf/projects/TfbsPrediction/Results/Footprints/Predictions/GM12878/PIQ_batch/temp_HOXA9//62//background.tf62-chr15.RData"
[1] "/hpcwork/izkf/projects/TfbsPrediction/Results/Footprints/Predictions/GM12878/PIQ_batch/temp_HOXA9//62//background.tf62-chr16.RData"
[1] "/hpcwork/izkf/projects/TfbsPrediction/Results/Footprints/Predictions/GM12878/PIQ_batch/temp_HOXA9//62//background.tf62-chr17.RData"
[1] "/hpcwork/izkf/projects/TfbsPrediction/Results/Footprints/Predictions/GM12878/PIQ_batch/temp_HOXA9//62//background.tf62-chr18.RData"
[1] "/hpcwork/izkf/projects/TfbsPrediction/Results/Footprints/Predictions/GM12878/PIQ_batch/temp_HOXA9//62//background.tf62-chr19.RData"
[1] "/hpcwork/izkf/projects/TfbsPrediction/Results/Footprints/Predictions/GM12878/PIQ_batch/temp_HOXA9//62//background.tf62-chr2.RData"
[1] "/hpcwork/izkf/projects/TfbsPrediction/Results/Footprints/Predictions/GM12878/PIQ_batch/temp_HOXA9//62//background.tf62-chr20.RData"
[1] "/hpcwork/izkf/projects/TfbsPrediction/Results/Footprints/Predictions/GM12878/PIQ_batch/temp_HOXA9//62//background.tf62-chr21.RData"
[1] "/hpcwork/izkf/projects/TfbsPrediction/Results/Footprints/Predictions/GM12878/PIQ_batch/temp_HOXA9//62//background.tf62-chr22.RData"
[1] "/hpcwork/izkf/projects/TfbsPrediction/Results/Footprints/Predictions/GM12878/PIQ_batch/temp_HOXA9//62//background.tf62-chr3.RData"
[1] "/hpcwork/izkf/projects/TfbsPrediction/Results/Footprints/Predictions/GM12878/PIQ_batch/temp_HOXA9//62//background.tf62-chr4.RData"
[1] "/hpcwork/izkf/projects/TfbsPrediction/Results/Footprints/Predictions/GM12878/PIQ_batch/temp_HOXA9//62//background.tf62-chr5.RData"
[1] "/hpcwork/izkf/projects/TfbsPrediction/Results/Footprints/Predictions/GM12878/PIQ_batch/temp_HOXA9//62//background.tf62-chr6.RData"
[1] "/hpcwork/izkf/projects/TfbsPrediction/Results/Footprints/Predictions/GM12878/PIQ_batch/temp_HOXA9//62//background.tf62-chr7.RData"
[1] "/hpcwork/izkf/projects/TfbsPrediction/Results/Footprints/Predictions/GM12878/PIQ_batch/temp_HOXA9//62//background.tf62-chr8.RData"
[1] "/hpcwork/izkf/projects/TfbsPrediction/Results/Footprints/Predictions/GM12878/PIQ_batch/temp_HOXA9//62//background.tf62-chr9.RData"
[1] "/hpcwork/izkf/projects/TfbsPrediction/Results/Footprints/Predictions/GM12878/PIQ_batch/temp_HOXA9//62//background.tf62-chrM.RData"
[1] "/hpcwork/izkf/projects/TfbsPrediction/Results/Footprints/Predictions/GM12878/PIQ_batch/temp_HOXA9//62//background.tf62-chrX.RData"
Time difference of 1.767892 mins
[1] "background.tf62-chr1.RData"
[1] "background.tf62-chr10.RData"
[1] "background.tf62-chr11.RData"
[1] "background.tf62-chr12.RData"
[1] "background.tf62-chr13.RData"
[1] "background.tf62-chr14.RData"
[1] "background.tf62-chr15.RData"
[1] "background.tf62-chr16.RData"
[1] "background.tf62-chr17.RData"
[1] "background.tf62-chr18.RData"
[1] "background.tf62-chr19.RData"
[1] "background.tf62-chr2.RData"
[1] "background.tf62-chr20.RData"
[1] "background.tf62-chr21.RData"
[1] "background.tf62-chr22.RData"
[1] "background.tf62-chr3.RData"
[1] "background.tf62-chr4.RData"
[1] "background.tf62-chr5.RData"
[1] "background.tf62-chr6.RData"
[1] "background.tf62-chr7.RData"
[1] "background.tf62-chr8.RData"
[1] "background.tf62-chr9.RData"
[1] "background.tf62-chrM.RData"
[1] "background.tf62-chrX.RData"
[1] "background.tf62-chr1.RData"
[1] 1577.239
[1] "background.tf62-chr10.RData"
[1] 1014.311
[1] "background.tf62-chr11.RData"
[1] 921.656
[1] "background.tf62-chr12.RData"
[1] 1288.201
[1] "background.tf62-chr13.RData"
[1] 1050.65
[1] "background.tf62-chr14.RData"
[1] 1441.76
[1] "background.tf62-chr15.RData"
[1] 1039.099
[1] "background.tf62-chr16.RData"
[1] 1188.914
[1] "background.tf62-chr17.RData"
[1] 901.1876
[1] "background.tf62-chr18.RData"
[1] 1930.86
[1] "background.tf62-chr19.RData"
[1] 1041.402
[1] "background.tf62-chr2.RData"
[1] 1187.655
[1] "background.tf62-chr20.RData"
[1] 815.2045
[1] "background.tf62-chr21.RData"
[1] 1013.829
[1] "background.tf62-chr22.RData"
[1] 666.0345
[1] "background.tf62-chr3.RData"
[1] 1075.506
[1] "background.tf62-chr4.RData"
[1] 1100.854
[1] "background.tf62-chr5.RData"
[1] 1112.566
[1] "background.tf62-chr6.RData"
[1] 1058.859
[1] "background.tf62-chr7.RData"
[1] 968.636
[1] "background.tf62-chr8.RData"
[1] 1024.392
[1] "background.tf62-chr9.RData"
[1] 1071.094
[1] "background.tf62-chrM.RData"
[1] 200.1461
[1] "background.tf62-chrX.RData"
[1] 866.2298
[1] 1
[1] 2
[1] 3
[1] 4
[1] 5
[1] 6
[1] 7
[1] 8
[1] 9
[1] 10
[1] 11
[1] 12
[1] 13
[1] 14
[1] 15
[1] 16
[1] 17
[1] 18
[1] 19
[1] 20
[1] 21
[1] 22
[1] 23
[1] 24
Time difference of 4.509247 mins
> 


PS:

Read file <GM12878_HOXA9_APQ_err.txt> for stderr output of this job.

