Sender: LSF System <lsfadmin@linuxbmc0981>
Subject: Job 24442647: <H1hesc_PAX6_APQ> in cluster <rcc> Done

Job <H1hesc_PAX6_APQ> was submitted from host <cluster> by user <eg474423> in cluster <rcc>.
Job was executed on host(s) <linuxbmc0981>, in queue <normal>, as user <eg474423> in cluster <rcc>.
</home/eg474423> was used as the home directory.
</work/eg474423/eg474423_Projects/trunk/TfbsPrediction/Code/CompetingMethods/Pipeline> was used as the working directory.
Started at Tue Oct 20 18:34:29 2015
Results reported on Tue Oct 20 18:48:04 2015

Your job looked like:

------------------------------------------------------------
# LSBATCH: User input
./applyPIQ_pipeline.zsh 102 PAX6 /hpcwork/izkf/projects/TfbsPrediction/Results/MPBSAWG/PIQ_batch/ /hpcwork/izkf/projects/TfbsPrediction/Results/Signals/Counts/DU_H1hesc/PIQ/DNase.RData /hpcwork/izkf/projects/TfbsPrediction/Results/Footprints/Predictions/H1hesc/PIQ_batch/
------------------------------------------------------------

Successfully completed.

Resource usage summary:

    CPU time :                                   795.56 sec.
    Max Memory :                                 3051 MB
    Average Memory :                             2157.74 MB
    Total Requested Memory :                     12000.00 MB
    Delta Memory :                               8949.00 MB
    Max Processes :                              15
    Max Threads :                                16

The output (if any) follows:

> args <- commandArgs(trailingOnly = TRUE)
> print(args)
[1] "common.r"                                                                                        
[2] "/hpcwork/izkf/projects/TfbsPrediction/Results/MPBSAWG/PIQ_batch/"                                
[3] "/hpcwork/izkf/projects/TfbsPrediction/Results/Footprints/Predictions/H1hesc/PIQ_batch/temp_PAX6/"
[4] "/hpcwork/izkf/projects/TfbsPrediction/Results/Footprints/Predictions/H1hesc/PIQ_batch/res_PAX6/" 
[5] "/hpcwork/izkf/projects/TfbsPrediction/Results/Signals/Counts/DU_H1hesc/PIQ/DNase.RData"          
[6] "102"                                                                                             
> 
> #location of common.r containing runtime parameters
> commonfile = args[1]
> 
> #directory where pwm matches are stored
> pwmdir = args[2]
> 
> #directory to use as fast temporary storage
> tmpdir = args[3]
> 
> #location of output calls
> outdir = args[4]
> 
> #location of the bam RData file made by bam2rdata.r
> bamfile = args[5]
> 
> #which pwm file to use in pwmdir
> pwmid = args[6]
> 
> ###
> # do FW
> 
> match.rc = F
> dump.chropen = F
> 
> two.pass = F
> suppressWarnings(source(commonfile))
> if(overwrite==F & file.exists( file.path(outdir,paste0(pwmid,'-diag.pdf')))){
+   stop(paste0('found previous run for ',pwmid,' avoiding overwrite'))
+ }
> 
> debugstring = c('loading pwm','loadbam','clustering','binding outputs')
> 
> dump.bed = T
> 
> tryCatch({
+ phase=0
+ load(paste0(pwmdir,pwmid,'.pwmout.RData'))
+ if(sum(clengths[1])>0){
+ phase=1
+ at<-Sys.time()
+ source('loadbam.r')
+ print(Sys.time()-at);at<-Sys.time()
+ phase=2
+ source('cluster.r')
+ print(Sys.time()-at);at<-Sys.time()
+ phase=3
+ source('bindcall.r')
+ print(Sys.time()-at);at<-Sys.time()
+ }
+ },error = function(e){
+    e$message=paste0('error during ',debugstring[phase+1],'\n','Error msg: ',e$message,'\n Args:',paste0(commandArgs(trailingOnly = TRUE),collapse=':'))
+    stop(e)
+ })
[1] "chr1"
[1] "chr2"
[1] "chr3"
[1] "chr4"
[1] "chr5"
[1] "chr6"
[1] "chr7"
[1] "chr8"
[1] "chr9"
[1] "chr10"
[1] "chr11"
[1] "chr12"
[1] "chr13"
[1] "chr14"
[1] "chr15"
[1] "chr16"
[1] "chr17"
[1] "chr18"
[1] "chr19"
[1] "chr20"
[1] "chr21"
[1] "chr22"
[1] "chrX"
[1] "chrY"
[1] "chrM"
[1] "chr1"
[1] "chr2"
[1] "chr3"
[1] "chr4"
[1] "chr5"
[1] "chr6"
[1] "chr7"
[1] "chr8"
[1] "chr9"
[1] "chr10"
[1] "chr11"
[1] "chr12"
[1] "chr13"
[1] "chr14"
[1] "chr15"
[1] "chr16"
[1] "chr17"
[1] "chr18"
[1] "chr19"
[1] "chr20"
[1] "chr21"
[1] "chr22"
[1] "chrX"
[1] "chrY"
[1] "chrM"
Time difference of 1.31137 mins
[1] "/hpcwork/izkf/projects/TfbsPrediction/Results/Footprints/Predictions/H1hesc/PIQ_batch/temp_PAX6//102//positive.tf102-chr1.RData"
[1] "/hpcwork/izkf/projects/TfbsPrediction/Results/Footprints/Predictions/H1hesc/PIQ_batch/temp_PAX6//102//positive.tf102-chr10.RData"
[1] "/hpcwork/izkf/projects/TfbsPrediction/Results/Footprints/Predictions/H1hesc/PIQ_batch/temp_PAX6//102//positive.tf102-chr11.RData"
[1] "/hpcwork/izkf/projects/TfbsPrediction/Results/Footprints/Predictions/H1hesc/PIQ_batch/temp_PAX6//102//positive.tf102-chr12.RData"
[1] "/hpcwork/izkf/projects/TfbsPrediction/Results/Footprints/Predictions/H1hesc/PIQ_batch/temp_PAX6//102//positive.tf102-chr13.RData"
[1] "/hpcwork/izkf/projects/TfbsPrediction/Results/Footprints/Predictions/H1hesc/PIQ_batch/temp_PAX6//102//positive.tf102-chr14.RData"
[1] "/hpcwork/izkf/projects/TfbsPrediction/Results/Footprints/Predictions/H1hesc/PIQ_batch/temp_PAX6//102//positive.tf102-chr15.RData"
[1] "/hpcwork/izkf/projects/TfbsPrediction/Results/Footprints/Predictions/H1hesc/PIQ_batch/temp_PAX6//102//positive.tf102-chr16.RData"
[1] "/hpcwork/izkf/projects/TfbsPrediction/Results/Footprints/Predictions/H1hesc/PIQ_batch/temp_PAX6//102//positive.tf102-chr17.RData"
[1] "/hpcwork/izkf/projects/TfbsPrediction/Results/Footprints/Predictions/H1hesc/PIQ_batch/temp_PAX6//102//positive.tf102-chr18.RData"
[1] "/hpcwork/izkf/projects/TfbsPrediction/Results/Footprints/Predictions/H1hesc/PIQ_batch/temp_PAX6//102//positive.tf102-chr19.RData"
[1] "/hpcwork/izkf/projects/TfbsPrediction/Results/Footprints/Predictions/H1hesc/PIQ_batch/temp_PAX6//102//positive.tf102-chr2.RData"
[1] "/hpcwork/izkf/projects/TfbsPrediction/Results/Footprints/Predictions/H1hesc/PIQ_batch/temp_PAX6//102//positive.tf102-chr20.RData"
[1] "/hpcwork/izkf/projects/TfbsPrediction/Results/Footprints/Predictions/H1hesc/PIQ_batch/temp_PAX6//102//positive.tf102-chr21.RData"
[1] "/hpcwork/izkf/projects/TfbsPrediction/Results/Footprints/Predictions/H1hesc/PIQ_batch/temp_PAX6//102//positive.tf102-chr22.RData"
[1] "/hpcwork/izkf/projects/TfbsPrediction/Results/Footprints/Predictions/H1hesc/PIQ_batch/temp_PAX6//102//positive.tf102-chr3.RData"
[1] "/hpcwork/izkf/projects/TfbsPrediction/Results/Footprints/Predictions/H1hesc/PIQ_batch/temp_PAX6//102//positive.tf102-chr4.RData"
[1] "/hpcwork/izkf/projects/TfbsPrediction/Results/Footprints/Predictions/H1hesc/PIQ_batch/temp_PAX6//102//positive.tf102-chr5.RData"
[1] "/hpcwork/izkf/projects/TfbsPrediction/Results/Footprints/Predictions/H1hesc/PIQ_batch/temp_PAX6//102//positive.tf102-chr6.RData"
[1] "/hpcwork/izkf/projects/TfbsPrediction/Results/Footprints/Predictions/H1hesc/PIQ_batch/temp_PAX6//102//positive.tf102-chr7.RData"
[1] "/hpcwork/izkf/projects/TfbsPrediction/Results/Footprints/Predictions/H1hesc/PIQ_batch/temp_PAX6//102//positive.tf102-chr8.RData"
[1] "/hpcwork/izkf/projects/TfbsPrediction/Results/Footprints/Predictions/H1hesc/PIQ_batch/temp_PAX6//102//positive.tf102-chr9.RData"
[1] "/hpcwork/izkf/projects/TfbsPrediction/Results/Footprints/Predictions/H1hesc/PIQ_batch/temp_PAX6//102//positive.tf102-chrM.RData"
[1] "/hpcwork/izkf/projects/TfbsPrediction/Results/Footprints/Predictions/H1hesc/PIQ_batch/temp_PAX6//102//positive.tf102-chrX.RData"
[1] "/hpcwork/izkf/projects/TfbsPrediction/Results/Footprints/Predictions/H1hesc/PIQ_batch/temp_PAX6//102//positive.tf102-chrY.RData"
[1] "/hpcwork/izkf/projects/TfbsPrediction/Results/Footprints/Predictions/H1hesc/PIQ_batch/temp_PAX6//102//background.tf102-chr1.RData"
[1] "/hpcwork/izkf/projects/TfbsPrediction/Results/Footprints/Predictions/H1hesc/PIQ_batch/temp_PAX6//102//background.tf102-chr10.RData"
[1] "/hpcwork/izkf/projects/TfbsPrediction/Results/Footprints/Predictions/H1hesc/PIQ_batch/temp_PAX6//102//background.tf102-chr11.RData"
[1] "/hpcwork/izkf/projects/TfbsPrediction/Results/Footprints/Predictions/H1hesc/PIQ_batch/temp_PAX6//102//background.tf102-chr12.RData"
[1] "/hpcwork/izkf/projects/TfbsPrediction/Results/Footprints/Predictions/H1hesc/PIQ_batch/temp_PAX6//102//background.tf102-chr13.RData"
[1] "/hpcwork/izkf/projects/TfbsPrediction/Results/Footprints/Predictions/H1hesc/PIQ_batch/temp_PAX6//102//background.tf102-chr14.RData"
[1] "/hpcwork/izkf/projects/TfbsPrediction/Results/Footprints/Predictions/H1hesc/PIQ_batch/temp_PAX6//102//background.tf102-chr15.RData"
[1] "/hpcwork/izkf/projects/TfbsPrediction/Results/Footprints/Predictions/H1hesc/PIQ_batch/temp_PAX6//102//background.tf102-chr16.RData"
[1] "/hpcwork/izkf/projects/TfbsPrediction/Results/Footprints/Predictions/H1hesc/PIQ_batch/temp_PAX6//102//background.tf102-chr17.RData"
[1] "/hpcwork/izkf/projects/TfbsPrediction/Results/Footprints/Predictions/H1hesc/PIQ_batch/temp_PAX6//102//background.tf102-chr18.RData"
[1] "/hpcwork/izkf/projects/TfbsPrediction/Results/Footprints/Predictions/H1hesc/PIQ_batch/temp_PAX6//102//background.tf102-chr19.RData"
[1] "/hpcwork/izkf/projects/TfbsPrediction/Results/Footprints/Predictions/H1hesc/PIQ_batch/temp_PAX6//102//background.tf102-chr2.RData"
[1] "/hpcwork/izkf/projects/TfbsPrediction/Results/Footprints/Predictions/H1hesc/PIQ_batch/temp_PAX6//102//background.tf102-chr20.RData"
[1] "/hpcwork/izkf/projects/TfbsPrediction/Results/Footprints/Predictions/H1hesc/PIQ_batch/temp_PAX6//102//background.tf102-chr21.RData"
[1] "/hpcwork/izkf/projects/TfbsPrediction/Results/Footprints/Predictions/H1hesc/PIQ_batch/temp_PAX6//102//background.tf102-chr22.RData"
[1] "/hpcwork/izkf/projects/TfbsPrediction/Results/Footprints/Predictions/H1hesc/PIQ_batch/temp_PAX6//102//background.tf102-chr3.RData"
[1] "/hpcwork/izkf/projects/TfbsPrediction/Results/Footprints/Predictions/H1hesc/PIQ_batch/temp_PAX6//102//background.tf102-chr4.RData"
[1] "/hpcwork/izkf/projects/TfbsPrediction/Results/Footprints/Predictions/H1hesc/PIQ_batch/temp_PAX6//102//background.tf102-chr5.RData"
[1] "/hpcwork/izkf/projects/TfbsPrediction/Results/Footprints/Predictions/H1hesc/PIQ_batch/temp_PAX6//102//background.tf102-chr6.RData"
[1] "/hpcwork/izkf/projects/TfbsPrediction/Results/Footprints/Predictions/H1hesc/PIQ_batch/temp_PAX6//102//background.tf102-chr7.RData"
[1] "/hpcwork/izkf/projects/TfbsPrediction/Results/Footprints/Predictions/H1hesc/PIQ_batch/temp_PAX6//102//background.tf102-chr8.RData"
[1] "/hpcwork/izkf/projects/TfbsPrediction/Results/Footprints/Predictions/H1hesc/PIQ_batch/temp_PAX6//102//background.tf102-chr9.RData"
[1] "/hpcwork/izkf/projects/TfbsPrediction/Results/Footprints/Predictions/H1hesc/PIQ_batch/temp_PAX6//102//background.tf102-chrM.RData"
[1] "/hpcwork/izkf/projects/TfbsPrediction/Results/Footprints/Predictions/H1hesc/PIQ_batch/temp_PAX6//102//background.tf102-chrX.RData"
[1] "/hpcwork/izkf/projects/TfbsPrediction/Results/Footprints/Predictions/H1hesc/PIQ_batch/temp_PAX6//102//background.tf102-chrY.RData"
Time difference of 1.053569 mins
[1] "background.tf102-chr1.RData"
[1] "background.tf102-chr10.RData"
[1] "background.tf102-chr11.RData"
[1] "background.tf102-chr12.RData"
[1] "background.tf102-chr13.RData"
[1] "background.tf102-chr14.RData"
[1] "background.tf102-chr15.RData"
[1] "background.tf102-chr16.RData"
[1] "background.tf102-chr17.RData"
[1] "background.tf102-chr18.RData"
[1] "background.tf102-chr19.RData"
[1] "background.tf102-chr2.RData"
[1] "background.tf102-chr20.RData"
[1] "background.tf102-chr21.RData"
[1] "background.tf102-chr22.RData"
[1] "background.tf102-chr3.RData"
[1] "background.tf102-chr4.RData"
[1] "background.tf102-chr5.RData"
[1] "background.tf102-chr6.RData"
[1] "background.tf102-chr7.RData"
[1] "background.tf102-chr8.RData"
[1] "background.tf102-chr9.RData"
[1] "background.tf102-chrM.RData"
[1] "background.tf102-chrX.RData"
[1] "background.tf102-chrY.RData"
[1] "background.tf102-chr1.RData"
[1] 1185.512
[1] "background.tf102-chr10.RData"
[1] 1129.193
[1] "background.tf102-chr11.RData"
[1] 719.0019
[1] "background.tf102-chr12.RData"
[1] 1075.817
[1] "background.tf102-chr13.RData"
[1] 1161.402
[1] "background.tf102-chr14.RData"
[1] 1571.205
[1] "background.tf102-chr15.RData"
[1] 1244.838
[1] "background.tf102-chr16.RData"
[1] 731.8076
[1] "background.tf102-chr17.RData"
[1] 1421.922
[1] "background.tf102-chr18.RData"
[1] 868.6987
[1] "background.tf102-chr19.RData"
[1] 852.8127
[1] "background.tf102-chr2.RData"
[1] 954.7268
[1] "background.tf102-chr20.RData"
[1] 784.24
[1] "background.tf102-chr21.RData"
[1] 627.4188
[1] "background.tf102-chr22.RData"
[1] 785.2479
[1] "background.tf102-chr3.RData"
[1] 1132.642
[1] "background.tf102-chr4.RData"
[1] 1117.607
[1] "background.tf102-chr5.RData"
[1] 1047.276
[1] "background.tf102-chr6.RData"
[1] 1144.524
[1] "background.tf102-chr7.RData"
[1] 1058.077
[1] "background.tf102-chr8.RData"
[1] 1015.634
[1] "background.tf102-chr9.RData"
[1] 963.333
[1] "background.tf102-chrM.RData"
[1] 0
[1] "background.tf102-chrX.RData"
[1] 1058.032
[1] "background.tf102-chrY.RData"
[1] 763.8186
[1] 1
[1] 2
[1] 3
[1] 4
[1] 5
[1] 6
[1] 7
[1] 8
[1] 9
[1] 10
[1] 11
[1] 12
[1] 13
[1] 14
[1] 15
[1] 16
[1] 17
[1] 18
[1] 19
[1] 20
[1] 21
[1] 22
[1] 23
[1] 24
[1] 25
Time difference of 3.798926 mins
> 
> ###
> # do RC
> 
> match.rc = T
> 
> suppressWarnings(source(commonfile))
> if(overwrite==F & file.exists( file.path(outdir,paste0(pwmid,'-diag.rc.pdf')))){
+   stop(paste0('found previous run for ',pwmid,' avoiding overwrite'))
+ }
> 
> debugstring = c('loading pwm.rc','loadbam.rc','clustering.rc','binding outputs.rc')
> 
> tryCatch({
+ phase=0
+ load(paste0(pwmdir,pwmid,'.pwmout.rc.RData'))
+ if(sum(clengths[1])>0){
+ phase=1
+ at<-Sys.time()
+ source('loadbam.r')
+ print(Sys.time()-at);at<-Sys.time()
+ phase=2
+ source('cluster.r')
+ print(Sys.time()-at);at<-Sys.time()
+ phase=3
+ source('bindcall.r')
+ print(Sys.time()-at);at<-Sys.time()
+ }
+ },error = function(e){
+    e$message=paste0('error during ',debugstring[phase+1],'\n','Error msg: ',e$message,'\n Args:',paste0(commandArgs(trailingOnly = TRUE),collapse=':'))
+    stop(e)
+ })
[1] "chr1"
[1] "chr2"
[1] "chr3"
[1] "chr4"
[1] "chr5"
[1] "chr6"
[1] "chr7"
[1] "chr8"
[1] "chr9"
[1] "chr10"
[1] "chr11"
[1] "chr12"
[1] "chr13"
[1] "chr14"
[1] "chr15"
[1] "chr16"
[1] "chr17"
[1] "chr18"
[1] "chr19"
[1] "chr20"
[1] "chr21"
[1] "chr22"
[1] "chrX"
[1] "chrY"
[1] "chrM"
[1] "chr1"
[1] "chr2"
[1] "chr3"
[1] "chr4"
[1] "chr5"
[1] "chr6"
[1] "chr7"
[1] "chr8"
[1] "chr9"
[1] "chr10"
[1] "chr11"
[1] "chr12"
[1] "chr13"
[1] "chr14"
[1] "chr15"
[1] "chr16"
[1] "chr17"
[1] "chr18"
[1] "chr19"
[1] "chr20"
[1] "chr21"
[1] "chr22"
[1] "chrX"
[1] "chrY"
[1] "chrM"
Time difference of 1.637406 mins
[1] "/hpcwork/izkf/projects/TfbsPrediction/Results/Footprints/Predictions/H1hesc/PIQ_batch/temp_PAX6//102//positive.tf102-chr1.RData"
[1] "/hpcwork/izkf/projects/TfbsPrediction/Results/Footprints/Predictions/H1hesc/PIQ_batch/temp_PAX6//102//positive.tf102-chr10.RData"
[1] "/hpcwork/izkf/projects/TfbsPrediction/Results/Footprints/Predictions/H1hesc/PIQ_batch/temp_PAX6//102//positive.tf102-chr11.RData"
[1] "/hpcwork/izkf/projects/TfbsPrediction/Results/Footprints/Predictions/H1hesc/PIQ_batch/temp_PAX6//102//positive.tf102-chr12.RData"
[1] "/hpcwork/izkf/projects/TfbsPrediction/Results/Footprints/Predictions/H1hesc/PIQ_batch/temp_PAX6//102//positive.tf102-chr13.RData"
[1] "/hpcwork/izkf/projects/TfbsPrediction/Results/Footprints/Predictions/H1hesc/PIQ_batch/temp_PAX6//102//positive.tf102-chr14.RData"
[1] "/hpcwork/izkf/projects/TfbsPrediction/Results/Footprints/Predictions/H1hesc/PIQ_batch/temp_PAX6//102//positive.tf102-chr15.RData"
[1] "/hpcwork/izkf/projects/TfbsPrediction/Results/Footprints/Predictions/H1hesc/PIQ_batch/temp_PAX6//102//positive.tf102-chr16.RData"
[1] "/hpcwork/izkf/projects/TfbsPrediction/Results/Footprints/Predictions/H1hesc/PIQ_batch/temp_PAX6//102//positive.tf102-chr17.RData"
[1] "/hpcwork/izkf/projects/TfbsPrediction/Results/Footprints/Predictions/H1hesc/PIQ_batch/temp_PAX6//102//positive.tf102-chr18.RData"
[1] "/hpcwork/izkf/projects/TfbsPrediction/Results/Footprints/Predictions/H1hesc/PIQ_batch/temp_PAX6//102//positive.tf102-chr19.RData"
[1] "/hpcwork/izkf/projects/TfbsPrediction/Results/Footprints/Predictions/H1hesc/PIQ_batch/temp_PAX6//102//positive.tf102-chr2.RData"
[1] "/hpcwork/izkf/projects/TfbsPrediction/Results/Footprints/Predictions/H1hesc/PIQ_batch/temp_PAX6//102//positive.tf102-chr20.RData"
[1] "/hpcwork/izkf/projects/TfbsPrediction/Results/Footprints/Predictions/H1hesc/PIQ_batch/temp_PAX6//102//positive.tf102-chr21.RData"
[1] "/hpcwork/izkf/projects/TfbsPrediction/Results/Footprints/Predictions/H1hesc/PIQ_batch/temp_PAX6//102//positive.tf102-chr22.RData"
[1] "/hpcwork/izkf/projects/TfbsPrediction/Results/Footprints/Predictions/H1hesc/PIQ_batch/temp_PAX6//102//positive.tf102-chr3.RData"
[1] "/hpcwork/izkf/projects/TfbsPrediction/Results/Footprints/Predictions/H1hesc/PIQ_batch/temp_PAX6//102//positive.tf102-chr4.RData"
[1] "/hpcwork/izkf/projects/TfbsPrediction/Results/Footprints/Predictions/H1hesc/PIQ_batch/temp_PAX6//102//positive.tf102-chr5.RData"
[1] "/hpcwork/izkf/projects/TfbsPrediction/Results/Footprints/Predictions/H1hesc/PIQ_batch/temp_PAX6//102//positive.tf102-chr6.RData"
[1] "/hpcwork/izkf/projects/TfbsPrediction/Results/Footprints/Predictions/H1hesc/PIQ_batch/temp_PAX6//102//positive.tf102-chr7.RData"
[1] "/hpcwork/izkf/projects/TfbsPrediction/Results/Footprints/Predictions/H1hesc/PIQ_batch/temp_PAX6//102//positive.tf102-chr8.RData"
[1] "/hpcwork/izkf/projects/TfbsPrediction/Results/Footprints/Predictions/H1hesc/PIQ_batch/temp_PAX6//102//positive.tf102-chr9.RData"
[1] "/hpcwork/izkf/projects/TfbsPrediction/Results/Footprints/Predictions/H1hesc/PIQ_batch/temp_PAX6//102//positive.tf102-chrM.RData"
[1] "/hpcwork/izkf/projects/TfbsPrediction/Results/Footprints/Predictions/H1hesc/PIQ_batch/temp_PAX6//102//positive.tf102-chrX.RData"
[1] "/hpcwork/izkf/projects/TfbsPrediction/Results/Footprints/Predictions/H1hesc/PIQ_batch/temp_PAX6//102//positive.tf102-chrY.RData"
[1] "/hpcwork/izkf/projects/TfbsPrediction/Results/Footprints/Predictions/H1hesc/PIQ_batch/temp_PAX6//102//background.tf102-chr1.RData"
[1] "/hpcwork/izkf/projects/TfbsPrediction/Results/Footprints/Predictions/H1hesc/PIQ_batch/temp_PAX6//102//background.tf102-chr10.RData"
[1] "/hpcwork/izkf/projects/TfbsPrediction/Results/Footprints/Predictions/H1hesc/PIQ_batch/temp_PAX6//102//background.tf102-chr11.RData"
[1] "/hpcwork/izkf/projects/TfbsPrediction/Results/Footprints/Predictions/H1hesc/PIQ_batch/temp_PAX6//102//background.tf102-chr12.RData"
[1] "/hpcwork/izkf/projects/TfbsPrediction/Results/Footprints/Predictions/H1hesc/PIQ_batch/temp_PAX6//102//background.tf102-chr13.RData"
[1] "/hpcwork/izkf/projects/TfbsPrediction/Results/Footprints/Predictions/H1hesc/PIQ_batch/temp_PAX6//102//background.tf102-chr14.RData"
[1] "/hpcwork/izkf/projects/TfbsPrediction/Results/Footprints/Predictions/H1hesc/PIQ_batch/temp_PAX6//102//background.tf102-chr15.RData"
[1] "/hpcwork/izkf/projects/TfbsPrediction/Results/Footprints/Predictions/H1hesc/PIQ_batch/temp_PAX6//102//background.tf102-chr16.RData"
[1] "/hpcwork/izkf/projects/TfbsPrediction/Results/Footprints/Predictions/H1hesc/PIQ_batch/temp_PAX6//102//background.tf102-chr17.RData"
[1] "/hpcwork/izkf/projects/TfbsPrediction/Results/Footprints/Predictions/H1hesc/PIQ_batch/temp_PAX6//102//background.tf102-chr18.RData"
[1] "/hpcwork/izkf/projects/TfbsPrediction/Results/Footprints/Predictions/H1hesc/PIQ_batch/temp_PAX6//102//background.tf102-chr19.RData"
[1] "/hpcwork/izkf/projects/TfbsPrediction/Results/Footprints/Predictions/H1hesc/PIQ_batch/temp_PAX6//102//background.tf102-chr2.RData"
[1] "/hpcwork/izkf/projects/TfbsPrediction/Results/Footprints/Predictions/H1hesc/PIQ_batch/temp_PAX6//102//background.tf102-chr20.RData"
[1] "/hpcwork/izkf/projects/TfbsPrediction/Results/Footprints/Predictions/H1hesc/PIQ_batch/temp_PAX6//102//background.tf102-chr21.RData"
[1] "/hpcwork/izkf/projects/TfbsPrediction/Results/Footprints/Predictions/H1hesc/PIQ_batch/temp_PAX6//102//background.tf102-chr22.RData"
[1] "/hpcwork/izkf/projects/TfbsPrediction/Results/Footprints/Predictions/H1hesc/PIQ_batch/temp_PAX6//102//background.tf102-chr3.RData"
[1] "/hpcwork/izkf/projects/TfbsPrediction/Results/Footprints/Predictions/H1hesc/PIQ_batch/temp_PAX6//102//background.tf102-chr4.RData"
[1] "/hpcwork/izkf/projects/TfbsPrediction/Results/Footprints/Predictions/H1hesc/PIQ_batch/temp_PAX6//102//background.tf102-chr5.RData"
[1] "/hpcwork/izkf/projects/TfbsPrediction/Results/Footprints/Predictions/H1hesc/PIQ_batch/temp_PAX6//102//background.tf102-chr6.RData"
[1] "/hpcwork/izkf/projects/TfbsPrediction/Results/Footprints/Predictions/H1hesc/PIQ_batch/temp_PAX6//102//background.tf102-chr7.RData"
[1] "/hpcwork/izkf/projects/TfbsPrediction/Results/Footprints/Predictions/H1hesc/PIQ_batch/temp_PAX6//102//background.tf102-chr8.RData"
[1] "/hpcwork/izkf/projects/TfbsPrediction/Results/Footprints/Predictions/H1hesc/PIQ_batch/temp_PAX6//102//background.tf102-chr9.RData"
[1] "/hpcwork/izkf/projects/TfbsPrediction/Results/Footprints/Predictions/H1hesc/PIQ_batch/temp_PAX6//102//background.tf102-chrM.RData"
[1] "/hpcwork/izkf/projects/TfbsPrediction/Results/Footprints/Predictions/H1hesc/PIQ_batch/temp_PAX6//102//background.tf102-chrX.RData"
[1] "/hpcwork/izkf/projects/TfbsPrediction/Results/Footprints/Predictions/H1hesc/PIQ_batch/temp_PAX6//102//background.tf102-chrY.RData"
Time difference of 1.052978 mins
[1] "background.tf102-chr1.RData"
[1] "background.tf102-chr10.RData"
[1] "background.tf102-chr11.RData"
[1] "background.tf102-chr12.RData"
[1] "background.tf102-chr13.RData"
[1] "background.tf102-chr14.RData"
[1] "background.tf102-chr15.RData"
[1] "background.tf102-chr16.RData"
[1] "background.tf102-chr17.RData"
[1] "background.tf102-chr18.RData"
[1] "background.tf102-chr19.RData"
[1] "background.tf102-chr2.RData"
[1] "background.tf102-chr20.RData"
[1] "background.tf102-chr21.RData"
[1] "background.tf102-chr22.RData"
[1] "background.tf102-chr3.RData"
[1] "background.tf102-chr4.RData"
[1] "background.tf102-chr5.RData"
[1] "background.tf102-chr6.RData"
[1] "background.tf102-chr7.RData"
[1] "background.tf102-chr8.RData"
[1] "background.tf102-chr9.RData"
[1] "background.tf102-chrM.RData"
[1] "background.tf102-chrX.RData"
[1] "background.tf102-chrY.RData"
[1] "background.tf102-chr1.RData"
[1] 1030.422
[1] "background.tf102-chr10.RData"
[1] 948.0362
[1] "background.tf102-chr11.RData"
[1] 672.1519
[1] "background.tf102-chr12.RData"
[1] 1020.579
[1] "background.tf102-chr13.RData"
[1] 1408.196
[1] "background.tf102-chr14.RData"
[1] 1125.853
[1] "background.tf102-chr15.RData"
[1] 1122.912
[1] "background.tf102-chr16.RData"
[1] 1038.385
[1] "background.tf102-chr17.RData"
[1] 787.0226
[1] "background.tf102-chr18.RData"
[1] 993.9577
[1] "background.tf102-chr19.RData"
[1] 852.088
[1] "background.tf102-chr2.RData"
[1] 1245.464
[1] "background.tf102-chr20.RData"
[1] 882.2557
[1] "background.tf102-chr21.RData"
[1] 898.5157
[1] "background.tf102-chr22.RData"
[1] 765.3612
[1] "background.tf102-chr3.RData"
[1] 1094.491
[1] "background.tf102-chr4.RData"
[1] 1284.096
[1] "background.tf102-chr5.RData"
[1] 1017.538
[1] "background.tf102-chr6.RData"
[1] 1095.541
[1] "background.tf102-chr7.RData"
[1] 1055.378
[1] "background.tf102-chr8.RData"
[1] 944.3581
[1] "background.tf102-chr9.RData"
[1] 958.9724
[1] "background.tf102-chrM.RData"
[1] 57.63905
[1] "background.tf102-chrX.RData"
[1] 894.6192
[1] "background.tf102-chrY.RData"
[1] 1039.016
[1] 1
[1] 2
[1] 3
[1] 4
[1] 5
[1] 6
[1] 7
[1] 8
[1] 9
[1] 10
[1] 11
[1] 12
[1] 13
[1] 14
[1] 15
[1] 16
[1] 17
[1] 18
[1] 19
[1] 20
[1] 21
[1] 22
[1] 23
[1] 24
[1] 25
Time difference of 3.764816 mins
> 


PS:

Read file <H1hesc_PAX6_APQ_err.txt> for stderr output of this job.

