Sender: LSF System <lsfadmin@linuxbmc0010>
Subject: Job 24442703: <H1hesc_ARNT_APQ> in cluster <rcc> Done

Job <H1hesc_ARNT_APQ> was submitted from host <cluster> by user <eg474423> in cluster <rcc>.
Job was executed on host(s) <linuxbmc0010>, in queue <normal>, as user <eg474423> in cluster <rcc>.
</home/eg474423> was used as the home directory.
</work/eg474423/eg474423_Projects/trunk/TfbsPrediction/Code/CompetingMethods/Pipeline> was used as the working directory.
Started at Tue Oct 20 18:51:49 2015
Results reported on Tue Oct 20 19:08:48 2015

Your job looked like:

------------------------------------------------------------
# LSBATCH: User input
./applyPIQ_pipeline.zsh 2 ARNT /hpcwork/izkf/projects/TfbsPrediction/Results/MPBSAWG/PIQ_batch/ /hpcwork/izkf/projects/TfbsPrediction/Results/Signals/Counts/DU_H1hesc/PIQ/DNase.RData /hpcwork/izkf/projects/TfbsPrediction/Results/Footprints/Predictions/H1hesc/PIQ_batch/
------------------------------------------------------------

Successfully completed.

Resource usage summary:

    CPU time :                                   1009.14 sec.
    Max Memory :                                 3412 MB
    Average Memory :                             2438.75 MB
    Total Requested Memory :                     12000.00 MB
    Delta Memory :                               8588.00 MB
    Max Processes :                              8
    Max Threads :                                9

The output (if any) follows:

> args <- commandArgs(trailingOnly = TRUE)
> print(args)
[1] "common.r"                                                                                        
[2] "/hpcwork/izkf/projects/TfbsPrediction/Results/MPBSAWG/PIQ_batch/"                                
[3] "/hpcwork/izkf/projects/TfbsPrediction/Results/Footprints/Predictions/H1hesc/PIQ_batch/temp_ARNT/"
[4] "/hpcwork/izkf/projects/TfbsPrediction/Results/Footprints/Predictions/H1hesc/PIQ_batch/res_ARNT/" 
[5] "/hpcwork/izkf/projects/TfbsPrediction/Results/Signals/Counts/DU_H1hesc/PIQ/DNase.RData"          
[6] "2"                                                                                               
> 
> #location of common.r containing runtime parameters
> commonfile = args[1]
> 
> #directory where pwm matches are stored
> pwmdir = args[2]
> 
> #directory to use as fast temporary storage
> tmpdir = args[3]
> 
> #location of output calls
> outdir = args[4]
> 
> #location of the bam RData file made by bam2rdata.r
> bamfile = args[5]
> 
> #which pwm file to use in pwmdir
> pwmid = args[6]
> 
> ###
> # do FW
> 
> match.rc = F
> dump.chropen = F
> 
> two.pass = F
> suppressWarnings(source(commonfile))
> if(overwrite==F & file.exists( file.path(outdir,paste0(pwmid,'-diag.pdf')))){
+   stop(paste0('found previous run for ',pwmid,' avoiding overwrite'))
+ }
> 
> debugstring = c('loading pwm','loadbam','clustering','binding outputs')
> 
> dump.bed = T
> 
> tryCatch({
+ phase=0
+ load(paste0(pwmdir,pwmid,'.pwmout.RData'))
+ if(sum(clengths[1])>0){
+ phase=1
+ at<-Sys.time()
+ source('loadbam.r')
+ print(Sys.time()-at);at<-Sys.time()
+ phase=2
+ source('cluster.r')
+ print(Sys.time()-at);at<-Sys.time()
+ phase=3
+ source('bindcall.r')
+ print(Sys.time()-at);at<-Sys.time()
+ }
+ },error = function(e){
+    e$message=paste0('error during ',debugstring[phase+1],'\n','Error msg: ',e$message,'\n Args:',paste0(commandArgs(trailingOnly = TRUE),collapse=':'))
+    stop(e)
+ })
[1] "chr1"
[1] "chr2"
[1] "chr3"
[1] "chr4"
[1] "chr5"
[1] "chr6"
[1] "chr7"
[1] "chr8"
[1] "chr9"
[1] "chr10"
[1] "chr11"
[1] "chr12"
[1] "chr13"
[1] "chr14"
[1] "chr15"
[1] "chr16"
[1] "chr17"
[1] "chr18"
[1] "chr19"
[1] "chr20"
[1] "chr21"
[1] "chr22"
[1] "chrX"
[1] "chrY"
[1] "chr1"
[1] "chr2"
[1] "chr3"
[1] "chr4"
[1] "chr5"
[1] "chr6"
[1] "chr7"
[1] "chr8"
[1] "chr9"
[1] "chr10"
[1] "chr11"
[1] "chr12"
[1] "chr13"
[1] "chr14"
[1] "chr15"
[1] "chr16"
[1] "chr17"
[1] "chr18"
[1] "chr19"
[1] "chr20"
[1] "chr21"
[1] "chr22"
[1] "chrX"
[1] "chrY"
Time difference of 1.846231 mins
[1] "/hpcwork/izkf/projects/TfbsPrediction/Results/Footprints/Predictions/H1hesc/PIQ_batch/temp_ARNT//2//positive.tf2-chr1.RData"
[1] "/hpcwork/izkf/projects/TfbsPrediction/Results/Footprints/Predictions/H1hesc/PIQ_batch/temp_ARNT//2//positive.tf2-chr10.RData"
[1] "/hpcwork/izkf/projects/TfbsPrediction/Results/Footprints/Predictions/H1hesc/PIQ_batch/temp_ARNT//2//positive.tf2-chr11.RData"
[1] "/hpcwork/izkf/projects/TfbsPrediction/Results/Footprints/Predictions/H1hesc/PIQ_batch/temp_ARNT//2//positive.tf2-chr12.RData"
[1] "/hpcwork/izkf/projects/TfbsPrediction/Results/Footprints/Predictions/H1hesc/PIQ_batch/temp_ARNT//2//positive.tf2-chr13.RData"
[1] "/hpcwork/izkf/projects/TfbsPrediction/Results/Footprints/Predictions/H1hesc/PIQ_batch/temp_ARNT//2//positive.tf2-chr14.RData"
[1] "/hpcwork/izkf/projects/TfbsPrediction/Results/Footprints/Predictions/H1hesc/PIQ_batch/temp_ARNT//2//positive.tf2-chr15.RData"
[1] "/hpcwork/izkf/projects/TfbsPrediction/Results/Footprints/Predictions/H1hesc/PIQ_batch/temp_ARNT//2//positive.tf2-chr16.RData"
[1] "/hpcwork/izkf/projects/TfbsPrediction/Results/Footprints/Predictions/H1hesc/PIQ_batch/temp_ARNT//2//positive.tf2-chr17.RData"
[1] "/hpcwork/izkf/projects/TfbsPrediction/Results/Footprints/Predictions/H1hesc/PIQ_batch/temp_ARNT//2//positive.tf2-chr18.RData"
[1] "/hpcwork/izkf/projects/TfbsPrediction/Results/Footprints/Predictions/H1hesc/PIQ_batch/temp_ARNT//2//positive.tf2-chr19.RData"
[1] "/hpcwork/izkf/projects/TfbsPrediction/Results/Footprints/Predictions/H1hesc/PIQ_batch/temp_ARNT//2//positive.tf2-chr2.RData"
[1] "/hpcwork/izkf/projects/TfbsPrediction/Results/Footprints/Predictions/H1hesc/PIQ_batch/temp_ARNT//2//positive.tf2-chr20.RData"
[1] "/hpcwork/izkf/projects/TfbsPrediction/Results/Footprints/Predictions/H1hesc/PIQ_batch/temp_ARNT//2//positive.tf2-chr21.RData"
[1] "/hpcwork/izkf/projects/TfbsPrediction/Results/Footprints/Predictions/H1hesc/PIQ_batch/temp_ARNT//2//positive.tf2-chr22.RData"
[1] "/hpcwork/izkf/projects/TfbsPrediction/Results/Footprints/Predictions/H1hesc/PIQ_batch/temp_ARNT//2//positive.tf2-chr3.RData"
[1] "/hpcwork/izkf/projects/TfbsPrediction/Results/Footprints/Predictions/H1hesc/PIQ_batch/temp_ARNT//2//positive.tf2-chr4.RData"
[1] "/hpcwork/izkf/projects/TfbsPrediction/Results/Footprints/Predictions/H1hesc/PIQ_batch/temp_ARNT//2//positive.tf2-chr5.RData"
[1] "/hpcwork/izkf/projects/TfbsPrediction/Results/Footprints/Predictions/H1hesc/PIQ_batch/temp_ARNT//2//positive.tf2-chr6.RData"
[1] "/hpcwork/izkf/projects/TfbsPrediction/Results/Footprints/Predictions/H1hesc/PIQ_batch/temp_ARNT//2//positive.tf2-chr7.RData"
[1] "/hpcwork/izkf/projects/TfbsPrediction/Results/Footprints/Predictions/H1hesc/PIQ_batch/temp_ARNT//2//positive.tf2-chr8.RData"
[1] "/hpcwork/izkf/projects/TfbsPrediction/Results/Footprints/Predictions/H1hesc/PIQ_batch/temp_ARNT//2//positive.tf2-chr9.RData"
[1] "/hpcwork/izkf/projects/TfbsPrediction/Results/Footprints/Predictions/H1hesc/PIQ_batch/temp_ARNT//2//positive.tf2-chrX.RData"
[1] "/hpcwork/izkf/projects/TfbsPrediction/Results/Footprints/Predictions/H1hesc/PIQ_batch/temp_ARNT//2//positive.tf2-chrY.RData"
[1] "/hpcwork/izkf/projects/TfbsPrediction/Results/Footprints/Predictions/H1hesc/PIQ_batch/temp_ARNT//2//background.tf2-chr1.RData"
[1] "/hpcwork/izkf/projects/TfbsPrediction/Results/Footprints/Predictions/H1hesc/PIQ_batch/temp_ARNT//2//background.tf2-chr10.RData"
[1] "/hpcwork/izkf/projects/TfbsPrediction/Results/Footprints/Predictions/H1hesc/PIQ_batch/temp_ARNT//2//background.tf2-chr11.RData"
[1] "/hpcwork/izkf/projects/TfbsPrediction/Results/Footprints/Predictions/H1hesc/PIQ_batch/temp_ARNT//2//background.tf2-chr12.RData"
[1] "/hpcwork/izkf/projects/TfbsPrediction/Results/Footprints/Predictions/H1hesc/PIQ_batch/temp_ARNT//2//background.tf2-chr13.RData"
[1] "/hpcwork/izkf/projects/TfbsPrediction/Results/Footprints/Predictions/H1hesc/PIQ_batch/temp_ARNT//2//background.tf2-chr14.RData"
[1] "/hpcwork/izkf/projects/TfbsPrediction/Results/Footprints/Predictions/H1hesc/PIQ_batch/temp_ARNT//2//background.tf2-chr15.RData"
[1] "/hpcwork/izkf/projects/TfbsPrediction/Results/Footprints/Predictions/H1hesc/PIQ_batch/temp_ARNT//2//background.tf2-chr16.RData"
[1] "/hpcwork/izkf/projects/TfbsPrediction/Results/Footprints/Predictions/H1hesc/PIQ_batch/temp_ARNT//2//background.tf2-chr17.RData"
[1] "/hpcwork/izkf/projects/TfbsPrediction/Results/Footprints/Predictions/H1hesc/PIQ_batch/temp_ARNT//2//background.tf2-chr18.RData"
[1] "/hpcwork/izkf/projects/TfbsPrediction/Results/Footprints/Predictions/H1hesc/PIQ_batch/temp_ARNT//2//background.tf2-chr19.RData"
[1] "/hpcwork/izkf/projects/TfbsPrediction/Results/Footprints/Predictions/H1hesc/PIQ_batch/temp_ARNT//2//background.tf2-chr2.RData"
[1] "/hpcwork/izkf/projects/TfbsPrediction/Results/Footprints/Predictions/H1hesc/PIQ_batch/temp_ARNT//2//background.tf2-chr20.RData"
[1] "/hpcwork/izkf/projects/TfbsPrediction/Results/Footprints/Predictions/H1hesc/PIQ_batch/temp_ARNT//2//background.tf2-chr21.RData"
[1] "/hpcwork/izkf/projects/TfbsPrediction/Results/Footprints/Predictions/H1hesc/PIQ_batch/temp_ARNT//2//background.tf2-chr22.RData"
[1] "/hpcwork/izkf/projects/TfbsPrediction/Results/Footprints/Predictions/H1hesc/PIQ_batch/temp_ARNT//2//background.tf2-chr3.RData"
[1] "/hpcwork/izkf/projects/TfbsPrediction/Results/Footprints/Predictions/H1hesc/PIQ_batch/temp_ARNT//2//background.tf2-chr4.RData"
[1] "/hpcwork/izkf/projects/TfbsPrediction/Results/Footprints/Predictions/H1hesc/PIQ_batch/temp_ARNT//2//background.tf2-chr5.RData"
[1] "/hpcwork/izkf/projects/TfbsPrediction/Results/Footprints/Predictions/H1hesc/PIQ_batch/temp_ARNT//2//background.tf2-chr6.RData"
[1] "/hpcwork/izkf/projects/TfbsPrediction/Results/Footprints/Predictions/H1hesc/PIQ_batch/temp_ARNT//2//background.tf2-chr7.RData"
[1] "/hpcwork/izkf/projects/TfbsPrediction/Results/Footprints/Predictions/H1hesc/PIQ_batch/temp_ARNT//2//background.tf2-chr8.RData"
[1] "/hpcwork/izkf/projects/TfbsPrediction/Results/Footprints/Predictions/H1hesc/PIQ_batch/temp_ARNT//2//background.tf2-chr9.RData"
[1] "/hpcwork/izkf/projects/TfbsPrediction/Results/Footprints/Predictions/H1hesc/PIQ_batch/temp_ARNT//2//background.tf2-chrX.RData"
[1] "/hpcwork/izkf/projects/TfbsPrediction/Results/Footprints/Predictions/H1hesc/PIQ_batch/temp_ARNT//2//background.tf2-chrY.RData"
Time difference of 1.83356 mins
[1] "background.tf2-chr1.RData"
[1] "background.tf2-chr10.RData"
[1] "background.tf2-chr11.RData"
[1] "background.tf2-chr12.RData"
[1] "background.tf2-chr13.RData"
[1] "background.tf2-chr14.RData"
[1] "background.tf2-chr15.RData"
[1] "background.tf2-chr16.RData"
[1] "background.tf2-chr17.RData"
[1] "background.tf2-chr18.RData"
[1] "background.tf2-chr19.RData"
[1] "background.tf2-chr2.RData"
[1] "background.tf2-chr20.RData"
[1] "background.tf2-chr21.RData"
[1] "background.tf2-chr22.RData"
[1] "background.tf2-chr3.RData"
[1] "background.tf2-chr4.RData"
[1] "background.tf2-chr5.RData"
[1] "background.tf2-chr6.RData"
[1] "background.tf2-chr7.RData"
[1] "background.tf2-chr8.RData"
[1] "background.tf2-chr9.RData"
[1] "background.tf2-chrX.RData"
[1] "background.tf2-chrY.RData"
[1] "background.tf2-chr1.RData"
[1] 1396.196
[1] "background.tf2-chr10.RData"
[1] 1005.076
[1] "background.tf2-chr11.RData"
[1] 1139.504
[1] "background.tf2-chr12.RData"
[1] 1196.436
[1] "background.tf2-chr13.RData"
[1] 1209.402
[1] "background.tf2-chr14.RData"
[1] 1162.289
[1] "background.tf2-chr15.RData"
[1] 1139.687
[1] "background.tf2-chr16.RData"
[1] 1008.265
[1] "background.tf2-chr17.RData"
[1] 982.4145
[1] "background.tf2-chr18.RData"
[1] 1088.431
[1] "background.tf2-chr19.RData"
[1] 876.088
[1] "background.tf2-chr2.RData"
[1] 1184.92
[1] "background.tf2-chr20.RData"
[1] 1215.192
[1] "background.tf2-chr21.RData"
[1] 1162.193
[1] "background.tf2-chr22.RData"
[1] 1021.875
[1] "background.tf2-chr3.RData"
[1] 1222.956
[1] "background.tf2-chr4.RData"
[1] 1480.91
[1] "background.tf2-chr5.RData"
[1] 1109.093
[1] "background.tf2-chr6.RData"
[1] 1384.948
[1] "background.tf2-chr7.RData"
[1] 1366.623
[1] "background.tf2-chr8.RData"
[1] 1371.632
[1] "background.tf2-chr9.RData"
[1] 1153.148
[1] "background.tf2-chrX.RData"
[1] 1280.148
[1] "background.tf2-chrY.RData"
[1] 769.0439
[1] 1
[1] 2
[1] 3
[1] 4
[1] 5
[1] 6
[1] 7
[1] 8
[1] 9
[1] 10
[1] 11
[1] 12
[1] 13
[1] 14
[1] 15
[1] 16
[1] 17
[1] 18
[1] 19
[1] 20
[1] 21
[1] 22
[1] 23
[1] 24
Time difference of 3.995528 mins
> 
> ###
> # do RC
> 
> match.rc = T
> 
> suppressWarnings(source(commonfile))
> if(overwrite==F & file.exists( file.path(outdir,paste0(pwmid,'-diag.rc.pdf')))){
+   stop(paste0('found previous run for ',pwmid,' avoiding overwrite'))
+ }
> 
> debugstring = c('loading pwm.rc','loadbam.rc','clustering.rc','binding outputs.rc')
> 
> tryCatch({
+ phase=0
+ load(paste0(pwmdir,pwmid,'.pwmout.rc.RData'))
+ if(sum(clengths[1])>0){
+ phase=1
+ at<-Sys.time()
+ source('loadbam.r')
+ print(Sys.time()-at);at<-Sys.time()
+ phase=2
+ source('cluster.r')
+ print(Sys.time()-at);at<-Sys.time()
+ phase=3
+ source('bindcall.r')
+ print(Sys.time()-at);at<-Sys.time()
+ }
+ },error = function(e){
+    e$message=paste0('error during ',debugstring[phase+1],'\n','Error msg: ',e$message,'\n Args:',paste0(commandArgs(trailingOnly = TRUE),collapse=':'))
+    stop(e)
+ })
[1] "chr1"
[1] "chr2"
[1] "chr3"
[1] "chr4"
[1] "chr5"
[1] "chr6"
[1] "chr7"
[1] "chr8"
[1] "chr9"
[1] "chr10"
[1] "chr11"
[1] "chr12"
[1] "chr13"
[1] "chr14"
[1] "chr15"
[1] "chr16"
[1] "chr17"
[1] "chr18"
[1] "chr19"
[1] "chr20"
[1] "chr21"
[1] "chr22"
[1] "chrX"
[1] "chrY"
[1] "chrM"
[1] "chr1"
[1] "chr2"
[1] "chr3"
[1] "chr4"
[1] "chr5"
[1] "chr6"
[1] "chr7"
[1] "chr8"
[1] "chr9"
[1] "chr10"
[1] "chr11"
[1] "chr12"
[1] "chr13"
[1] "chr14"
[1] "chr15"
[1] "chr16"
[1] "chr17"
[1] "chr18"
[1] "chr19"
[1] "chr20"
[1] "chr21"
[1] "chr22"
[1] "chrX"
[1] "chrY"
[1] "chrM"
Time difference of 2.418835 mins
[1] "/hpcwork/izkf/projects/TfbsPrediction/Results/Footprints/Predictions/H1hesc/PIQ_batch/temp_ARNT//2//positive.tf2-chr1.RData"
[1] "/hpcwork/izkf/projects/TfbsPrediction/Results/Footprints/Predictions/H1hesc/PIQ_batch/temp_ARNT//2//positive.tf2-chr10.RData"
[1] "/hpcwork/izkf/projects/TfbsPrediction/Results/Footprints/Predictions/H1hesc/PIQ_batch/temp_ARNT//2//positive.tf2-chr11.RData"
[1] "/hpcwork/izkf/projects/TfbsPrediction/Results/Footprints/Predictions/H1hesc/PIQ_batch/temp_ARNT//2//positive.tf2-chr12.RData"
[1] "/hpcwork/izkf/projects/TfbsPrediction/Results/Footprints/Predictions/H1hesc/PIQ_batch/temp_ARNT//2//positive.tf2-chr13.RData"
[1] "/hpcwork/izkf/projects/TfbsPrediction/Results/Footprints/Predictions/H1hesc/PIQ_batch/temp_ARNT//2//positive.tf2-chr14.RData"
[1] "/hpcwork/izkf/projects/TfbsPrediction/Results/Footprints/Predictions/H1hesc/PIQ_batch/temp_ARNT//2//positive.tf2-chr15.RData"
[1] "/hpcwork/izkf/projects/TfbsPrediction/Results/Footprints/Predictions/H1hesc/PIQ_batch/temp_ARNT//2//positive.tf2-chr16.RData"
[1] "/hpcwork/izkf/projects/TfbsPrediction/Results/Footprints/Predictions/H1hesc/PIQ_batch/temp_ARNT//2//positive.tf2-chr17.RData"
[1] "/hpcwork/izkf/projects/TfbsPrediction/Results/Footprints/Predictions/H1hesc/PIQ_batch/temp_ARNT//2//positive.tf2-chr18.RData"
[1] "/hpcwork/izkf/projects/TfbsPrediction/Results/Footprints/Predictions/H1hesc/PIQ_batch/temp_ARNT//2//positive.tf2-chr19.RData"
[1] "/hpcwork/izkf/projects/TfbsPrediction/Results/Footprints/Predictions/H1hesc/PIQ_batch/temp_ARNT//2//positive.tf2-chr2.RData"
[1] "/hpcwork/izkf/projects/TfbsPrediction/Results/Footprints/Predictions/H1hesc/PIQ_batch/temp_ARNT//2//positive.tf2-chr20.RData"
[1] "/hpcwork/izkf/projects/TfbsPrediction/Results/Footprints/Predictions/H1hesc/PIQ_batch/temp_ARNT//2//positive.tf2-chr21.RData"
[1] "/hpcwork/izkf/projects/TfbsPrediction/Results/Footprints/Predictions/H1hesc/PIQ_batch/temp_ARNT//2//positive.tf2-chr22.RData"
[1] "/hpcwork/izkf/projects/TfbsPrediction/Results/Footprints/Predictions/H1hesc/PIQ_batch/temp_ARNT//2//positive.tf2-chr3.RData"
[1] "/hpcwork/izkf/projects/TfbsPrediction/Results/Footprints/Predictions/H1hesc/PIQ_batch/temp_ARNT//2//positive.tf2-chr4.RData"
[1] "/hpcwork/izkf/projects/TfbsPrediction/Results/Footprints/Predictions/H1hesc/PIQ_batch/temp_ARNT//2//positive.tf2-chr5.RData"
[1] "/hpcwork/izkf/projects/TfbsPrediction/Results/Footprints/Predictions/H1hesc/PIQ_batch/temp_ARNT//2//positive.tf2-chr6.RData"
[1] "/hpcwork/izkf/projects/TfbsPrediction/Results/Footprints/Predictions/H1hesc/PIQ_batch/temp_ARNT//2//positive.tf2-chr7.RData"
[1] "/hpcwork/izkf/projects/TfbsPrediction/Results/Footprints/Predictions/H1hesc/PIQ_batch/temp_ARNT//2//positive.tf2-chr8.RData"
[1] "/hpcwork/izkf/projects/TfbsPrediction/Results/Footprints/Predictions/H1hesc/PIQ_batch/temp_ARNT//2//positive.tf2-chr9.RData"
[1] "/hpcwork/izkf/projects/TfbsPrediction/Results/Footprints/Predictions/H1hesc/PIQ_batch/temp_ARNT//2//positive.tf2-chrM.RData"
[1] "/hpcwork/izkf/projects/TfbsPrediction/Results/Footprints/Predictions/H1hesc/PIQ_batch/temp_ARNT//2//positive.tf2-chrX.RData"
[1] "/hpcwork/izkf/projects/TfbsPrediction/Results/Footprints/Predictions/H1hesc/PIQ_batch/temp_ARNT//2//positive.tf2-chrY.RData"
[1] "/hpcwork/izkf/projects/TfbsPrediction/Results/Footprints/Predictions/H1hesc/PIQ_batch/temp_ARNT//2//background.tf2-chr1.RData"
[1] "/hpcwork/izkf/projects/TfbsPrediction/Results/Footprints/Predictions/H1hesc/PIQ_batch/temp_ARNT//2//background.tf2-chr10.RData"
[1] "/hpcwork/izkf/projects/TfbsPrediction/Results/Footprints/Predictions/H1hesc/PIQ_batch/temp_ARNT//2//background.tf2-chr11.RData"
[1] "/hpcwork/izkf/projects/TfbsPrediction/Results/Footprints/Predictions/H1hesc/PIQ_batch/temp_ARNT//2//background.tf2-chr12.RData"
[1] "/hpcwork/izkf/projects/TfbsPrediction/Results/Footprints/Predictions/H1hesc/PIQ_batch/temp_ARNT//2//background.tf2-chr13.RData"
[1] "/hpcwork/izkf/projects/TfbsPrediction/Results/Footprints/Predictions/H1hesc/PIQ_batch/temp_ARNT//2//background.tf2-chr14.RData"
[1] "/hpcwork/izkf/projects/TfbsPrediction/Results/Footprints/Predictions/H1hesc/PIQ_batch/temp_ARNT//2//background.tf2-chr15.RData"
[1] "/hpcwork/izkf/projects/TfbsPrediction/Results/Footprints/Predictions/H1hesc/PIQ_batch/temp_ARNT//2//background.tf2-chr16.RData"
[1] "/hpcwork/izkf/projects/TfbsPrediction/Results/Footprints/Predictions/H1hesc/PIQ_batch/temp_ARNT//2//background.tf2-chr17.RData"
[1] "/hpcwork/izkf/projects/TfbsPrediction/Results/Footprints/Predictions/H1hesc/PIQ_batch/temp_ARNT//2//background.tf2-chr18.RData"
[1] "/hpcwork/izkf/projects/TfbsPrediction/Results/Footprints/Predictions/H1hesc/PIQ_batch/temp_ARNT//2//background.tf2-chr19.RData"
[1] "/hpcwork/izkf/projects/TfbsPrediction/Results/Footprints/Predictions/H1hesc/PIQ_batch/temp_ARNT//2//background.tf2-chr2.RData"
[1] "/hpcwork/izkf/projects/TfbsPrediction/Results/Footprints/Predictions/H1hesc/PIQ_batch/temp_ARNT//2//background.tf2-chr20.RData"
[1] "/hpcwork/izkf/projects/TfbsPrediction/Results/Footprints/Predictions/H1hesc/PIQ_batch/temp_ARNT//2//background.tf2-chr21.RData"
[1] "/hpcwork/izkf/projects/TfbsPrediction/Results/Footprints/Predictions/H1hesc/PIQ_batch/temp_ARNT//2//background.tf2-chr22.RData"
[1] "/hpcwork/izkf/projects/TfbsPrediction/Results/Footprints/Predictions/H1hesc/PIQ_batch/temp_ARNT//2//background.tf2-chr3.RData"
[1] "/hpcwork/izkf/projects/TfbsPrediction/Results/Footprints/Predictions/H1hesc/PIQ_batch/temp_ARNT//2//background.tf2-chr4.RData"
[1] "/hpcwork/izkf/projects/TfbsPrediction/Results/Footprints/Predictions/H1hesc/PIQ_batch/temp_ARNT//2//background.tf2-chr5.RData"
[1] "/hpcwork/izkf/projects/TfbsPrediction/Results/Footprints/Predictions/H1hesc/PIQ_batch/temp_ARNT//2//background.tf2-chr6.RData"
[1] "/hpcwork/izkf/projects/TfbsPrediction/Results/Footprints/Predictions/H1hesc/PIQ_batch/temp_ARNT//2//background.tf2-chr7.RData"
[1] "/hpcwork/izkf/projects/TfbsPrediction/Results/Footprints/Predictions/H1hesc/PIQ_batch/temp_ARNT//2//background.tf2-chr8.RData"
[1] "/hpcwork/izkf/projects/TfbsPrediction/Results/Footprints/Predictions/H1hesc/PIQ_batch/temp_ARNT//2//background.tf2-chr9.RData"
[1] "/hpcwork/izkf/projects/TfbsPrediction/Results/Footprints/Predictions/H1hesc/PIQ_batch/temp_ARNT//2//background.tf2-chrM.RData"
[1] "/hpcwork/izkf/projects/TfbsPrediction/Results/Footprints/Predictions/H1hesc/PIQ_batch/temp_ARNT//2//background.tf2-chrX.RData"
[1] "/hpcwork/izkf/projects/TfbsPrediction/Results/Footprints/Predictions/H1hesc/PIQ_batch/temp_ARNT//2//background.tf2-chrY.RData"
Time difference of 1.846357 mins
[1] "background.tf2-chr1.RData"
[1] "background.tf2-chr10.RData"
[1] "background.tf2-chr11.RData"
[1] "background.tf2-chr12.RData"
[1] "background.tf2-chr13.RData"
[1] "background.tf2-chr14.RData"
[1] "background.tf2-chr15.RData"
[1] "background.tf2-chr16.RData"
[1] "background.tf2-chr17.RData"
[1] "background.tf2-chr18.RData"
[1] "background.tf2-chr19.RData"
[1] "background.tf2-chr2.RData"
[1] "background.tf2-chr20.RData"
[1] "background.tf2-chr21.RData"
[1] "background.tf2-chr22.RData"
[1] "background.tf2-chr3.RData"
[1] "background.tf2-chr4.RData"
[1] "background.tf2-chr5.RData"
[1] "background.tf2-chr6.RData"
[1] "background.tf2-chr7.RData"
[1] "background.tf2-chr8.RData"
[1] "background.tf2-chr9.RData"
[1] "background.tf2-chrM.RData"
[1] "background.tf2-chrX.RData"
[1] "background.tf2-chrY.RData"
[1] "background.tf2-chr1.RData"
[1] 1471.22
[1] "background.tf2-chr10.RData"
[1] 1009.936
[1] "background.tf2-chr11.RData"
[1] 1071.813
[1] "background.tf2-chr12.RData"
[1] 1322.115
[1] "background.tf2-chr13.RData"
[1] 1253.664
[1] "background.tf2-chr14.RData"
[1] 1327.287
[1] "background.tf2-chr15.RData"
[1] 913.1091
[1] "background.tf2-chr16.RData"
[1] 1149.953
[1] "background.tf2-chr17.RData"
[1] 1127.455
[1] "background.tf2-chr18.RData"
[1] 1096.899
[1] "background.tf2-chr19.RData"
[1] 819.0219
[1] "background.tf2-chr2.RData"
[1] 1139.854
[1] "background.tf2-chr20.RData"
[1] 1108.165
[1] "background.tf2-chr21.RData"
[1] 1031.267
[1] "background.tf2-chr22.RData"
[1] 892.9796
[1] "background.tf2-chr3.RData"
[1] 1302.729
[1] "background.tf2-chr4.RData"
[1] 1357.346
[1] "background.tf2-chr5.RData"
[1] 1135.818
[1] "background.tf2-chr6.RData"
[1] 1264.878
[1] "background.tf2-chr7.RData"
[1] 1383.216
[1] "background.tf2-chr8.RData"
[1] 1129.986
[1] "background.tf2-chr9.RData"
[1] 1626.597
[1] "background.tf2-chrM.RData"
[1] 78.03646
[1] "background.tf2-chrX.RData"
[1] 1471.267
[1] "background.tf2-chrY.RData"
[1] 888.8572
[1] 1
[1] 2
[1] 3
[1] 4
[1] 5
[1] 6
[1] 7
[1] 8
[1] 9
[1] 10
[1] 11
[1] 12
[1] 13
[1] 14
[1] 15
[1] 16
[1] 17
[1] 18
[1] 19
[1] 20
[1] 21
[1] 22
[1] 23
[1] 24
[1] 25
Time difference of 3.912097 mins
> 


PS:

Read file <H1hesc_ARNT_APQ_err.txt> for stderr output of this job.

