Sender: LSF System <lsfadmin@linuxbmc1276>
Subject: Job 24442708: <H1hesc_ERG_APQ> in cluster <rcc> Done

Job <H1hesc_ERG_APQ> was submitted from host <cluster> by user <eg474423> in cluster <rcc>.
Job was executed on host(s) <linuxbmc1276>, in queue <normal>, as user <eg474423> in cluster <rcc>.
</home/eg474423> was used as the home directory.
</work/eg474423/eg474423_Projects/trunk/TfbsPrediction/Code/CompetingMethods/Pipeline> was used as the working directory.
Started at Tue Oct 20 18:53:57 2015
Results reported on Tue Oct 20 19:09:01 2015

Your job looked like:

------------------------------------------------------------
# LSBATCH: User input
./applyPIQ_pipeline.zsh 24 ERG /hpcwork/izkf/projects/TfbsPrediction/Results/MPBSAWG/PIQ_batch/ /hpcwork/izkf/projects/TfbsPrediction/Results/Signals/Counts/DU_H1hesc/PIQ/DNase.RData /hpcwork/izkf/projects/TfbsPrediction/Results/Footprints/Predictions/H1hesc/PIQ_batch/
------------------------------------------------------------

Successfully completed.

Resource usage summary:

    CPU time :                                   916.43 sec.
    Max Memory :                                 3757 MB
    Average Memory :                             2582.55 MB
    Total Requested Memory :                     12000.00 MB
    Delta Memory :                               8243.00 MB
    Max Processes :                              8
    Max Threads :                                9

The output (if any) follows:

> args <- commandArgs(trailingOnly = TRUE)
> print(args)
[1] "common.r"                                                                                       
[2] "/hpcwork/izkf/projects/TfbsPrediction/Results/MPBSAWG/PIQ_batch/"                               
[3] "/hpcwork/izkf/projects/TfbsPrediction/Results/Footprints/Predictions/H1hesc/PIQ_batch/temp_ERG/"
[4] "/hpcwork/izkf/projects/TfbsPrediction/Results/Footprints/Predictions/H1hesc/PIQ_batch/res_ERG/" 
[5] "/hpcwork/izkf/projects/TfbsPrediction/Results/Signals/Counts/DU_H1hesc/PIQ/DNase.RData"         
[6] "24"                                                                                             
> 
> #location of common.r containing runtime parameters
> commonfile = args[1]
> 
> #directory where pwm matches are stored
> pwmdir = args[2]
> 
> #directory to use as fast temporary storage
> tmpdir = args[3]
> 
> #location of output calls
> outdir = args[4]
> 
> #location of the bam RData file made by bam2rdata.r
> bamfile = args[5]
> 
> #which pwm file to use in pwmdir
> pwmid = args[6]
> 
> ###
> # do FW
> 
> match.rc = F
> dump.chropen = F
> 
> two.pass = F
> suppressWarnings(source(commonfile))
> if(overwrite==F & file.exists( file.path(outdir,paste0(pwmid,'-diag.pdf')))){
+   stop(paste0('found previous run for ',pwmid,' avoiding overwrite'))
+ }
> 
> debugstring = c('loading pwm','loadbam','clustering','binding outputs')
> 
> dump.bed = T
> 
> tryCatch({
+ phase=0
+ load(paste0(pwmdir,pwmid,'.pwmout.RData'))
+ if(sum(clengths[1])>0){
+ phase=1
+ at<-Sys.time()
+ source('loadbam.r')
+ print(Sys.time()-at);at<-Sys.time()
+ phase=2
+ source('cluster.r')
+ print(Sys.time()-at);at<-Sys.time()
+ phase=3
+ source('bindcall.r')
+ print(Sys.time()-at);at<-Sys.time()
+ }
+ },error = function(e){
+    e$message=paste0('error during ',debugstring[phase+1],'\n','Error msg: ',e$message,'\n Args:',paste0(commandArgs(trailingOnly = TRUE),collapse=':'))
+    stop(e)
+ })
[1] "chr1"
[1] "chr2"
[1] "chr3"
[1] "chr4"
[1] "chr5"
[1] "chr6"
[1] "chr7"
[1] "chr8"
[1] "chr9"
[1] "chr10"
[1] "chr11"
[1] "chr12"
[1] "chr13"
[1] "chr14"
[1] "chr15"
[1] "chr16"
[1] "chr17"
[1] "chr18"
[1] "chr19"
[1] "chr20"
[1] "chr21"
[1] "chr22"
[1] "chrX"
[1] "chrY"
[1] "chrM"
[1] "chr1"
[1] "chr2"
[1] "chr3"
[1] "chr4"
[1] "chr5"
[1] "chr6"
[1] "chr7"
[1] "chr8"
[1] "chr9"
[1] "chr10"
[1] "chr11"
[1] "chr12"
[1] "chr13"
[1] "chr14"
[1] "chr15"
[1] "chr16"
[1] "chr17"
[1] "chr18"
[1] "chr19"
[1] "chr20"
[1] "chr21"
[1] "chr22"
[1] "chrX"
[1] "chrY"
[1] "chrM"
Time difference of 1.497468 mins
[1] "/hpcwork/izkf/projects/TfbsPrediction/Results/Footprints/Predictions/H1hesc/PIQ_batch/temp_ERG//24//positive.tf24-chr1.RData"
[1] "/hpcwork/izkf/projects/TfbsPrediction/Results/Footprints/Predictions/H1hesc/PIQ_batch/temp_ERG//24//positive.tf24-chr10.RData"
[1] "/hpcwork/izkf/projects/TfbsPrediction/Results/Footprints/Predictions/H1hesc/PIQ_batch/temp_ERG//24//positive.tf24-chr11.RData"
[1] "/hpcwork/izkf/projects/TfbsPrediction/Results/Footprints/Predictions/H1hesc/PIQ_batch/temp_ERG//24//positive.tf24-chr12.RData"
[1] "/hpcwork/izkf/projects/TfbsPrediction/Results/Footprints/Predictions/H1hesc/PIQ_batch/temp_ERG//24//positive.tf24-chr13.RData"
[1] "/hpcwork/izkf/projects/TfbsPrediction/Results/Footprints/Predictions/H1hesc/PIQ_batch/temp_ERG//24//positive.tf24-chr14.RData"
[1] "/hpcwork/izkf/projects/TfbsPrediction/Results/Footprints/Predictions/H1hesc/PIQ_batch/temp_ERG//24//positive.tf24-chr15.RData"
[1] "/hpcwork/izkf/projects/TfbsPrediction/Results/Footprints/Predictions/H1hesc/PIQ_batch/temp_ERG//24//positive.tf24-chr16.RData"
[1] "/hpcwork/izkf/projects/TfbsPrediction/Results/Footprints/Predictions/H1hesc/PIQ_batch/temp_ERG//24//positive.tf24-chr17.RData"
[1] "/hpcwork/izkf/projects/TfbsPrediction/Results/Footprints/Predictions/H1hesc/PIQ_batch/temp_ERG//24//positive.tf24-chr18.RData"
[1] "/hpcwork/izkf/projects/TfbsPrediction/Results/Footprints/Predictions/H1hesc/PIQ_batch/temp_ERG//24//positive.tf24-chr19.RData"
[1] "/hpcwork/izkf/projects/TfbsPrediction/Results/Footprints/Predictions/H1hesc/PIQ_batch/temp_ERG//24//positive.tf24-chr2.RData"
[1] "/hpcwork/izkf/projects/TfbsPrediction/Results/Footprints/Predictions/H1hesc/PIQ_batch/temp_ERG//24//positive.tf24-chr20.RData"
[1] "/hpcwork/izkf/projects/TfbsPrediction/Results/Footprints/Predictions/H1hesc/PIQ_batch/temp_ERG//24//positive.tf24-chr21.RData"
[1] "/hpcwork/izkf/projects/TfbsPrediction/Results/Footprints/Predictions/H1hesc/PIQ_batch/temp_ERG//24//positive.tf24-chr22.RData"
[1] "/hpcwork/izkf/projects/TfbsPrediction/Results/Footprints/Predictions/H1hesc/PIQ_batch/temp_ERG//24//positive.tf24-chr3.RData"
[1] "/hpcwork/izkf/projects/TfbsPrediction/Results/Footprints/Predictions/H1hesc/PIQ_batch/temp_ERG//24//positive.tf24-chr4.RData"
[1] "/hpcwork/izkf/projects/TfbsPrediction/Results/Footprints/Predictions/H1hesc/PIQ_batch/temp_ERG//24//positive.tf24-chr5.RData"
[1] "/hpcwork/izkf/projects/TfbsPrediction/Results/Footprints/Predictions/H1hesc/PIQ_batch/temp_ERG//24//positive.tf24-chr6.RData"
[1] "/hpcwork/izkf/projects/TfbsPrediction/Results/Footprints/Predictions/H1hesc/PIQ_batch/temp_ERG//24//positive.tf24-chr7.RData"
[1] "/hpcwork/izkf/projects/TfbsPrediction/Results/Footprints/Predictions/H1hesc/PIQ_batch/temp_ERG//24//positive.tf24-chr8.RData"
[1] "/hpcwork/izkf/projects/TfbsPrediction/Results/Footprints/Predictions/H1hesc/PIQ_batch/temp_ERG//24//positive.tf24-chr9.RData"
[1] "/hpcwork/izkf/projects/TfbsPrediction/Results/Footprints/Predictions/H1hesc/PIQ_batch/temp_ERG//24//positive.tf24-chrM.RData"
[1] "/hpcwork/izkf/projects/TfbsPrediction/Results/Footprints/Predictions/H1hesc/PIQ_batch/temp_ERG//24//positive.tf24-chrX.RData"
[1] "/hpcwork/izkf/projects/TfbsPrediction/Results/Footprints/Predictions/H1hesc/PIQ_batch/temp_ERG//24//positive.tf24-chrY.RData"
[1] "/hpcwork/izkf/projects/TfbsPrediction/Results/Footprints/Predictions/H1hesc/PIQ_batch/temp_ERG//24//background.tf24-chr1.RData"
[1] "/hpcwork/izkf/projects/TfbsPrediction/Results/Footprints/Predictions/H1hesc/PIQ_batch/temp_ERG//24//background.tf24-chr10.RData"
[1] "/hpcwork/izkf/projects/TfbsPrediction/Results/Footprints/Predictions/H1hesc/PIQ_batch/temp_ERG//24//background.tf24-chr11.RData"
[1] "/hpcwork/izkf/projects/TfbsPrediction/Results/Footprints/Predictions/H1hesc/PIQ_batch/temp_ERG//24//background.tf24-chr12.RData"
[1] "/hpcwork/izkf/projects/TfbsPrediction/Results/Footprints/Predictions/H1hesc/PIQ_batch/temp_ERG//24//background.tf24-chr13.RData"
[1] "/hpcwork/izkf/projects/TfbsPrediction/Results/Footprints/Predictions/H1hesc/PIQ_batch/temp_ERG//24//background.tf24-chr14.RData"
[1] "/hpcwork/izkf/projects/TfbsPrediction/Results/Footprints/Predictions/H1hesc/PIQ_batch/temp_ERG//24//background.tf24-chr15.RData"
[1] "/hpcwork/izkf/projects/TfbsPrediction/Results/Footprints/Predictions/H1hesc/PIQ_batch/temp_ERG//24//background.tf24-chr16.RData"
[1] "/hpcwork/izkf/projects/TfbsPrediction/Results/Footprints/Predictions/H1hesc/PIQ_batch/temp_ERG//24//background.tf24-chr17.RData"
[1] "/hpcwork/izkf/projects/TfbsPrediction/Results/Footprints/Predictions/H1hesc/PIQ_batch/temp_ERG//24//background.tf24-chr18.RData"
[1] "/hpcwork/izkf/projects/TfbsPrediction/Results/Footprints/Predictions/H1hesc/PIQ_batch/temp_ERG//24//background.tf24-chr19.RData"
[1] "/hpcwork/izkf/projects/TfbsPrediction/Results/Footprints/Predictions/H1hesc/PIQ_batch/temp_ERG//24//background.tf24-chr2.RData"
[1] "/hpcwork/izkf/projects/TfbsPrediction/Results/Footprints/Predictions/H1hesc/PIQ_batch/temp_ERG//24//background.tf24-chr20.RData"
[1] "/hpcwork/izkf/projects/TfbsPrediction/Results/Footprints/Predictions/H1hesc/PIQ_batch/temp_ERG//24//background.tf24-chr21.RData"
[1] "/hpcwork/izkf/projects/TfbsPrediction/Results/Footprints/Predictions/H1hesc/PIQ_batch/temp_ERG//24//background.tf24-chr22.RData"
[1] "/hpcwork/izkf/projects/TfbsPrediction/Results/Footprints/Predictions/H1hesc/PIQ_batch/temp_ERG//24//background.tf24-chr3.RData"
[1] "/hpcwork/izkf/projects/TfbsPrediction/Results/Footprints/Predictions/H1hesc/PIQ_batch/temp_ERG//24//background.tf24-chr4.RData"
[1] "/hpcwork/izkf/projects/TfbsPrediction/Results/Footprints/Predictions/H1hesc/PIQ_batch/temp_ERG//24//background.tf24-chr5.RData"
[1] "/hpcwork/izkf/projects/TfbsPrediction/Results/Footprints/Predictions/H1hesc/PIQ_batch/temp_ERG//24//background.tf24-chr6.RData"
[1] "/hpcwork/izkf/projects/TfbsPrediction/Results/Footprints/Predictions/H1hesc/PIQ_batch/temp_ERG//24//background.tf24-chr7.RData"
[1] "/hpcwork/izkf/projects/TfbsPrediction/Results/Footprints/Predictions/H1hesc/PIQ_batch/temp_ERG//24//background.tf24-chr8.RData"
[1] "/hpcwork/izkf/projects/TfbsPrediction/Results/Footprints/Predictions/H1hesc/PIQ_batch/temp_ERG//24//background.tf24-chr9.RData"
[1] "/hpcwork/izkf/projects/TfbsPrediction/Results/Footprints/Predictions/H1hesc/PIQ_batch/temp_ERG//24//background.tf24-chrM.RData"
[1] "/hpcwork/izkf/projects/TfbsPrediction/Results/Footprints/Predictions/H1hesc/PIQ_batch/temp_ERG//24//background.tf24-chrX.RData"
[1] "/hpcwork/izkf/projects/TfbsPrediction/Results/Footprints/Predictions/H1hesc/PIQ_batch/temp_ERG//24//background.tf24-chrY.RData"
Time difference of 1.400953 mins
[1] "background.tf24-chr1.RData"
[1] "background.tf24-chr10.RData"
[1] "background.tf24-chr11.RData"
[1] "background.tf24-chr12.RData"
[1] "background.tf24-chr13.RData"
[1] "background.tf24-chr14.RData"
[1] "background.tf24-chr15.RData"
[1] "background.tf24-chr16.RData"
[1] "background.tf24-chr17.RData"
[1] "background.tf24-chr18.RData"
[1] "background.tf24-chr19.RData"
[1] "background.tf24-chr2.RData"
[1] "background.tf24-chr20.RData"
[1] "background.tf24-chr21.RData"
[1] "background.tf24-chr22.RData"
[1] "background.tf24-chr3.RData"
[1] "background.tf24-chr4.RData"
[1] "background.tf24-chr5.RData"
[1] "background.tf24-chr6.RData"
[1] "background.tf24-chr7.RData"
[1] "background.tf24-chr8.RData"
[1] "background.tf24-chr9.RData"
[1] "background.tf24-chrM.RData"
[1] "background.tf24-chrX.RData"
[1] "background.tf24-chrY.RData"
[1] "background.tf24-chr1.RData"
[1] 1136.805
[1] "background.tf24-chr10.RData"
[1] 1270.79
[1] "background.tf24-chr11.RData"
[1] 786.8197
[1] "background.tf24-chr12.RData"
[1] 995.5908
[1] "background.tf24-chr13.RData"
[1] 1244.737
[1] "background.tf24-chr14.RData"
[1] 1470.837
[1] "background.tf24-chr15.RData"
[1] 1344.047
[1] "background.tf24-chr16.RData"
[1] 865.5385
[1] "background.tf24-chr17.RData"
[1] 897.3899
[1] "background.tf24-chr18.RData"
[1] 1149.686
[1] "background.tf24-chr19.RData"
[1] 827.2376
[1] "background.tf24-chr2.RData"
[1] 973.9387
[1] "background.tf24-chr20.RData"
[1] 1084.081
[1] "background.tf24-chr21.RData"
[1] 907.7821
[1] "background.tf24-chr22.RData"
[1] 782.1298
[1] "background.tf24-chr3.RData"
[1] 1155.237
[1] "background.tf24-chr4.RData"
[1] 1321.599
[1] "background.tf24-chr5.RData"
[1] 984.6656
[1] "background.tf24-chr6.RData"
[1] 980.7939
[1] "background.tf24-chr7.RData"
[1] 1197.792
[1] "background.tf24-chr8.RData"
[1] 999.8856
[1] "background.tf24-chr9.RData"
[1] 1710.135
[1] "background.tf24-chrM.RData"
[1] 0
[1] "background.tf24-chrX.RData"
[1] 1276.825
[1] "background.tf24-chrY.RData"
[1] 495.0844
[1] 1
[1] 2
[1] 3
[1] 4
[1] 5
[1] 6
[1] 7
[1] 8
[1] 9
[1] 10
[1] 11
[1] 12
[1] 13
[1] 14
[1] 15
[1] 16
[1] 17
[1] 18
[1] 19
[1] 20
[1] 21
[1] 22
[1] 23
[1] 24
[1] 25
Time difference of 4.151648 mins
> 
> ###
> # do RC
> 
> match.rc = T
> 
> suppressWarnings(source(commonfile))
> if(overwrite==F & file.exists( file.path(outdir,paste0(pwmid,'-diag.rc.pdf')))){
+   stop(paste0('found previous run for ',pwmid,' avoiding overwrite'))
+ }
> 
> debugstring = c('loading pwm.rc','loadbam.rc','clustering.rc','binding outputs.rc')
> 
> tryCatch({
+ phase=0
+ load(paste0(pwmdir,pwmid,'.pwmout.rc.RData'))
+ if(sum(clengths[1])>0){
+ phase=1
+ at<-Sys.time()
+ source('loadbam.r')
+ print(Sys.time()-at);at<-Sys.time()
+ phase=2
+ source('cluster.r')
+ print(Sys.time()-at);at<-Sys.time()
+ phase=3
+ source('bindcall.r')
+ print(Sys.time()-at);at<-Sys.time()
+ }
+ },error = function(e){
+    e$message=paste0('error during ',debugstring[phase+1],'\n','Error msg: ',e$message,'\n Args:',paste0(commandArgs(trailingOnly = TRUE),collapse=':'))
+    stop(e)
+ })
[1] "chr1"
[1] "chr2"
[1] "chr3"
[1] "chr4"
[1] "chr5"
[1] "chr6"
[1] "chr7"
[1] "chr8"
[1] "chr9"
[1] "chr10"
[1] "chr11"
[1] "chr12"
[1] "chr13"
[1] "chr14"
[1] "chr15"
[1] "chr16"
[1] "chr17"
[1] "chr18"
[1] "chr19"
[1] "chr20"
[1] "chr21"
[1] "chr22"
[1] "chrX"
[1] "chrY"
[1] "chrM"
[1] "chr1"
[1] "chr2"
[1] "chr3"
[1] "chr4"
[1] "chr5"
[1] "chr6"
[1] "chr7"
[1] "chr8"
[1] "chr9"
[1] "chr10"
[1] "chr11"
[1] "chr12"
[1] "chr13"
[1] "chr14"
[1] "chr15"
[1] "chr16"
[1] "chr17"
[1] "chr18"
[1] "chr19"
[1] "chr20"
[1] "chr21"
[1] "chr22"
[1] "chrX"
[1] "chrY"
[1] "chrM"
Time difference of 1.991255 mins
[1] "/hpcwork/izkf/projects/TfbsPrediction/Results/Footprints/Predictions/H1hesc/PIQ_batch/temp_ERG//24//positive.tf24-chr1.RData"
[1] "/hpcwork/izkf/projects/TfbsPrediction/Results/Footprints/Predictions/H1hesc/PIQ_batch/temp_ERG//24//positive.tf24-chr10.RData"
[1] "/hpcwork/izkf/projects/TfbsPrediction/Results/Footprints/Predictions/H1hesc/PIQ_batch/temp_ERG//24//positive.tf24-chr11.RData"
[1] "/hpcwork/izkf/projects/TfbsPrediction/Results/Footprints/Predictions/H1hesc/PIQ_batch/temp_ERG//24//positive.tf24-chr12.RData"
[1] "/hpcwork/izkf/projects/TfbsPrediction/Results/Footprints/Predictions/H1hesc/PIQ_batch/temp_ERG//24//positive.tf24-chr13.RData"
[1] "/hpcwork/izkf/projects/TfbsPrediction/Results/Footprints/Predictions/H1hesc/PIQ_batch/temp_ERG//24//positive.tf24-chr14.RData"
[1] "/hpcwork/izkf/projects/TfbsPrediction/Results/Footprints/Predictions/H1hesc/PIQ_batch/temp_ERG//24//positive.tf24-chr15.RData"
[1] "/hpcwork/izkf/projects/TfbsPrediction/Results/Footprints/Predictions/H1hesc/PIQ_batch/temp_ERG//24//positive.tf24-chr16.RData"
[1] "/hpcwork/izkf/projects/TfbsPrediction/Results/Footprints/Predictions/H1hesc/PIQ_batch/temp_ERG//24//positive.tf24-chr17.RData"
[1] "/hpcwork/izkf/projects/TfbsPrediction/Results/Footprints/Predictions/H1hesc/PIQ_batch/temp_ERG//24//positive.tf24-chr18.RData"
[1] "/hpcwork/izkf/projects/TfbsPrediction/Results/Footprints/Predictions/H1hesc/PIQ_batch/temp_ERG//24//positive.tf24-chr19.RData"
[1] "/hpcwork/izkf/projects/TfbsPrediction/Results/Footprints/Predictions/H1hesc/PIQ_batch/temp_ERG//24//positive.tf24-chr2.RData"
[1] "/hpcwork/izkf/projects/TfbsPrediction/Results/Footprints/Predictions/H1hesc/PIQ_batch/temp_ERG//24//positive.tf24-chr20.RData"
[1] "/hpcwork/izkf/projects/TfbsPrediction/Results/Footprints/Predictions/H1hesc/PIQ_batch/temp_ERG//24//positive.tf24-chr21.RData"
[1] "/hpcwork/izkf/projects/TfbsPrediction/Results/Footprints/Predictions/H1hesc/PIQ_batch/temp_ERG//24//positive.tf24-chr22.RData"
[1] "/hpcwork/izkf/projects/TfbsPrediction/Results/Footprints/Predictions/H1hesc/PIQ_batch/temp_ERG//24//positive.tf24-chr3.RData"
[1] "/hpcwork/izkf/projects/TfbsPrediction/Results/Footprints/Predictions/H1hesc/PIQ_batch/temp_ERG//24//positive.tf24-chr4.RData"
[1] "/hpcwork/izkf/projects/TfbsPrediction/Results/Footprints/Predictions/H1hesc/PIQ_batch/temp_ERG//24//positive.tf24-chr5.RData"
[1] "/hpcwork/izkf/projects/TfbsPrediction/Results/Footprints/Predictions/H1hesc/PIQ_batch/temp_ERG//24//positive.tf24-chr6.RData"
[1] "/hpcwork/izkf/projects/TfbsPrediction/Results/Footprints/Predictions/H1hesc/PIQ_batch/temp_ERG//24//positive.tf24-chr7.RData"
[1] "/hpcwork/izkf/projects/TfbsPrediction/Results/Footprints/Predictions/H1hesc/PIQ_batch/temp_ERG//24//positive.tf24-chr8.RData"
[1] "/hpcwork/izkf/projects/TfbsPrediction/Results/Footprints/Predictions/H1hesc/PIQ_batch/temp_ERG//24//positive.tf24-chr9.RData"
[1] "/hpcwork/izkf/projects/TfbsPrediction/Results/Footprints/Predictions/H1hesc/PIQ_batch/temp_ERG//24//positive.tf24-chrM.RData"
[1] "/hpcwork/izkf/projects/TfbsPrediction/Results/Footprints/Predictions/H1hesc/PIQ_batch/temp_ERG//24//positive.tf24-chrX.RData"
[1] "/hpcwork/izkf/projects/TfbsPrediction/Results/Footprints/Predictions/H1hesc/PIQ_batch/temp_ERG//24//positive.tf24-chrY.RData"
[1] "/hpcwork/izkf/projects/TfbsPrediction/Results/Footprints/Predictions/H1hesc/PIQ_batch/temp_ERG//24//background.tf24-chr1.RData"
[1] "/hpcwork/izkf/projects/TfbsPrediction/Results/Footprints/Predictions/H1hesc/PIQ_batch/temp_ERG//24//background.tf24-chr10.RData"
[1] "/hpcwork/izkf/projects/TfbsPrediction/Results/Footprints/Predictions/H1hesc/PIQ_batch/temp_ERG//24//background.tf24-chr11.RData"
[1] "/hpcwork/izkf/projects/TfbsPrediction/Results/Footprints/Predictions/H1hesc/PIQ_batch/temp_ERG//24//background.tf24-chr12.RData"
[1] "/hpcwork/izkf/projects/TfbsPrediction/Results/Footprints/Predictions/H1hesc/PIQ_batch/temp_ERG//24//background.tf24-chr13.RData"
[1] "/hpcwork/izkf/projects/TfbsPrediction/Results/Footprints/Predictions/H1hesc/PIQ_batch/temp_ERG//24//background.tf24-chr14.RData"
[1] "/hpcwork/izkf/projects/TfbsPrediction/Results/Footprints/Predictions/H1hesc/PIQ_batch/temp_ERG//24//background.tf24-chr15.RData"
[1] "/hpcwork/izkf/projects/TfbsPrediction/Results/Footprints/Predictions/H1hesc/PIQ_batch/temp_ERG//24//background.tf24-chr16.RData"
[1] "/hpcwork/izkf/projects/TfbsPrediction/Results/Footprints/Predictions/H1hesc/PIQ_batch/temp_ERG//24//background.tf24-chr17.RData"
[1] "/hpcwork/izkf/projects/TfbsPrediction/Results/Footprints/Predictions/H1hesc/PIQ_batch/temp_ERG//24//background.tf24-chr18.RData"
[1] "/hpcwork/izkf/projects/TfbsPrediction/Results/Footprints/Predictions/H1hesc/PIQ_batch/temp_ERG//24//background.tf24-chr19.RData"
[1] "/hpcwork/izkf/projects/TfbsPrediction/Results/Footprints/Predictions/H1hesc/PIQ_batch/temp_ERG//24//background.tf24-chr2.RData"
[1] "/hpcwork/izkf/projects/TfbsPrediction/Results/Footprints/Predictions/H1hesc/PIQ_batch/temp_ERG//24//background.tf24-chr20.RData"
[1] "/hpcwork/izkf/projects/TfbsPrediction/Results/Footprints/Predictions/H1hesc/PIQ_batch/temp_ERG//24//background.tf24-chr21.RData"
[1] "/hpcwork/izkf/projects/TfbsPrediction/Results/Footprints/Predictions/H1hesc/PIQ_batch/temp_ERG//24//background.tf24-chr22.RData"
[1] "/hpcwork/izkf/projects/TfbsPrediction/Results/Footprints/Predictions/H1hesc/PIQ_batch/temp_ERG//24//background.tf24-chr3.RData"
[1] "/hpcwork/izkf/projects/TfbsPrediction/Results/Footprints/Predictions/H1hesc/PIQ_batch/temp_ERG//24//background.tf24-chr4.RData"
[1] "/hpcwork/izkf/projects/TfbsPrediction/Results/Footprints/Predictions/H1hesc/PIQ_batch/temp_ERG//24//background.tf24-chr5.RData"
[1] "/hpcwork/izkf/projects/TfbsPrediction/Results/Footprints/Predictions/H1hesc/PIQ_batch/temp_ERG//24//background.tf24-chr6.RData"
[1] "/hpcwork/izkf/projects/TfbsPrediction/Results/Footprints/Predictions/H1hesc/PIQ_batch/temp_ERG//24//background.tf24-chr7.RData"
[1] "/hpcwork/izkf/projects/TfbsPrediction/Results/Footprints/Predictions/H1hesc/PIQ_batch/temp_ERG//24//background.tf24-chr8.RData"
[1] "/hpcwork/izkf/projects/TfbsPrediction/Results/Footprints/Predictions/H1hesc/PIQ_batch/temp_ERG//24//background.tf24-chr9.RData"
[1] "/hpcwork/izkf/projects/TfbsPrediction/Results/Footprints/Predictions/H1hesc/PIQ_batch/temp_ERG//24//background.tf24-chrM.RData"
[1] "/hpcwork/izkf/projects/TfbsPrediction/Results/Footprints/Predictions/H1hesc/PIQ_batch/temp_ERG//24//background.tf24-chrX.RData"
[1] "/hpcwork/izkf/projects/TfbsPrediction/Results/Footprints/Predictions/H1hesc/PIQ_batch/temp_ERG//24//background.tf24-chrY.RData"
Time difference of 1.365668 mins
[1] "background.tf24-chr1.RData"
[1] "background.tf24-chr10.RData"
[1] "background.tf24-chr11.RData"
[1] "background.tf24-chr12.RData"
[1] "background.tf24-chr13.RData"
[1] "background.tf24-chr14.RData"
[1] "background.tf24-chr15.RData"
[1] "background.tf24-chr16.RData"
[1] "background.tf24-chr17.RData"
[1] "background.tf24-chr18.RData"
[1] "background.tf24-chr19.RData"
[1] "background.tf24-chr2.RData"
[1] "background.tf24-chr20.RData"
[1] "background.tf24-chr21.RData"
[1] "background.tf24-chr22.RData"
[1] "background.tf24-chr3.RData"
[1] "background.tf24-chr4.RData"
[1] "background.tf24-chr5.RData"
[1] "background.tf24-chr6.RData"
[1] "background.tf24-chr7.RData"
[1] "background.tf24-chr8.RData"
[1] "background.tf24-chr9.RData"
[1] "background.tf24-chrM.RData"
[1] "background.tf24-chrX.RData"
[1] "background.tf24-chrY.RData"
[1] "background.tf24-chr1.RData"
[1] 1254.407
[1] "background.tf24-chr10.RData"
[1] 1163.862
[1] "background.tf24-chr11.RData"
[1] 982.0944
[1] "background.tf24-chr12.RData"
[1] 1245.733
[1] "background.tf24-chr13.RData"
[1] 1075.21
[1] "background.tf24-chr14.RData"
[1] 1451.864
[1] "background.tf24-chr15.RData"
[1] 1016.542
[1] "background.tf24-chr16.RData"
[1] 1341.617
[1] "background.tf24-chr17.RData"
[1] 932.3266
[1] "background.tf24-chr18.RData"
[1] 1018.439
[1] "background.tf24-chr19.RData"
[1] 898.3743
[1] "background.tf24-chr2.RData"
[1] 1397.646
[1] "background.tf24-chr20.RData"
[1] 838.8368
[1] "background.tf24-chr21.RData"
[1] 1076.709
[1] "background.tf24-chr22.RData"
[1] 814.7079
[1] "background.tf24-chr3.RData"
[1] 1065.289
[1] "background.tf24-chr4.RData"
[1] 1492.417
[1] "background.tf24-chr5.RData"
[1] 878.2335
[1] "background.tf24-chr6.RData"
[1] 1198.661
[1] "background.tf24-chr7.RData"
[1] 1074.792
[1] "background.tf24-chr8.RData"
[1] 974.863
[1] "background.tf24-chr9.RData"
[1] 1175.529
[1] "background.tf24-chrM.RData"
[1] 0
[1] "background.tf24-chrX.RData"
[1] 705.9016
[1] "background.tf24-chrY.RData"
[1] 857.175
[1] 1
[1] 2
[1] 3
[1] 4
[1] 5
[1] 6
[1] 7
[1] 8
[1] 9
[1] 10
[1] 11
[1] 12
[1] 13
[1] 14
[1] 15
[1] 16
[1] 17
[1] 18
[1] 19
[1] 20
[1] 21
[1] 22
[1] 23
[1] 24
[1] 25
Time difference of 4.100432 mins
> 


PS:

Read file <H1hesc_ERG_APQ_err.txt> for stderr output of this job.

