Sender: LSF System <lsfadmin@linuxbmc0120>
Subject: Job 24442718: <H1hesc_FOXA1_APQ> in cluster <rcc> Done

Job <H1hesc_FOXA1_APQ> was submitted from host <cluster> by user <eg474423> in cluster <rcc>.
Job was executed on host(s) <linuxbmc0120>, in queue <normal>, as user <eg474423> in cluster <rcc>.
</home/eg474423> was used as the home directory.
</work/eg474423/eg474423_Projects/trunk/TfbsPrediction/Code/CompetingMethods/Pipeline> was used as the working directory.
Started at Tue Oct 20 18:55:15 2015
Results reported on Tue Oct 20 19:11:19 2015

Your job looked like:

------------------------------------------------------------
# LSBATCH: User input
./applyPIQ_pipeline.zsh 33 FOXA1 /hpcwork/izkf/projects/TfbsPrediction/Results/MPBSAWG/PIQ_batch/ /hpcwork/izkf/projects/TfbsPrediction/Results/Signals/Counts/DU_H1hesc/PIQ/DNase.RData /hpcwork/izkf/projects/TfbsPrediction/Results/Footprints/Predictions/H1hesc/PIQ_batch/
------------------------------------------------------------

Successfully completed.

Resource usage summary:

    CPU time :                                   963.01 sec.
    Max Memory :                                 2981 MB
    Average Memory :                             2155.03 MB
    Total Requested Memory :                     12000.00 MB
    Delta Memory :                               9019.00 MB
    Max Processes :                              8
    Max Threads :                                9

The output (if any) follows:

> args <- commandArgs(trailingOnly = TRUE)
> print(args)
[1] "common.r"                                                                                         
[2] "/hpcwork/izkf/projects/TfbsPrediction/Results/MPBSAWG/PIQ_batch/"                                 
[3] "/hpcwork/izkf/projects/TfbsPrediction/Results/Footprints/Predictions/H1hesc/PIQ_batch/temp_FOXA1/"
[4] "/hpcwork/izkf/projects/TfbsPrediction/Results/Footprints/Predictions/H1hesc/PIQ_batch/res_FOXA1/" 
[5] "/hpcwork/izkf/projects/TfbsPrediction/Results/Signals/Counts/DU_H1hesc/PIQ/DNase.RData"           
[6] "33"                                                                                               
> 
> #location of common.r containing runtime parameters
> commonfile = args[1]
> 
> #directory where pwm matches are stored
> pwmdir = args[2]
> 
> #directory to use as fast temporary storage
> tmpdir = args[3]
> 
> #location of output calls
> outdir = args[4]
> 
> #location of the bam RData file made by bam2rdata.r
> bamfile = args[5]
> 
> #which pwm file to use in pwmdir
> pwmid = args[6]
> 
> ###
> # do FW
> 
> match.rc = F
> dump.chropen = F
> 
> two.pass = F
> suppressWarnings(source(commonfile))
> if(overwrite==F & file.exists( file.path(outdir,paste0(pwmid,'-diag.pdf')))){
+   stop(paste0('found previous run for ',pwmid,' avoiding overwrite'))
+ }
> 
> debugstring = c('loading pwm','loadbam','clustering','binding outputs')
> 
> dump.bed = T
> 
> tryCatch({
+ phase=0
+ load(paste0(pwmdir,pwmid,'.pwmout.RData'))
+ if(sum(clengths[1])>0){
+ phase=1
+ at<-Sys.time()
+ source('loadbam.r')
+ print(Sys.time()-at);at<-Sys.time()
+ phase=2
+ source('cluster.r')
+ print(Sys.time()-at);at<-Sys.time()
+ phase=3
+ source('bindcall.r')
+ print(Sys.time()-at);at<-Sys.time()
+ }
+ },error = function(e){
+    e$message=paste0('error during ',debugstring[phase+1],'\n','Error msg: ',e$message,'\n Args:',paste0(commandArgs(trailingOnly = TRUE),collapse=':'))
+    stop(e)
+ })
[1] "chr1"
[1] "chr2"
[1] "chr3"
[1] "chr4"
[1] "chr5"
[1] "chr6"
[1] "chr7"
[1] "chr8"
[1] "chr9"
[1] "chr10"
[1] "chr11"
[1] "chr12"
[1] "chr13"
[1] "chr14"
[1] "chr15"
[1] "chr16"
[1] "chr17"
[1] "chr18"
[1] "chr19"
[1] "chr20"
[1] "chr21"
[1] "chr22"
[1] "chrX"
[1] "chrY"
[1] "chrM"
[1] "chr1"
[1] "chr2"
[1] "chr3"
[1] "chr4"
[1] "chr5"
[1] "chr6"
[1] "chr7"
[1] "chr8"
[1] "chr9"
[1] "chr10"
[1] "chr11"
[1] "chr12"
[1] "chr13"
[1] "chr14"
[1] "chr15"
[1] "chr16"
[1] "chr17"
[1] "chr18"
[1] "chr19"
[1] "chr20"
[1] "chr21"
[1] "chr22"
[1] "chrX"
[1] "chrY"
[1] "chrM"
Time difference of 1.592412 mins
[1] "/hpcwork/izkf/projects/TfbsPrediction/Results/Footprints/Predictions/H1hesc/PIQ_batch/temp_FOXA1//33//positive.tf33-chr1.RData"
[1] "/hpcwork/izkf/projects/TfbsPrediction/Results/Footprints/Predictions/H1hesc/PIQ_batch/temp_FOXA1//33//positive.tf33-chr10.RData"
[1] "/hpcwork/izkf/projects/TfbsPrediction/Results/Footprints/Predictions/H1hesc/PIQ_batch/temp_FOXA1//33//positive.tf33-chr11.RData"
[1] "/hpcwork/izkf/projects/TfbsPrediction/Results/Footprints/Predictions/H1hesc/PIQ_batch/temp_FOXA1//33//positive.tf33-chr12.RData"
[1] "/hpcwork/izkf/projects/TfbsPrediction/Results/Footprints/Predictions/H1hesc/PIQ_batch/temp_FOXA1//33//positive.tf33-chr13.RData"
[1] "/hpcwork/izkf/projects/TfbsPrediction/Results/Footprints/Predictions/H1hesc/PIQ_batch/temp_FOXA1//33//positive.tf33-chr14.RData"
[1] "/hpcwork/izkf/projects/TfbsPrediction/Results/Footprints/Predictions/H1hesc/PIQ_batch/temp_FOXA1//33//positive.tf33-chr15.RData"
[1] "/hpcwork/izkf/projects/TfbsPrediction/Results/Footprints/Predictions/H1hesc/PIQ_batch/temp_FOXA1//33//positive.tf33-chr16.RData"
[1] "/hpcwork/izkf/projects/TfbsPrediction/Results/Footprints/Predictions/H1hesc/PIQ_batch/temp_FOXA1//33//positive.tf33-chr17.RData"
[1] "/hpcwork/izkf/projects/TfbsPrediction/Results/Footprints/Predictions/H1hesc/PIQ_batch/temp_FOXA1//33//positive.tf33-chr18.RData"
[1] "/hpcwork/izkf/projects/TfbsPrediction/Results/Footprints/Predictions/H1hesc/PIQ_batch/temp_FOXA1//33//positive.tf33-chr19.RData"
[1] "/hpcwork/izkf/projects/TfbsPrediction/Results/Footprints/Predictions/H1hesc/PIQ_batch/temp_FOXA1//33//positive.tf33-chr2.RData"
[1] "/hpcwork/izkf/projects/TfbsPrediction/Results/Footprints/Predictions/H1hesc/PIQ_batch/temp_FOXA1//33//positive.tf33-chr20.RData"
[1] "/hpcwork/izkf/projects/TfbsPrediction/Results/Footprints/Predictions/H1hesc/PIQ_batch/temp_FOXA1//33//positive.tf33-chr21.RData"
[1] "/hpcwork/izkf/projects/TfbsPrediction/Results/Footprints/Predictions/H1hesc/PIQ_batch/temp_FOXA1//33//positive.tf33-chr22.RData"
[1] "/hpcwork/izkf/projects/TfbsPrediction/Results/Footprints/Predictions/H1hesc/PIQ_batch/temp_FOXA1//33//positive.tf33-chr3.RData"
[1] "/hpcwork/izkf/projects/TfbsPrediction/Results/Footprints/Predictions/H1hesc/PIQ_batch/temp_FOXA1//33//positive.tf33-chr4.RData"
[1] "/hpcwork/izkf/projects/TfbsPrediction/Results/Footprints/Predictions/H1hesc/PIQ_batch/temp_FOXA1//33//positive.tf33-chr5.RData"
[1] "/hpcwork/izkf/projects/TfbsPrediction/Results/Footprints/Predictions/H1hesc/PIQ_batch/temp_FOXA1//33//positive.tf33-chr6.RData"
[1] "/hpcwork/izkf/projects/TfbsPrediction/Results/Footprints/Predictions/H1hesc/PIQ_batch/temp_FOXA1//33//positive.tf33-chr7.RData"
[1] "/hpcwork/izkf/projects/TfbsPrediction/Results/Footprints/Predictions/H1hesc/PIQ_batch/temp_FOXA1//33//positive.tf33-chr8.RData"
[1] "/hpcwork/izkf/projects/TfbsPrediction/Results/Footprints/Predictions/H1hesc/PIQ_batch/temp_FOXA1//33//positive.tf33-chr9.RData"
[1] "/hpcwork/izkf/projects/TfbsPrediction/Results/Footprints/Predictions/H1hesc/PIQ_batch/temp_FOXA1//33//positive.tf33-chrM.RData"
[1] "/hpcwork/izkf/projects/TfbsPrediction/Results/Footprints/Predictions/H1hesc/PIQ_batch/temp_FOXA1//33//positive.tf33-chrX.RData"
[1] "/hpcwork/izkf/projects/TfbsPrediction/Results/Footprints/Predictions/H1hesc/PIQ_batch/temp_FOXA1//33//positive.tf33-chrY.RData"
[1] "/hpcwork/izkf/projects/TfbsPrediction/Results/Footprints/Predictions/H1hesc/PIQ_batch/temp_FOXA1//33//background.tf33-chr1.RData"
[1] "/hpcwork/izkf/projects/TfbsPrediction/Results/Footprints/Predictions/H1hesc/PIQ_batch/temp_FOXA1//33//background.tf33-chr10.RData"
[1] "/hpcwork/izkf/projects/TfbsPrediction/Results/Footprints/Predictions/H1hesc/PIQ_batch/temp_FOXA1//33//background.tf33-chr11.RData"
[1] "/hpcwork/izkf/projects/TfbsPrediction/Results/Footprints/Predictions/H1hesc/PIQ_batch/temp_FOXA1//33//background.tf33-chr12.RData"
[1] "/hpcwork/izkf/projects/TfbsPrediction/Results/Footprints/Predictions/H1hesc/PIQ_batch/temp_FOXA1//33//background.tf33-chr13.RData"
[1] "/hpcwork/izkf/projects/TfbsPrediction/Results/Footprints/Predictions/H1hesc/PIQ_batch/temp_FOXA1//33//background.tf33-chr14.RData"
[1] "/hpcwork/izkf/projects/TfbsPrediction/Results/Footprints/Predictions/H1hesc/PIQ_batch/temp_FOXA1//33//background.tf33-chr15.RData"
[1] "/hpcwork/izkf/projects/TfbsPrediction/Results/Footprints/Predictions/H1hesc/PIQ_batch/temp_FOXA1//33//background.tf33-chr16.RData"
[1] "/hpcwork/izkf/projects/TfbsPrediction/Results/Footprints/Predictions/H1hesc/PIQ_batch/temp_FOXA1//33//background.tf33-chr17.RData"
[1] "/hpcwork/izkf/projects/TfbsPrediction/Results/Footprints/Predictions/H1hesc/PIQ_batch/temp_FOXA1//33//background.tf33-chr18.RData"
[1] "/hpcwork/izkf/projects/TfbsPrediction/Results/Footprints/Predictions/H1hesc/PIQ_batch/temp_FOXA1//33//background.tf33-chr19.RData"
[1] "/hpcwork/izkf/projects/TfbsPrediction/Results/Footprints/Predictions/H1hesc/PIQ_batch/temp_FOXA1//33//background.tf33-chr2.RData"
[1] "/hpcwork/izkf/projects/TfbsPrediction/Results/Footprints/Predictions/H1hesc/PIQ_batch/temp_FOXA1//33//background.tf33-chr20.RData"
[1] "/hpcwork/izkf/projects/TfbsPrediction/Results/Footprints/Predictions/H1hesc/PIQ_batch/temp_FOXA1//33//background.tf33-chr21.RData"
[1] "/hpcwork/izkf/projects/TfbsPrediction/Results/Footprints/Predictions/H1hesc/PIQ_batch/temp_FOXA1//33//background.tf33-chr22.RData"
[1] "/hpcwork/izkf/projects/TfbsPrediction/Results/Footprints/Predictions/H1hesc/PIQ_batch/temp_FOXA1//33//background.tf33-chr3.RData"
[1] "/hpcwork/izkf/projects/TfbsPrediction/Results/Footprints/Predictions/H1hesc/PIQ_batch/temp_FOXA1//33//background.tf33-chr4.RData"
[1] "/hpcwork/izkf/projects/TfbsPrediction/Results/Footprints/Predictions/H1hesc/PIQ_batch/temp_FOXA1//33//background.tf33-chr5.RData"
[1] "/hpcwork/izkf/projects/TfbsPrediction/Results/Footprints/Predictions/H1hesc/PIQ_batch/temp_FOXA1//33//background.tf33-chr6.RData"
[1] "/hpcwork/izkf/projects/TfbsPrediction/Results/Footprints/Predictions/H1hesc/PIQ_batch/temp_FOXA1//33//background.tf33-chr7.RData"
[1] "/hpcwork/izkf/projects/TfbsPrediction/Results/Footprints/Predictions/H1hesc/PIQ_batch/temp_FOXA1//33//background.tf33-chr8.RData"
[1] "/hpcwork/izkf/projects/TfbsPrediction/Results/Footprints/Predictions/H1hesc/PIQ_batch/temp_FOXA1//33//background.tf33-chr9.RData"
[1] "/hpcwork/izkf/projects/TfbsPrediction/Results/Footprints/Predictions/H1hesc/PIQ_batch/temp_FOXA1//33//background.tf33-chrM.RData"
[1] "/hpcwork/izkf/projects/TfbsPrediction/Results/Footprints/Predictions/H1hesc/PIQ_batch/temp_FOXA1//33//background.tf33-chrX.RData"
[1] "/hpcwork/izkf/projects/TfbsPrediction/Results/Footprints/Predictions/H1hesc/PIQ_batch/temp_FOXA1//33//background.tf33-chrY.RData"
Time difference of 1.117004 mins
[1] "background.tf33-chr1.RData"
[1] "background.tf33-chr10.RData"
[1] "background.tf33-chr11.RData"
[1] "background.tf33-chr12.RData"
[1] "background.tf33-chr13.RData"
[1] "background.tf33-chr14.RData"
[1] "background.tf33-chr15.RData"
[1] "background.tf33-chr16.RData"
[1] "background.tf33-chr17.RData"
[1] "background.tf33-chr18.RData"
[1] "background.tf33-chr19.RData"
[1] "background.tf33-chr2.RData"
[1] "background.tf33-chr20.RData"
[1] "background.tf33-chr21.RData"
[1] "background.tf33-chr22.RData"
[1] "background.tf33-chr3.RData"
[1] "background.tf33-chr4.RData"
[1] "background.tf33-chr5.RData"
[1] "background.tf33-chr6.RData"
[1] "background.tf33-chr7.RData"
[1] "background.tf33-chr8.RData"
[1] "background.tf33-chr9.RData"
[1] "background.tf33-chrM.RData"
[1] "background.tf33-chrX.RData"
[1] "background.tf33-chrY.RData"
[1] "background.tf33-chr1.RData"
[1] 1259.151
[1] "background.tf33-chr10.RData"
[1] 972.7572
[1] "background.tf33-chr11.RData"
[1] 707.4251
[1] "background.tf33-chr12.RData"
[1] 1108.655
[1] "background.tf33-chr13.RData"
[1] 1114.726
[1] "background.tf33-chr14.RData"
[1] 785.2883
[1] "background.tf33-chr15.RData"
[1] 901.6224
[1] "background.tf33-chr16.RData"
[1] 893.1281
[1] "background.tf33-chr17.RData"
[1] 884.0832
[1] "background.tf33-chr18.RData"
[1] 959.6681
[1] "background.tf33-chr19.RData"
[1] 846.1867
[1] "background.tf33-chr2.RData"
[1] 1401.476
[1] "background.tf33-chr20.RData"
[1] 1423.818
[1] "background.tf33-chr21.RData"
[1] 883.6841
[1] "background.tf33-chr22.RData"
[1] 745.4131
[1] "background.tf33-chr3.RData"
[1] 1266.241
[1] "background.tf33-chr4.RData"
[1] 1373.804
[1] "background.tf33-chr5.RData"
[1] 1180.92
[1] "background.tf33-chr6.RData"
[1] 1116.076
[1] "background.tf33-chr7.RData"
[1] 857.3349
[1] "background.tf33-chr8.RData"
[1] 1079.495
[1] "background.tf33-chr9.RData"
[1] 1174.972
[1] "background.tf33-chrM.RData"
[1] 61.55398
[1] "background.tf33-chrX.RData"
[1] 1049.655
[1] "background.tf33-chrY.RData"
[1] 631.4156
[1] 1
[1] 2
[1] 3
[1] 4
[1] 5
[1] 6
[1] 7
[1] 8
[1] 9
[1] 10
[1] 11
[1] 12
[1] 13
[1] 14
[1] 15
[1] 16
[1] 17
[1] 18
[1] 19
[1] 20
[1] 21
[1] 22
[1] 23
[1] 24
[1] 25
Time difference of 4.762816 mins
> 
> ###
> # do RC
> 
> match.rc = T
> 
> suppressWarnings(source(commonfile))
> if(overwrite==F & file.exists( file.path(outdir,paste0(pwmid,'-diag.rc.pdf')))){
+   stop(paste0('found previous run for ',pwmid,' avoiding overwrite'))
+ }
> 
> debugstring = c('loading pwm.rc','loadbam.rc','clustering.rc','binding outputs.rc')
> 
> tryCatch({
+ phase=0
+ load(paste0(pwmdir,pwmid,'.pwmout.rc.RData'))
+ if(sum(clengths[1])>0){
+ phase=1
+ at<-Sys.time()
+ source('loadbam.r')
+ print(Sys.time()-at);at<-Sys.time()
+ phase=2
+ source('cluster.r')
+ print(Sys.time()-at);at<-Sys.time()
+ phase=3
+ source('bindcall.r')
+ print(Sys.time()-at);at<-Sys.time()
+ }
+ },error = function(e){
+    e$message=paste0('error during ',debugstring[phase+1],'\n','Error msg: ',e$message,'\n Args:',paste0(commandArgs(trailingOnly = TRUE),collapse=':'))
+    stop(e)
+ })
[1] "chr1"
[1] "chr2"
[1] "chr3"
[1] "chr4"
[1] "chr5"
[1] "chr6"
[1] "chr7"
[1] "chr8"
[1] "chr9"
[1] "chr10"
[1] "chr11"
[1] "chr12"
[1] "chr13"
[1] "chr14"
[1] "chr15"
[1] "chr16"
[1] "chr17"
[1] "chr18"
[1] "chr19"
[1] "chr20"
[1] "chr21"
[1] "chr22"
[1] "chrX"
[1] "chrY"
[1] "chrM"
[1] "chr1"
[1] "chr2"
[1] "chr3"
[1] "chr4"
[1] "chr5"
[1] "chr6"
[1] "chr7"
[1] "chr8"
[1] "chr9"
[1] "chr10"
[1] "chr11"
[1] "chr12"
[1] "chr13"
[1] "chr14"
[1] "chr15"
[1] "chr16"
[1] "chr17"
[1] "chr18"
[1] "chr19"
[1] "chr20"
[1] "chr21"
[1] "chr22"
[1] "chrX"
[1] "chrY"
[1] "chrM"
Time difference of 2.118909 mins
[1] "/hpcwork/izkf/projects/TfbsPrediction/Results/Footprints/Predictions/H1hesc/PIQ_batch/temp_FOXA1//33//positive.tf33-chr1.RData"
[1] "/hpcwork/izkf/projects/TfbsPrediction/Results/Footprints/Predictions/H1hesc/PIQ_batch/temp_FOXA1//33//positive.tf33-chr10.RData"
[1] "/hpcwork/izkf/projects/TfbsPrediction/Results/Footprints/Predictions/H1hesc/PIQ_batch/temp_FOXA1//33//positive.tf33-chr11.RData"
[1] "/hpcwork/izkf/projects/TfbsPrediction/Results/Footprints/Predictions/H1hesc/PIQ_batch/temp_FOXA1//33//positive.tf33-chr12.RData"
[1] "/hpcwork/izkf/projects/TfbsPrediction/Results/Footprints/Predictions/H1hesc/PIQ_batch/temp_FOXA1//33//positive.tf33-chr13.RData"
[1] "/hpcwork/izkf/projects/TfbsPrediction/Results/Footprints/Predictions/H1hesc/PIQ_batch/temp_FOXA1//33//positive.tf33-chr14.RData"
[1] "/hpcwork/izkf/projects/TfbsPrediction/Results/Footprints/Predictions/H1hesc/PIQ_batch/temp_FOXA1//33//positive.tf33-chr15.RData"
[1] "/hpcwork/izkf/projects/TfbsPrediction/Results/Footprints/Predictions/H1hesc/PIQ_batch/temp_FOXA1//33//positive.tf33-chr16.RData"
[1] "/hpcwork/izkf/projects/TfbsPrediction/Results/Footprints/Predictions/H1hesc/PIQ_batch/temp_FOXA1//33//positive.tf33-chr17.RData"
[1] "/hpcwork/izkf/projects/TfbsPrediction/Results/Footprints/Predictions/H1hesc/PIQ_batch/temp_FOXA1//33//positive.tf33-chr18.RData"
[1] "/hpcwork/izkf/projects/TfbsPrediction/Results/Footprints/Predictions/H1hesc/PIQ_batch/temp_FOXA1//33//positive.tf33-chr19.RData"
[1] "/hpcwork/izkf/projects/TfbsPrediction/Results/Footprints/Predictions/H1hesc/PIQ_batch/temp_FOXA1//33//positive.tf33-chr2.RData"
[1] "/hpcwork/izkf/projects/TfbsPrediction/Results/Footprints/Predictions/H1hesc/PIQ_batch/temp_FOXA1//33//positive.tf33-chr20.RData"
[1] "/hpcwork/izkf/projects/TfbsPrediction/Results/Footprints/Predictions/H1hesc/PIQ_batch/temp_FOXA1//33//positive.tf33-chr21.RData"
[1] "/hpcwork/izkf/projects/TfbsPrediction/Results/Footprints/Predictions/H1hesc/PIQ_batch/temp_FOXA1//33//positive.tf33-chr22.RData"
[1] "/hpcwork/izkf/projects/TfbsPrediction/Results/Footprints/Predictions/H1hesc/PIQ_batch/temp_FOXA1//33//positive.tf33-chr3.RData"
[1] "/hpcwork/izkf/projects/TfbsPrediction/Results/Footprints/Predictions/H1hesc/PIQ_batch/temp_FOXA1//33//positive.tf33-chr4.RData"
[1] "/hpcwork/izkf/projects/TfbsPrediction/Results/Footprints/Predictions/H1hesc/PIQ_batch/temp_FOXA1//33//positive.tf33-chr5.RData"
[1] "/hpcwork/izkf/projects/TfbsPrediction/Results/Footprints/Predictions/H1hesc/PIQ_batch/temp_FOXA1//33//positive.tf33-chr6.RData"
[1] "/hpcwork/izkf/projects/TfbsPrediction/Results/Footprints/Predictions/H1hesc/PIQ_batch/temp_FOXA1//33//positive.tf33-chr7.RData"
[1] "/hpcwork/izkf/projects/TfbsPrediction/Results/Footprints/Predictions/H1hesc/PIQ_batch/temp_FOXA1//33//positive.tf33-chr8.RData"
[1] "/hpcwork/izkf/projects/TfbsPrediction/Results/Footprints/Predictions/H1hesc/PIQ_batch/temp_FOXA1//33//positive.tf33-chr9.RData"
[1] "/hpcwork/izkf/projects/TfbsPrediction/Results/Footprints/Predictions/H1hesc/PIQ_batch/temp_FOXA1//33//positive.tf33-chrM.RData"
[1] "/hpcwork/izkf/projects/TfbsPrediction/Results/Footprints/Predictions/H1hesc/PIQ_batch/temp_FOXA1//33//positive.tf33-chrX.RData"
[1] "/hpcwork/izkf/projects/TfbsPrediction/Results/Footprints/Predictions/H1hesc/PIQ_batch/temp_FOXA1//33//positive.tf33-chrY.RData"
[1] "/hpcwork/izkf/projects/TfbsPrediction/Results/Footprints/Predictions/H1hesc/PIQ_batch/temp_FOXA1//33//background.tf33-chr1.RData"
[1] "/hpcwork/izkf/projects/TfbsPrediction/Results/Footprints/Predictions/H1hesc/PIQ_batch/temp_FOXA1//33//background.tf33-chr10.RData"
[1] "/hpcwork/izkf/projects/TfbsPrediction/Results/Footprints/Predictions/H1hesc/PIQ_batch/temp_FOXA1//33//background.tf33-chr11.RData"
[1] "/hpcwork/izkf/projects/TfbsPrediction/Results/Footprints/Predictions/H1hesc/PIQ_batch/temp_FOXA1//33//background.tf33-chr12.RData"
[1] "/hpcwork/izkf/projects/TfbsPrediction/Results/Footprints/Predictions/H1hesc/PIQ_batch/temp_FOXA1//33//background.tf33-chr13.RData"
[1] "/hpcwork/izkf/projects/TfbsPrediction/Results/Footprints/Predictions/H1hesc/PIQ_batch/temp_FOXA1//33//background.tf33-chr14.RData"
[1] "/hpcwork/izkf/projects/TfbsPrediction/Results/Footprints/Predictions/H1hesc/PIQ_batch/temp_FOXA1//33//background.tf33-chr15.RData"
[1] "/hpcwork/izkf/projects/TfbsPrediction/Results/Footprints/Predictions/H1hesc/PIQ_batch/temp_FOXA1//33//background.tf33-chr16.RData"
[1] "/hpcwork/izkf/projects/TfbsPrediction/Results/Footprints/Predictions/H1hesc/PIQ_batch/temp_FOXA1//33//background.tf33-chr17.RData"
[1] "/hpcwork/izkf/projects/TfbsPrediction/Results/Footprints/Predictions/H1hesc/PIQ_batch/temp_FOXA1//33//background.tf33-chr18.RData"
[1] "/hpcwork/izkf/projects/TfbsPrediction/Results/Footprints/Predictions/H1hesc/PIQ_batch/temp_FOXA1//33//background.tf33-chr19.RData"
[1] "/hpcwork/izkf/projects/TfbsPrediction/Results/Footprints/Predictions/H1hesc/PIQ_batch/temp_FOXA1//33//background.tf33-chr2.RData"
[1] "/hpcwork/izkf/projects/TfbsPrediction/Results/Footprints/Predictions/H1hesc/PIQ_batch/temp_FOXA1//33//background.tf33-chr20.RData"
[1] "/hpcwork/izkf/projects/TfbsPrediction/Results/Footprints/Predictions/H1hesc/PIQ_batch/temp_FOXA1//33//background.tf33-chr21.RData"
[1] "/hpcwork/izkf/projects/TfbsPrediction/Results/Footprints/Predictions/H1hesc/PIQ_batch/temp_FOXA1//33//background.tf33-chr22.RData"
[1] "/hpcwork/izkf/projects/TfbsPrediction/Results/Footprints/Predictions/H1hesc/PIQ_batch/temp_FOXA1//33//background.tf33-chr3.RData"
[1] "/hpcwork/izkf/projects/TfbsPrediction/Results/Footprints/Predictions/H1hesc/PIQ_batch/temp_FOXA1//33//background.tf33-chr4.RData"
[1] "/hpcwork/izkf/projects/TfbsPrediction/Results/Footprints/Predictions/H1hesc/PIQ_batch/temp_FOXA1//33//background.tf33-chr5.RData"
[1] "/hpcwork/izkf/projects/TfbsPrediction/Results/Footprints/Predictions/H1hesc/PIQ_batch/temp_FOXA1//33//background.tf33-chr6.RData"
[1] "/hpcwork/izkf/projects/TfbsPrediction/Results/Footprints/Predictions/H1hesc/PIQ_batch/temp_FOXA1//33//background.tf33-chr7.RData"
[1] "/hpcwork/izkf/projects/TfbsPrediction/Results/Footprints/Predictions/H1hesc/PIQ_batch/temp_FOXA1//33//background.tf33-chr8.RData"
[1] "/hpcwork/izkf/projects/TfbsPrediction/Results/Footprints/Predictions/H1hesc/PIQ_batch/temp_FOXA1//33//background.tf33-chr9.RData"
[1] "/hpcwork/izkf/projects/TfbsPrediction/Results/Footprints/Predictions/H1hesc/PIQ_batch/temp_FOXA1//33//background.tf33-chrM.RData"
[1] "/hpcwork/izkf/projects/TfbsPrediction/Results/Footprints/Predictions/H1hesc/PIQ_batch/temp_FOXA1//33//background.tf33-chrX.RData"
[1] "/hpcwork/izkf/projects/TfbsPrediction/Results/Footprints/Predictions/H1hesc/PIQ_batch/temp_FOXA1//33//background.tf33-chrY.RData"
Time difference of 1.20211 mins
[1] "background.tf33-chr1.RData"
[1] "background.tf33-chr10.RData"
[1] "background.tf33-chr11.RData"
[1] "background.tf33-chr12.RData"
[1] "background.tf33-chr13.RData"
[1] "background.tf33-chr14.RData"
[1] "background.tf33-chr15.RData"
[1] "background.tf33-chr16.RData"
[1] "background.tf33-chr17.RData"
[1] "background.tf33-chr18.RData"
[1] "background.tf33-chr19.RData"
[1] "background.tf33-chr2.RData"
[1] "background.tf33-chr20.RData"
[1] "background.tf33-chr21.RData"
[1] "background.tf33-chr22.RData"
[1] "background.tf33-chr3.RData"
[1] "background.tf33-chr4.RData"
[1] "background.tf33-chr5.RData"
[1] "background.tf33-chr6.RData"
[1] "background.tf33-chr7.RData"
[1] "background.tf33-chr8.RData"
[1] "background.tf33-chr9.RData"
[1] "background.tf33-chrM.RData"
[1] "background.tf33-chrX.RData"
[1] "background.tf33-chrY.RData"
[1] "background.tf33-chr1.RData"
[1] 1125.927
[1] "background.tf33-chr10.RData"
[1] 919.2803
[1] "background.tf33-chr11.RData"
[1] 739.197
[1] "background.tf33-chr12.RData"
[1] 952.7825
[1] "background.tf33-chr13.RData"
[1] 1164.838
[1] "background.tf33-chr14.RData"
[1] 932.1228
[1] "background.tf33-chr15.RData"
[1] 1118.429
[1] "background.tf33-chr16.RData"
[1] 1049.037
[1] "background.tf33-chr17.RData"
[1] 842.6112
[1] "background.tf33-chr18.RData"
[1] 1100.072
[1] "background.tf33-chr19.RData"
[1] 652.7861
[1] "background.tf33-chr2.RData"
[1] 1005.95
[1] "background.tf33-chr20.RData"
[1] 760.3912
[1] "background.tf33-chr21.RData"
[1] 887.4103
[1] "background.tf33-chr22.RData"
[1] 787.3254
[1] "background.tf33-chr3.RData"
[1] 966.8789
[1] "background.tf33-chr4.RData"
[1] 1349.86
[1] "background.tf33-chr5.RData"
[1] 1007.094
[1] "background.tf33-chr6.RData"
[1] 863.2152
[1] "background.tf33-chr7.RData"
[1] 1014.965
[1] "background.tf33-chr8.RData"
[1] 967.1004
[1] "background.tf33-chr9.RData"
[1] 1126.279
[1] "background.tf33-chrM.RData"
[1] 80.28534
[1] "background.tf33-chrX.RData"
[1] 945.2966
[1] "background.tf33-chrY.RData"
[1] 610.458
[1] 1
[1] 2
[1] 3
[1] 4
[1] 5
[1] 6
[1] 7
[1] 8
[1] 9
[1] 10
[1] 11
[1] 12
[1] 13
[1] 14
[1] 15
[1] 16
[1] 17
[1] 18
[1] 19
[1] 20
[1] 21
[1] 22
[1] 23
[1] 24
[1] 25
Time difference of 4.596727 mins
> 


PS:

Read file <H1hesc_FOXA1_APQ_err.txt> for stderr output of this job.

