Sender: LSF System <lsfadmin@linuxbmc0145>
Subject: Job 24442756: <H1hesc_KLF1_APQ> in cluster <rcc> Done

Job <H1hesc_KLF1_APQ> was submitted from host <cluster> by user <eg474423> in cluster <rcc>.
Job was executed on host(s) <linuxbmc0145>, in queue <normal>, as user <eg474423> in cluster <rcc>.
</home/eg474423> was used as the home directory.
</work/eg474423/eg474423_Projects/trunk/TfbsPrediction/Code/CompetingMethods/Pipeline> was used as the working directory.
Started at Tue Oct 20 18:55:42 2015
Results reported on Tue Oct 20 19:11:19 2015

Your job looked like:

------------------------------------------------------------
# LSBATCH: User input
./applyPIQ_pipeline.zsh 67 KLF1 /hpcwork/izkf/projects/TfbsPrediction/Results/MPBSAWG/PIQ_batch/ /hpcwork/izkf/projects/TfbsPrediction/Results/Signals/Counts/DU_H1hesc/PIQ/DNase.RData /hpcwork/izkf/projects/TfbsPrediction/Results/Footprints/Predictions/H1hesc/PIQ_batch/
------------------------------------------------------------

Successfully completed.

Resource usage summary:

    CPU time :                                   936.91 sec.
    Max Memory :                                 3185 MB
    Average Memory :                             2390.77 MB
    Total Requested Memory :                     12000.00 MB
    Delta Memory :                               8815.00 MB
    Max Processes :                              8
    Max Threads :                                9

The output (if any) follows:

> args <- commandArgs(trailingOnly = TRUE)
> print(args)
[1] "common.r"                                                                                        
[2] "/hpcwork/izkf/projects/TfbsPrediction/Results/MPBSAWG/PIQ_batch/"                                
[3] "/hpcwork/izkf/projects/TfbsPrediction/Results/Footprints/Predictions/H1hesc/PIQ_batch/temp_KLF1/"
[4] "/hpcwork/izkf/projects/TfbsPrediction/Results/Footprints/Predictions/H1hesc/PIQ_batch/res_KLF1/" 
[5] "/hpcwork/izkf/projects/TfbsPrediction/Results/Signals/Counts/DU_H1hesc/PIQ/DNase.RData"          
[6] "67"                                                                                              
> 
> #location of common.r containing runtime parameters
> commonfile = args[1]
> 
> #directory where pwm matches are stored
> pwmdir = args[2]
> 
> #directory to use as fast temporary storage
> tmpdir = args[3]
> 
> #location of output calls
> outdir = args[4]
> 
> #location of the bam RData file made by bam2rdata.r
> bamfile = args[5]
> 
> #which pwm file to use in pwmdir
> pwmid = args[6]
> 
> ###
> # do FW
> 
> match.rc = F
> dump.chropen = F
> 
> two.pass = F
> suppressWarnings(source(commonfile))
> if(overwrite==F & file.exists( file.path(outdir,paste0(pwmid,'-diag.pdf')))){
+   stop(paste0('found previous run for ',pwmid,' avoiding overwrite'))
+ }
> 
> debugstring = c('loading pwm','loadbam','clustering','binding outputs')
> 
> dump.bed = T
> 
> tryCatch({
+ phase=0
+ load(paste0(pwmdir,pwmid,'.pwmout.RData'))
+ if(sum(clengths[1])>0){
+ phase=1
+ at<-Sys.time()
+ source('loadbam.r')
+ print(Sys.time()-at);at<-Sys.time()
+ phase=2
+ source('cluster.r')
+ print(Sys.time()-at);at<-Sys.time()
+ phase=3
+ source('bindcall.r')
+ print(Sys.time()-at);at<-Sys.time()
+ }
+ },error = function(e){
+    e$message=paste0('error during ',debugstring[phase+1],'\n','Error msg: ',e$message,'\n Args:',paste0(commandArgs(trailingOnly = TRUE),collapse=':'))
+    stop(e)
+ })
[1] "chr1"
[1] "chr2"
[1] "chr3"
[1] "chr4"
[1] "chr5"
[1] "chr6"
[1] "chr7"
[1] "chr8"
[1] "chr9"
[1] "chr10"
[1] "chr11"
[1] "chr12"
[1] "chr13"
[1] "chr14"
[1] "chr15"
[1] "chr16"
[1] "chr17"
[1] "chr18"
[1] "chr19"
[1] "chr20"
[1] "chr21"
[1] "chr22"
[1] "chrX"
[1] "chrY"
[1] "chrM"
[1] "chr1"
[1] "chr2"
[1] "chr3"
[1] "chr4"
[1] "chr5"
[1] "chr6"
[1] "chr7"
[1] "chr8"
[1] "chr9"
[1] "chr10"
[1] "chr11"
[1] "chr12"
[1] "chr13"
[1] "chr14"
[1] "chr15"
[1] "chr16"
[1] "chr17"
[1] "chr18"
[1] "chr19"
[1] "chr20"
[1] "chr21"
[1] "chr22"
[1] "chrX"
[1] "chrY"
[1] "chrM"
Time difference of 1.516904 mins
[1] "/hpcwork/izkf/projects/TfbsPrediction/Results/Footprints/Predictions/H1hesc/PIQ_batch/temp_KLF1//67//positive.tf67-chr1.RData"
[1] "/hpcwork/izkf/projects/TfbsPrediction/Results/Footprints/Predictions/H1hesc/PIQ_batch/temp_KLF1//67//positive.tf67-chr10.RData"
[1] "/hpcwork/izkf/projects/TfbsPrediction/Results/Footprints/Predictions/H1hesc/PIQ_batch/temp_KLF1//67//positive.tf67-chr11.RData"
[1] "/hpcwork/izkf/projects/TfbsPrediction/Results/Footprints/Predictions/H1hesc/PIQ_batch/temp_KLF1//67//positive.tf67-chr12.RData"
[1] "/hpcwork/izkf/projects/TfbsPrediction/Results/Footprints/Predictions/H1hesc/PIQ_batch/temp_KLF1//67//positive.tf67-chr13.RData"
[1] "/hpcwork/izkf/projects/TfbsPrediction/Results/Footprints/Predictions/H1hesc/PIQ_batch/temp_KLF1//67//positive.tf67-chr14.RData"
[1] "/hpcwork/izkf/projects/TfbsPrediction/Results/Footprints/Predictions/H1hesc/PIQ_batch/temp_KLF1//67//positive.tf67-chr15.RData"
[1] "/hpcwork/izkf/projects/TfbsPrediction/Results/Footprints/Predictions/H1hesc/PIQ_batch/temp_KLF1//67//positive.tf67-chr16.RData"
[1] "/hpcwork/izkf/projects/TfbsPrediction/Results/Footprints/Predictions/H1hesc/PIQ_batch/temp_KLF1//67//positive.tf67-chr17.RData"
[1] "/hpcwork/izkf/projects/TfbsPrediction/Results/Footprints/Predictions/H1hesc/PIQ_batch/temp_KLF1//67//positive.tf67-chr18.RData"
[1] "/hpcwork/izkf/projects/TfbsPrediction/Results/Footprints/Predictions/H1hesc/PIQ_batch/temp_KLF1//67//positive.tf67-chr19.RData"
[1] "/hpcwork/izkf/projects/TfbsPrediction/Results/Footprints/Predictions/H1hesc/PIQ_batch/temp_KLF1//67//positive.tf67-chr2.RData"
[1] "/hpcwork/izkf/projects/TfbsPrediction/Results/Footprints/Predictions/H1hesc/PIQ_batch/temp_KLF1//67//positive.tf67-chr20.RData"
[1] "/hpcwork/izkf/projects/TfbsPrediction/Results/Footprints/Predictions/H1hesc/PIQ_batch/temp_KLF1//67//positive.tf67-chr21.RData"
[1] "/hpcwork/izkf/projects/TfbsPrediction/Results/Footprints/Predictions/H1hesc/PIQ_batch/temp_KLF1//67//positive.tf67-chr22.RData"
[1] "/hpcwork/izkf/projects/TfbsPrediction/Results/Footprints/Predictions/H1hesc/PIQ_batch/temp_KLF1//67//positive.tf67-chr3.RData"
[1] "/hpcwork/izkf/projects/TfbsPrediction/Results/Footprints/Predictions/H1hesc/PIQ_batch/temp_KLF1//67//positive.tf67-chr4.RData"
[1] "/hpcwork/izkf/projects/TfbsPrediction/Results/Footprints/Predictions/H1hesc/PIQ_batch/temp_KLF1//67//positive.tf67-chr5.RData"
[1] "/hpcwork/izkf/projects/TfbsPrediction/Results/Footprints/Predictions/H1hesc/PIQ_batch/temp_KLF1//67//positive.tf67-chr6.RData"
[1] "/hpcwork/izkf/projects/TfbsPrediction/Results/Footprints/Predictions/H1hesc/PIQ_batch/temp_KLF1//67//positive.tf67-chr7.RData"
[1] "/hpcwork/izkf/projects/TfbsPrediction/Results/Footprints/Predictions/H1hesc/PIQ_batch/temp_KLF1//67//positive.tf67-chr8.RData"
[1] "/hpcwork/izkf/projects/TfbsPrediction/Results/Footprints/Predictions/H1hesc/PIQ_batch/temp_KLF1//67//positive.tf67-chr9.RData"
[1] "/hpcwork/izkf/projects/TfbsPrediction/Results/Footprints/Predictions/H1hesc/PIQ_batch/temp_KLF1//67//positive.tf67-chrM.RData"
[1] "/hpcwork/izkf/projects/TfbsPrediction/Results/Footprints/Predictions/H1hesc/PIQ_batch/temp_KLF1//67//positive.tf67-chrX.RData"
[1] "/hpcwork/izkf/projects/TfbsPrediction/Results/Footprints/Predictions/H1hesc/PIQ_batch/temp_KLF1//67//positive.tf67-chrY.RData"
[1] "/hpcwork/izkf/projects/TfbsPrediction/Results/Footprints/Predictions/H1hesc/PIQ_batch/temp_KLF1//67//background.tf67-chr1.RData"
[1] "/hpcwork/izkf/projects/TfbsPrediction/Results/Footprints/Predictions/H1hesc/PIQ_batch/temp_KLF1//67//background.tf67-chr10.RData"
[1] "/hpcwork/izkf/projects/TfbsPrediction/Results/Footprints/Predictions/H1hesc/PIQ_batch/temp_KLF1//67//background.tf67-chr11.RData"
[1] "/hpcwork/izkf/projects/TfbsPrediction/Results/Footprints/Predictions/H1hesc/PIQ_batch/temp_KLF1//67//background.tf67-chr12.RData"
[1] "/hpcwork/izkf/projects/TfbsPrediction/Results/Footprints/Predictions/H1hesc/PIQ_batch/temp_KLF1//67//background.tf67-chr13.RData"
[1] "/hpcwork/izkf/projects/TfbsPrediction/Results/Footprints/Predictions/H1hesc/PIQ_batch/temp_KLF1//67//background.tf67-chr14.RData"
[1] "/hpcwork/izkf/projects/TfbsPrediction/Results/Footprints/Predictions/H1hesc/PIQ_batch/temp_KLF1//67//background.tf67-chr15.RData"
[1] "/hpcwork/izkf/projects/TfbsPrediction/Results/Footprints/Predictions/H1hesc/PIQ_batch/temp_KLF1//67//background.tf67-chr16.RData"
[1] "/hpcwork/izkf/projects/TfbsPrediction/Results/Footprints/Predictions/H1hesc/PIQ_batch/temp_KLF1//67//background.tf67-chr17.RData"
[1] "/hpcwork/izkf/projects/TfbsPrediction/Results/Footprints/Predictions/H1hesc/PIQ_batch/temp_KLF1//67//background.tf67-chr18.RData"
[1] "/hpcwork/izkf/projects/TfbsPrediction/Results/Footprints/Predictions/H1hesc/PIQ_batch/temp_KLF1//67//background.tf67-chr19.RData"
[1] "/hpcwork/izkf/projects/TfbsPrediction/Results/Footprints/Predictions/H1hesc/PIQ_batch/temp_KLF1//67//background.tf67-chr2.RData"
[1] "/hpcwork/izkf/projects/TfbsPrediction/Results/Footprints/Predictions/H1hesc/PIQ_batch/temp_KLF1//67//background.tf67-chr20.RData"
[1] "/hpcwork/izkf/projects/TfbsPrediction/Results/Footprints/Predictions/H1hesc/PIQ_batch/temp_KLF1//67//background.tf67-chr21.RData"
[1] "/hpcwork/izkf/projects/TfbsPrediction/Results/Footprints/Predictions/H1hesc/PIQ_batch/temp_KLF1//67//background.tf67-chr22.RData"
[1] "/hpcwork/izkf/projects/TfbsPrediction/Results/Footprints/Predictions/H1hesc/PIQ_batch/temp_KLF1//67//background.tf67-chr3.RData"
[1] "/hpcwork/izkf/projects/TfbsPrediction/Results/Footprints/Predictions/H1hesc/PIQ_batch/temp_KLF1//67//background.tf67-chr4.RData"
[1] "/hpcwork/izkf/projects/TfbsPrediction/Results/Footprints/Predictions/H1hesc/PIQ_batch/temp_KLF1//67//background.tf67-chr5.RData"
[1] "/hpcwork/izkf/projects/TfbsPrediction/Results/Footprints/Predictions/H1hesc/PIQ_batch/temp_KLF1//67//background.tf67-chr6.RData"
[1] "/hpcwork/izkf/projects/TfbsPrediction/Results/Footprints/Predictions/H1hesc/PIQ_batch/temp_KLF1//67//background.tf67-chr7.RData"
[1] "/hpcwork/izkf/projects/TfbsPrediction/Results/Footprints/Predictions/H1hesc/PIQ_batch/temp_KLF1//67//background.tf67-chr8.RData"
[1] "/hpcwork/izkf/projects/TfbsPrediction/Results/Footprints/Predictions/H1hesc/PIQ_batch/temp_KLF1//67//background.tf67-chr9.RData"
[1] "/hpcwork/izkf/projects/TfbsPrediction/Results/Footprints/Predictions/H1hesc/PIQ_batch/temp_KLF1//67//background.tf67-chrM.RData"
[1] "/hpcwork/izkf/projects/TfbsPrediction/Results/Footprints/Predictions/H1hesc/PIQ_batch/temp_KLF1//67//background.tf67-chrX.RData"
[1] "/hpcwork/izkf/projects/TfbsPrediction/Results/Footprints/Predictions/H1hesc/PIQ_batch/temp_KLF1//67//background.tf67-chrY.RData"
Time difference of 1.34704 mins
[1] "background.tf67-chr1.RData"
[1] "background.tf67-chr10.RData"
[1] "background.tf67-chr11.RData"
[1] "background.tf67-chr12.RData"
[1] "background.tf67-chr13.RData"
[1] "background.tf67-chr14.RData"
[1] "background.tf67-chr15.RData"
[1] "background.tf67-chr16.RData"
[1] "background.tf67-chr17.RData"
[1] "background.tf67-chr18.RData"
[1] "background.tf67-chr19.RData"
[1] "background.tf67-chr2.RData"
[1] "background.tf67-chr20.RData"
[1] "background.tf67-chr21.RData"
[1] "background.tf67-chr22.RData"
[1] "background.tf67-chr3.RData"
[1] "background.tf67-chr4.RData"
[1] "background.tf67-chr5.RData"
[1] "background.tf67-chr6.RData"
[1] "background.tf67-chr7.RData"
[1] "background.tf67-chr8.RData"
[1] "background.tf67-chr9.RData"
[1] "background.tf67-chrM.RData"
[1] "background.tf67-chrX.RData"
[1] "background.tf67-chrY.RData"
[1] "background.tf67-chr1.RData"
[1] 1330.363
[1] "background.tf67-chr10.RData"
[1] 1163.862
[1] "background.tf67-chr11.RData"
[1] 970.4499
[1] "background.tf67-chr12.RData"
[1] 1086.778
[1] "background.tf67-chr13.RData"
[1] 1123.715
[1] "background.tf67-chr14.RData"
[1] 1330.972
[1] "background.tf67-chr15.RData"
[1] 1081.235
[1] "background.tf67-chr16.RData"
[1] 964.831
[1] "background.tf67-chr17.RData"
[1] 902.5494
[1] "background.tf67-chr18.RData"
[1] 1606.398
[1] "background.tf67-chr19.RData"
[1] 847.2219
[1] "background.tf67-chr2.RData"
[1] 952.7558
[1] "background.tf67-chr20.RData"
[1] 811.5599
[1] "background.tf67-chr21.RData"
[1] 1063.451
[1] "background.tf67-chr22.RData"
[1] 817.5353
[1] "background.tf67-chr3.RData"
[1] 1249.843
[1] "background.tf67-chr4.RData"
[1] 1179.53
[1] "background.tf67-chr5.RData"
[1] 889.5762
[1] "background.tf67-chr6.RData"
[1] 990.8718
[1] "background.tf67-chr7.RData"
[1] 1014.459
[1] "background.tf67-chr8.RData"
[1] 1066.405
[1] "background.tf67-chr9.RData"
[1] 1131.364
[1] "background.tf67-chrM.RData"
[1] 57.07361
[1] "background.tf67-chrX.RData"
[1] 823.0872
[1] "background.tf67-chrY.RData"
[1] 984.8841
[1] 1
[1] 2
[1] 3
[1] 4
[1] 5
[1] 6
[1] 7
[1] 8
[1] 9
[1] 10
[1] 11
[1] 12
[1] 13
[1] 14
[1] 15
[1] 16
[1] 17
[1] 18
[1] 19
[1] 20
[1] 21
[1] 22
[1] 23
[1] 24
[1] 25
Time difference of 4.315635 mins
> 
> ###
> # do RC
> 
> match.rc = T
> 
> suppressWarnings(source(commonfile))
> if(overwrite==F & file.exists( file.path(outdir,paste0(pwmid,'-diag.rc.pdf')))){
+   stop(paste0('found previous run for ',pwmid,' avoiding overwrite'))
+ }
> 
> debugstring = c('loading pwm.rc','loadbam.rc','clustering.rc','binding outputs.rc')
> 
> tryCatch({
+ phase=0
+ load(paste0(pwmdir,pwmid,'.pwmout.rc.RData'))
+ if(sum(clengths[1])>0){
+ phase=1
+ at<-Sys.time()
+ source('loadbam.r')
+ print(Sys.time()-at);at<-Sys.time()
+ phase=2
+ source('cluster.r')
+ print(Sys.time()-at);at<-Sys.time()
+ phase=3
+ source('bindcall.r')
+ print(Sys.time()-at);at<-Sys.time()
+ }
+ },error = function(e){
+    e$message=paste0('error during ',debugstring[phase+1],'\n','Error msg: ',e$message,'\n Args:',paste0(commandArgs(trailingOnly = TRUE),collapse=':'))
+    stop(e)
+ })
[1] "chr1"
[1] "chr2"
[1] "chr3"
[1] "chr4"
[1] "chr5"
[1] "chr6"
[1] "chr7"
[1] "chr8"
[1] "chr9"
[1] "chr10"
[1] "chr11"
[1] "chr12"
[1] "chr13"
[1] "chr14"
[1] "chr15"
[1] "chr16"
[1] "chr17"
[1] "chr18"
[1] "chr19"
[1] "chr20"
[1] "chr21"
[1] "chr22"
[1] "chrX"
[1] "chrY"
[1] "chr1"
[1] "chr2"
[1] "chr3"
[1] "chr4"
[1] "chr5"
[1] "chr6"
[1] "chr7"
[1] "chr8"
[1] "chr9"
[1] "chr10"
[1] "chr11"
[1] "chr12"
[1] "chr13"
[1] "chr14"
[1] "chr15"
[1] "chr16"
[1] "chr17"
[1] "chr18"
[1] "chr19"
[1] "chr20"
[1] "chr21"
[1] "chr22"
[1] "chrX"
[1] "chrY"
Time difference of 1.962192 mins
[1] "/hpcwork/izkf/projects/TfbsPrediction/Results/Footprints/Predictions/H1hesc/PIQ_batch/temp_KLF1//67//positive.tf67-chr1.RData"
[1] "/hpcwork/izkf/projects/TfbsPrediction/Results/Footprints/Predictions/H1hesc/PIQ_batch/temp_KLF1//67//positive.tf67-chr10.RData"
[1] "/hpcwork/izkf/projects/TfbsPrediction/Results/Footprints/Predictions/H1hesc/PIQ_batch/temp_KLF1//67//positive.tf67-chr11.RData"
[1] "/hpcwork/izkf/projects/TfbsPrediction/Results/Footprints/Predictions/H1hesc/PIQ_batch/temp_KLF1//67//positive.tf67-chr12.RData"
[1] "/hpcwork/izkf/projects/TfbsPrediction/Results/Footprints/Predictions/H1hesc/PIQ_batch/temp_KLF1//67//positive.tf67-chr13.RData"
[1] "/hpcwork/izkf/projects/TfbsPrediction/Results/Footprints/Predictions/H1hesc/PIQ_batch/temp_KLF1//67//positive.tf67-chr14.RData"
[1] "/hpcwork/izkf/projects/TfbsPrediction/Results/Footprints/Predictions/H1hesc/PIQ_batch/temp_KLF1//67//positive.tf67-chr15.RData"
[1] "/hpcwork/izkf/projects/TfbsPrediction/Results/Footprints/Predictions/H1hesc/PIQ_batch/temp_KLF1//67//positive.tf67-chr16.RData"
[1] "/hpcwork/izkf/projects/TfbsPrediction/Results/Footprints/Predictions/H1hesc/PIQ_batch/temp_KLF1//67//positive.tf67-chr17.RData"
[1] "/hpcwork/izkf/projects/TfbsPrediction/Results/Footprints/Predictions/H1hesc/PIQ_batch/temp_KLF1//67//positive.tf67-chr18.RData"
[1] "/hpcwork/izkf/projects/TfbsPrediction/Results/Footprints/Predictions/H1hesc/PIQ_batch/temp_KLF1//67//positive.tf67-chr19.RData"
[1] "/hpcwork/izkf/projects/TfbsPrediction/Results/Footprints/Predictions/H1hesc/PIQ_batch/temp_KLF1//67//positive.tf67-chr2.RData"
[1] "/hpcwork/izkf/projects/TfbsPrediction/Results/Footprints/Predictions/H1hesc/PIQ_batch/temp_KLF1//67//positive.tf67-chr20.RData"
[1] "/hpcwork/izkf/projects/TfbsPrediction/Results/Footprints/Predictions/H1hesc/PIQ_batch/temp_KLF1//67//positive.tf67-chr21.RData"
[1] "/hpcwork/izkf/projects/TfbsPrediction/Results/Footprints/Predictions/H1hesc/PIQ_batch/temp_KLF1//67//positive.tf67-chr22.RData"
[1] "/hpcwork/izkf/projects/TfbsPrediction/Results/Footprints/Predictions/H1hesc/PIQ_batch/temp_KLF1//67//positive.tf67-chr3.RData"
[1] "/hpcwork/izkf/projects/TfbsPrediction/Results/Footprints/Predictions/H1hesc/PIQ_batch/temp_KLF1//67//positive.tf67-chr4.RData"
[1] "/hpcwork/izkf/projects/TfbsPrediction/Results/Footprints/Predictions/H1hesc/PIQ_batch/temp_KLF1//67//positive.tf67-chr5.RData"
[1] "/hpcwork/izkf/projects/TfbsPrediction/Results/Footprints/Predictions/H1hesc/PIQ_batch/temp_KLF1//67//positive.tf67-chr6.RData"
[1] "/hpcwork/izkf/projects/TfbsPrediction/Results/Footprints/Predictions/H1hesc/PIQ_batch/temp_KLF1//67//positive.tf67-chr7.RData"
[1] "/hpcwork/izkf/projects/TfbsPrediction/Results/Footprints/Predictions/H1hesc/PIQ_batch/temp_KLF1//67//positive.tf67-chr8.RData"
[1] "/hpcwork/izkf/projects/TfbsPrediction/Results/Footprints/Predictions/H1hesc/PIQ_batch/temp_KLF1//67//positive.tf67-chr9.RData"
[1] "/hpcwork/izkf/projects/TfbsPrediction/Results/Footprints/Predictions/H1hesc/PIQ_batch/temp_KLF1//67//positive.tf67-chrX.RData"
[1] "/hpcwork/izkf/projects/TfbsPrediction/Results/Footprints/Predictions/H1hesc/PIQ_batch/temp_KLF1//67//positive.tf67-chrY.RData"
[1] "/hpcwork/izkf/projects/TfbsPrediction/Results/Footprints/Predictions/H1hesc/PIQ_batch/temp_KLF1//67//background.tf67-chr1.RData"
[1] "/hpcwork/izkf/projects/TfbsPrediction/Results/Footprints/Predictions/H1hesc/PIQ_batch/temp_KLF1//67//background.tf67-chr10.RData"
[1] "/hpcwork/izkf/projects/TfbsPrediction/Results/Footprints/Predictions/H1hesc/PIQ_batch/temp_KLF1//67//background.tf67-chr11.RData"
[1] "/hpcwork/izkf/projects/TfbsPrediction/Results/Footprints/Predictions/H1hesc/PIQ_batch/temp_KLF1//67//background.tf67-chr12.RData"
[1] "/hpcwork/izkf/projects/TfbsPrediction/Results/Footprints/Predictions/H1hesc/PIQ_batch/temp_KLF1//67//background.tf67-chr13.RData"
[1] "/hpcwork/izkf/projects/TfbsPrediction/Results/Footprints/Predictions/H1hesc/PIQ_batch/temp_KLF1//67//background.tf67-chr14.RData"
[1] "/hpcwork/izkf/projects/TfbsPrediction/Results/Footprints/Predictions/H1hesc/PIQ_batch/temp_KLF1//67//background.tf67-chr15.RData"
[1] "/hpcwork/izkf/projects/TfbsPrediction/Results/Footprints/Predictions/H1hesc/PIQ_batch/temp_KLF1//67//background.tf67-chr16.RData"
[1] "/hpcwork/izkf/projects/TfbsPrediction/Results/Footprints/Predictions/H1hesc/PIQ_batch/temp_KLF1//67//background.tf67-chr17.RData"
[1] "/hpcwork/izkf/projects/TfbsPrediction/Results/Footprints/Predictions/H1hesc/PIQ_batch/temp_KLF1//67//background.tf67-chr18.RData"
[1] "/hpcwork/izkf/projects/TfbsPrediction/Results/Footprints/Predictions/H1hesc/PIQ_batch/temp_KLF1//67//background.tf67-chr19.RData"
[1] "/hpcwork/izkf/projects/TfbsPrediction/Results/Footprints/Predictions/H1hesc/PIQ_batch/temp_KLF1//67//background.tf67-chr2.RData"
[1] "/hpcwork/izkf/projects/TfbsPrediction/Results/Footprints/Predictions/H1hesc/PIQ_batch/temp_KLF1//67//background.tf67-chr20.RData"
[1] "/hpcwork/izkf/projects/TfbsPrediction/Results/Footprints/Predictions/H1hesc/PIQ_batch/temp_KLF1//67//background.tf67-chr21.RData"
[1] "/hpcwork/izkf/projects/TfbsPrediction/Results/Footprints/Predictions/H1hesc/PIQ_batch/temp_KLF1//67//background.tf67-chr22.RData"
[1] "/hpcwork/izkf/projects/TfbsPrediction/Results/Footprints/Predictions/H1hesc/PIQ_batch/temp_KLF1//67//background.tf67-chr3.RData"
[1] "/hpcwork/izkf/projects/TfbsPrediction/Results/Footprints/Predictions/H1hesc/PIQ_batch/temp_KLF1//67//background.tf67-chr4.RData"
[1] "/hpcwork/izkf/projects/TfbsPrediction/Results/Footprints/Predictions/H1hesc/PIQ_batch/temp_KLF1//67//background.tf67-chr5.RData"
[1] "/hpcwork/izkf/projects/TfbsPrediction/Results/Footprints/Predictions/H1hesc/PIQ_batch/temp_KLF1//67//background.tf67-chr6.RData"
[1] "/hpcwork/izkf/projects/TfbsPrediction/Results/Footprints/Predictions/H1hesc/PIQ_batch/temp_KLF1//67//background.tf67-chr7.RData"
[1] "/hpcwork/izkf/projects/TfbsPrediction/Results/Footprints/Predictions/H1hesc/PIQ_batch/temp_KLF1//67//background.tf67-chr8.RData"
[1] "/hpcwork/izkf/projects/TfbsPrediction/Results/Footprints/Predictions/H1hesc/PIQ_batch/temp_KLF1//67//background.tf67-chr9.RData"
[1] "/hpcwork/izkf/projects/TfbsPrediction/Results/Footprints/Predictions/H1hesc/PIQ_batch/temp_KLF1//67//background.tf67-chrX.RData"
[1] "/hpcwork/izkf/projects/TfbsPrediction/Results/Footprints/Predictions/H1hesc/PIQ_batch/temp_KLF1//67//background.tf67-chrY.RData"
Time difference of 1.462683 mins
[1] "background.tf67-chr1.RData"
[1] "background.tf67-chr10.RData"
[1] "background.tf67-chr11.RData"
[1] "background.tf67-chr12.RData"
[1] "background.tf67-chr13.RData"
[1] "background.tf67-chr14.RData"
[1] "background.tf67-chr15.RData"
[1] "background.tf67-chr16.RData"
[1] "background.tf67-chr17.RData"
[1] "background.tf67-chr18.RData"
[1] "background.tf67-chr19.RData"
[1] "background.tf67-chr2.RData"
[1] "background.tf67-chr20.RData"
[1] "background.tf67-chr21.RData"
[1] "background.tf67-chr22.RData"
[1] "background.tf67-chr3.RData"
[1] "background.tf67-chr4.RData"
[1] "background.tf67-chr5.RData"
[1] "background.tf67-chr6.RData"
[1] "background.tf67-chr7.RData"
[1] "background.tf67-chr8.RData"
[1] "background.tf67-chr9.RData"
[1] "background.tf67-chrX.RData"
[1] "background.tf67-chrY.RData"
[1] "background.tf67-chr1.RData"
[1] 1690.112
[1] "background.tf67-chr10.RData"
[1] 1019.836
[1] "background.tf67-chr11.RData"
[1] 1074.06
[1] "background.tf67-chr12.RData"
[1] 1251.466
[1] "background.tf67-chr13.RData"
[1] 1268.158
[1] "background.tf67-chr14.RData"
[1] 1215.24
[1] "background.tf67-chr15.RData"
[1] 998.6522
[1] "background.tf67-chr16.RData"
[1] 960.0325
[1] "background.tf67-chr17.RData"
[1] 899.3348
[1] "background.tf67-chr18.RData"
[1] 1048.185
[1] "background.tf67-chr19.RData"
[1] 829.4693
[1] "background.tf67-chr2.RData"
[1] 1072.102
[1] "background.tf67-chr20.RData"
[1] 956.0868
[1] "background.tf67-chr21.RData"
[1] 1235.031
[1] "background.tf67-chr22.RData"
[1] 1022.538
[1] "background.tf67-chr3.RData"
[1] 1231.08
[1] "background.tf67-chr4.RData"
[1] 1513.544
[1] "background.tf67-chr5.RData"
[1] 1019.315
[1] "background.tf67-chr6.RData"
[1] 1048.798
[1] "background.tf67-chr7.RData"
[1] 1143.213
[1] "background.tf67-chr8.RData"
[1] 1328.705
[1] "background.tf67-chr9.RData"
[1] 1565.573
[1] "background.tf67-chrX.RData"
[1] 968.0469
[1] "background.tf67-chrY.RData"
[1] 962.7284
[1] 1
[1] 2
[1] 3
[1] 4
[1] 5
[1] 6
[1] 7
[1] 8
[1] 9
[1] 10
[1] 11
[1] 12
[1] 13
[1] 14
[1] 15
[1] 16
[1] 17
[1] 18
[1] 19
[1] 20
[1] 21
[1] 22
[1] 23
[1] 24
Time difference of 4.406202 mins
> 


PS:

Read file <H1hesc_KLF1_APQ_err.txt> for stderr output of this job.

