Sender: LSF System <lsfadmin@linuxbmc0163>
Subject: Job 24442903: <K562_JUN_APQ> in cluster <rcc> Done

Job <K562_JUN_APQ> was submitted from host <cluster> by user <eg474423> in cluster <rcc>.
Job was executed on host(s) <linuxbmc0163>, in queue <normal>, as user <eg474423> in cluster <rcc>.
</home/eg474423> was used as the home directory.
</work/eg474423/eg474423_Projects/trunk/TfbsPrediction/Code/CompetingMethods/Pipeline> was used as the working directory.
Started at Tue Oct 20 19:16:15 2015
Results reported on Tue Oct 20 19:36:56 2015

Your job looked like:

------------------------------------------------------------
# LSBATCH: User input
./applyPIQ_pipeline.zsh 66 JUN /hpcwork/izkf/projects/TfbsPrediction/Results/MPBSAWG/PIQ_batch/ /hpcwork/izkf/projects/TfbsPrediction/Results/Signals/Counts/DU_K562/PIQ/DNase.RData /hpcwork/izkf/projects/TfbsPrediction/Results/Footprints/Predictions/K562/PIQ_batch/
------------------------------------------------------------

Successfully completed.

Resource usage summary:

    CPU time :                                   1254.27 sec.
    Max Memory :                                 6506 MB
    Average Memory :                             4263.27 MB
    Total Requested Memory :                     12000.00 MB
    Delta Memory :                               5494.00 MB
    Max Processes :                              15
    Max Threads :                                16

The output (if any) follows:

> args <- commandArgs(trailingOnly = TRUE)
> print(args)
[1] "common.r"                                                                                     
[2] "/hpcwork/izkf/projects/TfbsPrediction/Results/MPBSAWG/PIQ_batch/"                             
[3] "/hpcwork/izkf/projects/TfbsPrediction/Results/Footprints/Predictions/K562/PIQ_batch/temp_JUN/"
[4] "/hpcwork/izkf/projects/TfbsPrediction/Results/Footprints/Predictions/K562/PIQ_batch/res_JUN/" 
[5] "/hpcwork/izkf/projects/TfbsPrediction/Results/Signals/Counts/DU_K562/PIQ/DNase.RData"         
[6] "66"                                                                                           
> 
> #location of common.r containing runtime parameters
> commonfile = args[1]
> 
> #directory where pwm matches are stored
> pwmdir = args[2]
> 
> #directory to use as fast temporary storage
> tmpdir = args[3]
> 
> #location of output calls
> outdir = args[4]
> 
> #location of the bam RData file made by bam2rdata.r
> bamfile = args[5]
> 
> #which pwm file to use in pwmdir
> pwmid = args[6]
> 
> ###
> # do FW
> 
> match.rc = F
> dump.chropen = F
> 
> two.pass = F
> suppressWarnings(source(commonfile))
> if(overwrite==F & file.exists( file.path(outdir,paste0(pwmid,'-diag.pdf')))){
+   stop(paste0('found previous run for ',pwmid,' avoiding overwrite'))
+ }
> 
> debugstring = c('loading pwm','loadbam','clustering','binding outputs')
> 
> dump.bed = T
> 
> tryCatch({
+ phase=0
+ load(paste0(pwmdir,pwmid,'.pwmout.RData'))
+ if(sum(clengths[1])>0){
+ phase=1
+ at<-Sys.time()
+ source('loadbam.r')
+ print(Sys.time()-at);at<-Sys.time()
+ phase=2
+ source('cluster.r')
+ print(Sys.time()-at);at<-Sys.time()
+ phase=3
+ source('bindcall.r')
+ print(Sys.time()-at);at<-Sys.time()
+ }
+ },error = function(e){
+    e$message=paste0('error during ',debugstring[phase+1],'\n','Error msg: ',e$message,'\n Args:',paste0(commandArgs(trailingOnly = TRUE),collapse=':'))
+    stop(e)
+ })
[1] "chr1"
[1] "chr2"
[1] "chr3"
[1] "chr4"
[1] "chr5"
[1] "chr6"
[1] "chr7"
[1] "chr8"
[1] "chr9"
[1] "chr10"
[1] "chr11"
[1] "chr12"
[1] "chr13"
[1] "chr14"
[1] "chr15"
[1] "chr16"
[1] "chr17"
[1] "chr18"
[1] "chr19"
[1] "chr20"
[1] "chr21"
[1] "chr22"
[1] "chrX"
[1] "chrM"
[1] "chr1"
[1] "chr2"
[1] "chr3"
[1] "chr4"
[1] "chr5"
[1] "chr6"
[1] "chr7"
[1] "chr8"
[1] "chr9"
[1] "chr10"
[1] "chr11"
[1] "chr12"
[1] "chr13"
[1] "chr14"
[1] "chr15"
[1] "chr16"
[1] "chr17"
[1] "chr18"
[1] "chr19"
[1] "chr20"
[1] "chr21"
[1] "chr22"
[1] "chrX"
[1] "chrM"
Time difference of 4.391398 mins
[1] "/hpcwork/izkf/projects/TfbsPrediction/Results/Footprints/Predictions/K562/PIQ_batch/temp_JUN//66//positive.tf66-chr1.RData"
[1] "/hpcwork/izkf/projects/TfbsPrediction/Results/Footprints/Predictions/K562/PIQ_batch/temp_JUN//66//positive.tf66-chr10.RData"
[1] "/hpcwork/izkf/projects/TfbsPrediction/Results/Footprints/Predictions/K562/PIQ_batch/temp_JUN//66//positive.tf66-chr11.RData"
[1] "/hpcwork/izkf/projects/TfbsPrediction/Results/Footprints/Predictions/K562/PIQ_batch/temp_JUN//66//positive.tf66-chr12.RData"
[1] "/hpcwork/izkf/projects/TfbsPrediction/Results/Footprints/Predictions/K562/PIQ_batch/temp_JUN//66//positive.tf66-chr13.RData"
[1] "/hpcwork/izkf/projects/TfbsPrediction/Results/Footprints/Predictions/K562/PIQ_batch/temp_JUN//66//positive.tf66-chr14.RData"
[1] "/hpcwork/izkf/projects/TfbsPrediction/Results/Footprints/Predictions/K562/PIQ_batch/temp_JUN//66//positive.tf66-chr15.RData"
[1] "/hpcwork/izkf/projects/TfbsPrediction/Results/Footprints/Predictions/K562/PIQ_batch/temp_JUN//66//positive.tf66-chr16.RData"
[1] "/hpcwork/izkf/projects/TfbsPrediction/Results/Footprints/Predictions/K562/PIQ_batch/temp_JUN//66//positive.tf66-chr17.RData"
[1] "/hpcwork/izkf/projects/TfbsPrediction/Results/Footprints/Predictions/K562/PIQ_batch/temp_JUN//66//positive.tf66-chr18.RData"
[1] "/hpcwork/izkf/projects/TfbsPrediction/Results/Footprints/Predictions/K562/PIQ_batch/temp_JUN//66//positive.tf66-chr19.RData"
[1] "/hpcwork/izkf/projects/TfbsPrediction/Results/Footprints/Predictions/K562/PIQ_batch/temp_JUN//66//positive.tf66-chr2.RData"
[1] "/hpcwork/izkf/projects/TfbsPrediction/Results/Footprints/Predictions/K562/PIQ_batch/temp_JUN//66//positive.tf66-chr20.RData"
[1] "/hpcwork/izkf/projects/TfbsPrediction/Results/Footprints/Predictions/K562/PIQ_batch/temp_JUN//66//positive.tf66-chr21.RData"
[1] "/hpcwork/izkf/projects/TfbsPrediction/Results/Footprints/Predictions/K562/PIQ_batch/temp_JUN//66//positive.tf66-chr22.RData"
[1] "/hpcwork/izkf/projects/TfbsPrediction/Results/Footprints/Predictions/K562/PIQ_batch/temp_JUN//66//positive.tf66-chr3.RData"
[1] "/hpcwork/izkf/projects/TfbsPrediction/Results/Footprints/Predictions/K562/PIQ_batch/temp_JUN//66//positive.tf66-chr4.RData"
[1] "/hpcwork/izkf/projects/TfbsPrediction/Results/Footprints/Predictions/K562/PIQ_batch/temp_JUN//66//positive.tf66-chr5.RData"
[1] "/hpcwork/izkf/projects/TfbsPrediction/Results/Footprints/Predictions/K562/PIQ_batch/temp_JUN//66//positive.tf66-chr6.RData"
[1] "/hpcwork/izkf/projects/TfbsPrediction/Results/Footprints/Predictions/K562/PIQ_batch/temp_JUN//66//positive.tf66-chr7.RData"
[1] "/hpcwork/izkf/projects/TfbsPrediction/Results/Footprints/Predictions/K562/PIQ_batch/temp_JUN//66//positive.tf66-chr8.RData"
[1] "/hpcwork/izkf/projects/TfbsPrediction/Results/Footprints/Predictions/K562/PIQ_batch/temp_JUN//66//positive.tf66-chr9.RData"
[1] "/hpcwork/izkf/projects/TfbsPrediction/Results/Footprints/Predictions/K562/PIQ_batch/temp_JUN//66//positive.tf66-chrM.RData"
[1] "/hpcwork/izkf/projects/TfbsPrediction/Results/Footprints/Predictions/K562/PIQ_batch/temp_JUN//66//positive.tf66-chrX.RData"
[1] "/hpcwork/izkf/projects/TfbsPrediction/Results/Footprints/Predictions/K562/PIQ_batch/temp_JUN//66//background.tf66-chr1.RData"
[1] "/hpcwork/izkf/projects/TfbsPrediction/Results/Footprints/Predictions/K562/PIQ_batch/temp_JUN//66//background.tf66-chr10.RData"
[1] "/hpcwork/izkf/projects/TfbsPrediction/Results/Footprints/Predictions/K562/PIQ_batch/temp_JUN//66//background.tf66-chr11.RData"
[1] "/hpcwork/izkf/projects/TfbsPrediction/Results/Footprints/Predictions/K562/PIQ_batch/temp_JUN//66//background.tf66-chr12.RData"
[1] "/hpcwork/izkf/projects/TfbsPrediction/Results/Footprints/Predictions/K562/PIQ_batch/temp_JUN//66//background.tf66-chr13.RData"
[1] "/hpcwork/izkf/projects/TfbsPrediction/Results/Footprints/Predictions/K562/PIQ_batch/temp_JUN//66//background.tf66-chr14.RData"
[1] "/hpcwork/izkf/projects/TfbsPrediction/Results/Footprints/Predictions/K562/PIQ_batch/temp_JUN//66//background.tf66-chr15.RData"
[1] "/hpcwork/izkf/projects/TfbsPrediction/Results/Footprints/Predictions/K562/PIQ_batch/temp_JUN//66//background.tf66-chr16.RData"
[1] "/hpcwork/izkf/projects/TfbsPrediction/Results/Footprints/Predictions/K562/PIQ_batch/temp_JUN//66//background.tf66-chr17.RData"
[1] "/hpcwork/izkf/projects/TfbsPrediction/Results/Footprints/Predictions/K562/PIQ_batch/temp_JUN//66//background.tf66-chr18.RData"
[1] "/hpcwork/izkf/projects/TfbsPrediction/Results/Footprints/Predictions/K562/PIQ_batch/temp_JUN//66//background.tf66-chr19.RData"
[1] "/hpcwork/izkf/projects/TfbsPrediction/Results/Footprints/Predictions/K562/PIQ_batch/temp_JUN//66//background.tf66-chr2.RData"
[1] "/hpcwork/izkf/projects/TfbsPrediction/Results/Footprints/Predictions/K562/PIQ_batch/temp_JUN//66//background.tf66-chr20.RData"
[1] "/hpcwork/izkf/projects/TfbsPrediction/Results/Footprints/Predictions/K562/PIQ_batch/temp_JUN//66//background.tf66-chr21.RData"
[1] "/hpcwork/izkf/projects/TfbsPrediction/Results/Footprints/Predictions/K562/PIQ_batch/temp_JUN//66//background.tf66-chr22.RData"
[1] "/hpcwork/izkf/projects/TfbsPrediction/Results/Footprints/Predictions/K562/PIQ_batch/temp_JUN//66//background.tf66-chr3.RData"
[1] "/hpcwork/izkf/projects/TfbsPrediction/Results/Footprints/Predictions/K562/PIQ_batch/temp_JUN//66//background.tf66-chr4.RData"
[1] "/hpcwork/izkf/projects/TfbsPrediction/Results/Footprints/Predictions/K562/PIQ_batch/temp_JUN//66//background.tf66-chr5.RData"
[1] "/hpcwork/izkf/projects/TfbsPrediction/Results/Footprints/Predictions/K562/PIQ_batch/temp_JUN//66//background.tf66-chr6.RData"
[1] "/hpcwork/izkf/projects/TfbsPrediction/Results/Footprints/Predictions/K562/PIQ_batch/temp_JUN//66//background.tf66-chr7.RData"
[1] "/hpcwork/izkf/projects/TfbsPrediction/Results/Footprints/Predictions/K562/PIQ_batch/temp_JUN//66//background.tf66-chr8.RData"
[1] "/hpcwork/izkf/projects/TfbsPrediction/Results/Footprints/Predictions/K562/PIQ_batch/temp_JUN//66//background.tf66-chr9.RData"
[1] "/hpcwork/izkf/projects/TfbsPrediction/Results/Footprints/Predictions/K562/PIQ_batch/temp_JUN//66//background.tf66-chrM.RData"
[1] "/hpcwork/izkf/projects/TfbsPrediction/Results/Footprints/Predictions/K562/PIQ_batch/temp_JUN//66//background.tf66-chrX.RData"
Time difference of 2.485225 mins
[1] "background.tf66-chr1.RData"
[1] "background.tf66-chr10.RData"
[1] "background.tf66-chr11.RData"
[1] "background.tf66-chr12.RData"
[1] "background.tf66-chr13.RData"
[1] "background.tf66-chr14.RData"
[1] "background.tf66-chr15.RData"
[1] "background.tf66-chr16.RData"
[1] "background.tf66-chr17.RData"
[1] "background.tf66-chr18.RData"
[1] "background.tf66-chr19.RData"
[1] "background.tf66-chr2.RData"
[1] "background.tf66-chr20.RData"
[1] "background.tf66-chr21.RData"
[1] "background.tf66-chr22.RData"
[1] "background.tf66-chr3.RData"
[1] "background.tf66-chr4.RData"
[1] "background.tf66-chr5.RData"
[1] "background.tf66-chr6.RData"
[1] "background.tf66-chr7.RData"
[1] "background.tf66-chr8.RData"
[1] "background.tf66-chr9.RData"
[1] "background.tf66-chrM.RData"
[1] "background.tf66-chrX.RData"
[1] "background.tf66-chr1.RData"
[1] 2075.884
[1] "background.tf66-chr10.RData"
[1] 2030.903
[1] "background.tf66-chr11.RData"
[1] 1673.432
[1] "background.tf66-chr12.RData"
[1] 1563.145
[1] "background.tf66-chr13.RData"
[1] 1875.593
[1] "background.tf66-chr14.RData"
[1] 1990.033
[1] "background.tf66-chr15.RData"
[1] 1619.424
[1] "background.tf66-chr16.RData"
[1] 1941.872
[1] "background.tf66-chr17.RData"
[1] 1564.722
[1] "background.tf66-chr18.RData"
[1] 1637.62
[1] "background.tf66-chr19.RData"
[1] 1792.384
[1] "background.tf66-chr2.RData"
[1] 1898.691
[1] "background.tf66-chr20.RData"
[1] 2044.661
[1] "background.tf66-chr21.RData"
[1] 1834.667
[1] "background.tf66-chr22.RData"
[1] 2211.427
[1] "background.tf66-chr3.RData"
[1] 2021.337
[1] "background.tf66-chr4.RData"
[1] 2006.65
[1] "background.tf66-chr5.RData"
[1] 1613.194
[1] "background.tf66-chr6.RData"
[1] 2089.125
[1] "background.tf66-chr7.RData"
[1] 2059.742
[1] "background.tf66-chr8.RData"
[1] 2089.268
[1] "background.tf66-chr9.RData"
[1] 2593.944
[1] "background.tf66-chrM.RData"
[1] 293.9399
[1] "background.tf66-chrX.RData"
[1] 2033.868
[1] 1
[1] 2
[1] 3
[1] 4
[1] 5
[1] 6
[1] 7
[1] 8
[1] 9
[1] 10
[1] 11
[1] 12
[1] 13
[1] 14
[1] 15
[1] 16
[1] 17
[1] 18
[1] 19
[1] 20
[1] 21
[1] 22
[1] 23
[1] 24
Time difference of 3.022935 mins
> 
> ###
> # do RC
> 
> match.rc = T
> 
> suppressWarnings(source(commonfile))
> if(overwrite==F & file.exists( file.path(outdir,paste0(pwmid,'-diag.rc.pdf')))){
+   stop(paste0('found previous run for ',pwmid,' avoiding overwrite'))
+ }
> 
> debugstring = c('loading pwm.rc','loadbam.rc','clustering.rc','binding outputs.rc')
> 
> tryCatch({
+ phase=0
+ load(paste0(pwmdir,pwmid,'.pwmout.rc.RData'))
+ if(sum(clengths[1])>0){
+ phase=1
+ at<-Sys.time()
+ source('loadbam.r')
+ print(Sys.time()-at);at<-Sys.time()
+ phase=2
+ source('cluster.r')
+ print(Sys.time()-at);at<-Sys.time()
+ phase=3
+ source('bindcall.r')
+ print(Sys.time()-at);at<-Sys.time()
+ }
+ },error = function(e){
+    e$message=paste0('error during ',debugstring[phase+1],'\n','Error msg: ',e$message,'\n Args:',paste0(commandArgs(trailingOnly = TRUE),collapse=':'))
+    stop(e)
+ })
[1] "chr1"
[1] "chr2"
[1] "chr3"
[1] "chr4"
[1] "chr5"
[1] "chr6"
[1] "chr7"
[1] "chr8"
[1] "chr9"
[1] "chr10"
[1] "chr11"
[1] "chr12"
[1] "chr13"
[1] "chr14"
[1] "chr15"
[1] "chr16"
[1] "chr17"
[1] "chr18"
[1] "chr19"
[1] "chr20"
[1] "chr21"
[1] "chr22"
[1] "chrX"
[1] "chrM"
[1] "chr1"
[1] "chr2"
[1] "chr3"
[1] "chr4"
[1] "chr5"
[1] "chr6"
[1] "chr7"
[1] "chr8"
[1] "chr9"
[1] "chr10"
[1] "chr11"
[1] "chr12"
[1] "chr13"
[1] "chr14"
[1] "chr15"
[1] "chr16"
[1] "chr17"
[1] "chr18"
[1] "chr19"
[1] "chr20"
[1] "chr21"
[1] "chr22"
[1] "chrX"
[1] "chrM"
Time difference of 4.639544 mins
[1] "/hpcwork/izkf/projects/TfbsPrediction/Results/Footprints/Predictions/K562/PIQ_batch/temp_JUN//66//positive.tf66-chr1.RData"
[1] "/hpcwork/izkf/projects/TfbsPrediction/Results/Footprints/Predictions/K562/PIQ_batch/temp_JUN//66//positive.tf66-chr10.RData"
[1] "/hpcwork/izkf/projects/TfbsPrediction/Results/Footprints/Predictions/K562/PIQ_batch/temp_JUN//66//positive.tf66-chr11.RData"
[1] "/hpcwork/izkf/projects/TfbsPrediction/Results/Footprints/Predictions/K562/PIQ_batch/temp_JUN//66//positive.tf66-chr12.RData"
[1] "/hpcwork/izkf/projects/TfbsPrediction/Results/Footprints/Predictions/K562/PIQ_batch/temp_JUN//66//positive.tf66-chr13.RData"
[1] "/hpcwork/izkf/projects/TfbsPrediction/Results/Footprints/Predictions/K562/PIQ_batch/temp_JUN//66//positive.tf66-chr14.RData"
[1] "/hpcwork/izkf/projects/TfbsPrediction/Results/Footprints/Predictions/K562/PIQ_batch/temp_JUN//66//positive.tf66-chr15.RData"
[1] "/hpcwork/izkf/projects/TfbsPrediction/Results/Footprints/Predictions/K562/PIQ_batch/temp_JUN//66//positive.tf66-chr16.RData"
[1] "/hpcwork/izkf/projects/TfbsPrediction/Results/Footprints/Predictions/K562/PIQ_batch/temp_JUN//66//positive.tf66-chr17.RData"
[1] "/hpcwork/izkf/projects/TfbsPrediction/Results/Footprints/Predictions/K562/PIQ_batch/temp_JUN//66//positive.tf66-chr18.RData"
[1] "/hpcwork/izkf/projects/TfbsPrediction/Results/Footprints/Predictions/K562/PIQ_batch/temp_JUN//66//positive.tf66-chr19.RData"
[1] "/hpcwork/izkf/projects/TfbsPrediction/Results/Footprints/Predictions/K562/PIQ_batch/temp_JUN//66//positive.tf66-chr2.RData"
[1] "/hpcwork/izkf/projects/TfbsPrediction/Results/Footprints/Predictions/K562/PIQ_batch/temp_JUN//66//positive.tf66-chr20.RData"
[1] "/hpcwork/izkf/projects/TfbsPrediction/Results/Footprints/Predictions/K562/PIQ_batch/temp_JUN//66//positive.tf66-chr21.RData"
[1] "/hpcwork/izkf/projects/TfbsPrediction/Results/Footprints/Predictions/K562/PIQ_batch/temp_JUN//66//positive.tf66-chr22.RData"
[1] "/hpcwork/izkf/projects/TfbsPrediction/Results/Footprints/Predictions/K562/PIQ_batch/temp_JUN//66//positive.tf66-chr3.RData"
[1] "/hpcwork/izkf/projects/TfbsPrediction/Results/Footprints/Predictions/K562/PIQ_batch/temp_JUN//66//positive.tf66-chr4.RData"
[1] "/hpcwork/izkf/projects/TfbsPrediction/Results/Footprints/Predictions/K562/PIQ_batch/temp_JUN//66//positive.tf66-chr5.RData"
[1] "/hpcwork/izkf/projects/TfbsPrediction/Results/Footprints/Predictions/K562/PIQ_batch/temp_JUN//66//positive.tf66-chr6.RData"
[1] "/hpcwork/izkf/projects/TfbsPrediction/Results/Footprints/Predictions/K562/PIQ_batch/temp_JUN//66//positive.tf66-chr7.RData"
[1] "/hpcwork/izkf/projects/TfbsPrediction/Results/Footprints/Predictions/K562/PIQ_batch/temp_JUN//66//positive.tf66-chr8.RData"
[1] "/hpcwork/izkf/projects/TfbsPrediction/Results/Footprints/Predictions/K562/PIQ_batch/temp_JUN//66//positive.tf66-chr9.RData"
[1] "/hpcwork/izkf/projects/TfbsPrediction/Results/Footprints/Predictions/K562/PIQ_batch/temp_JUN//66//positive.tf66-chrM.RData"
[1] "/hpcwork/izkf/projects/TfbsPrediction/Results/Footprints/Predictions/K562/PIQ_batch/temp_JUN//66//positive.tf66-chrX.RData"
[1] "/hpcwork/izkf/projects/TfbsPrediction/Results/Footprints/Predictions/K562/PIQ_batch/temp_JUN//66//background.tf66-chr1.RData"
[1] "/hpcwork/izkf/projects/TfbsPrediction/Results/Footprints/Predictions/K562/PIQ_batch/temp_JUN//66//background.tf66-chr10.RData"
[1] "/hpcwork/izkf/projects/TfbsPrediction/Results/Footprints/Predictions/K562/PIQ_batch/temp_JUN//66//background.tf66-chr11.RData"
[1] "/hpcwork/izkf/projects/TfbsPrediction/Results/Footprints/Predictions/K562/PIQ_batch/temp_JUN//66//background.tf66-chr12.RData"
[1] "/hpcwork/izkf/projects/TfbsPrediction/Results/Footprints/Predictions/K562/PIQ_batch/temp_JUN//66//background.tf66-chr13.RData"
[1] "/hpcwork/izkf/projects/TfbsPrediction/Results/Footprints/Predictions/K562/PIQ_batch/temp_JUN//66//background.tf66-chr14.RData"
[1] "/hpcwork/izkf/projects/TfbsPrediction/Results/Footprints/Predictions/K562/PIQ_batch/temp_JUN//66//background.tf66-chr15.RData"
[1] "/hpcwork/izkf/projects/TfbsPrediction/Results/Footprints/Predictions/K562/PIQ_batch/temp_JUN//66//background.tf66-chr16.RData"
[1] "/hpcwork/izkf/projects/TfbsPrediction/Results/Footprints/Predictions/K562/PIQ_batch/temp_JUN//66//background.tf66-chr17.RData"
[1] "/hpcwork/izkf/projects/TfbsPrediction/Results/Footprints/Predictions/K562/PIQ_batch/temp_JUN//66//background.tf66-chr18.RData"
[1] "/hpcwork/izkf/projects/TfbsPrediction/Results/Footprints/Predictions/K562/PIQ_batch/temp_JUN//66//background.tf66-chr19.RData"
[1] "/hpcwork/izkf/projects/TfbsPrediction/Results/Footprints/Predictions/K562/PIQ_batch/temp_JUN//66//background.tf66-chr2.RData"
[1] "/hpcwork/izkf/projects/TfbsPrediction/Results/Footprints/Predictions/K562/PIQ_batch/temp_JUN//66//background.tf66-chr20.RData"
[1] "/hpcwork/izkf/projects/TfbsPrediction/Results/Footprints/Predictions/K562/PIQ_batch/temp_JUN//66//background.tf66-chr21.RData"
[1] "/hpcwork/izkf/projects/TfbsPrediction/Results/Footprints/Predictions/K562/PIQ_batch/temp_JUN//66//background.tf66-chr22.RData"
[1] "/hpcwork/izkf/projects/TfbsPrediction/Results/Footprints/Predictions/K562/PIQ_batch/temp_JUN//66//background.tf66-chr3.RData"
[1] "/hpcwork/izkf/projects/TfbsPrediction/Results/Footprints/Predictions/K562/PIQ_batch/temp_JUN//66//background.tf66-chr4.RData"
[1] "/hpcwork/izkf/projects/TfbsPrediction/Results/Footprints/Predictions/K562/PIQ_batch/temp_JUN//66//background.tf66-chr5.RData"
[1] "/hpcwork/izkf/projects/TfbsPrediction/Results/Footprints/Predictions/K562/PIQ_batch/temp_JUN//66//background.tf66-chr6.RData"
[1] "/hpcwork/izkf/projects/TfbsPrediction/Results/Footprints/Predictions/K562/PIQ_batch/temp_JUN//66//background.tf66-chr7.RData"
[1] "/hpcwork/izkf/projects/TfbsPrediction/Results/Footprints/Predictions/K562/PIQ_batch/temp_JUN//66//background.tf66-chr8.RData"
[1] "/hpcwork/izkf/projects/TfbsPrediction/Results/Footprints/Predictions/K562/PIQ_batch/temp_JUN//66//background.tf66-chr9.RData"
[1] "/hpcwork/izkf/projects/TfbsPrediction/Results/Footprints/Predictions/K562/PIQ_batch/temp_JUN//66//background.tf66-chrM.RData"
[1] "/hpcwork/izkf/projects/TfbsPrediction/Results/Footprints/Predictions/K562/PIQ_batch/temp_JUN//66//background.tf66-chrX.RData"
Time difference of 2.45298 mins
[1] "background.tf66-chr1.RData"
[1] "background.tf66-chr10.RData"
[1] "background.tf66-chr11.RData"
[1] "background.tf66-chr12.RData"
[1] "background.tf66-chr13.RData"
[1] "background.tf66-chr14.RData"
[1] "background.tf66-chr15.RData"
[1] "background.tf66-chr16.RData"
[1] "background.tf66-chr17.RData"
[1] "background.tf66-chr18.RData"
[1] "background.tf66-chr19.RData"
[1] "background.tf66-chr2.RData"
[1] "background.tf66-chr20.RData"
[1] "background.tf66-chr21.RData"
[1] "background.tf66-chr22.RData"
[1] "background.tf66-chr3.RData"
[1] "background.tf66-chr4.RData"
[1] "background.tf66-chr5.RData"
[1] "background.tf66-chr6.RData"
[1] "background.tf66-chr7.RData"
[1] "background.tf66-chr8.RData"
[1] "background.tf66-chr9.RData"
[1] "background.tf66-chrM.RData"
[1] "background.tf66-chrX.RData"
[1] "background.tf66-chr1.RData"
[1] 1932.409
[1] "background.tf66-chr10.RData"
[1] 1945.358
[1] "background.tf66-chr11.RData"
[1] 1555.173
[1] "background.tf66-chr12.RData"
[1] 1730.09
[1] "background.tf66-chr13.RData"
[1] 1835.915
[1] "background.tf66-chr14.RData"
[1] 1538.058
[1] "background.tf66-chr15.RData"
[1] 1762.897
[1] "background.tf66-chr16.RData"
[1] 1601.527
[1] "background.tf66-chr17.RData"
[1] 1689.547
[1] "background.tf66-chr18.RData"
[1] 1637.62
[1] "background.tf66-chr19.RData"
[1] 1581.985
[1] "background.tf66-chr2.RData"
[1] 2004.894
[1] "background.tf66-chr20.RData"
[1] 1304.982
[1] "background.tf66-chr21.RData"
[1] 1629.195
[1] "background.tf66-chr22.RData"
[1] 2083.046
[1] "background.tf66-chr3.RData"
[1] 1845.451
[1] "background.tf66-chr4.RData"
[1] 2010.869
[1] "background.tf66-chr5.RData"
[1] 2033.826
[1] "background.tf66-chr6.RData"
[1] 2013.803
[1] "background.tf66-chr7.RData"
[1] 2076.452
[1] "background.tf66-chr8.RData"
[1] 1985.926
[1] "background.tf66-chr9.RData"
[1] 2647.681
[1] "background.tf66-chrM.RData"
[1] 392.335
[1] "background.tf66-chrX.RData"
[1] 1678.354
[1] 1
[1] 2
[1] 3
[1] 4
[1] 5
[1] 6
[1] 7
[1] 8
[1] 9
[1] 10
[1] 11
[1] 12
[1] 13
[1] 14
[1] 15
[1] 16
[1] 17
[1] 18
[1] 19
[1] 20
[1] 21
[1] 22
[1] 23
[1] 24
Time difference of 2.852655 mins
> 


PS:

Read file <K562_JUN_APQ_err.txt> for stderr output of this job.

