Sender: LSF System <lsfadmin@linuxbmc0195>
Subject: Job 24442923: <K562_NFE2L2_APQ> in cluster <rcc> Done

Job <K562_NFE2L2_APQ> was submitted from host <cluster> by user <eg474423> in cluster <rcc>.
Job was executed on host(s) <linuxbmc0195>, in queue <normal>, as user <eg474423> in cluster <rcc>.
</home/eg474423> was used as the home directory.
</work/eg474423/eg474423_Projects/trunk/TfbsPrediction/Code/CompetingMethods/Pipeline> was used as the working directory.
Started at Tue Oct 20 19:16:15 2015
Results reported on Tue Oct 20 19:37:44 2015

Your job looked like:

------------------------------------------------------------
# LSBATCH: User input
./applyPIQ_pipeline.zsh 83 NFE2L2 /hpcwork/izkf/projects/TfbsPrediction/Results/MPBSAWG/PIQ_batch/ /hpcwork/izkf/projects/TfbsPrediction/Results/Signals/Counts/DU_K562/PIQ/DNase.RData /hpcwork/izkf/projects/TfbsPrediction/Results/Footprints/Predictions/K562/PIQ_batch/
------------------------------------------------------------

Successfully completed.

Resource usage summary:

    CPU time :                                   1291.03 sec.
    Max Memory :                                 6790 MB
    Average Memory :                             4829.45 MB
    Total Requested Memory :                     12000.00 MB
    Delta Memory :                               5210.00 MB
    Max Processes :                              15
    Max Threads :                                16

The output (if any) follows:

> args <- commandArgs(trailingOnly = TRUE)
> print(args)
[1] "common.r"                                                                                        
[2] "/hpcwork/izkf/projects/TfbsPrediction/Results/MPBSAWG/PIQ_batch/"                                
[3] "/hpcwork/izkf/projects/TfbsPrediction/Results/Footprints/Predictions/K562/PIQ_batch/temp_NFE2L2/"
[4] "/hpcwork/izkf/projects/TfbsPrediction/Results/Footprints/Predictions/K562/PIQ_batch/res_NFE2L2/" 
[5] "/hpcwork/izkf/projects/TfbsPrediction/Results/Signals/Counts/DU_K562/PIQ/DNase.RData"            
[6] "83"                                                                                              
> 
> #location of common.r containing runtime parameters
> commonfile = args[1]
> 
> #directory where pwm matches are stored
> pwmdir = args[2]
> 
> #directory to use as fast temporary storage
> tmpdir = args[3]
> 
> #location of output calls
> outdir = args[4]
> 
> #location of the bam RData file made by bam2rdata.r
> bamfile = args[5]
> 
> #which pwm file to use in pwmdir
> pwmid = args[6]
> 
> ###
> # do FW
> 
> match.rc = F
> dump.chropen = F
> 
> two.pass = F
> suppressWarnings(source(commonfile))
> if(overwrite==F & file.exists( file.path(outdir,paste0(pwmid,'-diag.pdf')))){
+   stop(paste0('found previous run for ',pwmid,' avoiding overwrite'))
+ }
> 
> debugstring = c('loading pwm','loadbam','clustering','binding outputs')
> 
> dump.bed = T
> 
> tryCatch({
+ phase=0
+ load(paste0(pwmdir,pwmid,'.pwmout.RData'))
+ if(sum(clengths[1])>0){
+ phase=1
+ at<-Sys.time()
+ source('loadbam.r')
+ print(Sys.time()-at);at<-Sys.time()
+ phase=2
+ source('cluster.r')
+ print(Sys.time()-at);at<-Sys.time()
+ phase=3
+ source('bindcall.r')
+ print(Sys.time()-at);at<-Sys.time()
+ }
+ },error = function(e){
+    e$message=paste0('error during ',debugstring[phase+1],'\n','Error msg: ',e$message,'\n Args:',paste0(commandArgs(trailingOnly = TRUE),collapse=':'))
+    stop(e)
+ })
[1] "chr1"
[1] "chr2"
[1] "chr3"
[1] "chr4"
[1] "chr5"
[1] "chr6"
[1] "chr7"
[1] "chr8"
[1] "chr9"
[1] "chr10"
[1] "chr11"
[1] "chr12"
[1] "chr13"
[1] "chr14"
[1] "chr15"
[1] "chr16"
[1] "chr17"
[1] "chr18"
[1] "chr19"
[1] "chr20"
[1] "chr21"
[1] "chr22"
[1] "chrX"
[1] "chrM"
[1] "chr1"
[1] "chr2"
[1] "chr3"
[1] "chr4"
[1] "chr5"
[1] "chr6"
[1] "chr7"
[1] "chr8"
[1] "chr9"
[1] "chr10"
[1] "chr11"
[1] "chr12"
[1] "chr13"
[1] "chr14"
[1] "chr15"
[1] "chr16"
[1] "chr17"
[1] "chr18"
[1] "chr19"
[1] "chr20"
[1] "chr21"
[1] "chr22"
[1] "chrX"
[1] "chrM"
Time difference of 4.11568 mins
[1] "/hpcwork/izkf/projects/TfbsPrediction/Results/Footprints/Predictions/K562/PIQ_batch/temp_NFE2L2//83//positive.tf83-chr1.RData"
[1] "/hpcwork/izkf/projects/TfbsPrediction/Results/Footprints/Predictions/K562/PIQ_batch/temp_NFE2L2//83//positive.tf83-chr10.RData"
[1] "/hpcwork/izkf/projects/TfbsPrediction/Results/Footprints/Predictions/K562/PIQ_batch/temp_NFE2L2//83//positive.tf83-chr11.RData"
[1] "/hpcwork/izkf/projects/TfbsPrediction/Results/Footprints/Predictions/K562/PIQ_batch/temp_NFE2L2//83//positive.tf83-chr12.RData"
[1] "/hpcwork/izkf/projects/TfbsPrediction/Results/Footprints/Predictions/K562/PIQ_batch/temp_NFE2L2//83//positive.tf83-chr13.RData"
[1] "/hpcwork/izkf/projects/TfbsPrediction/Results/Footprints/Predictions/K562/PIQ_batch/temp_NFE2L2//83//positive.tf83-chr14.RData"
[1] "/hpcwork/izkf/projects/TfbsPrediction/Results/Footprints/Predictions/K562/PIQ_batch/temp_NFE2L2//83//positive.tf83-chr15.RData"
[1] "/hpcwork/izkf/projects/TfbsPrediction/Results/Footprints/Predictions/K562/PIQ_batch/temp_NFE2L2//83//positive.tf83-chr16.RData"
[1] "/hpcwork/izkf/projects/TfbsPrediction/Results/Footprints/Predictions/K562/PIQ_batch/temp_NFE2L2//83//positive.tf83-chr17.RData"
[1] "/hpcwork/izkf/projects/TfbsPrediction/Results/Footprints/Predictions/K562/PIQ_batch/temp_NFE2L2//83//positive.tf83-chr18.RData"
[1] "/hpcwork/izkf/projects/TfbsPrediction/Results/Footprints/Predictions/K562/PIQ_batch/temp_NFE2L2//83//positive.tf83-chr19.RData"
[1] "/hpcwork/izkf/projects/TfbsPrediction/Results/Footprints/Predictions/K562/PIQ_batch/temp_NFE2L2//83//positive.tf83-chr2.RData"
[1] "/hpcwork/izkf/projects/TfbsPrediction/Results/Footprints/Predictions/K562/PIQ_batch/temp_NFE2L2//83//positive.tf83-chr20.RData"
[1] "/hpcwork/izkf/projects/TfbsPrediction/Results/Footprints/Predictions/K562/PIQ_batch/temp_NFE2L2//83//positive.tf83-chr21.RData"
[1] "/hpcwork/izkf/projects/TfbsPrediction/Results/Footprints/Predictions/K562/PIQ_batch/temp_NFE2L2//83//positive.tf83-chr22.RData"
[1] "/hpcwork/izkf/projects/TfbsPrediction/Results/Footprints/Predictions/K562/PIQ_batch/temp_NFE2L2//83//positive.tf83-chr3.RData"
[1] "/hpcwork/izkf/projects/TfbsPrediction/Results/Footprints/Predictions/K562/PIQ_batch/temp_NFE2L2//83//positive.tf83-chr4.RData"
[1] "/hpcwork/izkf/projects/TfbsPrediction/Results/Footprints/Predictions/K562/PIQ_batch/temp_NFE2L2//83//positive.tf83-chr5.RData"
[1] "/hpcwork/izkf/projects/TfbsPrediction/Results/Footprints/Predictions/K562/PIQ_batch/temp_NFE2L2//83//positive.tf83-chr6.RData"
[1] "/hpcwork/izkf/projects/TfbsPrediction/Results/Footprints/Predictions/K562/PIQ_batch/temp_NFE2L2//83//positive.tf83-chr7.RData"
[1] "/hpcwork/izkf/projects/TfbsPrediction/Results/Footprints/Predictions/K562/PIQ_batch/temp_NFE2L2//83//positive.tf83-chr8.RData"
[1] "/hpcwork/izkf/projects/TfbsPrediction/Results/Footprints/Predictions/K562/PIQ_batch/temp_NFE2L2//83//positive.tf83-chr9.RData"
[1] "/hpcwork/izkf/projects/TfbsPrediction/Results/Footprints/Predictions/K562/PIQ_batch/temp_NFE2L2//83//positive.tf83-chrM.RData"
[1] "/hpcwork/izkf/projects/TfbsPrediction/Results/Footprints/Predictions/K562/PIQ_batch/temp_NFE2L2//83//positive.tf83-chrX.RData"
[1] "/hpcwork/izkf/projects/TfbsPrediction/Results/Footprints/Predictions/K562/PIQ_batch/temp_NFE2L2//83//background.tf83-chr1.RData"
[1] "/hpcwork/izkf/projects/TfbsPrediction/Results/Footprints/Predictions/K562/PIQ_batch/temp_NFE2L2//83//background.tf83-chr10.RData"
[1] "/hpcwork/izkf/projects/TfbsPrediction/Results/Footprints/Predictions/K562/PIQ_batch/temp_NFE2L2//83//background.tf83-chr11.RData"
[1] "/hpcwork/izkf/projects/TfbsPrediction/Results/Footprints/Predictions/K562/PIQ_batch/temp_NFE2L2//83//background.tf83-chr12.RData"
[1] "/hpcwork/izkf/projects/TfbsPrediction/Results/Footprints/Predictions/K562/PIQ_batch/temp_NFE2L2//83//background.tf83-chr13.RData"
[1] "/hpcwork/izkf/projects/TfbsPrediction/Results/Footprints/Predictions/K562/PIQ_batch/temp_NFE2L2//83//background.tf83-chr14.RData"
[1] "/hpcwork/izkf/projects/TfbsPrediction/Results/Footprints/Predictions/K562/PIQ_batch/temp_NFE2L2//83//background.tf83-chr15.RData"
[1] "/hpcwork/izkf/projects/TfbsPrediction/Results/Footprints/Predictions/K562/PIQ_batch/temp_NFE2L2//83//background.tf83-chr16.RData"
[1] "/hpcwork/izkf/projects/TfbsPrediction/Results/Footprints/Predictions/K562/PIQ_batch/temp_NFE2L2//83//background.tf83-chr17.RData"
[1] "/hpcwork/izkf/projects/TfbsPrediction/Results/Footprints/Predictions/K562/PIQ_batch/temp_NFE2L2//83//background.tf83-chr18.RData"
[1] "/hpcwork/izkf/projects/TfbsPrediction/Results/Footprints/Predictions/K562/PIQ_batch/temp_NFE2L2//83//background.tf83-chr19.RData"
[1] "/hpcwork/izkf/projects/TfbsPrediction/Results/Footprints/Predictions/K562/PIQ_batch/temp_NFE2L2//83//background.tf83-chr2.RData"
[1] "/hpcwork/izkf/projects/TfbsPrediction/Results/Footprints/Predictions/K562/PIQ_batch/temp_NFE2L2//83//background.tf83-chr20.RData"
[1] "/hpcwork/izkf/projects/TfbsPrediction/Results/Footprints/Predictions/K562/PIQ_batch/temp_NFE2L2//83//background.tf83-chr21.RData"
[1] "/hpcwork/izkf/projects/TfbsPrediction/Results/Footprints/Predictions/K562/PIQ_batch/temp_NFE2L2//83//background.tf83-chr22.RData"
[1] "/hpcwork/izkf/projects/TfbsPrediction/Results/Footprints/Predictions/K562/PIQ_batch/temp_NFE2L2//83//background.tf83-chr3.RData"
[1] "/hpcwork/izkf/projects/TfbsPrediction/Results/Footprints/Predictions/K562/PIQ_batch/temp_NFE2L2//83//background.tf83-chr4.RData"
[1] "/hpcwork/izkf/projects/TfbsPrediction/Results/Footprints/Predictions/K562/PIQ_batch/temp_NFE2L2//83//background.tf83-chr5.RData"
[1] "/hpcwork/izkf/projects/TfbsPrediction/Results/Footprints/Predictions/K562/PIQ_batch/temp_NFE2L2//83//background.tf83-chr6.RData"
[1] "/hpcwork/izkf/projects/TfbsPrediction/Results/Footprints/Predictions/K562/PIQ_batch/temp_NFE2L2//83//background.tf83-chr7.RData"
[1] "/hpcwork/izkf/projects/TfbsPrediction/Results/Footprints/Predictions/K562/PIQ_batch/temp_NFE2L2//83//background.tf83-chr8.RData"
[1] "/hpcwork/izkf/projects/TfbsPrediction/Results/Footprints/Predictions/K562/PIQ_batch/temp_NFE2L2//83//background.tf83-chr9.RData"
[1] "/hpcwork/izkf/projects/TfbsPrediction/Results/Footprints/Predictions/K562/PIQ_batch/temp_NFE2L2//83//background.tf83-chrM.RData"
[1] "/hpcwork/izkf/projects/TfbsPrediction/Results/Footprints/Predictions/K562/PIQ_batch/temp_NFE2L2//83//background.tf83-chrX.RData"
Time difference of 2.702511 mins
[1] "background.tf83-chr1.RData"
[1] "background.tf83-chr10.RData"
[1] "background.tf83-chr11.RData"
[1] "background.tf83-chr12.RData"
[1] "background.tf83-chr13.RData"
[1] "background.tf83-chr14.RData"
[1] "background.tf83-chr15.RData"
[1] "background.tf83-chr16.RData"
[1] "background.tf83-chr17.RData"
[1] "background.tf83-chr18.RData"
[1] "background.tf83-chr19.RData"
[1] "background.tf83-chr2.RData"
[1] "background.tf83-chr20.RData"
[1] "background.tf83-chr21.RData"
[1] "background.tf83-chr22.RData"
[1] "background.tf83-chr3.RData"
[1] "background.tf83-chr4.RData"
[1] "background.tf83-chr5.RData"
[1] "background.tf83-chr6.RData"
[1] "background.tf83-chr7.RData"
[1] "background.tf83-chr8.RData"
[1] "background.tf83-chr9.RData"
[1] "background.tf83-chrM.RData"
[1] "background.tf83-chrX.RData"
[1] "background.tf83-chr1.RData"
[1] 1722.498
[1] "background.tf83-chr10.RData"
[1] 2031.123
[1] "background.tf83-chr11.RData"
[1] 1638.258
[1] "background.tf83-chr12.RData"
[1] 1696.84
[1] "background.tf83-chr13.RData"
[1] 1502.644
[1] "background.tf83-chr14.RData"
[1] 2072.472
[1] "background.tf83-chr15.RData"
[1] 1652.715
[1] "background.tf83-chr16.RData"
[1] 1834.586
[1] "background.tf83-chr17.RData"
[1] 1532.702
[1] "background.tf83-chr18.RData"
[1] 1719.255
[1] "background.tf83-chr19.RData"
[1] 1630.395
[1] "background.tf83-chr2.RData"
[1] 1697.947
[1] "background.tf83-chr20.RData"
[1] 1617.665
[1] "background.tf83-chr21.RData"
[1] 1660.378
[1] "background.tf83-chr22.RData"
[1] 2014.679
[1] "background.tf83-chr3.RData"
[1] 2108.776
[1] "background.tf83-chr4.RData"
[1] 1781.016
[1] "background.tf83-chr5.RData"
[1] 2070.866
[1] "background.tf83-chr6.RData"
[1] 1767.908
[1] "background.tf83-chr7.RData"
[1] 2294.044
[1] "background.tf83-chr8.RData"
[1] 1855.986
[1] "background.tf83-chr9.RData"
[1] 1909.283
[1] "background.tf83-chrM.RData"
[1] 288.4254
[1] "background.tf83-chrX.RData"
[1] 2079.922
[1] 1
[1] 2
[1] 3
[1] 4
[1] 5
[1] 6
[1] 7
[1] 8
[1] 9
[1] 10
[1] 11
[1] 12
[1] 13
[1] 14
[1] 15
[1] 16
[1] 17
[1] 18
[1] 19
[1] 20
[1] 21
[1] 22
[1] 23
[1] 24
Time difference of 3.270111 mins
> 
> ###
> # do RC
> 
> match.rc = T
> 
> suppressWarnings(source(commonfile))
> if(overwrite==F & file.exists( file.path(outdir,paste0(pwmid,'-diag.rc.pdf')))){
+   stop(paste0('found previous run for ',pwmid,' avoiding overwrite'))
+ }
> 
> debugstring = c('loading pwm.rc','loadbam.rc','clustering.rc','binding outputs.rc')
> 
> tryCatch({
+ phase=0
+ load(paste0(pwmdir,pwmid,'.pwmout.rc.RData'))
+ if(sum(clengths[1])>0){
+ phase=1
+ at<-Sys.time()
+ source('loadbam.r')
+ print(Sys.time()-at);at<-Sys.time()
+ phase=2
+ source('cluster.r')
+ print(Sys.time()-at);at<-Sys.time()
+ phase=3
+ source('bindcall.r')
+ print(Sys.time()-at);at<-Sys.time()
+ }
+ },error = function(e){
+    e$message=paste0('error during ',debugstring[phase+1],'\n','Error msg: ',e$message,'\n Args:',paste0(commandArgs(trailingOnly = TRUE),collapse=':'))
+    stop(e)
+ })
[1] "chr1"
[1] "chr2"
[1] "chr3"
[1] "chr4"
[1] "chr5"
[1] "chr6"
[1] "chr7"
[1] "chr8"
[1] "chr9"
[1] "chr10"
[1] "chr11"
[1] "chr12"
[1] "chr13"
[1] "chr14"
[1] "chr15"
[1] "chr16"
[1] "chr17"
[1] "chr18"
[1] "chr19"
[1] "chr20"
[1] "chr21"
[1] "chr22"
[1] "chrX"
[1] "chrM"
[1] "chr1"
[1] "chr2"
[1] "chr3"
[1] "chr4"
[1] "chr5"
[1] "chr6"
[1] "chr7"
[1] "chr8"
[1] "chr9"
[1] "chr10"
[1] "chr11"
[1] "chr12"
[1] "chr13"
[1] "chr14"
[1] "chr15"
[1] "chr16"
[1] "chr17"
[1] "chr18"
[1] "chr19"
[1] "chr20"
[1] "chr21"
[1] "chr22"
[1] "chrX"
[1] "chrM"
Time difference of 4.701791 mins
[1] "/hpcwork/izkf/projects/TfbsPrediction/Results/Footprints/Predictions/K562/PIQ_batch/temp_NFE2L2//83//positive.tf83-chr1.RData"
[1] "/hpcwork/izkf/projects/TfbsPrediction/Results/Footprints/Predictions/K562/PIQ_batch/temp_NFE2L2//83//positive.tf83-chr10.RData"
[1] "/hpcwork/izkf/projects/TfbsPrediction/Results/Footprints/Predictions/K562/PIQ_batch/temp_NFE2L2//83//positive.tf83-chr11.RData"
[1] "/hpcwork/izkf/projects/TfbsPrediction/Results/Footprints/Predictions/K562/PIQ_batch/temp_NFE2L2//83//positive.tf83-chr12.RData"
[1] "/hpcwork/izkf/projects/TfbsPrediction/Results/Footprints/Predictions/K562/PIQ_batch/temp_NFE2L2//83//positive.tf83-chr13.RData"
[1] "/hpcwork/izkf/projects/TfbsPrediction/Results/Footprints/Predictions/K562/PIQ_batch/temp_NFE2L2//83//positive.tf83-chr14.RData"
[1] "/hpcwork/izkf/projects/TfbsPrediction/Results/Footprints/Predictions/K562/PIQ_batch/temp_NFE2L2//83//positive.tf83-chr15.RData"
[1] "/hpcwork/izkf/projects/TfbsPrediction/Results/Footprints/Predictions/K562/PIQ_batch/temp_NFE2L2//83//positive.tf83-chr16.RData"
[1] "/hpcwork/izkf/projects/TfbsPrediction/Results/Footprints/Predictions/K562/PIQ_batch/temp_NFE2L2//83//positive.tf83-chr17.RData"
[1] "/hpcwork/izkf/projects/TfbsPrediction/Results/Footprints/Predictions/K562/PIQ_batch/temp_NFE2L2//83//positive.tf83-chr18.RData"
[1] "/hpcwork/izkf/projects/TfbsPrediction/Results/Footprints/Predictions/K562/PIQ_batch/temp_NFE2L2//83//positive.tf83-chr19.RData"
[1] "/hpcwork/izkf/projects/TfbsPrediction/Results/Footprints/Predictions/K562/PIQ_batch/temp_NFE2L2//83//positive.tf83-chr2.RData"
[1] "/hpcwork/izkf/projects/TfbsPrediction/Results/Footprints/Predictions/K562/PIQ_batch/temp_NFE2L2//83//positive.tf83-chr20.RData"
[1] "/hpcwork/izkf/projects/TfbsPrediction/Results/Footprints/Predictions/K562/PIQ_batch/temp_NFE2L2//83//positive.tf83-chr21.RData"
[1] "/hpcwork/izkf/projects/TfbsPrediction/Results/Footprints/Predictions/K562/PIQ_batch/temp_NFE2L2//83//positive.tf83-chr22.RData"
[1] "/hpcwork/izkf/projects/TfbsPrediction/Results/Footprints/Predictions/K562/PIQ_batch/temp_NFE2L2//83//positive.tf83-chr3.RData"
[1] "/hpcwork/izkf/projects/TfbsPrediction/Results/Footprints/Predictions/K562/PIQ_batch/temp_NFE2L2//83//positive.tf83-chr4.RData"
[1] "/hpcwork/izkf/projects/TfbsPrediction/Results/Footprints/Predictions/K562/PIQ_batch/temp_NFE2L2//83//positive.tf83-chr5.RData"
[1] "/hpcwork/izkf/projects/TfbsPrediction/Results/Footprints/Predictions/K562/PIQ_batch/temp_NFE2L2//83//positive.tf83-chr6.RData"
[1] "/hpcwork/izkf/projects/TfbsPrediction/Results/Footprints/Predictions/K562/PIQ_batch/temp_NFE2L2//83//positive.tf83-chr7.RData"
[1] "/hpcwork/izkf/projects/TfbsPrediction/Results/Footprints/Predictions/K562/PIQ_batch/temp_NFE2L2//83//positive.tf83-chr8.RData"
[1] "/hpcwork/izkf/projects/TfbsPrediction/Results/Footprints/Predictions/K562/PIQ_batch/temp_NFE2L2//83//positive.tf83-chr9.RData"
[1] "/hpcwork/izkf/projects/TfbsPrediction/Results/Footprints/Predictions/K562/PIQ_batch/temp_NFE2L2//83//positive.tf83-chrM.RData"
[1] "/hpcwork/izkf/projects/TfbsPrediction/Results/Footprints/Predictions/K562/PIQ_batch/temp_NFE2L2//83//positive.tf83-chrX.RData"
[1] "/hpcwork/izkf/projects/TfbsPrediction/Results/Footprints/Predictions/K562/PIQ_batch/temp_NFE2L2//83//background.tf83-chr1.RData"
[1] "/hpcwork/izkf/projects/TfbsPrediction/Results/Footprints/Predictions/K562/PIQ_batch/temp_NFE2L2//83//background.tf83-chr10.RData"
[1] "/hpcwork/izkf/projects/TfbsPrediction/Results/Footprints/Predictions/K562/PIQ_batch/temp_NFE2L2//83//background.tf83-chr11.RData"
[1] "/hpcwork/izkf/projects/TfbsPrediction/Results/Footprints/Predictions/K562/PIQ_batch/temp_NFE2L2//83//background.tf83-chr12.RData"
[1] "/hpcwork/izkf/projects/TfbsPrediction/Results/Footprints/Predictions/K562/PIQ_batch/temp_NFE2L2//83//background.tf83-chr13.RData"
[1] "/hpcwork/izkf/projects/TfbsPrediction/Results/Footprints/Predictions/K562/PIQ_batch/temp_NFE2L2//83//background.tf83-chr14.RData"
[1] "/hpcwork/izkf/projects/TfbsPrediction/Results/Footprints/Predictions/K562/PIQ_batch/temp_NFE2L2//83//background.tf83-chr15.RData"
[1] "/hpcwork/izkf/projects/TfbsPrediction/Results/Footprints/Predictions/K562/PIQ_batch/temp_NFE2L2//83//background.tf83-chr16.RData"
[1] "/hpcwork/izkf/projects/TfbsPrediction/Results/Footprints/Predictions/K562/PIQ_batch/temp_NFE2L2//83//background.tf83-chr17.RData"
[1] "/hpcwork/izkf/projects/TfbsPrediction/Results/Footprints/Predictions/K562/PIQ_batch/temp_NFE2L2//83//background.tf83-chr18.RData"
[1] "/hpcwork/izkf/projects/TfbsPrediction/Results/Footprints/Predictions/K562/PIQ_batch/temp_NFE2L2//83//background.tf83-chr19.RData"
[1] "/hpcwork/izkf/projects/TfbsPrediction/Results/Footprints/Predictions/K562/PIQ_batch/temp_NFE2L2//83//background.tf83-chr2.RData"
[1] "/hpcwork/izkf/projects/TfbsPrediction/Results/Footprints/Predictions/K562/PIQ_batch/temp_NFE2L2//83//background.tf83-chr20.RData"
[1] "/hpcwork/izkf/projects/TfbsPrediction/Results/Footprints/Predictions/K562/PIQ_batch/temp_NFE2L2//83//background.tf83-chr21.RData"
[1] "/hpcwork/izkf/projects/TfbsPrediction/Results/Footprints/Predictions/K562/PIQ_batch/temp_NFE2L2//83//background.tf83-chr22.RData"
[1] "/hpcwork/izkf/projects/TfbsPrediction/Results/Footprints/Predictions/K562/PIQ_batch/temp_NFE2L2//83//background.tf83-chr3.RData"
[1] "/hpcwork/izkf/projects/TfbsPrediction/Results/Footprints/Predictions/K562/PIQ_batch/temp_NFE2L2//83//background.tf83-chr4.RData"
[1] "/hpcwork/izkf/projects/TfbsPrediction/Results/Footprints/Predictions/K562/PIQ_batch/temp_NFE2L2//83//background.tf83-chr5.RData"
[1] "/hpcwork/izkf/projects/TfbsPrediction/Results/Footprints/Predictions/K562/PIQ_batch/temp_NFE2L2//83//background.tf83-chr6.RData"
[1] "/hpcwork/izkf/projects/TfbsPrediction/Results/Footprints/Predictions/K562/PIQ_batch/temp_NFE2L2//83//background.tf83-chr7.RData"
[1] "/hpcwork/izkf/projects/TfbsPrediction/Results/Footprints/Predictions/K562/PIQ_batch/temp_NFE2L2//83//background.tf83-chr8.RData"
[1] "/hpcwork/izkf/projects/TfbsPrediction/Results/Footprints/Predictions/K562/PIQ_batch/temp_NFE2L2//83//background.tf83-chr9.RData"
[1] "/hpcwork/izkf/projects/TfbsPrediction/Results/Footprints/Predictions/K562/PIQ_batch/temp_NFE2L2//83//background.tf83-chrM.RData"
[1] "/hpcwork/izkf/projects/TfbsPrediction/Results/Footprints/Predictions/K562/PIQ_batch/temp_NFE2L2//83//background.tf83-chrX.RData"
Time difference of 2.603149 mins
[1] "background.tf83-chr1.RData"
[1] "background.tf83-chr10.RData"
[1] "background.tf83-chr11.RData"
[1] "background.tf83-chr12.RData"
[1] "background.tf83-chr13.RData"
[1] "background.tf83-chr14.RData"
[1] "background.tf83-chr15.RData"
[1] "background.tf83-chr16.RData"
[1] "background.tf83-chr17.RData"
[1] "background.tf83-chr18.RData"
[1] "background.tf83-chr19.RData"
[1] "background.tf83-chr2.RData"
[1] "background.tf83-chr20.RData"
[1] "background.tf83-chr21.RData"
[1] "background.tf83-chr22.RData"
[1] "background.tf83-chr3.RData"
[1] "background.tf83-chr4.RData"
[1] "background.tf83-chr5.RData"
[1] "background.tf83-chr6.RData"
[1] "background.tf83-chr7.RData"
[1] "background.tf83-chr8.RData"
[1] "background.tf83-chr9.RData"
[1] "background.tf83-chrM.RData"
[1] "background.tf83-chrX.RData"
[1] "background.tf83-chr1.RData"
[1] 1814.81
[1] "background.tf83-chr10.RData"
[1] 1850.688
[1] "background.tf83-chr11.RData"
[1] 1507.145
[1] "background.tf83-chr12.RData"
[1] 1906.775
[1] "background.tf83-chr13.RData"
[1] 1692.726
[1] "background.tf83-chr14.RData"
[1] 1829.684
[1] "background.tf83-chr15.RData"
[1] 1555.675
[1] "background.tf83-chr16.RData"
[1] 1738.211
[1] "background.tf83-chr17.RData"
[1] 1754.026
[1] "background.tf83-chr18.RData"
[1] 1720.184
[1] "background.tf83-chr19.RData"
[1] 1870.872
[1] "background.tf83-chr2.RData"
[1] 1991.906
[1] "background.tf83-chr20.RData"
[1] 1594.771
[1] "background.tf83-chr21.RData"
[1] 1661.541
[1] "background.tf83-chr22.RData"
[1] 2513.113
[1] "background.tf83-chr3.RData"
[1] 1936.559
[1] "background.tf83-chr4.RData"
[1] 1891.09
[1] "background.tf83-chr5.RData"
[1] 1836.467
[1] "background.tf83-chr6.RData"
[1] 1979.021
[1] "background.tf83-chr7.RData"
[1] 2417.417
[1] "background.tf83-chr8.RData"
[1] 1780.849
[1] "background.tf83-chr9.RData"
[1] 2166.641
[1] "background.tf83-chrM.RData"
[1] 223.4016
[1] "background.tf83-chrX.RData"
[1] 1814.885
[1] 1
[1] 2
[1] 3
[1] 4
[1] 5
[1] 6
[1] 7
[1] 8
[1] 9
[1] 10
[1] 11
[1] 12
[1] 13
[1] 14
[1] 15
[1] 16
[1] 17
[1] 18
[1] 19
[1] 20
[1] 21
[1] 22
[1] 23
[1] 24
Time difference of 3.176321 mins
> 


PS:

Read file <K562_NFE2L2_APQ_err.txt> for stderr output of this job.

