Sender: LSF System <lsfadmin@linuxbmc0073>
Subject: Job 24442929: <K562_NKX3-1_APQ> in cluster <rcc> Done

Job <K562_NKX3-1_APQ> was submitted from host <cluster> by user <eg474423> in cluster <rcc>.
Job was executed on host(s) <linuxbmc0073>, in queue <normal>, as user <eg474423> in cluster <rcc>.
</home/eg474423> was used as the home directory.
</work/eg474423/eg474423_Projects/trunk/TfbsPrediction/Code/CompetingMethods/Pipeline> was used as the working directory.
Started at Tue Oct 20 19:16:15 2015
Results reported on Tue Oct 20 20:15:39 2015

Your job looked like:

------------------------------------------------------------
# LSBATCH: User input
./applyPIQ_pipeline.zsh 89 NKX3-1 /hpcwork/izkf/projects/TfbsPrediction/Results/MPBSAWG/PIQ_batch/ /hpcwork/izkf/projects/TfbsPrediction/Results/Signals/Counts/DU_K562/PIQ/DNase.RData /hpcwork/izkf/projects/TfbsPrediction/Results/Footprints/Predictions/K562/PIQ_batch/
------------------------------------------------------------

Successfully completed.

Resource usage summary:

    CPU time :                                   3643.90 sec.
    Max Memory :                                 12000 MB
    Average Memory :                             9764.40 MB
    Total Requested Memory :                     12000.00 MB
    Delta Memory :                               0.00 MB
    Max Processes :                              9
    Max Threads :                                10

The output (if any) follows:

> args <- commandArgs(trailingOnly = TRUE)
> print(args)
[1] "common.r"                                                                                        
[2] "/hpcwork/izkf/projects/TfbsPrediction/Results/MPBSAWG/PIQ_batch/"                                
[3] "/hpcwork/izkf/projects/TfbsPrediction/Results/Footprints/Predictions/K562/PIQ_batch/temp_NKX3-1/"
[4] "/hpcwork/izkf/projects/TfbsPrediction/Results/Footprints/Predictions/K562/PIQ_batch/res_NKX3-1/" 
[5] "/hpcwork/izkf/projects/TfbsPrediction/Results/Signals/Counts/DU_K562/PIQ/DNase.RData"            
[6] "89"                                                                                              
> 
> #location of common.r containing runtime parameters
> commonfile = args[1]
> 
> #directory where pwm matches are stored
> pwmdir = args[2]
> 
> #directory to use as fast temporary storage
> tmpdir = args[3]
> 
> #location of output calls
> outdir = args[4]
> 
> #location of the bam RData file made by bam2rdata.r
> bamfile = args[5]
> 
> #which pwm file to use in pwmdir
> pwmid = args[6]
> 
> ###
> # do FW
> 
> match.rc = F
> dump.chropen = F
> 
> two.pass = F
> suppressWarnings(source(commonfile))
> if(overwrite==F & file.exists( file.path(outdir,paste0(pwmid,'-diag.pdf')))){
+   stop(paste0('found previous run for ',pwmid,' avoiding overwrite'))
+ }
> 
> debugstring = c('loading pwm','loadbam','clustering','binding outputs')
> 
> dump.bed = T
> 
> tryCatch({
+ phase=0
+ load(paste0(pwmdir,pwmid,'.pwmout.RData'))
+ if(sum(clengths[1])>0){
+ phase=1
+ at<-Sys.time()
+ source('loadbam.r')
+ print(Sys.time()-at);at<-Sys.time()
+ phase=2
+ source('cluster.r')
+ print(Sys.time()-at);at<-Sys.time()
+ phase=3
+ source('bindcall.r')
+ print(Sys.time()-at);at<-Sys.time()
+ }
+ },error = function(e){
+    e$message=paste0('error during ',debugstring[phase+1],'\n','Error msg: ',e$message,'\n Args:',paste0(commandArgs(trailingOnly = TRUE),collapse=':'))
+    stop(e)
+ })
[1] "chr1"
[1] "chr2"
[1] "chr3"
[1] "chr4"
[1] "chr5"
[1] "chr6"
[1] "chr7"
[1] "chr8"
[1] "chr9"
[1] "chr10"
[1] "chr11"
[1] "chr12"
[1] "chr13"
[1] "chr14"
[1] "chr15"
[1] "chr16"
[1] "chr17"
[1] "chr18"
[1] "chr19"
[1] "chr20"
[1] "chr21"
[1] "chr22"
[1] "chrX"
[1] "chrM"
[1] "chr1"
[1] "chr2"
[1] "chr3"
[1] "chr4"
[1] "chr5"
[1] "chr6"
[1] "chr7"
[1] "chr8"
[1] "chr9"
[1] "chr10"
[1] "chr11"
[1] "chr12"
[1] "chr13"
[1] "chr14"
[1] "chr15"
[1] "chr16"
[1] "chr17"
[1] "chr18"
[1] "chr19"
[1] "chr20"
[1] "chr21"
[1] "chr22"
[1] "chrX"
[1] "chrM"
Time difference of 7.931084 mins
[1] "/hpcwork/izkf/projects/TfbsPrediction/Results/Footprints/Predictions/K562/PIQ_batch/temp_NKX3-1//89//positive.tf89-chr1.RData"
[1] "/hpcwork/izkf/projects/TfbsPrediction/Results/Footprints/Predictions/K562/PIQ_batch/temp_NKX3-1//89//positive.tf89-chr10.RData"
[1] "/hpcwork/izkf/projects/TfbsPrediction/Results/Footprints/Predictions/K562/PIQ_batch/temp_NKX3-1//89//positive.tf89-chr11.RData"
[1] "/hpcwork/izkf/projects/TfbsPrediction/Results/Footprints/Predictions/K562/PIQ_batch/temp_NKX3-1//89//positive.tf89-chr12.RData"
[1] "/hpcwork/izkf/projects/TfbsPrediction/Results/Footprints/Predictions/K562/PIQ_batch/temp_NKX3-1//89//positive.tf89-chr13.RData"
[1] "/hpcwork/izkf/projects/TfbsPrediction/Results/Footprints/Predictions/K562/PIQ_batch/temp_NKX3-1//89//positive.tf89-chr14.RData"
[1] "/hpcwork/izkf/projects/TfbsPrediction/Results/Footprints/Predictions/K562/PIQ_batch/temp_NKX3-1//89//positive.tf89-chr15.RData"
[1] "/hpcwork/izkf/projects/TfbsPrediction/Results/Footprints/Predictions/K562/PIQ_batch/temp_NKX3-1//89//positive.tf89-chr16.RData"
[1] "/hpcwork/izkf/projects/TfbsPrediction/Results/Footprints/Predictions/K562/PIQ_batch/temp_NKX3-1//89//positive.tf89-chr17.RData"
[1] "/hpcwork/izkf/projects/TfbsPrediction/Results/Footprints/Predictions/K562/PIQ_batch/temp_NKX3-1//89//positive.tf89-chr18.RData"
[1] "/hpcwork/izkf/projects/TfbsPrediction/Results/Footprints/Predictions/K562/PIQ_batch/temp_NKX3-1//89//positive.tf89-chr19.RData"
[1] "/hpcwork/izkf/projects/TfbsPrediction/Results/Footprints/Predictions/K562/PIQ_batch/temp_NKX3-1//89//positive.tf89-chr2.RData"
[1] "/hpcwork/izkf/projects/TfbsPrediction/Results/Footprints/Predictions/K562/PIQ_batch/temp_NKX3-1//89//positive.tf89-chr20.RData"
[1] "/hpcwork/izkf/projects/TfbsPrediction/Results/Footprints/Predictions/K562/PIQ_batch/temp_NKX3-1//89//positive.tf89-chr21.RData"
[1] "/hpcwork/izkf/projects/TfbsPrediction/Results/Footprints/Predictions/K562/PIQ_batch/temp_NKX3-1//89//positive.tf89-chr22.RData"
[1] "/hpcwork/izkf/projects/TfbsPrediction/Results/Footprints/Predictions/K562/PIQ_batch/temp_NKX3-1//89//positive.tf89-chr3.RData"
[1] "/hpcwork/izkf/projects/TfbsPrediction/Results/Footprints/Predictions/K562/PIQ_batch/temp_NKX3-1//89//positive.tf89-chr4.RData"
[1] "/hpcwork/izkf/projects/TfbsPrediction/Results/Footprints/Predictions/K562/PIQ_batch/temp_NKX3-1//89//positive.tf89-chr5.RData"
[1] "/hpcwork/izkf/projects/TfbsPrediction/Results/Footprints/Predictions/K562/PIQ_batch/temp_NKX3-1//89//positive.tf89-chr6.RData"
[1] "/hpcwork/izkf/projects/TfbsPrediction/Results/Footprints/Predictions/K562/PIQ_batch/temp_NKX3-1//89//positive.tf89-chr7.RData"
[1] "/hpcwork/izkf/projects/TfbsPrediction/Results/Footprints/Predictions/K562/PIQ_batch/temp_NKX3-1//89//positive.tf89-chr8.RData"
[1] "/hpcwork/izkf/projects/TfbsPrediction/Results/Footprints/Predictions/K562/PIQ_batch/temp_NKX3-1//89//positive.tf89-chr9.RData"
[1] "/hpcwork/izkf/projects/TfbsPrediction/Results/Footprints/Predictions/K562/PIQ_batch/temp_NKX3-1//89//positive.tf89-chrM.RData"
[1] "/hpcwork/izkf/projects/TfbsPrediction/Results/Footprints/Predictions/K562/PIQ_batch/temp_NKX3-1//89//positive.tf89-chrX.RData"
[1] "/hpcwork/izkf/projects/TfbsPrediction/Results/Footprints/Predictions/K562/PIQ_batch/temp_NKX3-1//89//background.tf89-chr1.RData"
[1] "/hpcwork/izkf/projects/TfbsPrediction/Results/Footprints/Predictions/K562/PIQ_batch/temp_NKX3-1//89//background.tf89-chr10.RData"
[1] "/hpcwork/izkf/projects/TfbsPrediction/Results/Footprints/Predictions/K562/PIQ_batch/temp_NKX3-1//89//background.tf89-chr11.RData"
[1] "/hpcwork/izkf/projects/TfbsPrediction/Results/Footprints/Predictions/K562/PIQ_batch/temp_NKX3-1//89//background.tf89-chr12.RData"
[1] "/hpcwork/izkf/projects/TfbsPrediction/Results/Footprints/Predictions/K562/PIQ_batch/temp_NKX3-1//89//background.tf89-chr13.RData"
[1] "/hpcwork/izkf/projects/TfbsPrediction/Results/Footprints/Predictions/K562/PIQ_batch/temp_NKX3-1//89//background.tf89-chr14.RData"
[1] "/hpcwork/izkf/projects/TfbsPrediction/Results/Footprints/Predictions/K562/PIQ_batch/temp_NKX3-1//89//background.tf89-chr15.RData"
[1] "/hpcwork/izkf/projects/TfbsPrediction/Results/Footprints/Predictions/K562/PIQ_batch/temp_NKX3-1//89//background.tf89-chr16.RData"
[1] "/hpcwork/izkf/projects/TfbsPrediction/Results/Footprints/Predictions/K562/PIQ_batch/temp_NKX3-1//89//background.tf89-chr17.RData"
[1] "/hpcwork/izkf/projects/TfbsPrediction/Results/Footprints/Predictions/K562/PIQ_batch/temp_NKX3-1//89//background.tf89-chr18.RData"
[1] "/hpcwork/izkf/projects/TfbsPrediction/Results/Footprints/Predictions/K562/PIQ_batch/temp_NKX3-1//89//background.tf89-chr19.RData"
[1] "/hpcwork/izkf/projects/TfbsPrediction/Results/Footprints/Predictions/K562/PIQ_batch/temp_NKX3-1//89//background.tf89-chr2.RData"
[1] "/hpcwork/izkf/projects/TfbsPrediction/Results/Footprints/Predictions/K562/PIQ_batch/temp_NKX3-1//89//background.tf89-chr20.RData"
[1] "/hpcwork/izkf/projects/TfbsPrediction/Results/Footprints/Predictions/K562/PIQ_batch/temp_NKX3-1//89//background.tf89-chr21.RData"
[1] "/hpcwork/izkf/projects/TfbsPrediction/Results/Footprints/Predictions/K562/PIQ_batch/temp_NKX3-1//89//background.tf89-chr22.RData"
[1] "/hpcwork/izkf/projects/TfbsPrediction/Results/Footprints/Predictions/K562/PIQ_batch/temp_NKX3-1//89//background.tf89-chr3.RData"
[1] "/hpcwork/izkf/projects/TfbsPrediction/Results/Footprints/Predictions/K562/PIQ_batch/temp_NKX3-1//89//background.tf89-chr4.RData"
[1] "/hpcwork/izkf/projects/TfbsPrediction/Results/Footprints/Predictions/K562/PIQ_batch/temp_NKX3-1//89//background.tf89-chr5.RData"
[1] "/hpcwork/izkf/projects/TfbsPrediction/Results/Footprints/Predictions/K562/PIQ_batch/temp_NKX3-1//89//background.tf89-chr6.RData"
[1] "/hpcwork/izkf/projects/TfbsPrediction/Results/Footprints/Predictions/K562/PIQ_batch/temp_NKX3-1//89//background.tf89-chr7.RData"
[1] "/hpcwork/izkf/projects/TfbsPrediction/Results/Footprints/Predictions/K562/PIQ_batch/temp_NKX3-1//89//background.tf89-chr8.RData"
[1] "/hpcwork/izkf/projects/TfbsPrediction/Results/Footprints/Predictions/K562/PIQ_batch/temp_NKX3-1//89//background.tf89-chr9.RData"
[1] "/hpcwork/izkf/projects/TfbsPrediction/Results/Footprints/Predictions/K562/PIQ_batch/temp_NKX3-1//89//background.tf89-chrM.RData"
[1] "/hpcwork/izkf/projects/TfbsPrediction/Results/Footprints/Predictions/K562/PIQ_batch/temp_NKX3-1//89//background.tf89-chrX.RData"
Time difference of 5.114296 mins
[1] "background.tf89-chr1.RData"
[1] "background.tf89-chr10.RData"
[1] "background.tf89-chr11.RData"
[1] "background.tf89-chr12.RData"
[1] "background.tf89-chr13.RData"
[1] "background.tf89-chr14.RData"
[1] "background.tf89-chr15.RData"
[1] "background.tf89-chr16.RData"
[1] "background.tf89-chr17.RData"
[1] "background.tf89-chr18.RData"
[1] "background.tf89-chr19.RData"
[1] "background.tf89-chr2.RData"
[1] "background.tf89-chr20.RData"
[1] "background.tf89-chr21.RData"
[1] "background.tf89-chr22.RData"
[1] "background.tf89-chr3.RData"
[1] "background.tf89-chr4.RData"
[1] "background.tf89-chr5.RData"
[1] "background.tf89-chr6.RData"
[1] "background.tf89-chr7.RData"
[1] "background.tf89-chr8.RData"
[1] "background.tf89-chr9.RData"
[1] "background.tf89-chrM.RData"
[1] "background.tf89-chrX.RData"
[1] "background.tf89-chr1.RData"
[1] 2077.972
[1] "background.tf89-chr10.RData"
[1] 1723.072
[1] "background.tf89-chr11.RData"
[1] 1533.043
[1] "background.tf89-chr12.RData"
[1] 1776.474
[1] "background.tf89-chr13.RData"
[1] 1885.063
[1] "background.tf89-chr14.RData"
[1] 2369.982
[1] "background.tf89-chr15.RData"
[1] 1894.526
[1] "background.tf89-chr16.RData"
[1] 1725.25
[1] "background.tf89-chr17.RData"
[1] 1798.66
[1] "background.tf89-chr18.RData"
[1] 2478.21
[1] "background.tf89-chr19.RData"
[1] 1971.828
[1] "background.tf89-chr2.RData"
[1] 2046.341
[1] "background.tf89-chr20.RData"
[1] 1742.6
[1] "background.tf89-chr21.RData"
[1] 2130.345
[1] "background.tf89-chr22.RData"
[1] 2239.987
[1] "background.tf89-chr3.RData"
[1] 2138.185
[1] "background.tf89-chr4.RData"
[1] 2244.846
[1] "background.tf89-chr5.RData"
[1] 1918.135
[1] "background.tf89-chr6.RData"
[1] 2418.541
[1] "background.tf89-chr7.RData"
[1] 1969.34
[1] "background.tf89-chr8.RData"
[1] 1915.126
[1] "background.tf89-chr9.RData"
[1] 2241.112
[1] "background.tf89-chrM.RData"
[1] 379.4886
[1] "background.tf89-chrX.RData"
[1] 2337.207
[1] 1
[1] 2
[1] 3
[1] 4
[1] 5
[1] 6
[1] 7
[1] 8
[1] 9
[1] 10
[1] 11
[1] 12
[1] 13
[1] 14
[1] 15
[1] 16
[1] 17
[1] 18
[1] 19
[1] 20
[1] 21
[1] 22
[1] 23
[1] 24
Time difference of 14.3873 mins
> 
> ###
> # do RC
> 
> match.rc = T
> 
> suppressWarnings(source(commonfile))
> if(overwrite==F & file.exists( file.path(outdir,paste0(pwmid,'-diag.rc.pdf')))){
+   stop(paste0('found previous run for ',pwmid,' avoiding overwrite'))
+ }
> 
> debugstring = c('loading pwm.rc','loadbam.rc','clustering.rc','binding outputs.rc')
> 
> tryCatch({
+ phase=0
+ load(paste0(pwmdir,pwmid,'.pwmout.rc.RData'))
+ if(sum(clengths[1])>0){
+ phase=1
+ at<-Sys.time()
+ source('loadbam.r')
+ print(Sys.time()-at);at<-Sys.time()
+ phase=2
+ source('cluster.r')
+ print(Sys.time()-at);at<-Sys.time()
+ phase=3
+ source('bindcall.r')
+ print(Sys.time()-at);at<-Sys.time()
+ }
+ },error = function(e){
+    e$message=paste0('error during ',debugstring[phase+1],'\n','Error msg: ',e$message,'\n Args:',paste0(commandArgs(trailingOnly = TRUE),collapse=':'))
+    stop(e)
+ })
[1] "chr1"
[1] "chr2"
[1] "chr3"
[1] "chr4"
[1] "chr5"
[1] "chr6"
[1] "chr7"
[1] "chr8"
[1] "chr9"
[1] "chr10"
[1] "chr11"
[1] "chr12"
[1] "chr13"
[1] "chr14"
[1] "chr15"
[1] "chr16"
[1] "chr17"
[1] "chr18"
[1] "chr19"
[1] "chr20"
[1] "chr21"
[1] "chr22"
[1] "chrX"
[1] "chrM"
[1] "chr1"
[1] "chr2"
[1] "chr3"
[1] "chr4"
[1] "chr5"
[1] "chr6"
[1] "chr7"
[1] "chr8"
[1] "chr9"
[1] "chr10"
[1] "chr11"
[1] "chr12"
[1] "chr13"
[1] "chr14"
[1] "chr15"
[1] "chr16"
[1] "chr17"
[1] "chr18"
[1] "chr19"
[1] "chr20"
[1] "chr21"
[1] "chr22"
[1] "chrX"
[1] "chrM"
Time difference of 10.50063 mins
[1] "/hpcwork/izkf/projects/TfbsPrediction/Results/Footprints/Predictions/K562/PIQ_batch/temp_NKX3-1//89//positive.tf89-chr1.RData"
[1] "/hpcwork/izkf/projects/TfbsPrediction/Results/Footprints/Predictions/K562/PIQ_batch/temp_NKX3-1//89//positive.tf89-chr10.RData"
[1] "/hpcwork/izkf/projects/TfbsPrediction/Results/Footprints/Predictions/K562/PIQ_batch/temp_NKX3-1//89//positive.tf89-chr11.RData"
[1] "/hpcwork/izkf/projects/TfbsPrediction/Results/Footprints/Predictions/K562/PIQ_batch/temp_NKX3-1//89//positive.tf89-chr12.RData"
[1] "/hpcwork/izkf/projects/TfbsPrediction/Results/Footprints/Predictions/K562/PIQ_batch/temp_NKX3-1//89//positive.tf89-chr13.RData"
[1] "/hpcwork/izkf/projects/TfbsPrediction/Results/Footprints/Predictions/K562/PIQ_batch/temp_NKX3-1//89//positive.tf89-chr14.RData"
[1] "/hpcwork/izkf/projects/TfbsPrediction/Results/Footprints/Predictions/K562/PIQ_batch/temp_NKX3-1//89//positive.tf89-chr15.RData"
[1] "/hpcwork/izkf/projects/TfbsPrediction/Results/Footprints/Predictions/K562/PIQ_batch/temp_NKX3-1//89//positive.tf89-chr16.RData"
[1] "/hpcwork/izkf/projects/TfbsPrediction/Results/Footprints/Predictions/K562/PIQ_batch/temp_NKX3-1//89//positive.tf89-chr17.RData"
[1] "/hpcwork/izkf/projects/TfbsPrediction/Results/Footprints/Predictions/K562/PIQ_batch/temp_NKX3-1//89//positive.tf89-chr18.RData"
[1] "/hpcwork/izkf/projects/TfbsPrediction/Results/Footprints/Predictions/K562/PIQ_batch/temp_NKX3-1//89//positive.tf89-chr19.RData"
[1] "/hpcwork/izkf/projects/TfbsPrediction/Results/Footprints/Predictions/K562/PIQ_batch/temp_NKX3-1//89//positive.tf89-chr2.RData"
[1] "/hpcwork/izkf/projects/TfbsPrediction/Results/Footprints/Predictions/K562/PIQ_batch/temp_NKX3-1//89//positive.tf89-chr20.RData"
[1] "/hpcwork/izkf/projects/TfbsPrediction/Results/Footprints/Predictions/K562/PIQ_batch/temp_NKX3-1//89//positive.tf89-chr21.RData"
[1] "/hpcwork/izkf/projects/TfbsPrediction/Results/Footprints/Predictions/K562/PIQ_batch/temp_NKX3-1//89//positive.tf89-chr22.RData"
[1] "/hpcwork/izkf/projects/TfbsPrediction/Results/Footprints/Predictions/K562/PIQ_batch/temp_NKX3-1//89//positive.tf89-chr3.RData"
[1] "/hpcwork/izkf/projects/TfbsPrediction/Results/Footprints/Predictions/K562/PIQ_batch/temp_NKX3-1//89//positive.tf89-chr4.RData"
[1] "/hpcwork/izkf/projects/TfbsPrediction/Results/Footprints/Predictions/K562/PIQ_batch/temp_NKX3-1//89//positive.tf89-chr5.RData"
[1] "/hpcwork/izkf/projects/TfbsPrediction/Results/Footprints/Predictions/K562/PIQ_batch/temp_NKX3-1//89//positive.tf89-chr6.RData"
[1] "/hpcwork/izkf/projects/TfbsPrediction/Results/Footprints/Predictions/K562/PIQ_batch/temp_NKX3-1//89//positive.tf89-chr7.RData"
[1] "/hpcwork/izkf/projects/TfbsPrediction/Results/Footprints/Predictions/K562/PIQ_batch/temp_NKX3-1//89//positive.tf89-chr8.RData"
[1] "/hpcwork/izkf/projects/TfbsPrediction/Results/Footprints/Predictions/K562/PIQ_batch/temp_NKX3-1//89//positive.tf89-chr9.RData"
[1] "/hpcwork/izkf/projects/TfbsPrediction/Results/Footprints/Predictions/K562/PIQ_batch/temp_NKX3-1//89//positive.tf89-chrM.RData"
[1] "/hpcwork/izkf/projects/TfbsPrediction/Results/Footprints/Predictions/K562/PIQ_batch/temp_NKX3-1//89//positive.tf89-chrX.RData"
[1] "/hpcwork/izkf/projects/TfbsPrediction/Results/Footprints/Predictions/K562/PIQ_batch/temp_NKX3-1//89//background.tf89-chr1.RData"
[1] "/hpcwork/izkf/projects/TfbsPrediction/Results/Footprints/Predictions/K562/PIQ_batch/temp_NKX3-1//89//background.tf89-chr10.RData"
[1] "/hpcwork/izkf/projects/TfbsPrediction/Results/Footprints/Predictions/K562/PIQ_batch/temp_NKX3-1//89//background.tf89-chr11.RData"
[1] "/hpcwork/izkf/projects/TfbsPrediction/Results/Footprints/Predictions/K562/PIQ_batch/temp_NKX3-1//89//background.tf89-chr12.RData"
[1] "/hpcwork/izkf/projects/TfbsPrediction/Results/Footprints/Predictions/K562/PIQ_batch/temp_NKX3-1//89//background.tf89-chr13.RData"
[1] "/hpcwork/izkf/projects/TfbsPrediction/Results/Footprints/Predictions/K562/PIQ_batch/temp_NKX3-1//89//background.tf89-chr14.RData"
[1] "/hpcwork/izkf/projects/TfbsPrediction/Results/Footprints/Predictions/K562/PIQ_batch/temp_NKX3-1//89//background.tf89-chr15.RData"
[1] "/hpcwork/izkf/projects/TfbsPrediction/Results/Footprints/Predictions/K562/PIQ_batch/temp_NKX3-1//89//background.tf89-chr16.RData"
[1] "/hpcwork/izkf/projects/TfbsPrediction/Results/Footprints/Predictions/K562/PIQ_batch/temp_NKX3-1//89//background.tf89-chr17.RData"
[1] "/hpcwork/izkf/projects/TfbsPrediction/Results/Footprints/Predictions/K562/PIQ_batch/temp_NKX3-1//89//background.tf89-chr18.RData"
[1] "/hpcwork/izkf/projects/TfbsPrediction/Results/Footprints/Predictions/K562/PIQ_batch/temp_NKX3-1//89//background.tf89-chr19.RData"
[1] "/hpcwork/izkf/projects/TfbsPrediction/Results/Footprints/Predictions/K562/PIQ_batch/temp_NKX3-1//89//background.tf89-chr2.RData"
[1] "/hpcwork/izkf/projects/TfbsPrediction/Results/Footprints/Predictions/K562/PIQ_batch/temp_NKX3-1//89//background.tf89-chr20.RData"
[1] "/hpcwork/izkf/projects/TfbsPrediction/Results/Footprints/Predictions/K562/PIQ_batch/temp_NKX3-1//89//background.tf89-chr21.RData"
[1] "/hpcwork/izkf/projects/TfbsPrediction/Results/Footprints/Predictions/K562/PIQ_batch/temp_NKX3-1//89//background.tf89-chr22.RData"
[1] "/hpcwork/izkf/projects/TfbsPrediction/Results/Footprints/Predictions/K562/PIQ_batch/temp_NKX3-1//89//background.tf89-chr3.RData"
[1] "/hpcwork/izkf/projects/TfbsPrediction/Results/Footprints/Predictions/K562/PIQ_batch/temp_NKX3-1//89//background.tf89-chr4.RData"
[1] "/hpcwork/izkf/projects/TfbsPrediction/Results/Footprints/Predictions/K562/PIQ_batch/temp_NKX3-1//89//background.tf89-chr5.RData"
[1] "/hpcwork/izkf/projects/TfbsPrediction/Results/Footprints/Predictions/K562/PIQ_batch/temp_NKX3-1//89//background.tf89-chr6.RData"
[1] "/hpcwork/izkf/projects/TfbsPrediction/Results/Footprints/Predictions/K562/PIQ_batch/temp_NKX3-1//89//background.tf89-chr7.RData"
[1] "/hpcwork/izkf/projects/TfbsPrediction/Results/Footprints/Predictions/K562/PIQ_batch/temp_NKX3-1//89//background.tf89-chr8.RData"
[1] "/hpcwork/izkf/projects/TfbsPrediction/Results/Footprints/Predictions/K562/PIQ_batch/temp_NKX3-1//89//background.tf89-chr9.RData"
[1] "/hpcwork/izkf/projects/TfbsPrediction/Results/Footprints/Predictions/K562/PIQ_batch/temp_NKX3-1//89//background.tf89-chrM.RData"
[1] "/hpcwork/izkf/projects/TfbsPrediction/Results/Footprints/Predictions/K562/PIQ_batch/temp_NKX3-1//89//background.tf89-chrX.RData"
Time difference of 5.265501 mins
[1] "background.tf89-chr1.RData"
[1] "background.tf89-chr10.RData"
[1] "background.tf89-chr11.RData"
[1] "background.tf89-chr12.RData"
[1] "background.tf89-chr13.RData"
[1] "background.tf89-chr14.RData"
[1] "background.tf89-chr15.RData"
[1] "background.tf89-chr16.RData"
[1] "background.tf89-chr17.RData"
[1] "background.tf89-chr18.RData"
[1] "background.tf89-chr19.RData"
[1] "background.tf89-chr2.RData"
[1] "background.tf89-chr20.RData"
[1] "background.tf89-chr21.RData"
[1] "background.tf89-chr22.RData"
[1] "background.tf89-chr3.RData"
[1] "background.tf89-chr4.RData"
[1] "background.tf89-chr5.RData"
[1] "background.tf89-chr6.RData"
[1] "background.tf89-chr7.RData"
[1] "background.tf89-chr8.RData"
[1] "background.tf89-chr9.RData"
[1] "background.tf89-chrM.RData"
[1] "background.tf89-chrX.RData"
[1] "background.tf89-chr1.RData"
[1] 2004.861
[1] "background.tf89-chr10.RData"
[1] 2291.009
[1] "background.tf89-chr11.RData"
[1] 1797.249
[1] "background.tf89-chr12.RData"
[1] 2062.226
[1] "background.tf89-chr13.RData"
[1] 1876.942
[1] "background.tf89-chr14.RData"
[1] 2133.324
[1] "background.tf89-chr15.RData"
[1] 1971.752
[1] "background.tf89-chr16.RData"
[1] 1917.413
[1] "background.tf89-chr17.RData"
[1] 1693.012
[1] "background.tf89-chr18.RData"
[1] 2154.244
[1] "background.tf89-chr19.RData"
[1] 1603.992
[1] "background.tf89-chr2.RData"
[1] 2168.876
[1] "background.tf89-chr20.RData"
[1] 1475.999
[1] "background.tf89-chr21.RData"
[1] 1730.142
[1] "background.tf89-chr22.RData"
[1] 2177.305
[1] "background.tf89-chr3.RData"
[1] 2055.287
[1] "background.tf89-chr4.RData"
[1] 1986.751
[1] "background.tf89-chr5.RData"
[1] 1851.797
[1] "background.tf89-chr6.RData"
[1] 1892.81
[1] "background.tf89-chr7.RData"
[1] 1905.718
[1] "background.tf89-chr8.RData"
[1] 2104.843
[1] "background.tf89-chr9.RData"
[1] 2174.472
[1] "background.tf89-chrM.RData"
[1] 291.4722
[1] "background.tf89-chrX.RData"
[1] 1942.376
[1] 1
[1] 2
[1] 3
[1] 4
[1] 5
[1] 6
[1] 7
[1] 8
[1] 9
[1] 10
[1] 11
[1] 12
[1] 13
[1] 14
[1] 15
[1] 16
[1] 17
[1] 18
[1] 19
[1] 20
[1] 21
[1] 22
[1] 23
[1] 24
Time difference of 14.59938 mins
> 


PS:

Read file <K562_NKX3-1_APQ_err.txt> for stderr output of this job.

