Sender: LSF System <lsfadmin@linuxbmc0078>
Subject: Job 24442831: <K562_TCF7L1_APQ> in cluster <rcc> Done

Job <K562_TCF7L1_APQ> was submitted from host <cluster> by user <eg474423> in cluster <rcc>.
Job was executed on host(s) <linuxbmc0078>, in queue <normal>, as user <eg474423> in cluster <rcc>.
</home/eg474423> was used as the home directory.
</work/eg474423/eg474423_Projects/trunk/TfbsPrediction/Code/CompetingMethods/Pipeline> was used as the working directory.
Started at Tue Oct 20 19:03:49 2015
Results reported on Tue Oct 20 19:31:36 2015

Your job looked like:

------------------------------------------------------------
# LSBATCH: User input
./applyPIQ_pipeline.zsh 134 TCF7L1 /hpcwork/izkf/projects/TfbsPrediction/Results/MPBSAWG/PIQ_batch/ /hpcwork/izkf/projects/TfbsPrediction/Results/Signals/Counts/DU_K562/PIQ/DNase.RData /hpcwork/izkf/projects/TfbsPrediction/Results/Footprints/Predictions/K562/PIQ_batch/
------------------------------------------------------------

Successfully completed.

Resource usage summary:

    CPU time :                                   1660.44 sec.
    Max Memory :                                 8465 MB
    Average Memory :                             6058.48 MB
    Total Requested Memory :                     12000.00 MB
    Delta Memory :                               3535.00 MB
    Max Processes :                              8
    Max Threads :                                9

The output (if any) follows:

> args <- commandArgs(trailingOnly = TRUE)
> print(args)
[1] "common.r"                                                                                        
[2] "/hpcwork/izkf/projects/TfbsPrediction/Results/MPBSAWG/PIQ_batch/"                                
[3] "/hpcwork/izkf/projects/TfbsPrediction/Results/Footprints/Predictions/K562/PIQ_batch/temp_TCF7L1/"
[4] "/hpcwork/izkf/projects/TfbsPrediction/Results/Footprints/Predictions/K562/PIQ_batch/res_TCF7L1/" 
[5] "/hpcwork/izkf/projects/TfbsPrediction/Results/Signals/Counts/DU_K562/PIQ/DNase.RData"            
[6] "134"                                                                                             
> 
> #location of common.r containing runtime parameters
> commonfile = args[1]
> 
> #directory where pwm matches are stored
> pwmdir = args[2]
> 
> #directory to use as fast temporary storage
> tmpdir = args[3]
> 
> #location of output calls
> outdir = args[4]
> 
> #location of the bam RData file made by bam2rdata.r
> bamfile = args[5]
> 
> #which pwm file to use in pwmdir
> pwmid = args[6]
> 
> ###
> # do FW
> 
> match.rc = F
> dump.chropen = F
> 
> two.pass = F
> suppressWarnings(source(commonfile))
> if(overwrite==F & file.exists( file.path(outdir,paste0(pwmid,'-diag.pdf')))){
+   stop(paste0('found previous run for ',pwmid,' avoiding overwrite'))
+ }
> 
> debugstring = c('loading pwm','loadbam','clustering','binding outputs')
> 
> dump.bed = T
> 
> tryCatch({
+ phase=0
+ load(paste0(pwmdir,pwmid,'.pwmout.RData'))
+ if(sum(clengths[1])>0){
+ phase=1
+ at<-Sys.time()
+ source('loadbam.r')
+ print(Sys.time()-at);at<-Sys.time()
+ phase=2
+ source('cluster.r')
+ print(Sys.time()-at);at<-Sys.time()
+ phase=3
+ source('bindcall.r')
+ print(Sys.time()-at);at<-Sys.time()
+ }
+ },error = function(e){
+    e$message=paste0('error during ',debugstring[phase+1],'\n','Error msg: ',e$message,'\n Args:',paste0(commandArgs(trailingOnly = TRUE),collapse=':'))
+    stop(e)
+ })
[1] "chr1"
[1] "chr2"
[1] "chr3"
[1] "chr4"
[1] "chr5"
[1] "chr6"
[1] "chr7"
[1] "chr8"
[1] "chr9"
[1] "chr10"
[1] "chr11"
[1] "chr12"
[1] "chr13"
[1] "chr14"
[1] "chr15"
[1] "chr16"
[1] "chr17"
[1] "chr18"
[1] "chr19"
[1] "chr20"
[1] "chr21"
[1] "chr22"
[1] "chrX"
[1] "chr1"
[1] "chr2"
[1] "chr3"
[1] "chr4"
[1] "chr5"
[1] "chr6"
[1] "chr7"
[1] "chr8"
[1] "chr9"
[1] "chr10"
[1] "chr11"
[1] "chr12"
[1] "chr13"
[1] "chr14"
[1] "chr15"
[1] "chr16"
[1] "chr17"
[1] "chr18"
[1] "chr19"
[1] "chr20"
[1] "chr21"
[1] "chr22"
[1] "chrX"
Time difference of 5.106548 mins
[1] "/hpcwork/izkf/projects/TfbsPrediction/Results/Footprints/Predictions/K562/PIQ_batch/temp_TCF7L1//134//positive.tf134-chr1.RData"
[1] "/hpcwork/izkf/projects/TfbsPrediction/Results/Footprints/Predictions/K562/PIQ_batch/temp_TCF7L1//134//positive.tf134-chr10.RData"
[1] "/hpcwork/izkf/projects/TfbsPrediction/Results/Footprints/Predictions/K562/PIQ_batch/temp_TCF7L1//134//positive.tf134-chr11.RData"
[1] "/hpcwork/izkf/projects/TfbsPrediction/Results/Footprints/Predictions/K562/PIQ_batch/temp_TCF7L1//134//positive.tf134-chr12.RData"
[1] "/hpcwork/izkf/projects/TfbsPrediction/Results/Footprints/Predictions/K562/PIQ_batch/temp_TCF7L1//134//positive.tf134-chr13.RData"
[1] "/hpcwork/izkf/projects/TfbsPrediction/Results/Footprints/Predictions/K562/PIQ_batch/temp_TCF7L1//134//positive.tf134-chr14.RData"
[1] "/hpcwork/izkf/projects/TfbsPrediction/Results/Footprints/Predictions/K562/PIQ_batch/temp_TCF7L1//134//positive.tf134-chr15.RData"
[1] "/hpcwork/izkf/projects/TfbsPrediction/Results/Footprints/Predictions/K562/PIQ_batch/temp_TCF7L1//134//positive.tf134-chr16.RData"
[1] "/hpcwork/izkf/projects/TfbsPrediction/Results/Footprints/Predictions/K562/PIQ_batch/temp_TCF7L1//134//positive.tf134-chr17.RData"
[1] "/hpcwork/izkf/projects/TfbsPrediction/Results/Footprints/Predictions/K562/PIQ_batch/temp_TCF7L1//134//positive.tf134-chr18.RData"
[1] "/hpcwork/izkf/projects/TfbsPrediction/Results/Footprints/Predictions/K562/PIQ_batch/temp_TCF7L1//134//positive.tf134-chr19.RData"
[1] "/hpcwork/izkf/projects/TfbsPrediction/Results/Footprints/Predictions/K562/PIQ_batch/temp_TCF7L1//134//positive.tf134-chr2.RData"
[1] "/hpcwork/izkf/projects/TfbsPrediction/Results/Footprints/Predictions/K562/PIQ_batch/temp_TCF7L1//134//positive.tf134-chr20.RData"
[1] "/hpcwork/izkf/projects/TfbsPrediction/Results/Footprints/Predictions/K562/PIQ_batch/temp_TCF7L1//134//positive.tf134-chr21.RData"
[1] "/hpcwork/izkf/projects/TfbsPrediction/Results/Footprints/Predictions/K562/PIQ_batch/temp_TCF7L1//134//positive.tf134-chr22.RData"
[1] "/hpcwork/izkf/projects/TfbsPrediction/Results/Footprints/Predictions/K562/PIQ_batch/temp_TCF7L1//134//positive.tf134-chr3.RData"
[1] "/hpcwork/izkf/projects/TfbsPrediction/Results/Footprints/Predictions/K562/PIQ_batch/temp_TCF7L1//134//positive.tf134-chr4.RData"
[1] "/hpcwork/izkf/projects/TfbsPrediction/Results/Footprints/Predictions/K562/PIQ_batch/temp_TCF7L1//134//positive.tf134-chr5.RData"
[1] "/hpcwork/izkf/projects/TfbsPrediction/Results/Footprints/Predictions/K562/PIQ_batch/temp_TCF7L1//134//positive.tf134-chr6.RData"
[1] "/hpcwork/izkf/projects/TfbsPrediction/Results/Footprints/Predictions/K562/PIQ_batch/temp_TCF7L1//134//positive.tf134-chr7.RData"
[1] "/hpcwork/izkf/projects/TfbsPrediction/Results/Footprints/Predictions/K562/PIQ_batch/temp_TCF7L1//134//positive.tf134-chr8.RData"
[1] "/hpcwork/izkf/projects/TfbsPrediction/Results/Footprints/Predictions/K562/PIQ_batch/temp_TCF7L1//134//positive.tf134-chr9.RData"
[1] "/hpcwork/izkf/projects/TfbsPrediction/Results/Footprints/Predictions/K562/PIQ_batch/temp_TCF7L1//134//positive.tf134-chrX.RData"
[1] "/hpcwork/izkf/projects/TfbsPrediction/Results/Footprints/Predictions/K562/PIQ_batch/temp_TCF7L1//134//background.tf134-chr1.RData"
[1] "/hpcwork/izkf/projects/TfbsPrediction/Results/Footprints/Predictions/K562/PIQ_batch/temp_TCF7L1//134//background.tf134-chr10.RData"
[1] "/hpcwork/izkf/projects/TfbsPrediction/Results/Footprints/Predictions/K562/PIQ_batch/temp_TCF7L1//134//background.tf134-chr11.RData"
[1] "/hpcwork/izkf/projects/TfbsPrediction/Results/Footprints/Predictions/K562/PIQ_batch/temp_TCF7L1//134//background.tf134-chr12.RData"
[1] "/hpcwork/izkf/projects/TfbsPrediction/Results/Footprints/Predictions/K562/PIQ_batch/temp_TCF7L1//134//background.tf134-chr13.RData"
[1] "/hpcwork/izkf/projects/TfbsPrediction/Results/Footprints/Predictions/K562/PIQ_batch/temp_TCF7L1//134//background.tf134-chr14.RData"
[1] "/hpcwork/izkf/projects/TfbsPrediction/Results/Footprints/Predictions/K562/PIQ_batch/temp_TCF7L1//134//background.tf134-chr15.RData"
[1] "/hpcwork/izkf/projects/TfbsPrediction/Results/Footprints/Predictions/K562/PIQ_batch/temp_TCF7L1//134//background.tf134-chr16.RData"
[1] "/hpcwork/izkf/projects/TfbsPrediction/Results/Footprints/Predictions/K562/PIQ_batch/temp_TCF7L1//134//background.tf134-chr17.RData"
[1] "/hpcwork/izkf/projects/TfbsPrediction/Results/Footprints/Predictions/K562/PIQ_batch/temp_TCF7L1//134//background.tf134-chr18.RData"
[1] "/hpcwork/izkf/projects/TfbsPrediction/Results/Footprints/Predictions/K562/PIQ_batch/temp_TCF7L1//134//background.tf134-chr19.RData"
[1] "/hpcwork/izkf/projects/TfbsPrediction/Results/Footprints/Predictions/K562/PIQ_batch/temp_TCF7L1//134//background.tf134-chr2.RData"
[1] "/hpcwork/izkf/projects/TfbsPrediction/Results/Footprints/Predictions/K562/PIQ_batch/temp_TCF7L1//134//background.tf134-chr20.RData"
[1] "/hpcwork/izkf/projects/TfbsPrediction/Results/Footprints/Predictions/K562/PIQ_batch/temp_TCF7L1//134//background.tf134-chr21.RData"
[1] "/hpcwork/izkf/projects/TfbsPrediction/Results/Footprints/Predictions/K562/PIQ_batch/temp_TCF7L1//134//background.tf134-chr22.RData"
[1] "/hpcwork/izkf/projects/TfbsPrediction/Results/Footprints/Predictions/K562/PIQ_batch/temp_TCF7L1//134//background.tf134-chr3.RData"
[1] "/hpcwork/izkf/projects/TfbsPrediction/Results/Footprints/Predictions/K562/PIQ_batch/temp_TCF7L1//134//background.tf134-chr4.RData"
[1] "/hpcwork/izkf/projects/TfbsPrediction/Results/Footprints/Predictions/K562/PIQ_batch/temp_TCF7L1//134//background.tf134-chr5.RData"
[1] "/hpcwork/izkf/projects/TfbsPrediction/Results/Footprints/Predictions/K562/PIQ_batch/temp_TCF7L1//134//background.tf134-chr6.RData"
[1] "/hpcwork/izkf/projects/TfbsPrediction/Results/Footprints/Predictions/K562/PIQ_batch/temp_TCF7L1//134//background.tf134-chr7.RData"
[1] "/hpcwork/izkf/projects/TfbsPrediction/Results/Footprints/Predictions/K562/PIQ_batch/temp_TCF7L1//134//background.tf134-chr8.RData"
[1] "/hpcwork/izkf/projects/TfbsPrediction/Results/Footprints/Predictions/K562/PIQ_batch/temp_TCF7L1//134//background.tf134-chr9.RData"
[1] "/hpcwork/izkf/projects/TfbsPrediction/Results/Footprints/Predictions/K562/PIQ_batch/temp_TCF7L1//134//background.tf134-chrX.RData"
Time difference of 3.723284 mins
[1] "background.tf134-chr1.RData"
[1] "background.tf134-chr10.RData"
[1] "background.tf134-chr11.RData"
[1] "background.tf134-chr12.RData"
[1] "background.tf134-chr13.RData"
[1] "background.tf134-chr14.RData"
[1] "background.tf134-chr15.RData"
[1] "background.tf134-chr16.RData"
[1] "background.tf134-chr17.RData"
[1] "background.tf134-chr18.RData"
[1] "background.tf134-chr19.RData"
[1] "background.tf134-chr2.RData"
[1] "background.tf134-chr20.RData"
[1] "background.tf134-chr21.RData"
[1] "background.tf134-chr22.RData"
[1] "background.tf134-chr3.RData"
[1] "background.tf134-chr4.RData"
[1] "background.tf134-chr5.RData"
[1] "background.tf134-chr6.RData"
[1] "background.tf134-chr7.RData"
[1] "background.tf134-chr8.RData"
[1] "background.tf134-chr9.RData"
[1] "background.tf134-chrX.RData"
[1] "background.tf134-chr1.RData"
[1] 2053.339
[1] "background.tf134-chr10.RData"
[1] 2077.908
[1] "background.tf134-chr11.RData"
[1] 1765.889
[1] "background.tf134-chr12.RData"
[1] 2030.54
[1] "background.tf134-chr13.RData"
[1] 2172.75
[1] "background.tf134-chr14.RData"
[1] 2219.973
[1] "background.tf134-chr15.RData"
[1] 1865.168
[1] "background.tf134-chr16.RData"
[1] 1841.193
[1] "background.tf134-chr17.RData"
[1] 1608.573
[1] "background.tf134-chr18.RData"
[1] 2660.818
[1] "background.tf134-chr19.RData"
[1] 1951.786
[1] "background.tf134-chr2.RData"
[1] 1863.712
[1] "background.tf134-chr20.RData"
[1] 1493.854
[1] "background.tf134-chr21.RData"
[1] 1743.425
[1] "background.tf134-chr22.RData"
[1] 2517.825
[1] "background.tf134-chr3.RData"
[1] 1962.295
[1] "background.tf134-chr4.RData"
[1] 1859.348
[1] "background.tf134-chr5.RData"
[1] 1699.36
[1] "background.tf134-chr6.RData"
[1] 1895.114
[1] "background.tf134-chr7.RData"
[1] 1901.464
[1] "background.tf134-chr8.RData"
[1] 2231.097
[1] "background.tf134-chr9.RData"
[1] 2381.752
[1] "background.tf134-chrX.RData"
[1] 1917.792
[1] 1
[1] 2
[1] 3
[1] 4
[1] 5
[1] 6
[1] 7
[1] 8
[1] 9
[1] 10
[1] 11
[1] 12
[1] 13
[1] 14
[1] 15
[1] 16
[1] 17
[1] 18
[1] 19
[1] 20
[1] 21
[1] 22
[1] 23
Time difference of 4.46187 mins
> 
> ###
> # do RC
> 
> match.rc = T
> 
> suppressWarnings(source(commonfile))
> if(overwrite==F & file.exists( file.path(outdir,paste0(pwmid,'-diag.rc.pdf')))){
+   stop(paste0('found previous run for ',pwmid,' avoiding overwrite'))
+ }
> 
> debugstring = c('loading pwm.rc','loadbam.rc','clustering.rc','binding outputs.rc')
> 
> tryCatch({
+ phase=0
+ load(paste0(pwmdir,pwmid,'.pwmout.rc.RData'))
+ if(sum(clengths[1])>0){
+ phase=1
+ at<-Sys.time()
+ source('loadbam.r')
+ print(Sys.time()-at);at<-Sys.time()
+ phase=2
+ source('cluster.r')
+ print(Sys.time()-at);at<-Sys.time()
+ phase=3
+ source('bindcall.r')
+ print(Sys.time()-at);at<-Sys.time()
+ }
+ },error = function(e){
+    e$message=paste0('error during ',debugstring[phase+1],'\n','Error msg: ',e$message,'\n Args:',paste0(commandArgs(trailingOnly = TRUE),collapse=':'))
+    stop(e)
+ })
[1] "chr1"
[1] "chr2"
[1] "chr3"
[1] "chr4"
[1] "chr5"
[1] "chr6"
[1] "chr7"
[1] "chr8"
[1] "chr9"
[1] "chr10"
[1] "chr11"
[1] "chr12"
[1] "chr13"
[1] "chr14"
[1] "chr15"
[1] "chr16"
[1] "chr17"
[1] "chr18"
[1] "chr19"
[1] "chr20"
[1] "chr21"
[1] "chr22"
[1] "chrX"
[1] "chrM"
[1] "chr1"
[1] "chr2"
[1] "chr3"
[1] "chr4"
[1] "chr5"
[1] "chr6"
[1] "chr7"
[1] "chr8"
[1] "chr9"
[1] "chr10"
[1] "chr11"
[1] "chr12"
[1] "chr13"
[1] "chr14"
[1] "chr15"
[1] "chr16"
[1] "chr17"
[1] "chr18"
[1] "chr19"
[1] "chr20"
[1] "chr21"
[1] "chr22"
[1] "chrX"
[1] "chrM"
Time difference of 5.717786 mins
[1] "/hpcwork/izkf/projects/TfbsPrediction/Results/Footprints/Predictions/K562/PIQ_batch/temp_TCF7L1//134//positive.tf134-chr1.RData"
[1] "/hpcwork/izkf/projects/TfbsPrediction/Results/Footprints/Predictions/K562/PIQ_batch/temp_TCF7L1//134//positive.tf134-chr10.RData"
[1] "/hpcwork/izkf/projects/TfbsPrediction/Results/Footprints/Predictions/K562/PIQ_batch/temp_TCF7L1//134//positive.tf134-chr11.RData"
[1] "/hpcwork/izkf/projects/TfbsPrediction/Results/Footprints/Predictions/K562/PIQ_batch/temp_TCF7L1//134//positive.tf134-chr12.RData"
[1] "/hpcwork/izkf/projects/TfbsPrediction/Results/Footprints/Predictions/K562/PIQ_batch/temp_TCF7L1//134//positive.tf134-chr13.RData"
[1] "/hpcwork/izkf/projects/TfbsPrediction/Results/Footprints/Predictions/K562/PIQ_batch/temp_TCF7L1//134//positive.tf134-chr14.RData"
[1] "/hpcwork/izkf/projects/TfbsPrediction/Results/Footprints/Predictions/K562/PIQ_batch/temp_TCF7L1//134//positive.tf134-chr15.RData"
[1] "/hpcwork/izkf/projects/TfbsPrediction/Results/Footprints/Predictions/K562/PIQ_batch/temp_TCF7L1//134//positive.tf134-chr16.RData"
[1] "/hpcwork/izkf/projects/TfbsPrediction/Results/Footprints/Predictions/K562/PIQ_batch/temp_TCF7L1//134//positive.tf134-chr17.RData"
[1] "/hpcwork/izkf/projects/TfbsPrediction/Results/Footprints/Predictions/K562/PIQ_batch/temp_TCF7L1//134//positive.tf134-chr18.RData"
[1] "/hpcwork/izkf/projects/TfbsPrediction/Results/Footprints/Predictions/K562/PIQ_batch/temp_TCF7L1//134//positive.tf134-chr19.RData"
[1] "/hpcwork/izkf/projects/TfbsPrediction/Results/Footprints/Predictions/K562/PIQ_batch/temp_TCF7L1//134//positive.tf134-chr2.RData"
[1] "/hpcwork/izkf/projects/TfbsPrediction/Results/Footprints/Predictions/K562/PIQ_batch/temp_TCF7L1//134//positive.tf134-chr20.RData"
[1] "/hpcwork/izkf/projects/TfbsPrediction/Results/Footprints/Predictions/K562/PIQ_batch/temp_TCF7L1//134//positive.tf134-chr21.RData"
[1] "/hpcwork/izkf/projects/TfbsPrediction/Results/Footprints/Predictions/K562/PIQ_batch/temp_TCF7L1//134//positive.tf134-chr22.RData"
[1] "/hpcwork/izkf/projects/TfbsPrediction/Results/Footprints/Predictions/K562/PIQ_batch/temp_TCF7L1//134//positive.tf134-chr3.RData"
[1] "/hpcwork/izkf/projects/TfbsPrediction/Results/Footprints/Predictions/K562/PIQ_batch/temp_TCF7L1//134//positive.tf134-chr4.RData"
[1] "/hpcwork/izkf/projects/TfbsPrediction/Results/Footprints/Predictions/K562/PIQ_batch/temp_TCF7L1//134//positive.tf134-chr5.RData"
[1] "/hpcwork/izkf/projects/TfbsPrediction/Results/Footprints/Predictions/K562/PIQ_batch/temp_TCF7L1//134//positive.tf134-chr6.RData"
[1] "/hpcwork/izkf/projects/TfbsPrediction/Results/Footprints/Predictions/K562/PIQ_batch/temp_TCF7L1//134//positive.tf134-chr7.RData"
[1] "/hpcwork/izkf/projects/TfbsPrediction/Results/Footprints/Predictions/K562/PIQ_batch/temp_TCF7L1//134//positive.tf134-chr8.RData"
[1] "/hpcwork/izkf/projects/TfbsPrediction/Results/Footprints/Predictions/K562/PIQ_batch/temp_TCF7L1//134//positive.tf134-chr9.RData"
[1] "/hpcwork/izkf/projects/TfbsPrediction/Results/Footprints/Predictions/K562/PIQ_batch/temp_TCF7L1//134//positive.tf134-chrM.RData"
[1] "/hpcwork/izkf/projects/TfbsPrediction/Results/Footprints/Predictions/K562/PIQ_batch/temp_TCF7L1//134//positive.tf134-chrX.RData"
[1] "/hpcwork/izkf/projects/TfbsPrediction/Results/Footprints/Predictions/K562/PIQ_batch/temp_TCF7L1//134//background.tf134-chr1.RData"
[1] "/hpcwork/izkf/projects/TfbsPrediction/Results/Footprints/Predictions/K562/PIQ_batch/temp_TCF7L1//134//background.tf134-chr10.RData"
[1] "/hpcwork/izkf/projects/TfbsPrediction/Results/Footprints/Predictions/K562/PIQ_batch/temp_TCF7L1//134//background.tf134-chr11.RData"
[1] "/hpcwork/izkf/projects/TfbsPrediction/Results/Footprints/Predictions/K562/PIQ_batch/temp_TCF7L1//134//background.tf134-chr12.RData"
[1] "/hpcwork/izkf/projects/TfbsPrediction/Results/Footprints/Predictions/K562/PIQ_batch/temp_TCF7L1//134//background.tf134-chr13.RData"
[1] "/hpcwork/izkf/projects/TfbsPrediction/Results/Footprints/Predictions/K562/PIQ_batch/temp_TCF7L1//134//background.tf134-chr14.RData"
[1] "/hpcwork/izkf/projects/TfbsPrediction/Results/Footprints/Predictions/K562/PIQ_batch/temp_TCF7L1//134//background.tf134-chr15.RData"
[1] "/hpcwork/izkf/projects/TfbsPrediction/Results/Footprints/Predictions/K562/PIQ_batch/temp_TCF7L1//134//background.tf134-chr16.RData"
[1] "/hpcwork/izkf/projects/TfbsPrediction/Results/Footprints/Predictions/K562/PIQ_batch/temp_TCF7L1//134//background.tf134-chr17.RData"
[1] "/hpcwork/izkf/projects/TfbsPrediction/Results/Footprints/Predictions/K562/PIQ_batch/temp_TCF7L1//134//background.tf134-chr18.RData"
[1] "/hpcwork/izkf/projects/TfbsPrediction/Results/Footprints/Predictions/K562/PIQ_batch/temp_TCF7L1//134//background.tf134-chr19.RData"
[1] "/hpcwork/izkf/projects/TfbsPrediction/Results/Footprints/Predictions/K562/PIQ_batch/temp_TCF7L1//134//background.tf134-chr2.RData"
[1] "/hpcwork/izkf/projects/TfbsPrediction/Results/Footprints/Predictions/K562/PIQ_batch/temp_TCF7L1//134//background.tf134-chr20.RData"
[1] "/hpcwork/izkf/projects/TfbsPrediction/Results/Footprints/Predictions/K562/PIQ_batch/temp_TCF7L1//134//background.tf134-chr21.RData"
[1] "/hpcwork/izkf/projects/TfbsPrediction/Results/Footprints/Predictions/K562/PIQ_batch/temp_TCF7L1//134//background.tf134-chr22.RData"
[1] "/hpcwork/izkf/projects/TfbsPrediction/Results/Footprints/Predictions/K562/PIQ_batch/temp_TCF7L1//134//background.tf134-chr3.RData"
[1] "/hpcwork/izkf/projects/TfbsPrediction/Results/Footprints/Predictions/K562/PIQ_batch/temp_TCF7L1//134//background.tf134-chr4.RData"
[1] "/hpcwork/izkf/projects/TfbsPrediction/Results/Footprints/Predictions/K562/PIQ_batch/temp_TCF7L1//134//background.tf134-chr5.RData"
[1] "/hpcwork/izkf/projects/TfbsPrediction/Results/Footprints/Predictions/K562/PIQ_batch/temp_TCF7L1//134//background.tf134-chr6.RData"
[1] "/hpcwork/izkf/projects/TfbsPrediction/Results/Footprints/Predictions/K562/PIQ_batch/temp_TCF7L1//134//background.tf134-chr7.RData"
[1] "/hpcwork/izkf/projects/TfbsPrediction/Results/Footprints/Predictions/K562/PIQ_batch/temp_TCF7L1//134//background.tf134-chr8.RData"
[1] "/hpcwork/izkf/projects/TfbsPrediction/Results/Footprints/Predictions/K562/PIQ_batch/temp_TCF7L1//134//background.tf134-chr9.RData"
[1] "/hpcwork/izkf/projects/TfbsPrediction/Results/Footprints/Predictions/K562/PIQ_batch/temp_TCF7L1//134//background.tf134-chrM.RData"
[1] "/hpcwork/izkf/projects/TfbsPrediction/Results/Footprints/Predictions/K562/PIQ_batch/temp_TCF7L1//134//background.tf134-chrX.RData"
Time difference of 3.457826 mins
[1] "background.tf134-chr1.RData"
[1] "background.tf134-chr10.RData"
[1] "background.tf134-chr11.RData"
[1] "background.tf134-chr12.RData"
[1] "background.tf134-chr13.RData"
[1] "background.tf134-chr14.RData"
[1] "background.tf134-chr15.RData"
[1] "background.tf134-chr16.RData"
[1] "background.tf134-chr17.RData"
[1] "background.tf134-chr18.RData"
[1] "background.tf134-chr19.RData"
[1] "background.tf134-chr2.RData"
[1] "background.tf134-chr20.RData"
[1] "background.tf134-chr21.RData"
[1] "background.tf134-chr22.RData"
[1] "background.tf134-chr3.RData"
[1] "background.tf134-chr4.RData"
[1] "background.tf134-chr5.RData"
[1] "background.tf134-chr6.RData"
[1] "background.tf134-chr7.RData"
[1] "background.tf134-chr8.RData"
[1] "background.tf134-chr9.RData"
[1] "background.tf134-chrM.RData"
[1] "background.tf134-chrX.RData"
[1] "background.tf134-chr1.RData"
[1] 2070.615
[1] "background.tf134-chr10.RData"
[1] 2071.348
[1] "background.tf134-chr11.RData"
[1] 1732.111
[1] "background.tf134-chr12.RData"
[1] 1942.678
[1] "background.tf134-chr13.RData"
[1] 1934.86
[1] "background.tf134-chr14.RData"
[1] 1928.763
[1] "background.tf134-chr15.RData"
[1] 2001.583
[1] "background.tf134-chr16.RData"
[1] 1893.728
[1] "background.tf134-chr17.RData"
[1] 1557.559
[1] "background.tf134-chr18.RData"
[1] 2290.768
[1] "background.tf134-chr19.RData"
[1] 1941.662
[1] "background.tf134-chr2.RData"
[1] 1876.071
[1] "background.tf134-chr20.RData"
[1] 1503.562
[1] "background.tf134-chr21.RData"
[1] 1620.526
[1] "background.tf134-chr22.RData"
[1] 2514.836
[1] "background.tf134-chr3.RData"
[1] 2106.404
[1] "background.tf134-chr4.RData"
[1] 2113.474
[1] "background.tf134-chr5.RData"
[1] 1881.087
[1] "background.tf134-chr6.RData"
[1] 2007.747
[1] "background.tf134-chr7.RData"
[1] 2341.246
[1] "background.tf134-chr8.RData"
[1] 2135.986
[1] "background.tf134-chr9.RData"
[1] 2155.358
[1] "background.tf134-chrM.RData"
[1] 330.3562
[1] "background.tf134-chrX.RData"
[1] 1879.726
[1] 1
[1] 2
[1] 3
[1] 4
[1] 5
[1] 6
[1] 7
[1] 8
[1] 9
[1] 10
[1] 11
[1] 12
[1] 13
[1] 14
[1] 15
[1] 16
[1] 17
[1] 18
[1] 19
[1] 20
[1] 21
[1] 22
[1] 23
[1] 24
Time difference of 4.522129 mins
> 


PS:

Read file <K562_TCF7L1_APQ_err.txt> for stderr output of this job.

