Sender: LSF System <lsfadmin@linuxbmc0183>
Subject: Job 24442924: <K562_NFIL3_APQ> in cluster <rcc> Done

Job <K562_NFIL3_APQ> was submitted from host <cluster> by user <eg474423> in cluster <rcc>.
Job was executed on host(s) <linuxbmc0183>, in queue <normal>, as user <eg474423> in cluster <rcc>.
</home/eg474423> was used as the home directory.
</work/eg474423/eg474423_Projects/trunk/TfbsPrediction/Code/CompetingMethods/Pipeline> was used as the working directory.
Started at Tue Oct 20 19:16:15 2015
Results reported on Tue Oct 20 19:38:42 2015

Your job looked like:

------------------------------------------------------------
# LSBATCH: User input
./applyPIQ_pipeline.zsh 84 NFIL3 /hpcwork/izkf/projects/TfbsPrediction/Results/MPBSAWG/PIQ_batch/ /hpcwork/izkf/projects/TfbsPrediction/Results/Signals/Counts/DU_K562/PIQ/DNase.RData /hpcwork/izkf/projects/TfbsPrediction/Results/Footprints/Predictions/K562/PIQ_batch/
------------------------------------------------------------

Successfully completed.

Resource usage summary:

    CPU time :                                   1347.06 sec.
    Max Memory :                                 7485 MB
    Average Memory :                             5370.58 MB
    Total Requested Memory :                     12000.00 MB
    Delta Memory :                               4515.00 MB
    Max Processes :                              8
    Max Threads :                                9

The output (if any) follows:

> args <- commandArgs(trailingOnly = TRUE)
> print(args)
[1] "common.r"                                                                                       
[2] "/hpcwork/izkf/projects/TfbsPrediction/Results/MPBSAWG/PIQ_batch/"                               
[3] "/hpcwork/izkf/projects/TfbsPrediction/Results/Footprints/Predictions/K562/PIQ_batch/temp_NFIL3/"
[4] "/hpcwork/izkf/projects/TfbsPrediction/Results/Footprints/Predictions/K562/PIQ_batch/res_NFIL3/" 
[5] "/hpcwork/izkf/projects/TfbsPrediction/Results/Signals/Counts/DU_K562/PIQ/DNase.RData"           
[6] "84"                                                                                             
> 
> #location of common.r containing runtime parameters
> commonfile = args[1]
> 
> #directory where pwm matches are stored
> pwmdir = args[2]
> 
> #directory to use as fast temporary storage
> tmpdir = args[3]
> 
> #location of output calls
> outdir = args[4]
> 
> #location of the bam RData file made by bam2rdata.r
> bamfile = args[5]
> 
> #which pwm file to use in pwmdir
> pwmid = args[6]
> 
> ###
> # do FW
> 
> match.rc = F
> dump.chropen = F
> 
> two.pass = F
> suppressWarnings(source(commonfile))
> if(overwrite==F & file.exists( file.path(outdir,paste0(pwmid,'-diag.pdf')))){
+   stop(paste0('found previous run for ',pwmid,' avoiding overwrite'))
+ }
> 
> debugstring = c('loading pwm','loadbam','clustering','binding outputs')
> 
> dump.bed = T
> 
> tryCatch({
+ phase=0
+ load(paste0(pwmdir,pwmid,'.pwmout.RData'))
+ if(sum(clengths[1])>0){
+ phase=1
+ at<-Sys.time()
+ source('loadbam.r')
+ print(Sys.time()-at);at<-Sys.time()
+ phase=2
+ source('cluster.r')
+ print(Sys.time()-at);at<-Sys.time()
+ phase=3
+ source('bindcall.r')
+ print(Sys.time()-at);at<-Sys.time()
+ }
+ },error = function(e){
+    e$message=paste0('error during ',debugstring[phase+1],'\n','Error msg: ',e$message,'\n Args:',paste0(commandArgs(trailingOnly = TRUE),collapse=':'))
+    stop(e)
+ })
[1] "chr1"
[1] "chr2"
[1] "chr3"
[1] "chr4"
[1] "chr5"
[1] "chr6"
[1] "chr7"
[1] "chr8"
[1] "chr9"
[1] "chr10"
[1] "chr11"
[1] "chr12"
[1] "chr13"
[1] "chr14"
[1] "chr15"
[1] "chr16"
[1] "chr17"
[1] "chr18"
[1] "chr19"
[1] "chr20"
[1] "chr21"
[1] "chr22"
[1] "chrX"
[1] "chrM"
[1] "chr1"
[1] "chr2"
[1] "chr3"
[1] "chr4"
[1] "chr5"
[1] "chr6"
[1] "chr7"
[1] "chr8"
[1] "chr9"
[1] "chr10"
[1] "chr11"
[1] "chr12"
[1] "chr13"
[1] "chr14"
[1] "chr15"
[1] "chr16"
[1] "chr17"
[1] "chr18"
[1] "chr19"
[1] "chr20"
[1] "chr21"
[1] "chr22"
[1] "chrX"
[1] "chrM"
Time difference of 4.205069 mins
[1] "/hpcwork/izkf/projects/TfbsPrediction/Results/Footprints/Predictions/K562/PIQ_batch/temp_NFIL3//84//positive.tf84-chr1.RData"
[1] "/hpcwork/izkf/projects/TfbsPrediction/Results/Footprints/Predictions/K562/PIQ_batch/temp_NFIL3//84//positive.tf84-chr10.RData"
[1] "/hpcwork/izkf/projects/TfbsPrediction/Results/Footprints/Predictions/K562/PIQ_batch/temp_NFIL3//84//positive.tf84-chr11.RData"
[1] "/hpcwork/izkf/projects/TfbsPrediction/Results/Footprints/Predictions/K562/PIQ_batch/temp_NFIL3//84//positive.tf84-chr12.RData"
[1] "/hpcwork/izkf/projects/TfbsPrediction/Results/Footprints/Predictions/K562/PIQ_batch/temp_NFIL3//84//positive.tf84-chr13.RData"
[1] "/hpcwork/izkf/projects/TfbsPrediction/Results/Footprints/Predictions/K562/PIQ_batch/temp_NFIL3//84//positive.tf84-chr14.RData"
[1] "/hpcwork/izkf/projects/TfbsPrediction/Results/Footprints/Predictions/K562/PIQ_batch/temp_NFIL3//84//positive.tf84-chr15.RData"
[1] "/hpcwork/izkf/projects/TfbsPrediction/Results/Footprints/Predictions/K562/PIQ_batch/temp_NFIL3//84//positive.tf84-chr16.RData"
[1] "/hpcwork/izkf/projects/TfbsPrediction/Results/Footprints/Predictions/K562/PIQ_batch/temp_NFIL3//84//positive.tf84-chr17.RData"
[1] "/hpcwork/izkf/projects/TfbsPrediction/Results/Footprints/Predictions/K562/PIQ_batch/temp_NFIL3//84//positive.tf84-chr18.RData"
[1] "/hpcwork/izkf/projects/TfbsPrediction/Results/Footprints/Predictions/K562/PIQ_batch/temp_NFIL3//84//positive.tf84-chr19.RData"
[1] "/hpcwork/izkf/projects/TfbsPrediction/Results/Footprints/Predictions/K562/PIQ_batch/temp_NFIL3//84//positive.tf84-chr2.RData"
[1] "/hpcwork/izkf/projects/TfbsPrediction/Results/Footprints/Predictions/K562/PIQ_batch/temp_NFIL3//84//positive.tf84-chr20.RData"
[1] "/hpcwork/izkf/projects/TfbsPrediction/Results/Footprints/Predictions/K562/PIQ_batch/temp_NFIL3//84//positive.tf84-chr21.RData"
[1] "/hpcwork/izkf/projects/TfbsPrediction/Results/Footprints/Predictions/K562/PIQ_batch/temp_NFIL3//84//positive.tf84-chr22.RData"
[1] "/hpcwork/izkf/projects/TfbsPrediction/Results/Footprints/Predictions/K562/PIQ_batch/temp_NFIL3//84//positive.tf84-chr3.RData"
[1] "/hpcwork/izkf/projects/TfbsPrediction/Results/Footprints/Predictions/K562/PIQ_batch/temp_NFIL3//84//positive.tf84-chr4.RData"
[1] "/hpcwork/izkf/projects/TfbsPrediction/Results/Footprints/Predictions/K562/PIQ_batch/temp_NFIL3//84//positive.tf84-chr5.RData"
[1] "/hpcwork/izkf/projects/TfbsPrediction/Results/Footprints/Predictions/K562/PIQ_batch/temp_NFIL3//84//positive.tf84-chr6.RData"
[1] "/hpcwork/izkf/projects/TfbsPrediction/Results/Footprints/Predictions/K562/PIQ_batch/temp_NFIL3//84//positive.tf84-chr7.RData"
[1] "/hpcwork/izkf/projects/TfbsPrediction/Results/Footprints/Predictions/K562/PIQ_batch/temp_NFIL3//84//positive.tf84-chr8.RData"
[1] "/hpcwork/izkf/projects/TfbsPrediction/Results/Footprints/Predictions/K562/PIQ_batch/temp_NFIL3//84//positive.tf84-chr9.RData"
[1] "/hpcwork/izkf/projects/TfbsPrediction/Results/Footprints/Predictions/K562/PIQ_batch/temp_NFIL3//84//positive.tf84-chrM.RData"
[1] "/hpcwork/izkf/projects/TfbsPrediction/Results/Footprints/Predictions/K562/PIQ_batch/temp_NFIL3//84//positive.tf84-chrX.RData"
[1] "/hpcwork/izkf/projects/TfbsPrediction/Results/Footprints/Predictions/K562/PIQ_batch/temp_NFIL3//84//background.tf84-chr1.RData"
[1] "/hpcwork/izkf/projects/TfbsPrediction/Results/Footprints/Predictions/K562/PIQ_batch/temp_NFIL3//84//background.tf84-chr10.RData"
[1] "/hpcwork/izkf/projects/TfbsPrediction/Results/Footprints/Predictions/K562/PIQ_batch/temp_NFIL3//84//background.tf84-chr11.RData"
[1] "/hpcwork/izkf/projects/TfbsPrediction/Results/Footprints/Predictions/K562/PIQ_batch/temp_NFIL3//84//background.tf84-chr12.RData"
[1] "/hpcwork/izkf/projects/TfbsPrediction/Results/Footprints/Predictions/K562/PIQ_batch/temp_NFIL3//84//background.tf84-chr13.RData"
[1] "/hpcwork/izkf/projects/TfbsPrediction/Results/Footprints/Predictions/K562/PIQ_batch/temp_NFIL3//84//background.tf84-chr14.RData"
[1] "/hpcwork/izkf/projects/TfbsPrediction/Results/Footprints/Predictions/K562/PIQ_batch/temp_NFIL3//84//background.tf84-chr15.RData"
[1] "/hpcwork/izkf/projects/TfbsPrediction/Results/Footprints/Predictions/K562/PIQ_batch/temp_NFIL3//84//background.tf84-chr16.RData"
[1] "/hpcwork/izkf/projects/TfbsPrediction/Results/Footprints/Predictions/K562/PIQ_batch/temp_NFIL3//84//background.tf84-chr17.RData"
[1] "/hpcwork/izkf/projects/TfbsPrediction/Results/Footprints/Predictions/K562/PIQ_batch/temp_NFIL3//84//background.tf84-chr18.RData"
[1] "/hpcwork/izkf/projects/TfbsPrediction/Results/Footprints/Predictions/K562/PIQ_batch/temp_NFIL3//84//background.tf84-chr19.RData"
[1] "/hpcwork/izkf/projects/TfbsPrediction/Results/Footprints/Predictions/K562/PIQ_batch/temp_NFIL3//84//background.tf84-chr2.RData"
[1] "/hpcwork/izkf/projects/TfbsPrediction/Results/Footprints/Predictions/K562/PIQ_batch/temp_NFIL3//84//background.tf84-chr20.RData"
[1] "/hpcwork/izkf/projects/TfbsPrediction/Results/Footprints/Predictions/K562/PIQ_batch/temp_NFIL3//84//background.tf84-chr21.RData"
[1] "/hpcwork/izkf/projects/TfbsPrediction/Results/Footprints/Predictions/K562/PIQ_batch/temp_NFIL3//84//background.tf84-chr22.RData"
[1] "/hpcwork/izkf/projects/TfbsPrediction/Results/Footprints/Predictions/K562/PIQ_batch/temp_NFIL3//84//background.tf84-chr3.RData"
[1] "/hpcwork/izkf/projects/TfbsPrediction/Results/Footprints/Predictions/K562/PIQ_batch/temp_NFIL3//84//background.tf84-chr4.RData"
[1] "/hpcwork/izkf/projects/TfbsPrediction/Results/Footprints/Predictions/K562/PIQ_batch/temp_NFIL3//84//background.tf84-chr5.RData"
[1] "/hpcwork/izkf/projects/TfbsPrediction/Results/Footprints/Predictions/K562/PIQ_batch/temp_NFIL3//84//background.tf84-chr6.RData"
[1] "/hpcwork/izkf/projects/TfbsPrediction/Results/Footprints/Predictions/K562/PIQ_batch/temp_NFIL3//84//background.tf84-chr7.RData"
[1] "/hpcwork/izkf/projects/TfbsPrediction/Results/Footprints/Predictions/K562/PIQ_batch/temp_NFIL3//84//background.tf84-chr8.RData"
[1] "/hpcwork/izkf/projects/TfbsPrediction/Results/Footprints/Predictions/K562/PIQ_batch/temp_NFIL3//84//background.tf84-chr9.RData"
[1] "/hpcwork/izkf/projects/TfbsPrediction/Results/Footprints/Predictions/K562/PIQ_batch/temp_NFIL3//84//background.tf84-chrM.RData"
[1] "/hpcwork/izkf/projects/TfbsPrediction/Results/Footprints/Predictions/K562/PIQ_batch/temp_NFIL3//84//background.tf84-chrX.RData"
Time difference of 2.517942 mins
[1] "background.tf84-chr1.RData"
[1] "background.tf84-chr10.RData"
[1] "background.tf84-chr11.RData"
[1] "background.tf84-chr12.RData"
[1] "background.tf84-chr13.RData"
[1] "background.tf84-chr14.RData"
[1] "background.tf84-chr15.RData"
[1] "background.tf84-chr16.RData"
[1] "background.tf84-chr17.RData"
[1] "background.tf84-chr18.RData"
[1] "background.tf84-chr19.RData"
[1] "background.tf84-chr2.RData"
[1] "background.tf84-chr20.RData"
[1] "background.tf84-chr21.RData"
[1] "background.tf84-chr22.RData"
[1] "background.tf84-chr3.RData"
[1] "background.tf84-chr4.RData"
[1] "background.tf84-chr5.RData"
[1] "background.tf84-chr6.RData"
[1] "background.tf84-chr7.RData"
[1] "background.tf84-chr8.RData"
[1] "background.tf84-chr9.RData"
[1] "background.tf84-chrM.RData"
[1] "background.tf84-chrX.RData"
[1] "background.tf84-chr1.RData"
[1] 1818.514
[1] "background.tf84-chr10.RData"
[1] 1801.284
[1] "background.tf84-chr11.RData"
[1] 1590.846
[1] "background.tf84-chr12.RData"
[1] 1759.042
[1] "background.tf84-chr13.RData"
[1] 2830.582
[1] "background.tf84-chr14.RData"
[1] 1956.931
[1] "background.tf84-chr15.RData"
[1] 1497.652
[1] "background.tf84-chr16.RData"
[1] 1620.947
[1] "background.tf84-chr17.RData"
[1] 1559.972
[1] "background.tf84-chr18.RData"
[1] 2045.506
[1] "background.tf84-chr19.RData"
[1] 1761.657
[1] "background.tf84-chr2.RData"
[1] 1933.7
[1] "background.tf84-chr20.RData"
[1] 2038.368
[1] "background.tf84-chr21.RData"
[1] 2002.581
[1] "background.tf84-chr22.RData"
[1] 2060.86
[1] "background.tf84-chr3.RData"
[1] 2036.512
[1] "background.tf84-chr4.RData"
[1] 2076.745
[1] "background.tf84-chr5.RData"
[1] 1614.586
[1] "background.tf84-chr6.RData"
[1] 2244.711
[1] "background.tf84-chr7.RData"
[1] 1740.389
[1] "background.tf84-chr8.RData"
[1] 1669.84
[1] "background.tf84-chr9.RData"
[1] 1826.752
[1] "background.tf84-chrM.RData"
[1] 249.3841
[1] "background.tf84-chrX.RData"
[1] 1432.99
[1] 1
[1] 2
[1] 3
[1] 4
[1] 5
[1] 6
[1] 7
[1] 8
[1] 9
[1] 10
[1] 11
[1] 12
[1] 13
[1] 14
[1] 15
[1] 16
[1] 17
[1] 18
[1] 19
[1] 20
[1] 21
[1] 22
[1] 23
[1] 24
Time difference of 3.931423 mins
> 
> ###
> # do RC
> 
> match.rc = T
> 
> suppressWarnings(source(commonfile))
> if(overwrite==F & file.exists( file.path(outdir,paste0(pwmid,'-diag.rc.pdf')))){
+   stop(paste0('found previous run for ',pwmid,' avoiding overwrite'))
+ }
> 
> debugstring = c('loading pwm.rc','loadbam.rc','clustering.rc','binding outputs.rc')
> 
> tryCatch({
+ phase=0
+ load(paste0(pwmdir,pwmid,'.pwmout.rc.RData'))
+ if(sum(clengths[1])>0){
+ phase=1
+ at<-Sys.time()
+ source('loadbam.r')
+ print(Sys.time()-at);at<-Sys.time()
+ phase=2
+ source('cluster.r')
+ print(Sys.time()-at);at<-Sys.time()
+ phase=3
+ source('bindcall.r')
+ print(Sys.time()-at);at<-Sys.time()
+ }
+ },error = function(e){
+    e$message=paste0('error during ',debugstring[phase+1],'\n','Error msg: ',e$message,'\n Args:',paste0(commandArgs(trailingOnly = TRUE),collapse=':'))
+    stop(e)
+ })
[1] "chr1"
[1] "chr2"
[1] "chr3"
[1] "chr4"
[1] "chr5"
[1] "chr6"
[1] "chr7"
[1] "chr8"
[1] "chr9"
[1] "chr10"
[1] "chr11"
[1] "chr12"
[1] "chr13"
[1] "chr14"
[1] "chr15"
[1] "chr16"
[1] "chr17"
[1] "chr18"
[1] "chr19"
[1] "chr20"
[1] "chr21"
[1] "chr22"
[1] "chrX"
[1] "chrM"
[1] "chr1"
[1] "chr2"
[1] "chr3"
[1] "chr4"
[1] "chr5"
[1] "chr6"
[1] "chr7"
[1] "chr8"
[1] "chr9"
[1] "chr10"
[1] "chr11"
[1] "chr12"
[1] "chr13"
[1] "chr14"
[1] "chr15"
[1] "chr16"
[1] "chr17"
[1] "chr18"
[1] "chr19"
[1] "chr20"
[1] "chr21"
[1] "chr22"
[1] "chrX"
[1] "chrM"
Time difference of 4.732001 mins
[1] "/hpcwork/izkf/projects/TfbsPrediction/Results/Footprints/Predictions/K562/PIQ_batch/temp_NFIL3//84//positive.tf84-chr1.RData"
[1] "/hpcwork/izkf/projects/TfbsPrediction/Results/Footprints/Predictions/K562/PIQ_batch/temp_NFIL3//84//positive.tf84-chr10.RData"
[1] "/hpcwork/izkf/projects/TfbsPrediction/Results/Footprints/Predictions/K562/PIQ_batch/temp_NFIL3//84//positive.tf84-chr11.RData"
[1] "/hpcwork/izkf/projects/TfbsPrediction/Results/Footprints/Predictions/K562/PIQ_batch/temp_NFIL3//84//positive.tf84-chr12.RData"
[1] "/hpcwork/izkf/projects/TfbsPrediction/Results/Footprints/Predictions/K562/PIQ_batch/temp_NFIL3//84//positive.tf84-chr13.RData"
[1] "/hpcwork/izkf/projects/TfbsPrediction/Results/Footprints/Predictions/K562/PIQ_batch/temp_NFIL3//84//positive.tf84-chr14.RData"
[1] "/hpcwork/izkf/projects/TfbsPrediction/Results/Footprints/Predictions/K562/PIQ_batch/temp_NFIL3//84//positive.tf84-chr15.RData"
[1] "/hpcwork/izkf/projects/TfbsPrediction/Results/Footprints/Predictions/K562/PIQ_batch/temp_NFIL3//84//positive.tf84-chr16.RData"
[1] "/hpcwork/izkf/projects/TfbsPrediction/Results/Footprints/Predictions/K562/PIQ_batch/temp_NFIL3//84//positive.tf84-chr17.RData"
[1] "/hpcwork/izkf/projects/TfbsPrediction/Results/Footprints/Predictions/K562/PIQ_batch/temp_NFIL3//84//positive.tf84-chr18.RData"
[1] "/hpcwork/izkf/projects/TfbsPrediction/Results/Footprints/Predictions/K562/PIQ_batch/temp_NFIL3//84//positive.tf84-chr19.RData"
[1] "/hpcwork/izkf/projects/TfbsPrediction/Results/Footprints/Predictions/K562/PIQ_batch/temp_NFIL3//84//positive.tf84-chr2.RData"
[1] "/hpcwork/izkf/projects/TfbsPrediction/Results/Footprints/Predictions/K562/PIQ_batch/temp_NFIL3//84//positive.tf84-chr20.RData"
[1] "/hpcwork/izkf/projects/TfbsPrediction/Results/Footprints/Predictions/K562/PIQ_batch/temp_NFIL3//84//positive.tf84-chr21.RData"
[1] "/hpcwork/izkf/projects/TfbsPrediction/Results/Footprints/Predictions/K562/PIQ_batch/temp_NFIL3//84//positive.tf84-chr22.RData"
[1] "/hpcwork/izkf/projects/TfbsPrediction/Results/Footprints/Predictions/K562/PIQ_batch/temp_NFIL3//84//positive.tf84-chr3.RData"
[1] "/hpcwork/izkf/projects/TfbsPrediction/Results/Footprints/Predictions/K562/PIQ_batch/temp_NFIL3//84//positive.tf84-chr4.RData"
[1] "/hpcwork/izkf/projects/TfbsPrediction/Results/Footprints/Predictions/K562/PIQ_batch/temp_NFIL3//84//positive.tf84-chr5.RData"
[1] "/hpcwork/izkf/projects/TfbsPrediction/Results/Footprints/Predictions/K562/PIQ_batch/temp_NFIL3//84//positive.tf84-chr6.RData"
[1] "/hpcwork/izkf/projects/TfbsPrediction/Results/Footprints/Predictions/K562/PIQ_batch/temp_NFIL3//84//positive.tf84-chr7.RData"
[1] "/hpcwork/izkf/projects/TfbsPrediction/Results/Footprints/Predictions/K562/PIQ_batch/temp_NFIL3//84//positive.tf84-chr8.RData"
[1] "/hpcwork/izkf/projects/TfbsPrediction/Results/Footprints/Predictions/K562/PIQ_batch/temp_NFIL3//84//positive.tf84-chr9.RData"
[1] "/hpcwork/izkf/projects/TfbsPrediction/Results/Footprints/Predictions/K562/PIQ_batch/temp_NFIL3//84//positive.tf84-chrM.RData"
[1] "/hpcwork/izkf/projects/TfbsPrediction/Results/Footprints/Predictions/K562/PIQ_batch/temp_NFIL3//84//positive.tf84-chrX.RData"
[1] "/hpcwork/izkf/projects/TfbsPrediction/Results/Footprints/Predictions/K562/PIQ_batch/temp_NFIL3//84//background.tf84-chr1.RData"
[1] "/hpcwork/izkf/projects/TfbsPrediction/Results/Footprints/Predictions/K562/PIQ_batch/temp_NFIL3//84//background.tf84-chr10.RData"
[1] "/hpcwork/izkf/projects/TfbsPrediction/Results/Footprints/Predictions/K562/PIQ_batch/temp_NFIL3//84//background.tf84-chr11.RData"
[1] "/hpcwork/izkf/projects/TfbsPrediction/Results/Footprints/Predictions/K562/PIQ_batch/temp_NFIL3//84//background.tf84-chr12.RData"
[1] "/hpcwork/izkf/projects/TfbsPrediction/Results/Footprints/Predictions/K562/PIQ_batch/temp_NFIL3//84//background.tf84-chr13.RData"
[1] "/hpcwork/izkf/projects/TfbsPrediction/Results/Footprints/Predictions/K562/PIQ_batch/temp_NFIL3//84//background.tf84-chr14.RData"
[1] "/hpcwork/izkf/projects/TfbsPrediction/Results/Footprints/Predictions/K562/PIQ_batch/temp_NFIL3//84//background.tf84-chr15.RData"
[1] "/hpcwork/izkf/projects/TfbsPrediction/Results/Footprints/Predictions/K562/PIQ_batch/temp_NFIL3//84//background.tf84-chr16.RData"
[1] "/hpcwork/izkf/projects/TfbsPrediction/Results/Footprints/Predictions/K562/PIQ_batch/temp_NFIL3//84//background.tf84-chr17.RData"
[1] "/hpcwork/izkf/projects/TfbsPrediction/Results/Footprints/Predictions/K562/PIQ_batch/temp_NFIL3//84//background.tf84-chr18.RData"
[1] "/hpcwork/izkf/projects/TfbsPrediction/Results/Footprints/Predictions/K562/PIQ_batch/temp_NFIL3//84//background.tf84-chr19.RData"
[1] "/hpcwork/izkf/projects/TfbsPrediction/Results/Footprints/Predictions/K562/PIQ_batch/temp_NFIL3//84//background.tf84-chr2.RData"
[1] "/hpcwork/izkf/projects/TfbsPrediction/Results/Footprints/Predictions/K562/PIQ_batch/temp_NFIL3//84//background.tf84-chr20.RData"
[1] "/hpcwork/izkf/projects/TfbsPrediction/Results/Footprints/Predictions/K562/PIQ_batch/temp_NFIL3//84//background.tf84-chr21.RData"
[1] "/hpcwork/izkf/projects/TfbsPrediction/Results/Footprints/Predictions/K562/PIQ_batch/temp_NFIL3//84//background.tf84-chr22.RData"
[1] "/hpcwork/izkf/projects/TfbsPrediction/Results/Footprints/Predictions/K562/PIQ_batch/temp_NFIL3//84//background.tf84-chr3.RData"
[1] "/hpcwork/izkf/projects/TfbsPrediction/Results/Footprints/Predictions/K562/PIQ_batch/temp_NFIL3//84//background.tf84-chr4.RData"
[1] "/hpcwork/izkf/projects/TfbsPrediction/Results/Footprints/Predictions/K562/PIQ_batch/temp_NFIL3//84//background.tf84-chr5.RData"
[1] "/hpcwork/izkf/projects/TfbsPrediction/Results/Footprints/Predictions/K562/PIQ_batch/temp_NFIL3//84//background.tf84-chr6.RData"
[1] "/hpcwork/izkf/projects/TfbsPrediction/Results/Footprints/Predictions/K562/PIQ_batch/temp_NFIL3//84//background.tf84-chr7.RData"
[1] "/hpcwork/izkf/projects/TfbsPrediction/Results/Footprints/Predictions/K562/PIQ_batch/temp_NFIL3//84//background.tf84-chr8.RData"
[1] "/hpcwork/izkf/projects/TfbsPrediction/Results/Footprints/Predictions/K562/PIQ_batch/temp_NFIL3//84//background.tf84-chr9.RData"
[1] "/hpcwork/izkf/projects/TfbsPrediction/Results/Footprints/Predictions/K562/PIQ_batch/temp_NFIL3//84//background.tf84-chrM.RData"
[1] "/hpcwork/izkf/projects/TfbsPrediction/Results/Footprints/Predictions/K562/PIQ_batch/temp_NFIL3//84//background.tf84-chrX.RData"
Time difference of 2.477386 mins
[1] "background.tf84-chr1.RData"
[1] "background.tf84-chr10.RData"
[1] "background.tf84-chr11.RData"
[1] "background.tf84-chr12.RData"
[1] "background.tf84-chr13.RData"
[1] "background.tf84-chr14.RData"
[1] "background.tf84-chr15.RData"
[1] "background.tf84-chr16.RData"
[1] "background.tf84-chr17.RData"
[1] "background.tf84-chr18.RData"
[1] "background.tf84-chr19.RData"
[1] "background.tf84-chr2.RData"
[1] "background.tf84-chr20.RData"
[1] "background.tf84-chr21.RData"
[1] "background.tf84-chr22.RData"
[1] "background.tf84-chr3.RData"
[1] "background.tf84-chr4.RData"
[1] "background.tf84-chr5.RData"
[1] "background.tf84-chr6.RData"
[1] "background.tf84-chr7.RData"
[1] "background.tf84-chr8.RData"
[1] "background.tf84-chr9.RData"
[1] "background.tf84-chrM.RData"
[1] "background.tf84-chrX.RData"
[1] "background.tf84-chr1.RData"
[1] 2077.558
[1] "background.tf84-chr10.RData"
[1] 2021.408
[1] "background.tf84-chr11.RData"
[1] 1735.257
[1] "background.tf84-chr12.RData"
[1] 1820.072
[1] "background.tf84-chr13.RData"
[1] 2744.517
[1] "background.tf84-chr14.RData"
[1] 2383.871
[1] "background.tf84-chr15.RData"
[1] 1645.371
[1] "background.tf84-chr16.RData"
[1] 1478.036
[1] "background.tf84-chr17.RData"
[1] 1646.426
[1] "background.tf84-chr18.RData"
[1] 2372.016
[1] "background.tf84-chr19.RData"
[1] 1486.067
[1] "background.tf84-chr2.RData"
[1] 2004.894
[1] "background.tf84-chr20.RData"
[1] 1620.245
[1] "background.tf84-chr21.RData"
[1] 1583.305
[1] "background.tf84-chr22.RData"
[1] 2135.355
[1] "background.tf84-chr3.RData"
[1] 2122.919
[1] "background.tf84-chr4.RData"
[1] 2150.681
[1] "background.tf84-chr5.RData"
[1] 1852.444
[1] "background.tf84-chr6.RData"
[1] 1816.246
[1] "background.tf84-chr7.RData"
[1] 1966.561
[1] "background.tf84-chr8.RData"
[1] 2064.148
[1] "background.tf84-chr9.RData"
[1] 2009.245
[1] "background.tf84-chrM.RData"
[1] 0
[1] "background.tf84-chrX.RData"
[1] 1617.211
[1] 1
[1] 2
[1] 3
[1] 4
[1] 5
[1] 6
[1] 7
[1] 8
[1] 9
[1] 10
[1] 11
[1] 12
[1] 13
[1] 14
[1] 15
[1] 16
[1] 17
[1] 18
[1] 19
[1] 20
[1] 21
[1] 22
[1] 23
[1] 24
Time difference of 3.78935 mins
> 


PS:

Read file <K562_NFIL3_APQ_err.txt> for stderr output of this job.

