Sender: LSF System <lsfadmin@linuxbmc0037>
Subject: Job 22415695: <DU_H1hesc_SIX5_APQ> in cluster <rcc> Done

Job <DU_H1hesc_SIX5_APQ> was submitted from host <cluster> by user <eg474423> in cluster <rcc>.
Job was executed on host(s) <linuxbmc0037>, in queue <normal>, as user <eg474423> in cluster <rcc>.
</home/eg474423> was used as the home directory.
</work/eg474423/eg474423_Projects/trunk/TfbsPrediction/Code/CompetingMethods/Pipeline> was used as the working directory.
Started at Mon Jun 15 21:08:09 2015
Results reported on Mon Jun 15 21:20:41 2015

Your job looked like:

------------------------------------------------------------
# LSBATCH: User input
./applyPIQ_pipeline.zsh 57 SIX5 /hpcwork/izkf/projects/TfbsPrediction/Results/MPBSAWG/PIQ/ /hpcwork/izkf/projects/TfbsPrediction/Results/Signals/Counts/DU_H1hesc/PIQ/DNase.RData /hpcwork/izkf/projects/TfbsPrediction/Results/Footprints/Predictions_NM/H1hesc/PIQ_DU/
------------------------------------------------------------

Successfully completed.

Resource usage summary:

    CPU time :                                   521.67 sec.
    Max Memory :                                 2182 MB
    Average Memory :                             1384.23 MB
    Total Requested Memory :                     24000.00 MB
    Delta Memory :                               21818.00 MB
    Max Processes :                              8
    Max Threads :                                9

The output (if any) follows:

> args <- commandArgs(trailingOnly = TRUE)
> print(args)
[1] "common.r"                                                                                        
[2] "/hpcwork/izkf/projects/TfbsPrediction/Results/MPBSAWG/PIQ/"                                      
[3] "/hpcwork/izkf/projects/TfbsPrediction/Results/Footprints/Predictions_NM/H1hesc/PIQ_DU/temp_SIX5/"
[4] "/hpcwork/izkf/projects/TfbsPrediction/Results/Footprints/Predictions_NM/H1hesc/PIQ_DU/res_SIX5/" 
[5] "/hpcwork/izkf/projects/TfbsPrediction/Results/Signals/Counts/DU_H1hesc/PIQ/DNase.RData"          
[6] "57"                                                                                              
> 
> #location of common.r containing runtime parameters
> commonfile = args[1]
> 
> #directory where pwm matches are stored
> pwmdir = args[2]
> 
> #directory to use as fast temporary storage
> tmpdir = args[3]
> 
> #location of output calls
> outdir = args[4]
> 
> #location of the bam RData file made by bam2rdata.r
> bamfile = args[5]
> 
> #which pwm file to use in pwmdir
> pwmid = args[6]
> 
> ###
> # do FW
> 
> match.rc = F
> dump.chropen = F
> 
> two.pass = F
> suppressWarnings(source(commonfile))
> if(overwrite==F & file.exists( file.path(outdir,paste0(pwmid,'-diag.pdf')))){
+   stop(paste0('found previous run for ',pwmid,' avoiding overwrite'))
+ }
> 
> debugstring = c('loading pwm','loadbam','clustering','binding outputs')
> 
> dump.bed = T
> 
> tryCatch({
+ phase=0
+ load(paste0(pwmdir,pwmid,'.pwmout.RData'))
+ if(sum(clengths[1])>0){
+ phase=1
+ at<-Sys.time()
+ source('loadbam.r')
+ print(Sys.time()-at);at<-Sys.time()
+ phase=2
+ source('cluster.r')
+ print(Sys.time()-at);at<-Sys.time()
+ phase=3
+ source('bindcall.r')
+ print(Sys.time()-at);at<-Sys.time()
+ }
+ },error = function(e){
+    e$message=paste0('error during ',debugstring[phase+1],'\n','Error msg: ',e$message,'\n Args:',paste0(commandArgs(trailingOnly = TRUE),collapse=':'))
+    stop(e)
+ })
[1] "chr1"
[1] "chr2"
[1] "chr3"
[1] "chr4"
[1] "chr5"
[1] "chr6"
[1] "chr7"
[1] "chr8"
[1] "chr9"
[1] "chr10"
[1] "chr11"
[1] "chr12"
[1] "chr13"
[1] "chr14"
[1] "chr15"
[1] "chr16"
[1] "chr17"
[1] "chr18"
[1] "chr19"
[1] "chr20"
[1] "chr21"
[1] "chr22"
[1] "chrX"
[1] "chrY"
[1] "chrM"
[1] "chr1"
[1] "chr2"
[1] "chr3"
[1] "chr4"
[1] "chr5"
[1] "chr6"
[1] "chr7"
[1] "chr8"
[1] "chr9"
[1] "chr10"
[1] "chr11"
[1] "chr12"
[1] "chr13"
[1] "chr14"
[1] "chr15"
[1] "chr16"
[1] "chr17"
[1] "chr18"
[1] "chr19"
[1] "chr20"
[1] "chr21"
[1] "chr22"
[1] "chrX"
[1] "chrY"
[1] "chrM"
Time difference of 1.251645 mins
[1] "/hpcwork/izkf/projects/TfbsPrediction/Results/Footprints/Predictions_NM/H1hesc/PIQ_DU/temp_SIX5//57//positive.tf57-chr1.RData"
[1] "/hpcwork/izkf/projects/TfbsPrediction/Results/Footprints/Predictions_NM/H1hesc/PIQ_DU/temp_SIX5//57//positive.tf57-chr10.RData"
[1] "/hpcwork/izkf/projects/TfbsPrediction/Results/Footprints/Predictions_NM/H1hesc/PIQ_DU/temp_SIX5//57//positive.tf57-chr11.RData"
[1] "/hpcwork/izkf/projects/TfbsPrediction/Results/Footprints/Predictions_NM/H1hesc/PIQ_DU/temp_SIX5//57//positive.tf57-chr12.RData"
[1] "/hpcwork/izkf/projects/TfbsPrediction/Results/Footprints/Predictions_NM/H1hesc/PIQ_DU/temp_SIX5//57//positive.tf57-chr13.RData"
[1] "/hpcwork/izkf/projects/TfbsPrediction/Results/Footprints/Predictions_NM/H1hesc/PIQ_DU/temp_SIX5//57//positive.tf57-chr14.RData"
[1] "/hpcwork/izkf/projects/TfbsPrediction/Results/Footprints/Predictions_NM/H1hesc/PIQ_DU/temp_SIX5//57//positive.tf57-chr15.RData"
[1] "/hpcwork/izkf/projects/TfbsPrediction/Results/Footprints/Predictions_NM/H1hesc/PIQ_DU/temp_SIX5//57//positive.tf57-chr16.RData"
[1] "/hpcwork/izkf/projects/TfbsPrediction/Results/Footprints/Predictions_NM/H1hesc/PIQ_DU/temp_SIX5//57//positive.tf57-chr17.RData"
[1] "/hpcwork/izkf/projects/TfbsPrediction/Results/Footprints/Predictions_NM/H1hesc/PIQ_DU/temp_SIX5//57//positive.tf57-chr18.RData"
[1] "/hpcwork/izkf/projects/TfbsPrediction/Results/Footprints/Predictions_NM/H1hesc/PIQ_DU/temp_SIX5//57//positive.tf57-chr19.RData"
[1] "/hpcwork/izkf/projects/TfbsPrediction/Results/Footprints/Predictions_NM/H1hesc/PIQ_DU/temp_SIX5//57//positive.tf57-chr2.RData"
[1] "/hpcwork/izkf/projects/TfbsPrediction/Results/Footprints/Predictions_NM/H1hesc/PIQ_DU/temp_SIX5//57//positive.tf57-chr20.RData"
[1] "/hpcwork/izkf/projects/TfbsPrediction/Results/Footprints/Predictions_NM/H1hesc/PIQ_DU/temp_SIX5//57//positive.tf57-chr21.RData"
[1] "/hpcwork/izkf/projects/TfbsPrediction/Results/Footprints/Predictions_NM/H1hesc/PIQ_DU/temp_SIX5//57//positive.tf57-chr22.RData"
[1] "/hpcwork/izkf/projects/TfbsPrediction/Results/Footprints/Predictions_NM/H1hesc/PIQ_DU/temp_SIX5//57//positive.tf57-chr3.RData"
[1] "/hpcwork/izkf/projects/TfbsPrediction/Results/Footprints/Predictions_NM/H1hesc/PIQ_DU/temp_SIX5//57//positive.tf57-chr4.RData"
[1] "/hpcwork/izkf/projects/TfbsPrediction/Results/Footprints/Predictions_NM/H1hesc/PIQ_DU/temp_SIX5//57//positive.tf57-chr5.RData"
[1] "/hpcwork/izkf/projects/TfbsPrediction/Results/Footprints/Predictions_NM/H1hesc/PIQ_DU/temp_SIX5//57//positive.tf57-chr6.RData"
[1] "/hpcwork/izkf/projects/TfbsPrediction/Results/Footprints/Predictions_NM/H1hesc/PIQ_DU/temp_SIX5//57//positive.tf57-chr7.RData"
[1] "/hpcwork/izkf/projects/TfbsPrediction/Results/Footprints/Predictions_NM/H1hesc/PIQ_DU/temp_SIX5//57//positive.tf57-chr8.RData"
[1] "/hpcwork/izkf/projects/TfbsPrediction/Results/Footprints/Predictions_NM/H1hesc/PIQ_DU/temp_SIX5//57//positive.tf57-chr9.RData"
[1] "/hpcwork/izkf/projects/TfbsPrediction/Results/Footprints/Predictions_NM/H1hesc/PIQ_DU/temp_SIX5//57//positive.tf57-chrM.RData"
[1] "/hpcwork/izkf/projects/TfbsPrediction/Results/Footprints/Predictions_NM/H1hesc/PIQ_DU/temp_SIX5//57//positive.tf57-chrX.RData"
[1] "/hpcwork/izkf/projects/TfbsPrediction/Results/Footprints/Predictions_NM/H1hesc/PIQ_DU/temp_SIX5//57//positive.tf57-chrY.RData"
[1] "/hpcwork/izkf/projects/TfbsPrediction/Results/Footprints/Predictions_NM/H1hesc/PIQ_DU/temp_SIX5//57//background.tf57-chr1.RData"
[1] "/hpcwork/izkf/projects/TfbsPrediction/Results/Footprints/Predictions_NM/H1hesc/PIQ_DU/temp_SIX5//57//background.tf57-chr10.RData"
[1] "/hpcwork/izkf/projects/TfbsPrediction/Results/Footprints/Predictions_NM/H1hesc/PIQ_DU/temp_SIX5//57//background.tf57-chr11.RData"
[1] "/hpcwork/izkf/projects/TfbsPrediction/Results/Footprints/Predictions_NM/H1hesc/PIQ_DU/temp_SIX5//57//background.tf57-chr12.RData"
[1] "/hpcwork/izkf/projects/TfbsPrediction/Results/Footprints/Predictions_NM/H1hesc/PIQ_DU/temp_SIX5//57//background.tf57-chr13.RData"
[1] "/hpcwork/izkf/projects/TfbsPrediction/Results/Footprints/Predictions_NM/H1hesc/PIQ_DU/temp_SIX5//57//background.tf57-chr14.RData"
[1] "/hpcwork/izkf/projects/TfbsPrediction/Results/Footprints/Predictions_NM/H1hesc/PIQ_DU/temp_SIX5//57//background.tf57-chr15.RData"
[1] "/hpcwork/izkf/projects/TfbsPrediction/Results/Footprints/Predictions_NM/H1hesc/PIQ_DU/temp_SIX5//57//background.tf57-chr16.RData"
[1] "/hpcwork/izkf/projects/TfbsPrediction/Results/Footprints/Predictions_NM/H1hesc/PIQ_DU/temp_SIX5//57//background.tf57-chr17.RData"
[1] "/hpcwork/izkf/projects/TfbsPrediction/Results/Footprints/Predictions_NM/H1hesc/PIQ_DU/temp_SIX5//57//background.tf57-chr18.RData"
[1] "/hpcwork/izkf/projects/TfbsPrediction/Results/Footprints/Predictions_NM/H1hesc/PIQ_DU/temp_SIX5//57//background.tf57-chr19.RData"
[1] "/hpcwork/izkf/projects/TfbsPrediction/Results/Footprints/Predictions_NM/H1hesc/PIQ_DU/temp_SIX5//57//background.tf57-chr2.RData"
[1] "/hpcwork/izkf/projects/TfbsPrediction/Results/Footprints/Predictions_NM/H1hesc/PIQ_DU/temp_SIX5//57//background.tf57-chr20.RData"
[1] "/hpcwork/izkf/projects/TfbsPrediction/Results/Footprints/Predictions_NM/H1hesc/PIQ_DU/temp_SIX5//57//background.tf57-chr21.RData"
[1] "/hpcwork/izkf/projects/TfbsPrediction/Results/Footprints/Predictions_NM/H1hesc/PIQ_DU/temp_SIX5//57//background.tf57-chr22.RData"
[1] "/hpcwork/izkf/projects/TfbsPrediction/Results/Footprints/Predictions_NM/H1hesc/PIQ_DU/temp_SIX5//57//background.tf57-chr3.RData"
[1] "/hpcwork/izkf/projects/TfbsPrediction/Results/Footprints/Predictions_NM/H1hesc/PIQ_DU/temp_SIX5//57//background.tf57-chr4.RData"
[1] "/hpcwork/izkf/projects/TfbsPrediction/Results/Footprints/Predictions_NM/H1hesc/PIQ_DU/temp_SIX5//57//background.tf57-chr5.RData"
[1] "/hpcwork/izkf/projects/TfbsPrediction/Results/Footprints/Predictions_NM/H1hesc/PIQ_DU/temp_SIX5//57//background.tf57-chr6.RData"
[1] "/hpcwork/izkf/projects/TfbsPrediction/Results/Footprints/Predictions_NM/H1hesc/PIQ_DU/temp_SIX5//57//background.tf57-chr7.RData"
[1] "/hpcwork/izkf/projects/TfbsPrediction/Results/Footprints/Predictions_NM/H1hesc/PIQ_DU/temp_SIX5//57//background.tf57-chr8.RData"
[1] "/hpcwork/izkf/projects/TfbsPrediction/Results/Footprints/Predictions_NM/H1hesc/PIQ_DU/temp_SIX5//57//background.tf57-chr9.RData"
[1] "/hpcwork/izkf/projects/TfbsPrediction/Results/Footprints/Predictions_NM/H1hesc/PIQ_DU/temp_SIX5//57//background.tf57-chrM.RData"
[1] "/hpcwork/izkf/projects/TfbsPrediction/Results/Footprints/Predictions_NM/H1hesc/PIQ_DU/temp_SIX5//57//background.tf57-chrX.RData"
[1] "/hpcwork/izkf/projects/TfbsPrediction/Results/Footprints/Predictions_NM/H1hesc/PIQ_DU/temp_SIX5//57//background.tf57-chrY.RData"
Time difference of 1.55425 mins
[1] "background.tf57-chr1.RData"
[1] "background.tf57-chr10.RData"
[1] "background.tf57-chr11.RData"
[1] "background.tf57-chr12.RData"
[1] "background.tf57-chr13.RData"
[1] "background.tf57-chr14.RData"
[1] "background.tf57-chr15.RData"
[1] "background.tf57-chr16.RData"
[1] "background.tf57-chr17.RData"
[1] "background.tf57-chr18.RData"
[1] "background.tf57-chr19.RData"
[1] "background.tf57-chr2.RData"
[1] "background.tf57-chr20.RData"
[1] "background.tf57-chr21.RData"
[1] "background.tf57-chr22.RData"
[1] "background.tf57-chr3.RData"
[1] "background.tf57-chr4.RData"
[1] "background.tf57-chr5.RData"
[1] "background.tf57-chr6.RData"
[1] "background.tf57-chr7.RData"
[1] "background.tf57-chr8.RData"
[1] "background.tf57-chr9.RData"
[1] "background.tf57-chrM.RData"
[1] "background.tf57-chrX.RData"
[1] "background.tf57-chrY.RData"
[1] "background.tf57-chr1.RData"
[1] 926.5348
[1] "background.tf57-chr10.RData"
[1] 833.9353
[1] "background.tf57-chr11.RData"
[1] 918.6316
[1] "background.tf57-chr12.RData"
[1] 922.8375
[1] "background.tf57-chr13.RData"
[1] 1292.076
[1] "background.tf57-chr14.RData"
[1] 1167.331
[1] "background.tf57-chr15.RData"
[1] 961.8036
[1] "background.tf57-chr16.RData"
[1] 857.4355
[1] "background.tf57-chr17.RData"
[1] 1639.949
[1] "background.tf57-chr18.RData"
[1] 1066.382
[1] "background.tf57-chr19.RData"
[1] 798.569
[1] "background.tf57-chr2.RData"
[1] 1032.936
[1] "background.tf57-chr20.RData"
[1] 1051.528
[1] "background.tf57-chr21.RData"
[1] 788.9284
[1] "background.tf57-chr22.RData"
[1] 963.6848
[1] "background.tf57-chr3.RData"
[1] 1082.451
[1] "background.tf57-chr4.RData"
[1] 1411.379
[1] "background.tf57-chr5.RData"
[1] 1111.601
[1] "background.tf57-chr6.RData"
[1] 906.992
[1] "background.tf57-chr7.RData"
[1] 1041.617
[1] "background.tf57-chr8.RData"
[1] 1048.692
[1] "background.tf57-chr9.RData"
[1] 965.1572
[1] "background.tf57-chrM.RData"
[1] 83.98679
[1] "background.tf57-chrX.RData"
[1] 1241.759
[1] "background.tf57-chrY.RData"
[1] 879.3505
[1] 1
[1] 2
[1] 3
[1] 4
[1] 5
[1] 6
[1] 7
[1] 8
[1] 9
[1] 10
[1] 11
[1] 12
[1] 13
[1] 14
[1] 15
[1] 16
[1] 17
[1] 18
[1] 19
[1] 20
[1] 21
[1] 22
[1] 23
[1] 24
[1] 25
Time difference of 3.193257 mins
> 
> ###
> # do RC
> 
> match.rc = T
> 
> suppressWarnings(source(commonfile))
> if(overwrite==F & file.exists( file.path(outdir,paste0(pwmid,'-diag.rc.pdf')))){
+   stop(paste0('found previous run for ',pwmid,' avoiding overwrite'))
+ }
> 
> debugstring = c('loading pwm.rc','loadbam.rc','clustering.rc','binding outputs.rc')
> 
> tryCatch({
+ phase=0
+ load(paste0(pwmdir,pwmid,'.pwmout.rc.RData'))
+ if(sum(clengths[1])>0){
+ phase=1
+ at<-Sys.time()
+ source('loadbam.r')
+ print(Sys.time()-at);at<-Sys.time()
+ phase=2
+ source('cluster.r')
+ print(Sys.time()-at);at<-Sys.time()
+ phase=3
+ source('bindcall.r')
+ print(Sys.time()-at);at<-Sys.time()
+ }
+ },error = function(e){
+    e$message=paste0('error during ',debugstring[phase+1],'\n','Error msg: ',e$message,'\n Args:',paste0(commandArgs(trailingOnly = TRUE),collapse=':'))
+    stop(e)
+ })
[1] "chr1"
[1] "chr2"
[1] "chr3"
[1] "chr4"
[1] "chr5"
[1] "chr6"
[1] "chr7"
[1] "chr8"
[1] "chr9"
[1] "chr10"
[1] "chr11"
[1] "chr12"
[1] "chr13"
[1] "chr14"
[1] "chr15"
[1] "chr16"
[1] "chr17"
[1] "chr18"
[1] "chr19"
[1] "chr20"
[1] "chr21"
[1] "chr22"
[1] "chrX"
[1] "chrY"
[1] "chr1"
[1] "chr2"
[1] "chr3"
[1] "chr4"
[1] "chr5"
[1] "chr6"
[1] "chr7"
[1] "chr8"
[1] "chr9"
[1] "chr10"
[1] "chr11"
[1] "chr12"
[1] "chr13"
[1] "chr14"
[1] "chr15"
[1] "chr16"
[1] "chr17"
[1] "chr18"
[1] "chr19"
[1] "chr20"
[1] "chr21"
[1] "chr22"
[1] "chrX"
[1] "chrY"
Time difference of 1.886499 mins
[1] "/hpcwork/izkf/projects/TfbsPrediction/Results/Footprints/Predictions_NM/H1hesc/PIQ_DU/temp_SIX5//57//positive.tf57-chr1.RData"
[1] "/hpcwork/izkf/projects/TfbsPrediction/Results/Footprints/Predictions_NM/H1hesc/PIQ_DU/temp_SIX5//57//positive.tf57-chr10.RData"
[1] "/hpcwork/izkf/projects/TfbsPrediction/Results/Footprints/Predictions_NM/H1hesc/PIQ_DU/temp_SIX5//57//positive.tf57-chr11.RData"
[1] "/hpcwork/izkf/projects/TfbsPrediction/Results/Footprints/Predictions_NM/H1hesc/PIQ_DU/temp_SIX5//57//positive.tf57-chr12.RData"
[1] "/hpcwork/izkf/projects/TfbsPrediction/Results/Footprints/Predictions_NM/H1hesc/PIQ_DU/temp_SIX5//57//positive.tf57-chr13.RData"
[1] "/hpcwork/izkf/projects/TfbsPrediction/Results/Footprints/Predictions_NM/H1hesc/PIQ_DU/temp_SIX5//57//positive.tf57-chr14.RData"
[1] "/hpcwork/izkf/projects/TfbsPrediction/Results/Footprints/Predictions_NM/H1hesc/PIQ_DU/temp_SIX5//57//positive.tf57-chr15.RData"
[1] "/hpcwork/izkf/projects/TfbsPrediction/Results/Footprints/Predictions_NM/H1hesc/PIQ_DU/temp_SIX5//57//positive.tf57-chr16.RData"
[1] "/hpcwork/izkf/projects/TfbsPrediction/Results/Footprints/Predictions_NM/H1hesc/PIQ_DU/temp_SIX5//57//positive.tf57-chr17.RData"
[1] "/hpcwork/izkf/projects/TfbsPrediction/Results/Footprints/Predictions_NM/H1hesc/PIQ_DU/temp_SIX5//57//positive.tf57-chr18.RData"
[1] "/hpcwork/izkf/projects/TfbsPrediction/Results/Footprints/Predictions_NM/H1hesc/PIQ_DU/temp_SIX5//57//positive.tf57-chr19.RData"
[1] "/hpcwork/izkf/projects/TfbsPrediction/Results/Footprints/Predictions_NM/H1hesc/PIQ_DU/temp_SIX5//57//positive.tf57-chr2.RData"
[1] "/hpcwork/izkf/projects/TfbsPrediction/Results/Footprints/Predictions_NM/H1hesc/PIQ_DU/temp_SIX5//57//positive.tf57-chr20.RData"
[1] "/hpcwork/izkf/projects/TfbsPrediction/Results/Footprints/Predictions_NM/H1hesc/PIQ_DU/temp_SIX5//57//positive.tf57-chr21.RData"
[1] "/hpcwork/izkf/projects/TfbsPrediction/Results/Footprints/Predictions_NM/H1hesc/PIQ_DU/temp_SIX5//57//positive.tf57-chr22.RData"
[1] "/hpcwork/izkf/projects/TfbsPrediction/Results/Footprints/Predictions_NM/H1hesc/PIQ_DU/temp_SIX5//57//positive.tf57-chr3.RData"
[1] "/hpcwork/izkf/projects/TfbsPrediction/Results/Footprints/Predictions_NM/H1hesc/PIQ_DU/temp_SIX5//57//positive.tf57-chr4.RData"
[1] "/hpcwork/izkf/projects/TfbsPrediction/Results/Footprints/Predictions_NM/H1hesc/PIQ_DU/temp_SIX5//57//positive.tf57-chr5.RData"
[1] "/hpcwork/izkf/projects/TfbsPrediction/Results/Footprints/Predictions_NM/H1hesc/PIQ_DU/temp_SIX5//57//positive.tf57-chr6.RData"
[1] "/hpcwork/izkf/projects/TfbsPrediction/Results/Footprints/Predictions_NM/H1hesc/PIQ_DU/temp_SIX5//57//positive.tf57-chr7.RData"
[1] "/hpcwork/izkf/projects/TfbsPrediction/Results/Footprints/Predictions_NM/H1hesc/PIQ_DU/temp_SIX5//57//positive.tf57-chr8.RData"
[1] "/hpcwork/izkf/projects/TfbsPrediction/Results/Footprints/Predictions_NM/H1hesc/PIQ_DU/temp_SIX5//57//positive.tf57-chr9.RData"
[1] "/hpcwork/izkf/projects/TfbsPrediction/Results/Footprints/Predictions_NM/H1hesc/PIQ_DU/temp_SIX5//57//positive.tf57-chrX.RData"
[1] "/hpcwork/izkf/projects/TfbsPrediction/Results/Footprints/Predictions_NM/H1hesc/PIQ_DU/temp_SIX5//57//positive.tf57-chrY.RData"
[1] "/hpcwork/izkf/projects/TfbsPrediction/Results/Footprints/Predictions_NM/H1hesc/PIQ_DU/temp_SIX5//57//background.tf57-chr1.RData"
[1] "/hpcwork/izkf/projects/TfbsPrediction/Results/Footprints/Predictions_NM/H1hesc/PIQ_DU/temp_SIX5//57//background.tf57-chr10.RData"
[1] "/hpcwork/izkf/projects/TfbsPrediction/Results/Footprints/Predictions_NM/H1hesc/PIQ_DU/temp_SIX5//57//background.tf57-chr11.RData"
[1] "/hpcwork/izkf/projects/TfbsPrediction/Results/Footprints/Predictions_NM/H1hesc/PIQ_DU/temp_SIX5//57//background.tf57-chr12.RData"
[1] "/hpcwork/izkf/projects/TfbsPrediction/Results/Footprints/Predictions_NM/H1hesc/PIQ_DU/temp_SIX5//57//background.tf57-chr13.RData"
[1] "/hpcwork/izkf/projects/TfbsPrediction/Results/Footprints/Predictions_NM/H1hesc/PIQ_DU/temp_SIX5//57//background.tf57-chr14.RData"
[1] "/hpcwork/izkf/projects/TfbsPrediction/Results/Footprints/Predictions_NM/H1hesc/PIQ_DU/temp_SIX5//57//background.tf57-chr15.RData"
[1] "/hpcwork/izkf/projects/TfbsPrediction/Results/Footprints/Predictions_NM/H1hesc/PIQ_DU/temp_SIX5//57//background.tf57-chr16.RData"
[1] "/hpcwork/izkf/projects/TfbsPrediction/Results/Footprints/Predictions_NM/H1hesc/PIQ_DU/temp_SIX5//57//background.tf57-chr17.RData"
[1] "/hpcwork/izkf/projects/TfbsPrediction/Results/Footprints/Predictions_NM/H1hesc/PIQ_DU/temp_SIX5//57//background.tf57-chr18.RData"
[1] "/hpcwork/izkf/projects/TfbsPrediction/Results/Footprints/Predictions_NM/H1hesc/PIQ_DU/temp_SIX5//57//background.tf57-chr19.RData"
[1] "/hpcwork/izkf/projects/TfbsPrediction/Results/Footprints/Predictions_NM/H1hesc/PIQ_DU/temp_SIX5//57//background.tf57-chr2.RData"
[1] "/hpcwork/izkf/projects/TfbsPrediction/Results/Footprints/Predictions_NM/H1hesc/PIQ_DU/temp_SIX5//57//background.tf57-chr20.RData"
[1] "/hpcwork/izkf/projects/TfbsPrediction/Results/Footprints/Predictions_NM/H1hesc/PIQ_DU/temp_SIX5//57//background.tf57-chr21.RData"
[1] "/hpcwork/izkf/projects/TfbsPrediction/Results/Footprints/Predictions_NM/H1hesc/PIQ_DU/temp_SIX5//57//background.tf57-chr22.RData"
[1] "/hpcwork/izkf/projects/TfbsPrediction/Results/Footprints/Predictions_NM/H1hesc/PIQ_DU/temp_SIX5//57//background.tf57-chr3.RData"
[1] "/hpcwork/izkf/projects/TfbsPrediction/Results/Footprints/Predictions_NM/H1hesc/PIQ_DU/temp_SIX5//57//background.tf57-chr4.RData"
[1] "/hpcwork/izkf/projects/TfbsPrediction/Results/Footprints/Predictions_NM/H1hesc/PIQ_DU/temp_SIX5//57//background.tf57-chr5.RData"
[1] "/hpcwork/izkf/projects/TfbsPrediction/Results/Footprints/Predictions_NM/H1hesc/PIQ_DU/temp_SIX5//57//background.tf57-chr6.RData"
[1] "/hpcwork/izkf/projects/TfbsPrediction/Results/Footprints/Predictions_NM/H1hesc/PIQ_DU/temp_SIX5//57//background.tf57-chr7.RData"
[1] "/hpcwork/izkf/projects/TfbsPrediction/Results/Footprints/Predictions_NM/H1hesc/PIQ_DU/temp_SIX5//57//background.tf57-chr8.RData"
[1] "/hpcwork/izkf/projects/TfbsPrediction/Results/Footprints/Predictions_NM/H1hesc/PIQ_DU/temp_SIX5//57//background.tf57-chr9.RData"
[1] "/hpcwork/izkf/projects/TfbsPrediction/Results/Footprints/Predictions_NM/H1hesc/PIQ_DU/temp_SIX5//57//background.tf57-chrX.RData"
[1] "/hpcwork/izkf/projects/TfbsPrediction/Results/Footprints/Predictions_NM/H1hesc/PIQ_DU/temp_SIX5//57//background.tf57-chrY.RData"
Time difference of 1.274878 mins
[1] "background.tf57-chr1.RData"
[1] "background.tf57-chr10.RData"
[1] "background.tf57-chr11.RData"
[1] "background.tf57-chr12.RData"
[1] "background.tf57-chr13.RData"
[1] "background.tf57-chr14.RData"
[1] "background.tf57-chr15.RData"
[1] "background.tf57-chr16.RData"
[1] "background.tf57-chr17.RData"
[1] "background.tf57-chr18.RData"
[1] "background.tf57-chr19.RData"
[1] "background.tf57-chr2.RData"
[1] "background.tf57-chr20.RData"
[1] "background.tf57-chr21.RData"
[1] "background.tf57-chr22.RData"
[1] "background.tf57-chr3.RData"
[1] "background.tf57-chr4.RData"
[1] "background.tf57-chr5.RData"
[1] "background.tf57-chr6.RData"
[1] "background.tf57-chr7.RData"
[1] "background.tf57-chr8.RData"
[1] "background.tf57-chr9.RData"
[1] "background.tf57-chrX.RData"
[1] "background.tf57-chrY.RData"
[1] "background.tf57-chr1.RData"
[1] 1211.293
[1] "background.tf57-chr10.RData"
[1] 1098.181
[1] "background.tf57-chr11.RData"
[1] 603.4971
[1] "background.tf57-chr12.RData"
[1] 801.0145
[1] "background.tf57-chr13.RData"
[1] 1054.598
[1] "background.tf57-chr14.RData"
[1] 1129.68
[1] "background.tf57-chr15.RData"
[1] 1042.043
[1] "background.tf57-chr16.RData"
[1] 1183.889
[1] "background.tf57-chr17.RData"
[1] 839.6846
[1] "background.tf57-chr18.RData"
[1] 818.7096
[1] "background.tf57-chr19.RData"
[1] 710.3986
[1] "background.tf57-chr2.RData"
[1] 996.0763
[1] "background.tf57-chr20.RData"
[1] 1150.352
[1] "background.tf57-chr21.RData"
[1] 1078.624
[1] "background.tf57-chr22.RData"
[1] 896.0527
[1] "background.tf57-chr3.RData"
[1] 1248.413
[1] "background.tf57-chr4.RData"
[1] 1219.078
[1] "background.tf57-chr5.RData"
[1] 960.2547
[1] "background.tf57-chr6.RData"
[1] 798.5765
[1] "background.tf57-chr7.RData"
[1] 1087.362
[1] "background.tf57-chr8.RData"
[1] 1148.135
[1] "background.tf57-chr9.RData"
[1] 1095.691
[1] "background.tf57-chrX.RData"
[1] 810.4292
[1] "background.tf57-chrY.RData"
[1] 683.5832
[1] 1
[1] 2
[1] 3
[1] 4
[1] 5
[1] 6
[1] 7
[1] 8
[1] 9
[1] 10
[1] 11
[1] 12
[1] 13
[1] 14
[1] 15
[1] 16
[1] 17
[1] 18
[1] 19
[1] 20
[1] 21
[1] 22
[1] 23
[1] 24
Time difference of 2.133141 mins
> 


PS:

Read file <DU_H1hesc_SIX5_APQ_err.txt> for stderr output of this job.

