Sender: LSF System <lsfadmin@linuxbmc0163>
Subject: Job 22415683: <DU_H1hesc_JUN_APQ> in cluster <rcc> Done

Job <DU_H1hesc_JUN_APQ> was submitted from host <cluster> by user <eg474423> in cluster <rcc>.
Job was executed on host(s) <linuxbmc0163>, in queue <normal>, as user <eg474423> in cluster <rcc>.
</home/eg474423> was used as the home directory.
</work/eg474423/eg474423_Projects/trunk/TfbsPrediction/Code/CompetingMethods/Pipeline> was used as the working directory.
Started at Mon Jun 15 20:32:09 2015
Results reported on Mon Jun 15 20:56:18 2015

Your job looked like:

------------------------------------------------------------
# LSBATCH: User input
./applyPIQ_pipeline.zsh 23 JUN /hpcwork/izkf/projects/TfbsPrediction/Results/MPBSAWG/PIQ/ /hpcwork/izkf/projects/TfbsPrediction/Results/Signals/Counts/DU_H1hesc/PIQ/DNase.RData /hpcwork/izkf/projects/TfbsPrediction/Results/Footprints/Predictions_NM/H1hesc/PIQ_DU/
------------------------------------------------------------

Successfully completed.

Resource usage summary:

    CPU time :                                   722.06 sec.
    Max Memory :                                 2766 MB
    Average Memory :                             1469.92 MB
    Total Requested Memory :                     24000.00 MB
    Delta Memory :                               21234.00 MB
    Max Processes :                              8
    Max Threads :                                9

The output (if any) follows:

> args <- commandArgs(trailingOnly = TRUE)
> print(args)
[1] "common.r"                                                                                       
[2] "/hpcwork/izkf/projects/TfbsPrediction/Results/MPBSAWG/PIQ/"                                     
[3] "/hpcwork/izkf/projects/TfbsPrediction/Results/Footprints/Predictions_NM/H1hesc/PIQ_DU/temp_JUN/"
[4] "/hpcwork/izkf/projects/TfbsPrediction/Results/Footprints/Predictions_NM/H1hesc/PIQ_DU/res_JUN/" 
[5] "/hpcwork/izkf/projects/TfbsPrediction/Results/Signals/Counts/DU_H1hesc/PIQ/DNase.RData"         
[6] "23"                                                                                             
> 
> #location of common.r containing runtime parameters
> commonfile = args[1]
> 
> #directory where pwm matches are stored
> pwmdir = args[2]
> 
> #directory to use as fast temporary storage
> tmpdir = args[3]
> 
> #location of output calls
> outdir = args[4]
> 
> #location of the bam RData file made by bam2rdata.r
> bamfile = args[5]
> 
> #which pwm file to use in pwmdir
> pwmid = args[6]
> 
> ###
> # do FW
> 
> match.rc = F
> dump.chropen = F
> 
> two.pass = F
> suppressWarnings(source(commonfile))
> if(overwrite==F & file.exists( file.path(outdir,paste0(pwmid,'-diag.pdf')))){
+   stop(paste0('found previous run for ',pwmid,' avoiding overwrite'))
+ }
> 
> debugstring = c('loading pwm','loadbam','clustering','binding outputs')
> 
> dump.bed = T
> 
> tryCatch({
+ phase=0
+ load(paste0(pwmdir,pwmid,'.pwmout.RData'))
+ if(sum(clengths[1])>0){
+ phase=1
+ at<-Sys.time()
+ source('loadbam.r')
+ print(Sys.time()-at);at<-Sys.time()
+ phase=2
+ source('cluster.r')
+ print(Sys.time()-at);at<-Sys.time()
+ phase=3
+ source('bindcall.r')
+ print(Sys.time()-at);at<-Sys.time()
+ }
+ },error = function(e){
+    e$message=paste0('error during ',debugstring[phase+1],'\n','Error msg: ',e$message,'\n Args:',paste0(commandArgs(trailingOnly = TRUE),collapse=':'))
+    stop(e)
+ })
[1] "chr1"
[1] "chr2"
[1] "chr3"
[1] "chr4"
[1] "chr5"
[1] "chr6"
[1] "chr7"
[1] "chr8"
[1] "chr9"
[1] "chr10"
[1] "chr11"
[1] "chr12"
[1] "chr13"
[1] "chr14"
[1] "chr15"
[1] "chr16"
[1] "chr17"
[1] "chr18"
[1] "chr19"
[1] "chr20"
[1] "chr21"
[1] "chr22"
[1] "chrX"
[1] "chrY"
[1] "chrM"
[1] "chr1"
[1] "chr2"
[1] "chr3"
[1] "chr4"
[1] "chr5"
[1] "chr6"
[1] "chr7"
[1] "chr8"
[1] "chr9"
[1] "chr10"
[1] "chr11"
[1] "chr12"
[1] "chr13"
[1] "chr14"
[1] "chr15"
[1] "chr16"
[1] "chr17"
[1] "chr18"
[1] "chr19"
[1] "chr20"
[1] "chr21"
[1] "chr22"
[1] "chrX"
[1] "chrY"
[1] "chrM"
Time difference of 2.21297 mins
[1] "/hpcwork/izkf/projects/TfbsPrediction/Results/Footprints/Predictions_NM/H1hesc/PIQ_DU/temp_JUN//23//positive.tf23-chr1.RData"
[1] "/hpcwork/izkf/projects/TfbsPrediction/Results/Footprints/Predictions_NM/H1hesc/PIQ_DU/temp_JUN//23//positive.tf23-chr10.RData"
[1] "/hpcwork/izkf/projects/TfbsPrediction/Results/Footprints/Predictions_NM/H1hesc/PIQ_DU/temp_JUN//23//positive.tf23-chr11.RData"
[1] "/hpcwork/izkf/projects/TfbsPrediction/Results/Footprints/Predictions_NM/H1hesc/PIQ_DU/temp_JUN//23//positive.tf23-chr12.RData"
[1] "/hpcwork/izkf/projects/TfbsPrediction/Results/Footprints/Predictions_NM/H1hesc/PIQ_DU/temp_JUN//23//positive.tf23-chr13.RData"
[1] "/hpcwork/izkf/projects/TfbsPrediction/Results/Footprints/Predictions_NM/H1hesc/PIQ_DU/temp_JUN//23//positive.tf23-chr14.RData"
[1] "/hpcwork/izkf/projects/TfbsPrediction/Results/Footprints/Predictions_NM/H1hesc/PIQ_DU/temp_JUN//23//positive.tf23-chr15.RData"
[1] "/hpcwork/izkf/projects/TfbsPrediction/Results/Footprints/Predictions_NM/H1hesc/PIQ_DU/temp_JUN//23//positive.tf23-chr16.RData"
[1] "/hpcwork/izkf/projects/TfbsPrediction/Results/Footprints/Predictions_NM/H1hesc/PIQ_DU/temp_JUN//23//positive.tf23-chr17.RData"
[1] "/hpcwork/izkf/projects/TfbsPrediction/Results/Footprints/Predictions_NM/H1hesc/PIQ_DU/temp_JUN//23//positive.tf23-chr18.RData"
[1] "/hpcwork/izkf/projects/TfbsPrediction/Results/Footprints/Predictions_NM/H1hesc/PIQ_DU/temp_JUN//23//positive.tf23-chr19.RData"
[1] "/hpcwork/izkf/projects/TfbsPrediction/Results/Footprints/Predictions_NM/H1hesc/PIQ_DU/temp_JUN//23//positive.tf23-chr2.RData"
[1] "/hpcwork/izkf/projects/TfbsPrediction/Results/Footprints/Predictions_NM/H1hesc/PIQ_DU/temp_JUN//23//positive.tf23-chr20.RData"
[1] "/hpcwork/izkf/projects/TfbsPrediction/Results/Footprints/Predictions_NM/H1hesc/PIQ_DU/temp_JUN//23//positive.tf23-chr21.RData"
[1] "/hpcwork/izkf/projects/TfbsPrediction/Results/Footprints/Predictions_NM/H1hesc/PIQ_DU/temp_JUN//23//positive.tf23-chr22.RData"
[1] "/hpcwork/izkf/projects/TfbsPrediction/Results/Footprints/Predictions_NM/H1hesc/PIQ_DU/temp_JUN//23//positive.tf23-chr3.RData"
[1] "/hpcwork/izkf/projects/TfbsPrediction/Results/Footprints/Predictions_NM/H1hesc/PIQ_DU/temp_JUN//23//positive.tf23-chr4.RData"
[1] "/hpcwork/izkf/projects/TfbsPrediction/Results/Footprints/Predictions_NM/H1hesc/PIQ_DU/temp_JUN//23//positive.tf23-chr5.RData"
[1] "/hpcwork/izkf/projects/TfbsPrediction/Results/Footprints/Predictions_NM/H1hesc/PIQ_DU/temp_JUN//23//positive.tf23-chr6.RData"
[1] "/hpcwork/izkf/projects/TfbsPrediction/Results/Footprints/Predictions_NM/H1hesc/PIQ_DU/temp_JUN//23//positive.tf23-chr7.RData"
[1] "/hpcwork/izkf/projects/TfbsPrediction/Results/Footprints/Predictions_NM/H1hesc/PIQ_DU/temp_JUN//23//positive.tf23-chr8.RData"
[1] "/hpcwork/izkf/projects/TfbsPrediction/Results/Footprints/Predictions_NM/H1hesc/PIQ_DU/temp_JUN//23//positive.tf23-chr9.RData"
[1] "/hpcwork/izkf/projects/TfbsPrediction/Results/Footprints/Predictions_NM/H1hesc/PIQ_DU/temp_JUN//23//positive.tf23-chrM.RData"
[1] "/hpcwork/izkf/projects/TfbsPrediction/Results/Footprints/Predictions_NM/H1hesc/PIQ_DU/temp_JUN//23//positive.tf23-chrX.RData"
[1] "/hpcwork/izkf/projects/TfbsPrediction/Results/Footprints/Predictions_NM/H1hesc/PIQ_DU/temp_JUN//23//positive.tf23-chrY.RData"
[1] "/hpcwork/izkf/projects/TfbsPrediction/Results/Footprints/Predictions_NM/H1hesc/PIQ_DU/temp_JUN//23//background.tf23-chr1.RData"
[1] "/hpcwork/izkf/projects/TfbsPrediction/Results/Footprints/Predictions_NM/H1hesc/PIQ_DU/temp_JUN//23//background.tf23-chr10.RData"
[1] "/hpcwork/izkf/projects/TfbsPrediction/Results/Footprints/Predictions_NM/H1hesc/PIQ_DU/temp_JUN//23//background.tf23-chr11.RData"
[1] "/hpcwork/izkf/projects/TfbsPrediction/Results/Footprints/Predictions_NM/H1hesc/PIQ_DU/temp_JUN//23//background.tf23-chr12.RData"
[1] "/hpcwork/izkf/projects/TfbsPrediction/Results/Footprints/Predictions_NM/H1hesc/PIQ_DU/temp_JUN//23//background.tf23-chr13.RData"
[1] "/hpcwork/izkf/projects/TfbsPrediction/Results/Footprints/Predictions_NM/H1hesc/PIQ_DU/temp_JUN//23//background.tf23-chr14.RData"
[1] "/hpcwork/izkf/projects/TfbsPrediction/Results/Footprints/Predictions_NM/H1hesc/PIQ_DU/temp_JUN//23//background.tf23-chr15.RData"
[1] "/hpcwork/izkf/projects/TfbsPrediction/Results/Footprints/Predictions_NM/H1hesc/PIQ_DU/temp_JUN//23//background.tf23-chr16.RData"
[1] "/hpcwork/izkf/projects/TfbsPrediction/Results/Footprints/Predictions_NM/H1hesc/PIQ_DU/temp_JUN//23//background.tf23-chr17.RData"
[1] "/hpcwork/izkf/projects/TfbsPrediction/Results/Footprints/Predictions_NM/H1hesc/PIQ_DU/temp_JUN//23//background.tf23-chr18.RData"
[1] "/hpcwork/izkf/projects/TfbsPrediction/Results/Footprints/Predictions_NM/H1hesc/PIQ_DU/temp_JUN//23//background.tf23-chr19.RData"
[1] "/hpcwork/izkf/projects/TfbsPrediction/Results/Footprints/Predictions_NM/H1hesc/PIQ_DU/temp_JUN//23//background.tf23-chr2.RData"
[1] "/hpcwork/izkf/projects/TfbsPrediction/Results/Footprints/Predictions_NM/H1hesc/PIQ_DU/temp_JUN//23//background.tf23-chr20.RData"
[1] "/hpcwork/izkf/projects/TfbsPrediction/Results/Footprints/Predictions_NM/H1hesc/PIQ_DU/temp_JUN//23//background.tf23-chr21.RData"
[1] "/hpcwork/izkf/projects/TfbsPrediction/Results/Footprints/Predictions_NM/H1hesc/PIQ_DU/temp_JUN//23//background.tf23-chr22.RData"
[1] "/hpcwork/izkf/projects/TfbsPrediction/Results/Footprints/Predictions_NM/H1hesc/PIQ_DU/temp_JUN//23//background.tf23-chr3.RData"
[1] "/hpcwork/izkf/projects/TfbsPrediction/Results/Footprints/Predictions_NM/H1hesc/PIQ_DU/temp_JUN//23//background.tf23-chr4.RData"
[1] "/hpcwork/izkf/projects/TfbsPrediction/Results/Footprints/Predictions_NM/H1hesc/PIQ_DU/temp_JUN//23//background.tf23-chr5.RData"
[1] "/hpcwork/izkf/projects/TfbsPrediction/Results/Footprints/Predictions_NM/H1hesc/PIQ_DU/temp_JUN//23//background.tf23-chr6.RData"
[1] "/hpcwork/izkf/projects/TfbsPrediction/Results/Footprints/Predictions_NM/H1hesc/PIQ_DU/temp_JUN//23//background.tf23-chr7.RData"
[1] "/hpcwork/izkf/projects/TfbsPrediction/Results/Footprints/Predictions_NM/H1hesc/PIQ_DU/temp_JUN//23//background.tf23-chr8.RData"
[1] "/hpcwork/izkf/projects/TfbsPrediction/Results/Footprints/Predictions_NM/H1hesc/PIQ_DU/temp_JUN//23//background.tf23-chr9.RData"
[1] "/hpcwork/izkf/projects/TfbsPrediction/Results/Footprints/Predictions_NM/H1hesc/PIQ_DU/temp_JUN//23//background.tf23-chrM.RData"
[1] "/hpcwork/izkf/projects/TfbsPrediction/Results/Footprints/Predictions_NM/H1hesc/PIQ_DU/temp_JUN//23//background.tf23-chrX.RData"
[1] "/hpcwork/izkf/projects/TfbsPrediction/Results/Footprints/Predictions_NM/H1hesc/PIQ_DU/temp_JUN//23//background.tf23-chrY.RData"
Time difference of 1.248952 mins
[1] "background.tf23-chr1.RData"
[1] "background.tf23-chr10.RData"
[1] "background.tf23-chr11.RData"
[1] "background.tf23-chr12.RData"
[1] "background.tf23-chr13.RData"
[1] "background.tf23-chr14.RData"
[1] "background.tf23-chr15.RData"
[1] "background.tf23-chr16.RData"
[1] "background.tf23-chr17.RData"
[1] "background.tf23-chr18.RData"
[1] "background.tf23-chr19.RData"
[1] "background.tf23-chr2.RData"
[1] "background.tf23-chr20.RData"
[1] "background.tf23-chr21.RData"
[1] "background.tf23-chr22.RData"
[1] "background.tf23-chr3.RData"
[1] "background.tf23-chr4.RData"
[1] "background.tf23-chr5.RData"
[1] "background.tf23-chr6.RData"
[1] "background.tf23-chr7.RData"
[1] "background.tf23-chr8.RData"
[1] "background.tf23-chr9.RData"
[1] "background.tf23-chrM.RData"
[1] "background.tf23-chrX.RData"
[1] "background.tf23-chrY.RData"
[1] "background.tf23-chr1.RData"
[1] 1260.743
[1] "background.tf23-chr10.RData"
[1] 943.3869
[1] "background.tf23-chr11.RData"
[1] 648.8908
[1] "background.tf23-chr12.RData"
[1] 983.0564
[1] "background.tf23-chr13.RData"
[1] 1286.14
[1] "background.tf23-chr14.RData"
[1] 1183.671
[1] "background.tf23-chr15.RData"
[1] 1143.962
[1] "background.tf23-chr16.RData"
[1] 810.6833
[1] "background.tf23-chr17.RData"
[1] 902.9881
[1] "background.tf23-chr18.RData"
[1] 1489.315
[1] "background.tf23-chr19.RData"
[1] 815.6001
[1] "background.tf23-chr2.RData"
[1] 999.925
[1] "background.tf23-chr20.RData"
[1] 1018.997
[1] "background.tf23-chr21.RData"
[1] 752.556
[1] "background.tf23-chr22.RData"
[1] 1010.058
[1] "background.tf23-chr3.RData"
[1] 1013.196
[1] "background.tf23-chr4.RData"
[1] 1323.418
[1] "background.tf23-chr5.RData"
[1] 987.6731
[1] "background.tf23-chr6.RData"
[1] 965.9047
[1] "background.tf23-chr7.RData"
[1] 1230.032
[1] "background.tf23-chr8.RData"
[1] 1176.248
[1] "background.tf23-chr9.RData"
[1] 961.5732
[1] "background.tf23-chrM.RData"
[1] 86.64788
[1] "background.tf23-chrX.RData"
[1] 1172.697
[1] "background.tf23-chrY.RData"
[1] 792.751
[1] 1
[1] 2
[1] 3
[1] 4
[1] 5
[1] 6
[1] 7
[1] 8
[1] 9
[1] 10
[1] 11
[1] 12
[1] 13
[1] 14
[1] 15
[1] 16
[1] 17
[1] 18
[1] 19
[1] 20
[1] 21
[1] 22
[1] 23
[1] 24
[1] 25
Time difference of 5.361054 mins
> 
> ###
> # do RC
> 
> match.rc = T
> 
> suppressWarnings(source(commonfile))
> if(overwrite==F & file.exists( file.path(outdir,paste0(pwmid,'-diag.rc.pdf')))){
+   stop(paste0('found previous run for ',pwmid,' avoiding overwrite'))
+ }
> 
> debugstring = c('loading pwm.rc','loadbam.rc','clustering.rc','binding outputs.rc')
> 
> tryCatch({
+ phase=0
+ load(paste0(pwmdir,pwmid,'.pwmout.rc.RData'))
+ if(sum(clengths[1])>0){
+ phase=1
+ at<-Sys.time()
+ source('loadbam.r')
+ print(Sys.time()-at);at<-Sys.time()
+ phase=2
+ source('cluster.r')
+ print(Sys.time()-at);at<-Sys.time()
+ phase=3
+ source('bindcall.r')
+ print(Sys.time()-at);at<-Sys.time()
+ }
+ },error = function(e){
+    e$message=paste0('error during ',debugstring[phase+1],'\n','Error msg: ',e$message,'\n Args:',paste0(commandArgs(trailingOnly = TRUE),collapse=':'))
+    stop(e)
+ })
[1] "chr1"
[1] "chr2"
[1] "chr3"
[1] "chr4"
[1] "chr5"
[1] "chr6"
[1] "chr7"
[1] "chr8"
[1] "chr9"
[1] "chr10"
[1] "chr11"
[1] "chr12"
[1] "chr13"
[1] "chr14"
[1] "chr15"
[1] "chr16"
[1] "chr17"
[1] "chr18"
[1] "chr19"
[1] "chr20"
[1] "chr21"
[1] "chr22"
[1] "chrX"
[1] "chrY"
[1] "chrM"
[1] "chr1"
[1] "chr2"
[1] "chr3"
[1] "chr4"
[1] "chr5"
[1] "chr6"
[1] "chr7"
[1] "chr8"
[1] "chr9"
[1] "chr10"
[1] "chr11"
[1] "chr12"
[1] "chr13"
[1] "chr14"
[1] "chr15"
[1] "chr16"
[1] "chr17"
[1] "chr18"
[1] "chr19"
[1] "chr20"
[1] "chr21"
[1] "chr22"
[1] "chrX"
[1] "chrY"
[1] "chrM"
Time difference of 2.080146 mins
[1] "/hpcwork/izkf/projects/TfbsPrediction/Results/Footprints/Predictions_NM/H1hesc/PIQ_DU/temp_JUN//23//positive.tf23-chr1.RData"
[1] "/hpcwork/izkf/projects/TfbsPrediction/Results/Footprints/Predictions_NM/H1hesc/PIQ_DU/temp_JUN//23//positive.tf23-chr10.RData"
[1] "/hpcwork/izkf/projects/TfbsPrediction/Results/Footprints/Predictions_NM/H1hesc/PIQ_DU/temp_JUN//23//positive.tf23-chr11.RData"
[1] "/hpcwork/izkf/projects/TfbsPrediction/Results/Footprints/Predictions_NM/H1hesc/PIQ_DU/temp_JUN//23//positive.tf23-chr12.RData"
[1] "/hpcwork/izkf/projects/TfbsPrediction/Results/Footprints/Predictions_NM/H1hesc/PIQ_DU/temp_JUN//23//positive.tf23-chr13.RData"
[1] "/hpcwork/izkf/projects/TfbsPrediction/Results/Footprints/Predictions_NM/H1hesc/PIQ_DU/temp_JUN//23//positive.tf23-chr14.RData"
[1] "/hpcwork/izkf/projects/TfbsPrediction/Results/Footprints/Predictions_NM/H1hesc/PIQ_DU/temp_JUN//23//positive.tf23-chr15.RData"
[1] "/hpcwork/izkf/projects/TfbsPrediction/Results/Footprints/Predictions_NM/H1hesc/PIQ_DU/temp_JUN//23//positive.tf23-chr16.RData"
[1] "/hpcwork/izkf/projects/TfbsPrediction/Results/Footprints/Predictions_NM/H1hesc/PIQ_DU/temp_JUN//23//positive.tf23-chr17.RData"
[1] "/hpcwork/izkf/projects/TfbsPrediction/Results/Footprints/Predictions_NM/H1hesc/PIQ_DU/temp_JUN//23//positive.tf23-chr18.RData"
[1] "/hpcwork/izkf/projects/TfbsPrediction/Results/Footprints/Predictions_NM/H1hesc/PIQ_DU/temp_JUN//23//positive.tf23-chr19.RData"
[1] "/hpcwork/izkf/projects/TfbsPrediction/Results/Footprints/Predictions_NM/H1hesc/PIQ_DU/temp_JUN//23//positive.tf23-chr2.RData"
[1] "/hpcwork/izkf/projects/TfbsPrediction/Results/Footprints/Predictions_NM/H1hesc/PIQ_DU/temp_JUN//23//positive.tf23-chr20.RData"
[1] "/hpcwork/izkf/projects/TfbsPrediction/Results/Footprints/Predictions_NM/H1hesc/PIQ_DU/temp_JUN//23//positive.tf23-chr21.RData"
[1] "/hpcwork/izkf/projects/TfbsPrediction/Results/Footprints/Predictions_NM/H1hesc/PIQ_DU/temp_JUN//23//positive.tf23-chr22.RData"
[1] "/hpcwork/izkf/projects/TfbsPrediction/Results/Footprints/Predictions_NM/H1hesc/PIQ_DU/temp_JUN//23//positive.tf23-chr3.RData"
[1] "/hpcwork/izkf/projects/TfbsPrediction/Results/Footprints/Predictions_NM/H1hesc/PIQ_DU/temp_JUN//23//positive.tf23-chr4.RData"
[1] "/hpcwork/izkf/projects/TfbsPrediction/Results/Footprints/Predictions_NM/H1hesc/PIQ_DU/temp_JUN//23//positive.tf23-chr5.RData"
[1] "/hpcwork/izkf/projects/TfbsPrediction/Results/Footprints/Predictions_NM/H1hesc/PIQ_DU/temp_JUN//23//positive.tf23-chr6.RData"
[1] "/hpcwork/izkf/projects/TfbsPrediction/Results/Footprints/Predictions_NM/H1hesc/PIQ_DU/temp_JUN//23//positive.tf23-chr7.RData"
[1] "/hpcwork/izkf/projects/TfbsPrediction/Results/Footprints/Predictions_NM/H1hesc/PIQ_DU/temp_JUN//23//positive.tf23-chr8.RData"
[1] "/hpcwork/izkf/projects/TfbsPrediction/Results/Footprints/Predictions_NM/H1hesc/PIQ_DU/temp_JUN//23//positive.tf23-chr9.RData"
[1] "/hpcwork/izkf/projects/TfbsPrediction/Results/Footprints/Predictions_NM/H1hesc/PIQ_DU/temp_JUN//23//positive.tf23-chrM.RData"
[1] "/hpcwork/izkf/projects/TfbsPrediction/Results/Footprints/Predictions_NM/H1hesc/PIQ_DU/temp_JUN//23//positive.tf23-chrX.RData"
[1] "/hpcwork/izkf/projects/TfbsPrediction/Results/Footprints/Predictions_NM/H1hesc/PIQ_DU/temp_JUN//23//positive.tf23-chrY.RData"
[1] "/hpcwork/izkf/projects/TfbsPrediction/Results/Footprints/Predictions_NM/H1hesc/PIQ_DU/temp_JUN//23//background.tf23-chr1.RData"
[1] "/hpcwork/izkf/projects/TfbsPrediction/Results/Footprints/Predictions_NM/H1hesc/PIQ_DU/temp_JUN//23//background.tf23-chr10.RData"
[1] "/hpcwork/izkf/projects/TfbsPrediction/Results/Footprints/Predictions_NM/H1hesc/PIQ_DU/temp_JUN//23//background.tf23-chr11.RData"
[1] "/hpcwork/izkf/projects/TfbsPrediction/Results/Footprints/Predictions_NM/H1hesc/PIQ_DU/temp_JUN//23//background.tf23-chr12.RData"
[1] "/hpcwork/izkf/projects/TfbsPrediction/Results/Footprints/Predictions_NM/H1hesc/PIQ_DU/temp_JUN//23//background.tf23-chr13.RData"
[1] "/hpcwork/izkf/projects/TfbsPrediction/Results/Footprints/Predictions_NM/H1hesc/PIQ_DU/temp_JUN//23//background.tf23-chr14.RData"
[1] "/hpcwork/izkf/projects/TfbsPrediction/Results/Footprints/Predictions_NM/H1hesc/PIQ_DU/temp_JUN//23//background.tf23-chr15.RData"
[1] "/hpcwork/izkf/projects/TfbsPrediction/Results/Footprints/Predictions_NM/H1hesc/PIQ_DU/temp_JUN//23//background.tf23-chr16.RData"
[1] "/hpcwork/izkf/projects/TfbsPrediction/Results/Footprints/Predictions_NM/H1hesc/PIQ_DU/temp_JUN//23//background.tf23-chr17.RData"
[1] "/hpcwork/izkf/projects/TfbsPrediction/Results/Footprints/Predictions_NM/H1hesc/PIQ_DU/temp_JUN//23//background.tf23-chr18.RData"
[1] "/hpcwork/izkf/projects/TfbsPrediction/Results/Footprints/Predictions_NM/H1hesc/PIQ_DU/temp_JUN//23//background.tf23-chr19.RData"
[1] "/hpcwork/izkf/projects/TfbsPrediction/Results/Footprints/Predictions_NM/H1hesc/PIQ_DU/temp_JUN//23//background.tf23-chr2.RData"
[1] "/hpcwork/izkf/projects/TfbsPrediction/Results/Footprints/Predictions_NM/H1hesc/PIQ_DU/temp_JUN//23//background.tf23-chr20.RData"
[1] "/hpcwork/izkf/projects/TfbsPrediction/Results/Footprints/Predictions_NM/H1hesc/PIQ_DU/temp_JUN//23//background.tf23-chr21.RData"
[1] "/hpcwork/izkf/projects/TfbsPrediction/Results/Footprints/Predictions_NM/H1hesc/PIQ_DU/temp_JUN//23//background.tf23-chr22.RData"
[1] "/hpcwork/izkf/projects/TfbsPrediction/Results/Footprints/Predictions_NM/H1hesc/PIQ_DU/temp_JUN//23//background.tf23-chr3.RData"
[1] "/hpcwork/izkf/projects/TfbsPrediction/Results/Footprints/Predictions_NM/H1hesc/PIQ_DU/temp_JUN//23//background.tf23-chr4.RData"
[1] "/hpcwork/izkf/projects/TfbsPrediction/Results/Footprints/Predictions_NM/H1hesc/PIQ_DU/temp_JUN//23//background.tf23-chr5.RData"
[1] "/hpcwork/izkf/projects/TfbsPrediction/Results/Footprints/Predictions_NM/H1hesc/PIQ_DU/temp_JUN//23//background.tf23-chr6.RData"
[1] "/hpcwork/izkf/projects/TfbsPrediction/Results/Footprints/Predictions_NM/H1hesc/PIQ_DU/temp_JUN//23//background.tf23-chr7.RData"
[1] "/hpcwork/izkf/projects/TfbsPrediction/Results/Footprints/Predictions_NM/H1hesc/PIQ_DU/temp_JUN//23//background.tf23-chr8.RData"
[1] "/hpcwork/izkf/projects/TfbsPrediction/Results/Footprints/Predictions_NM/H1hesc/PIQ_DU/temp_JUN//23//background.tf23-chr9.RData"
[1] "/hpcwork/izkf/projects/TfbsPrediction/Results/Footprints/Predictions_NM/H1hesc/PIQ_DU/temp_JUN//23//background.tf23-chrM.RData"
[1] "/hpcwork/izkf/projects/TfbsPrediction/Results/Footprints/Predictions_NM/H1hesc/PIQ_DU/temp_JUN//23//background.tf23-chrX.RData"
[1] "/hpcwork/izkf/projects/TfbsPrediction/Results/Footprints/Predictions_NM/H1hesc/PIQ_DU/temp_JUN//23//background.tf23-chrY.RData"
Time difference of 1.592304 mins
[1] "background.tf23-chr1.RData"
[1] "background.tf23-chr10.RData"
[1] "background.tf23-chr11.RData"
[1] "background.tf23-chr12.RData"
[1] "background.tf23-chr13.RData"
[1] "background.tf23-chr14.RData"
[1] "background.tf23-chr15.RData"
[1] "background.tf23-chr16.RData"
[1] "background.tf23-chr17.RData"
[1] "background.tf23-chr18.RData"
[1] "background.tf23-chr19.RData"
[1] "background.tf23-chr2.RData"
[1] "background.tf23-chr20.RData"
[1] "background.tf23-chr21.RData"
[1] "background.tf23-chr22.RData"
[1] "background.tf23-chr3.RData"
[1] "background.tf23-chr4.RData"
[1] "background.tf23-chr5.RData"
[1] "background.tf23-chr6.RData"
[1] "background.tf23-chr7.RData"
[1] "background.tf23-chr8.RData"
[1] "background.tf23-chr9.RData"
[1] "background.tf23-chrM.RData"
[1] "background.tf23-chrX.RData"
[1] "background.tf23-chrY.RData"
[1] "background.tf23-chr1.RData"
[1] 1247.83
[1] "background.tf23-chr10.RData"
[1] 1156.021
[1] "background.tf23-chr11.RData"
[1] 952.866
[1] "background.tf23-chr12.RData"
[1] 1261.063
[1] "background.tf23-chr13.RData"
[1] 1213.682
[1] "background.tf23-chr14.RData"
[1] 1176.989
[1] "background.tf23-chr15.RData"
[1] 1248.115
[1] "background.tf23-chr16.RData"
[1] 776.2059
[1] "background.tf23-chr17.RData"
[1] 684.3363
[1] "background.tf23-chr18.RData"
[1] 782.888
[1] "background.tf23-chr19.RData"
[1] 789.9349
[1] "background.tf23-chr2.RData"
[1] 1104.855
[1] "background.tf23-chr20.RData"
[1] 782.1971
[1] "background.tf23-chr21.RData"
[1] 1154.734
[1] "background.tf23-chr22.RData"
[1] 849.6547
[1] "background.tf23-chr3.RData"
[1] 1109.002
[1] "background.tf23-chr4.RData"
[1] 1373.788
[1] "background.tf23-chr5.RData"
[1] 1115.999
[1] "background.tf23-chr6.RData"
[1] 1025.182
[1] "background.tf23-chr7.RData"
[1] 1216.372
[1] "background.tf23-chr8.RData"
[1] 1066.773
[1] "background.tf23-chr9.RData"
[1] 1168.877
[1] "background.tf23-chrM.RData"
[1] 95.78021
[1] "background.tf23-chrX.RData"
[1] 1116.804
[1] "background.tf23-chrY.RData"
[1] 1040.214
[1] 1
[1] 2
[1] 3
[1] 4
[1] 5
[1] 6
[1] 7
[1] 8
[1] 9
[1] 10
[1] 11
[1] 12
[1] 13
[1] 14
[1] 15
[1] 16
[1] 17
[1] 18
[1] 19
[1] 20
[1] 21
[1] 22
[1] 23
[1] 24
[1] 25
Time difference of 4.694468 mins
> 


PS:

Read file <DU_H1hesc_JUN_APQ_err.txt> for stderr output of this job.

