Sender: LSF System <lsfadmin@linuxbcsc67>
Subject: Job 22415699: <DU_H1hesc_SRF_APQ> in cluster <rcc> Done

Job <DU_H1hesc_SRF_APQ> was submitted from host <cluster> by user <eg474423> in cluster <rcc>.
Job was executed on host(s) <linuxbcsc67>, in queue <normal>, as user <eg474423> in cluster <rcc>.
</home/eg474423> was used as the home directory.
</work/eg474423/eg474423_Projects/trunk/TfbsPrediction/Code/CompetingMethods/Pipeline> was used as the working directory.
Started at Mon Jun 15 21:29:42 2015
Results reported on Mon Jun 15 22:15:47 2015

Your job looked like:

------------------------------------------------------------
# LSBATCH: User input
./applyPIQ_pipeline.zsh 43 SRF /hpcwork/izkf/projects/TfbsPrediction/Results/MPBSAWG/PIQ/ /hpcwork/izkf/projects/TfbsPrediction/Results/Signals/Counts/DU_H1hesc/PIQ/DNase.RData /hpcwork/izkf/projects/TfbsPrediction/Results/Footprints/Predictions_NM/H1hesc/PIQ_DU/
------------------------------------------------------------

Successfully completed.

Resource usage summary:

    CPU time :                                   2571.30 sec.
    Max Memory :                                 3175 MB
    Average Memory :                             2278.31 MB
    Total Requested Memory :                     24000.00 MB
    Delta Memory :                               20825.00 MB
    Max Processes :                              8
    Max Threads :                                9

The output (if any) follows:

> args <- commandArgs(trailingOnly = TRUE)
> print(args)
[1] "common.r"                                                                                       
[2] "/hpcwork/izkf/projects/TfbsPrediction/Results/MPBSAWG/PIQ/"                                     
[3] "/hpcwork/izkf/projects/TfbsPrediction/Results/Footprints/Predictions_NM/H1hesc/PIQ_DU/temp_SRF/"
[4] "/hpcwork/izkf/projects/TfbsPrediction/Results/Footprints/Predictions_NM/H1hesc/PIQ_DU/res_SRF/" 
[5] "/hpcwork/izkf/projects/TfbsPrediction/Results/Signals/Counts/DU_H1hesc/PIQ/DNase.RData"         
[6] "43"                                                                                             
> 
> #location of common.r containing runtime parameters
> commonfile = args[1]
> 
> #directory where pwm matches are stored
> pwmdir = args[2]
> 
> #directory to use as fast temporary storage
> tmpdir = args[3]
> 
> #location of output calls
> outdir = args[4]
> 
> #location of the bam RData file made by bam2rdata.r
> bamfile = args[5]
> 
> #which pwm file to use in pwmdir
> pwmid = args[6]
> 
> ###
> # do FW
> 
> match.rc = F
> dump.chropen = F
> 
> two.pass = F
> suppressWarnings(source(commonfile))
> if(overwrite==F & file.exists( file.path(outdir,paste0(pwmid,'-diag.pdf')))){
+   stop(paste0('found previous run for ',pwmid,' avoiding overwrite'))
+ }
> 
> debugstring = c('loading pwm','loadbam','clustering','binding outputs')
> 
> dump.bed = T
> 
> tryCatch({
+ phase=0
+ load(paste0(pwmdir,pwmid,'.pwmout.RData'))
+ if(sum(clengths[1])>0){
+ phase=1
+ at<-Sys.time()
+ source('loadbam.r')
+ print(Sys.time()-at);at<-Sys.time()
+ phase=2
+ source('cluster.r')
+ print(Sys.time()-at);at<-Sys.time()
+ phase=3
+ source('bindcall.r')
+ print(Sys.time()-at);at<-Sys.time()
+ }
+ },error = function(e){
+    e$message=paste0('error during ',debugstring[phase+1],'\n','Error msg: ',e$message,'\n Args:',paste0(commandArgs(trailingOnly = TRUE),collapse=':'))
+    stop(e)
+ })
[1] "chr1"
[1] "chr2"
[1] "chr3"
[1] "chr4"
[1] "chr5"
[1] "chr6"
[1] "chr7"
[1] "chr8"
[1] "chr9"
[1] "chr10"
[1] "chr11"
[1] "chr12"
[1] "chr13"
[1] "chr14"
[1] "chr15"
[1] "chr16"
[1] "chr17"
[1] "chr18"
[1] "chr19"
[1] "chr20"
[1] "chr21"
[1] "chr22"
[1] "chrX"
[1] "chrY"
[1] "chrM"
[1] "chr1"
[1] "chr2"
[1] "chr3"
[1] "chr4"
[1] "chr5"
[1] "chr6"
[1] "chr7"
[1] "chr8"
[1] "chr9"
[1] "chr10"
[1] "chr11"
[1] "chr12"
[1] "chr13"
[1] "chr14"
[1] "chr15"
[1] "chr16"
[1] "chr17"
[1] "chr18"
[1] "chr19"
[1] "chr20"
[1] "chr21"
[1] "chr22"
[1] "chrX"
[1] "chrY"
[1] "chrM"
Time difference of 3.716323 mins
[1] "/hpcwork/izkf/projects/TfbsPrediction/Results/Footprints/Predictions_NM/H1hesc/PIQ_DU/temp_SRF//43//positive.tf43-chr1.RData"
[1] "/hpcwork/izkf/projects/TfbsPrediction/Results/Footprints/Predictions_NM/H1hesc/PIQ_DU/temp_SRF//43//positive.tf43-chr10.RData"
[1] "/hpcwork/izkf/projects/TfbsPrediction/Results/Footprints/Predictions_NM/H1hesc/PIQ_DU/temp_SRF//43//positive.tf43-chr11.RData"
[1] "/hpcwork/izkf/projects/TfbsPrediction/Results/Footprints/Predictions_NM/H1hesc/PIQ_DU/temp_SRF//43//positive.tf43-chr12.RData"
[1] "/hpcwork/izkf/projects/TfbsPrediction/Results/Footprints/Predictions_NM/H1hesc/PIQ_DU/temp_SRF//43//positive.tf43-chr13.RData"
[1] "/hpcwork/izkf/projects/TfbsPrediction/Results/Footprints/Predictions_NM/H1hesc/PIQ_DU/temp_SRF//43//positive.tf43-chr14.RData"
[1] "/hpcwork/izkf/projects/TfbsPrediction/Results/Footprints/Predictions_NM/H1hesc/PIQ_DU/temp_SRF//43//positive.tf43-chr15.RData"
[1] "/hpcwork/izkf/projects/TfbsPrediction/Results/Footprints/Predictions_NM/H1hesc/PIQ_DU/temp_SRF//43//positive.tf43-chr16.RData"
[1] "/hpcwork/izkf/projects/TfbsPrediction/Results/Footprints/Predictions_NM/H1hesc/PIQ_DU/temp_SRF//43//positive.tf43-chr17.RData"
[1] "/hpcwork/izkf/projects/TfbsPrediction/Results/Footprints/Predictions_NM/H1hesc/PIQ_DU/temp_SRF//43//positive.tf43-chr18.RData"
[1] "/hpcwork/izkf/projects/TfbsPrediction/Results/Footprints/Predictions_NM/H1hesc/PIQ_DU/temp_SRF//43//positive.tf43-chr19.RData"
[1] "/hpcwork/izkf/projects/TfbsPrediction/Results/Footprints/Predictions_NM/H1hesc/PIQ_DU/temp_SRF//43//positive.tf43-chr2.RData"
[1] "/hpcwork/izkf/projects/TfbsPrediction/Results/Footprints/Predictions_NM/H1hesc/PIQ_DU/temp_SRF//43//positive.tf43-chr20.RData"
[1] "/hpcwork/izkf/projects/TfbsPrediction/Results/Footprints/Predictions_NM/H1hesc/PIQ_DU/temp_SRF//43//positive.tf43-chr21.RData"
[1] "/hpcwork/izkf/projects/TfbsPrediction/Results/Footprints/Predictions_NM/H1hesc/PIQ_DU/temp_SRF//43//positive.tf43-chr22.RData"
[1] "/hpcwork/izkf/projects/TfbsPrediction/Results/Footprints/Predictions_NM/H1hesc/PIQ_DU/temp_SRF//43//positive.tf43-chr3.RData"
[1] "/hpcwork/izkf/projects/TfbsPrediction/Results/Footprints/Predictions_NM/H1hesc/PIQ_DU/temp_SRF//43//positive.tf43-chr4.RData"
[1] "/hpcwork/izkf/projects/TfbsPrediction/Results/Footprints/Predictions_NM/H1hesc/PIQ_DU/temp_SRF//43//positive.tf43-chr5.RData"
[1] "/hpcwork/izkf/projects/TfbsPrediction/Results/Footprints/Predictions_NM/H1hesc/PIQ_DU/temp_SRF//43//positive.tf43-chr6.RData"
[1] "/hpcwork/izkf/projects/TfbsPrediction/Results/Footprints/Predictions_NM/H1hesc/PIQ_DU/temp_SRF//43//positive.tf43-chr7.RData"
[1] "/hpcwork/izkf/projects/TfbsPrediction/Results/Footprints/Predictions_NM/H1hesc/PIQ_DU/temp_SRF//43//positive.tf43-chr8.RData"
[1] "/hpcwork/izkf/projects/TfbsPrediction/Results/Footprints/Predictions_NM/H1hesc/PIQ_DU/temp_SRF//43//positive.tf43-chr9.RData"
[1] "/hpcwork/izkf/projects/TfbsPrediction/Results/Footprints/Predictions_NM/H1hesc/PIQ_DU/temp_SRF//43//positive.tf43-chrM.RData"
[1] "/hpcwork/izkf/projects/TfbsPrediction/Results/Footprints/Predictions_NM/H1hesc/PIQ_DU/temp_SRF//43//positive.tf43-chrX.RData"
[1] "/hpcwork/izkf/projects/TfbsPrediction/Results/Footprints/Predictions_NM/H1hesc/PIQ_DU/temp_SRF//43//positive.tf43-chrY.RData"
[1] "/hpcwork/izkf/projects/TfbsPrediction/Results/Footprints/Predictions_NM/H1hesc/PIQ_DU/temp_SRF//43//background.tf43-chr1.RData"
[1] "/hpcwork/izkf/projects/TfbsPrediction/Results/Footprints/Predictions_NM/H1hesc/PIQ_DU/temp_SRF//43//background.tf43-chr10.RData"
[1] "/hpcwork/izkf/projects/TfbsPrediction/Results/Footprints/Predictions_NM/H1hesc/PIQ_DU/temp_SRF//43//background.tf43-chr11.RData"
[1] "/hpcwork/izkf/projects/TfbsPrediction/Results/Footprints/Predictions_NM/H1hesc/PIQ_DU/temp_SRF//43//background.tf43-chr12.RData"
[1] "/hpcwork/izkf/projects/TfbsPrediction/Results/Footprints/Predictions_NM/H1hesc/PIQ_DU/temp_SRF//43//background.tf43-chr13.RData"
[1] "/hpcwork/izkf/projects/TfbsPrediction/Results/Footprints/Predictions_NM/H1hesc/PIQ_DU/temp_SRF//43//background.tf43-chr14.RData"
[1] "/hpcwork/izkf/projects/TfbsPrediction/Results/Footprints/Predictions_NM/H1hesc/PIQ_DU/temp_SRF//43//background.tf43-chr15.RData"
[1] "/hpcwork/izkf/projects/TfbsPrediction/Results/Footprints/Predictions_NM/H1hesc/PIQ_DU/temp_SRF//43//background.tf43-chr16.RData"
[1] "/hpcwork/izkf/projects/TfbsPrediction/Results/Footprints/Predictions_NM/H1hesc/PIQ_DU/temp_SRF//43//background.tf43-chr17.RData"
[1] "/hpcwork/izkf/projects/TfbsPrediction/Results/Footprints/Predictions_NM/H1hesc/PIQ_DU/temp_SRF//43//background.tf43-chr18.RData"
[1] "/hpcwork/izkf/projects/TfbsPrediction/Results/Footprints/Predictions_NM/H1hesc/PIQ_DU/temp_SRF//43//background.tf43-chr19.RData"
[1] "/hpcwork/izkf/projects/TfbsPrediction/Results/Footprints/Predictions_NM/H1hesc/PIQ_DU/temp_SRF//43//background.tf43-chr2.RData"
[1] "/hpcwork/izkf/projects/TfbsPrediction/Results/Footprints/Predictions_NM/H1hesc/PIQ_DU/temp_SRF//43//background.tf43-chr20.RData"
[1] "/hpcwork/izkf/projects/TfbsPrediction/Results/Footprints/Predictions_NM/H1hesc/PIQ_DU/temp_SRF//43//background.tf43-chr21.RData"
[1] "/hpcwork/izkf/projects/TfbsPrediction/Results/Footprints/Predictions_NM/H1hesc/PIQ_DU/temp_SRF//43//background.tf43-chr22.RData"
[1] "/hpcwork/izkf/projects/TfbsPrediction/Results/Footprints/Predictions_NM/H1hesc/PIQ_DU/temp_SRF//43//background.tf43-chr3.RData"
[1] "/hpcwork/izkf/projects/TfbsPrediction/Results/Footprints/Predictions_NM/H1hesc/PIQ_DU/temp_SRF//43//background.tf43-chr4.RData"
[1] "/hpcwork/izkf/projects/TfbsPrediction/Results/Footprints/Predictions_NM/H1hesc/PIQ_DU/temp_SRF//43//background.tf43-chr5.RData"
[1] "/hpcwork/izkf/projects/TfbsPrediction/Results/Footprints/Predictions_NM/H1hesc/PIQ_DU/temp_SRF//43//background.tf43-chr6.RData"
[1] "/hpcwork/izkf/projects/TfbsPrediction/Results/Footprints/Predictions_NM/H1hesc/PIQ_DU/temp_SRF//43//background.tf43-chr7.RData"
[1] "/hpcwork/izkf/projects/TfbsPrediction/Results/Footprints/Predictions_NM/H1hesc/PIQ_DU/temp_SRF//43//background.tf43-chr8.RData"
[1] "/hpcwork/izkf/projects/TfbsPrediction/Results/Footprints/Predictions_NM/H1hesc/PIQ_DU/temp_SRF//43//background.tf43-chr9.RData"
[1] "/hpcwork/izkf/projects/TfbsPrediction/Results/Footprints/Predictions_NM/H1hesc/PIQ_DU/temp_SRF//43//background.tf43-chrM.RData"
[1] "/hpcwork/izkf/projects/TfbsPrediction/Results/Footprints/Predictions_NM/H1hesc/PIQ_DU/temp_SRF//43//background.tf43-chrX.RData"
[1] "/hpcwork/izkf/projects/TfbsPrediction/Results/Footprints/Predictions_NM/H1hesc/PIQ_DU/temp_SRF//43//background.tf43-chrY.RData"
Time difference of 2.649176 mins
[1] "background.tf43-chr1.RData"
[1] "background.tf43-chr10.RData"
[1] "background.tf43-chr11.RData"
[1] "background.tf43-chr12.RData"
[1] "background.tf43-chr13.RData"
[1] "background.tf43-chr14.RData"
[1] "background.tf43-chr15.RData"
[1] "background.tf43-chr16.RData"
[1] "background.tf43-chr17.RData"
[1] "background.tf43-chr18.RData"
[1] "background.tf43-chr19.RData"
[1] "background.tf43-chr2.RData"
[1] "background.tf43-chr20.RData"
[1] "background.tf43-chr21.RData"
[1] "background.tf43-chr22.RData"
[1] "background.tf43-chr3.RData"
[1] "background.tf43-chr4.RData"
[1] "background.tf43-chr5.RData"
[1] "background.tf43-chr6.RData"
[1] "background.tf43-chr7.RData"
[1] "background.tf43-chr8.RData"
[1] "background.tf43-chr9.RData"
[1] "background.tf43-chrM.RData"
[1] "background.tf43-chrX.RData"
[1] "background.tf43-chrY.RData"
[1] "background.tf43-chr1.RData"
[1] 1207.103
[1] "background.tf43-chr10.RData"
[1] 1060.786
[1] "background.tf43-chr11.RData"
[1] 737.0298
[1] "background.tf43-chr12.RData"
[1] 1074.356
[1] "background.tf43-chr13.RData"
[1] 1234.947
[1] "background.tf43-chr14.RData"
[1] 1037.043
[1] "background.tf43-chr15.RData"
[1] 934.3434
[1] "background.tf43-chr16.RData"
[1] 959.1104
[1] "background.tf43-chr17.RData"
[1] 1001.939
[1] "background.tf43-chr18.RData"
[1] 1142.956
[1] "background.tf43-chr19.RData"
[1] 869.0983
[1] "background.tf43-chr2.RData"
[1] 1133.681
[1] "background.tf43-chr20.RData"
[1] 797.1208
[1] "background.tf43-chr21.RData"
[1] 896.5412
[1] "background.tf43-chr22.RData"
[1] 676.8573
[1] "background.tf43-chr3.RData"
[1] 1465.213
[1] "background.tf43-chr4.RData"
[1] 1119.026
[1] "background.tf43-chr5.RData"
[1] 1038.101
[1] "background.tf43-chr6.RData"
[1] 1297.327
[1] "background.tf43-chr7.RData"
[1] 1136.111
[1] "background.tf43-chr8.RData"
[1] 1195.623
[1] "background.tf43-chr9.RData"
[1] 1229.276
[1] "background.tf43-chrM.RData"
[1] 89.46598
[1] "background.tf43-chrX.RData"
[1] 854.062
[1] "background.tf43-chrY.RData"
[1] 963.9464
[1] 1
[1] 2
[1] 3
[1] 4
[1] 5
[1] 6
[1] 7
[1] 8
[1] 9
[1] 10
[1] 11
[1] 12
[1] 13
[1] 14
[1] 15
[1] 16
[1] 17
[1] 18
[1] 19
[1] 20
[1] 21
[1] 22
[1] 23
[1] 24
[1] 25
Time difference of 12.64509 mins
> 
> ###
> # do RC
> 
> match.rc = T
> 
> suppressWarnings(source(commonfile))
> if(overwrite==F & file.exists( file.path(outdir,paste0(pwmid,'-diag.rc.pdf')))){
+   stop(paste0('found previous run for ',pwmid,' avoiding overwrite'))
+ }
> 
> debugstring = c('loading pwm.rc','loadbam.rc','clustering.rc','binding outputs.rc')
> 
> tryCatch({
+ phase=0
+ load(paste0(pwmdir,pwmid,'.pwmout.rc.RData'))
+ if(sum(clengths[1])>0){
+ phase=1
+ at<-Sys.time()
+ source('loadbam.r')
+ print(Sys.time()-at);at<-Sys.time()
+ phase=2
+ source('cluster.r')
+ print(Sys.time()-at);at<-Sys.time()
+ phase=3
+ source('bindcall.r')
+ print(Sys.time()-at);at<-Sys.time()
+ }
+ },error = function(e){
+    e$message=paste0('error during ',debugstring[phase+1],'\n','Error msg: ',e$message,'\n Args:',paste0(commandArgs(trailingOnly = TRUE),collapse=':'))
+    stop(e)
+ })
[1] "chr1"
[1] "chr2"
[1] "chr3"
[1] "chr4"
[1] "chr5"
[1] "chr6"
[1] "chr7"
[1] "chr8"
[1] "chr9"
[1] "chr10"
[1] "chr11"
[1] "chr12"
[1] "chr13"
[1] "chr14"
[1] "chr15"
[1] "chr16"
[1] "chr17"
[1] "chr18"
[1] "chr19"
[1] "chr20"
[1] "chr21"
[1] "chr22"
[1] "chrX"
[1] "chrY"
[1] "chrM"
[1] "chr1"
[1] "chr2"
[1] "chr3"
[1] "chr4"
[1] "chr5"
[1] "chr6"
[1] "chr7"
[1] "chr8"
[1] "chr9"
[1] "chr10"
[1] "chr11"
[1] "chr12"
[1] "chr13"
[1] "chr14"
[1] "chr15"
[1] "chr16"
[1] "chr17"
[1] "chr18"
[1] "chr19"
[1] "chr20"
[1] "chr21"
[1] "chr22"
[1] "chrX"
[1] "chrY"
[1] "chrM"
Time difference of 6.622148 mins
[1] "/hpcwork/izkf/projects/TfbsPrediction/Results/Footprints/Predictions_NM/H1hesc/PIQ_DU/temp_SRF//43//positive.tf43-chr1.RData"
[1] "/hpcwork/izkf/projects/TfbsPrediction/Results/Footprints/Predictions_NM/H1hesc/PIQ_DU/temp_SRF//43//positive.tf43-chr10.RData"
[1] "/hpcwork/izkf/projects/TfbsPrediction/Results/Footprints/Predictions_NM/H1hesc/PIQ_DU/temp_SRF//43//positive.tf43-chr11.RData"
[1] "/hpcwork/izkf/projects/TfbsPrediction/Results/Footprints/Predictions_NM/H1hesc/PIQ_DU/temp_SRF//43//positive.tf43-chr12.RData"
[1] "/hpcwork/izkf/projects/TfbsPrediction/Results/Footprints/Predictions_NM/H1hesc/PIQ_DU/temp_SRF//43//positive.tf43-chr13.RData"
[1] "/hpcwork/izkf/projects/TfbsPrediction/Results/Footprints/Predictions_NM/H1hesc/PIQ_DU/temp_SRF//43//positive.tf43-chr14.RData"
[1] "/hpcwork/izkf/projects/TfbsPrediction/Results/Footprints/Predictions_NM/H1hesc/PIQ_DU/temp_SRF//43//positive.tf43-chr15.RData"
[1] "/hpcwork/izkf/projects/TfbsPrediction/Results/Footprints/Predictions_NM/H1hesc/PIQ_DU/temp_SRF//43//positive.tf43-chr16.RData"
[1] "/hpcwork/izkf/projects/TfbsPrediction/Results/Footprints/Predictions_NM/H1hesc/PIQ_DU/temp_SRF//43//positive.tf43-chr17.RData"
[1] "/hpcwork/izkf/projects/TfbsPrediction/Results/Footprints/Predictions_NM/H1hesc/PIQ_DU/temp_SRF//43//positive.tf43-chr18.RData"
[1] "/hpcwork/izkf/projects/TfbsPrediction/Results/Footprints/Predictions_NM/H1hesc/PIQ_DU/temp_SRF//43//positive.tf43-chr19.RData"
[1] "/hpcwork/izkf/projects/TfbsPrediction/Results/Footprints/Predictions_NM/H1hesc/PIQ_DU/temp_SRF//43//positive.tf43-chr2.RData"
[1] "/hpcwork/izkf/projects/TfbsPrediction/Results/Footprints/Predictions_NM/H1hesc/PIQ_DU/temp_SRF//43//positive.tf43-chr20.RData"
[1] "/hpcwork/izkf/projects/TfbsPrediction/Results/Footprints/Predictions_NM/H1hesc/PIQ_DU/temp_SRF//43//positive.tf43-chr21.RData"
[1] "/hpcwork/izkf/projects/TfbsPrediction/Results/Footprints/Predictions_NM/H1hesc/PIQ_DU/temp_SRF//43//positive.tf43-chr22.RData"
[1] "/hpcwork/izkf/projects/TfbsPrediction/Results/Footprints/Predictions_NM/H1hesc/PIQ_DU/temp_SRF//43//positive.tf43-chr3.RData"
[1] "/hpcwork/izkf/projects/TfbsPrediction/Results/Footprints/Predictions_NM/H1hesc/PIQ_DU/temp_SRF//43//positive.tf43-chr4.RData"
[1] "/hpcwork/izkf/projects/TfbsPrediction/Results/Footprints/Predictions_NM/H1hesc/PIQ_DU/temp_SRF//43//positive.tf43-chr5.RData"
[1] "/hpcwork/izkf/projects/TfbsPrediction/Results/Footprints/Predictions_NM/H1hesc/PIQ_DU/temp_SRF//43//positive.tf43-chr6.RData"
[1] "/hpcwork/izkf/projects/TfbsPrediction/Results/Footprints/Predictions_NM/H1hesc/PIQ_DU/temp_SRF//43//positive.tf43-chr7.RData"
[1] "/hpcwork/izkf/projects/TfbsPrediction/Results/Footprints/Predictions_NM/H1hesc/PIQ_DU/temp_SRF//43//positive.tf43-chr8.RData"
[1] "/hpcwork/izkf/projects/TfbsPrediction/Results/Footprints/Predictions_NM/H1hesc/PIQ_DU/temp_SRF//43//positive.tf43-chr9.RData"
[1] "/hpcwork/izkf/projects/TfbsPrediction/Results/Footprints/Predictions_NM/H1hesc/PIQ_DU/temp_SRF//43//positive.tf43-chrM.RData"
[1] "/hpcwork/izkf/projects/TfbsPrediction/Results/Footprints/Predictions_NM/H1hesc/PIQ_DU/temp_SRF//43//positive.tf43-chrX.RData"
[1] "/hpcwork/izkf/projects/TfbsPrediction/Results/Footprints/Predictions_NM/H1hesc/PIQ_DU/temp_SRF//43//positive.tf43-chrY.RData"
[1] "/hpcwork/izkf/projects/TfbsPrediction/Results/Footprints/Predictions_NM/H1hesc/PIQ_DU/temp_SRF//43//background.tf43-chr1.RData"
[1] "/hpcwork/izkf/projects/TfbsPrediction/Results/Footprints/Predictions_NM/H1hesc/PIQ_DU/temp_SRF//43//background.tf43-chr10.RData"
[1] "/hpcwork/izkf/projects/TfbsPrediction/Results/Footprints/Predictions_NM/H1hesc/PIQ_DU/temp_SRF//43//background.tf43-chr11.RData"
[1] "/hpcwork/izkf/projects/TfbsPrediction/Results/Footprints/Predictions_NM/H1hesc/PIQ_DU/temp_SRF//43//background.tf43-chr12.RData"
[1] "/hpcwork/izkf/projects/TfbsPrediction/Results/Footprints/Predictions_NM/H1hesc/PIQ_DU/temp_SRF//43//background.tf43-chr13.RData"
[1] "/hpcwork/izkf/projects/TfbsPrediction/Results/Footprints/Predictions_NM/H1hesc/PIQ_DU/temp_SRF//43//background.tf43-chr14.RData"
[1] "/hpcwork/izkf/projects/TfbsPrediction/Results/Footprints/Predictions_NM/H1hesc/PIQ_DU/temp_SRF//43//background.tf43-chr15.RData"
[1] "/hpcwork/izkf/projects/TfbsPrediction/Results/Footprints/Predictions_NM/H1hesc/PIQ_DU/temp_SRF//43//background.tf43-chr16.RData"
[1] "/hpcwork/izkf/projects/TfbsPrediction/Results/Footprints/Predictions_NM/H1hesc/PIQ_DU/temp_SRF//43//background.tf43-chr17.RData"
[1] "/hpcwork/izkf/projects/TfbsPrediction/Results/Footprints/Predictions_NM/H1hesc/PIQ_DU/temp_SRF//43//background.tf43-chr18.RData"
[1] "/hpcwork/izkf/projects/TfbsPrediction/Results/Footprints/Predictions_NM/H1hesc/PIQ_DU/temp_SRF//43//background.tf43-chr19.RData"
[1] "/hpcwork/izkf/projects/TfbsPrediction/Results/Footprints/Predictions_NM/H1hesc/PIQ_DU/temp_SRF//43//background.tf43-chr2.RData"
[1] "/hpcwork/izkf/projects/TfbsPrediction/Results/Footprints/Predictions_NM/H1hesc/PIQ_DU/temp_SRF//43//background.tf43-chr20.RData"
[1] "/hpcwork/izkf/projects/TfbsPrediction/Results/Footprints/Predictions_NM/H1hesc/PIQ_DU/temp_SRF//43//background.tf43-chr21.RData"
[1] "/hpcwork/izkf/projects/TfbsPrediction/Results/Footprints/Predictions_NM/H1hesc/PIQ_DU/temp_SRF//43//background.tf43-chr22.RData"
[1] "/hpcwork/izkf/projects/TfbsPrediction/Results/Footprints/Predictions_NM/H1hesc/PIQ_DU/temp_SRF//43//background.tf43-chr3.RData"
[1] "/hpcwork/izkf/projects/TfbsPrediction/Results/Footprints/Predictions_NM/H1hesc/PIQ_DU/temp_SRF//43//background.tf43-chr4.RData"
[1] "/hpcwork/izkf/projects/TfbsPrediction/Results/Footprints/Predictions_NM/H1hesc/PIQ_DU/temp_SRF//43//background.tf43-chr5.RData"
[1] "/hpcwork/izkf/projects/TfbsPrediction/Results/Footprints/Predictions_NM/H1hesc/PIQ_DU/temp_SRF//43//background.tf43-chr6.RData"
[1] "/hpcwork/izkf/projects/TfbsPrediction/Results/Footprints/Predictions_NM/H1hesc/PIQ_DU/temp_SRF//43//background.tf43-chr7.RData"
[1] "/hpcwork/izkf/projects/TfbsPrediction/Results/Footprints/Predictions_NM/H1hesc/PIQ_DU/temp_SRF//43//background.tf43-chr8.RData"
[1] "/hpcwork/izkf/projects/TfbsPrediction/Results/Footprints/Predictions_NM/H1hesc/PIQ_DU/temp_SRF//43//background.tf43-chr9.RData"
[1] "/hpcwork/izkf/projects/TfbsPrediction/Results/Footprints/Predictions_NM/H1hesc/PIQ_DU/temp_SRF//43//background.tf43-chrM.RData"
[1] "/hpcwork/izkf/projects/TfbsPrediction/Results/Footprints/Predictions_NM/H1hesc/PIQ_DU/temp_SRF//43//background.tf43-chrX.RData"
[1] "/hpcwork/izkf/projects/TfbsPrediction/Results/Footprints/Predictions_NM/H1hesc/PIQ_DU/temp_SRF//43//background.tf43-chrY.RData"
Time difference of 4.158297 mins
[1] "background.tf43-chr1.RData"
[1] "background.tf43-chr10.RData"
[1] "background.tf43-chr11.RData"
[1] "background.tf43-chr12.RData"
[1] "background.tf43-chr13.RData"
[1] "background.tf43-chr14.RData"
[1] "background.tf43-chr15.RData"
[1] "background.tf43-chr16.RData"
[1] "background.tf43-chr17.RData"
[1] "background.tf43-chr18.RData"
[1] "background.tf43-chr19.RData"
[1] "background.tf43-chr2.RData"
[1] "background.tf43-chr20.RData"
[1] "background.tf43-chr21.RData"
[1] "background.tf43-chr22.RData"
[1] "background.tf43-chr3.RData"
[1] "background.tf43-chr4.RData"
[1] "background.tf43-chr5.RData"
[1] "background.tf43-chr6.RData"
[1] "background.tf43-chr7.RData"
[1] "background.tf43-chr8.RData"
[1] "background.tf43-chr9.RData"
[1] "background.tf43-chrM.RData"
[1] "background.tf43-chrX.RData"
[1] "background.tf43-chrY.RData"
[1] "background.tf43-chr1.RData"
[1] 1202.941
[1] "background.tf43-chr10.RData"
[1] 856.6049
[1] "background.tf43-chr11.RData"
[1] 806.68
[1] "background.tf43-chr12.RData"
[1] 1231.184
[1] "background.tf43-chr13.RData"
[1] 1261.7
[1] "background.tf43-chr14.RData"
[1] 1081.766
[1] "background.tf43-chr15.RData"
[1] 910.5457
[1] "background.tf43-chr16.RData"
[1] 909.6661
[1] "background.tf43-chr17.RData"
[1] 1377.628
[1] "background.tf43-chr18.RData"
[1] 1003.049
[1] "background.tf43-chr19.RData"
[1] 676.814
[1] "background.tf43-chr2.RData"
[1] 1176.403
[1] "background.tf43-chr20.RData"
[1] 1757.261
[1] "background.tf43-chr21.RData"
[1] 1322.648
[1] "background.tf43-chr22.RData"
[1] 935.83
[1] "background.tf43-chr3.RData"
[1] 1086.042
[1] "background.tf43-chr4.RData"
[1] 1171.453
[1] "background.tf43-chr5.RData"
[1] 1050.956
[1] "background.tf43-chr6.RData"
[1] 938.1624
[1] "background.tf43-chr7.RData"
[1] 1177.78
[1] "background.tf43-chr8.RData"
[1] 1196.759
[1] "background.tf43-chr9.RData"
[1] 1134.762
[1] "background.tf43-chrM.RData"
[1] 0
[1] "background.tf43-chrX.RData"
[1] 1258.389
[1] "background.tf43-chrY.RData"
[1] 777.4116
[1] 1
[1] 2
[1] 3
[1] 4
[1] 5
[1] 6
[1] 7
[1] 8
[1] 9
[1] 10
[1] 11
[1] 12
[1] 13
[1] 14
[1] 15
[1] 16
[1] 17
[1] 18
[1] 19
[1] 20
[1] 21
[1] 22
[1] 23
[1] 24
[1] 25
Time difference of 13.38452 mins
> 


PS:

Read file <DU_H1hesc_SRF_APQ_err.txt> for stderr output of this job.

