Sender: LSF System <lsfadmin@linuxbmc0110>
Subject: Job 22415693: <DU_H1hesc_RFX5_APQ> in cluster <rcc> Done

Job <DU_H1hesc_RFX5_APQ> was submitted from host <cluster> by user <eg474423> in cluster <rcc>.
Job was executed on host(s) <linuxbmc0110>, in queue <normal>, as user <eg474423> in cluster <rcc>.
</home/eg474423> was used as the home directory.
</work/eg474423/eg474423_Projects/trunk/TfbsPrediction/Code/CompetingMethods/Pipeline> was used as the working directory.
Started at Mon Jun 15 21:08:09 2015
Results reported on Mon Jun 15 21:31:10 2015

Your job looked like:

------------------------------------------------------------
# LSBATCH: User input
./applyPIQ_pipeline.zsh 38 RFX5 /hpcwork/izkf/projects/TfbsPrediction/Results/MPBSAWG/PIQ/ /hpcwork/izkf/projects/TfbsPrediction/Results/Signals/Counts/DU_H1hesc/PIQ/DNase.RData /hpcwork/izkf/projects/TfbsPrediction/Results/Footprints/Predictions_NM/H1hesc/PIQ_DU/
------------------------------------------------------------

Successfully completed.

Resource usage summary:

    CPU time :                                   1100.45 sec.
    Max Memory :                                 3841 MB
    Average Memory :                             2378.82 MB
    Total Requested Memory :                     24000.00 MB
    Delta Memory :                               20159.00 MB
    Max Processes :                              9
    Max Threads :                                10

The output (if any) follows:

> args <- commandArgs(trailingOnly = TRUE)
> print(args)
[1] "common.r"                                                                                        
[2] "/hpcwork/izkf/projects/TfbsPrediction/Results/MPBSAWG/PIQ/"                                      
[3] "/hpcwork/izkf/projects/TfbsPrediction/Results/Footprints/Predictions_NM/H1hesc/PIQ_DU/temp_RFX5/"
[4] "/hpcwork/izkf/projects/TfbsPrediction/Results/Footprints/Predictions_NM/H1hesc/PIQ_DU/res_RFX5/" 
[5] "/hpcwork/izkf/projects/TfbsPrediction/Results/Signals/Counts/DU_H1hesc/PIQ/DNase.RData"          
[6] "38"                                                                                              
> 
> #location of common.r containing runtime parameters
> commonfile = args[1]
> 
> #directory where pwm matches are stored
> pwmdir = args[2]
> 
> #directory to use as fast temporary storage
> tmpdir = args[3]
> 
> #location of output calls
> outdir = args[4]
> 
> #location of the bam RData file made by bam2rdata.r
> bamfile = args[5]
> 
> #which pwm file to use in pwmdir
> pwmid = args[6]
> 
> ###
> # do FW
> 
> match.rc = F
> dump.chropen = F
> 
> two.pass = F
> suppressWarnings(source(commonfile))
> if(overwrite==F & file.exists( file.path(outdir,paste0(pwmid,'-diag.pdf')))){
+   stop(paste0('found previous run for ',pwmid,' avoiding overwrite'))
+ }
> 
> debugstring = c('loading pwm','loadbam','clustering','binding outputs')
> 
> dump.bed = T
> 
> tryCatch({
+ phase=0
+ load(paste0(pwmdir,pwmid,'.pwmout.RData'))
+ if(sum(clengths[1])>0){
+ phase=1
+ at<-Sys.time()
+ source('loadbam.r')
+ print(Sys.time()-at);at<-Sys.time()
+ phase=2
+ source('cluster.r')
+ print(Sys.time()-at);at<-Sys.time()
+ phase=3
+ source('bindcall.r')
+ print(Sys.time()-at);at<-Sys.time()
+ }
+ },error = function(e){
+    e$message=paste0('error during ',debugstring[phase+1],'\n','Error msg: ',e$message,'\n Args:',paste0(commandArgs(trailingOnly = TRUE),collapse=':'))
+    stop(e)
+ })
[1] "chr1"
[1] "chr2"
[1] "chr3"
[1] "chr4"
[1] "chr5"
[1] "chr6"
[1] "chr7"
[1] "chr8"
[1] "chr9"
[1] "chr10"
[1] "chr11"
[1] "chr12"
[1] "chr13"
[1] "chr14"
[1] "chr15"
[1] "chr16"
[1] "chr17"
[1] "chr18"
[1] "chr19"
[1] "chr20"
[1] "chr21"
[1] "chr22"
[1] "chrX"
[1] "chrY"
[1] "chrM"
[1] "chr1"
[1] "chr2"
[1] "chr3"
[1] "chr4"
[1] "chr5"
[1] "chr6"
[1] "chr7"
[1] "chr8"
[1] "chr9"
[1] "chr10"
[1] "chr11"
[1] "chr12"
[1] "chr13"
[1] "chr14"
[1] "chr15"
[1] "chr16"
[1] "chr17"
[1] "chr18"
[1] "chr19"
[1] "chr20"
[1] "chr21"
[1] "chr22"
[1] "chrX"
[1] "chrY"
[1] "chrM"
Time difference of 2.476938 mins
[1] "/hpcwork/izkf/projects/TfbsPrediction/Results/Footprints/Predictions_NM/H1hesc/PIQ_DU/temp_RFX5//38//positive.tf38-chr1.RData"
[1] "/hpcwork/izkf/projects/TfbsPrediction/Results/Footprints/Predictions_NM/H1hesc/PIQ_DU/temp_RFX5//38//positive.tf38-chr10.RData"
[1] "/hpcwork/izkf/projects/TfbsPrediction/Results/Footprints/Predictions_NM/H1hesc/PIQ_DU/temp_RFX5//38//positive.tf38-chr11.RData"
[1] "/hpcwork/izkf/projects/TfbsPrediction/Results/Footprints/Predictions_NM/H1hesc/PIQ_DU/temp_RFX5//38//positive.tf38-chr12.RData"
[1] "/hpcwork/izkf/projects/TfbsPrediction/Results/Footprints/Predictions_NM/H1hesc/PIQ_DU/temp_RFX5//38//positive.tf38-chr13.RData"
[1] "/hpcwork/izkf/projects/TfbsPrediction/Results/Footprints/Predictions_NM/H1hesc/PIQ_DU/temp_RFX5//38//positive.tf38-chr14.RData"
[1] "/hpcwork/izkf/projects/TfbsPrediction/Results/Footprints/Predictions_NM/H1hesc/PIQ_DU/temp_RFX5//38//positive.tf38-chr15.RData"
[1] "/hpcwork/izkf/projects/TfbsPrediction/Results/Footprints/Predictions_NM/H1hesc/PIQ_DU/temp_RFX5//38//positive.tf38-chr16.RData"
[1] "/hpcwork/izkf/projects/TfbsPrediction/Results/Footprints/Predictions_NM/H1hesc/PIQ_DU/temp_RFX5//38//positive.tf38-chr17.RData"
[1] "/hpcwork/izkf/projects/TfbsPrediction/Results/Footprints/Predictions_NM/H1hesc/PIQ_DU/temp_RFX5//38//positive.tf38-chr18.RData"
[1] "/hpcwork/izkf/projects/TfbsPrediction/Results/Footprints/Predictions_NM/H1hesc/PIQ_DU/temp_RFX5//38//positive.tf38-chr19.RData"
[1] "/hpcwork/izkf/projects/TfbsPrediction/Results/Footprints/Predictions_NM/H1hesc/PIQ_DU/temp_RFX5//38//positive.tf38-chr2.RData"
[1] "/hpcwork/izkf/projects/TfbsPrediction/Results/Footprints/Predictions_NM/H1hesc/PIQ_DU/temp_RFX5//38//positive.tf38-chr20.RData"
[1] "/hpcwork/izkf/projects/TfbsPrediction/Results/Footprints/Predictions_NM/H1hesc/PIQ_DU/temp_RFX5//38//positive.tf38-chr21.RData"
[1] "/hpcwork/izkf/projects/TfbsPrediction/Results/Footprints/Predictions_NM/H1hesc/PIQ_DU/temp_RFX5//38//positive.tf38-chr22.RData"
[1] "/hpcwork/izkf/projects/TfbsPrediction/Results/Footprints/Predictions_NM/H1hesc/PIQ_DU/temp_RFX5//38//positive.tf38-chr3.RData"
[1] "/hpcwork/izkf/projects/TfbsPrediction/Results/Footprints/Predictions_NM/H1hesc/PIQ_DU/temp_RFX5//38//positive.tf38-chr4.RData"
[1] "/hpcwork/izkf/projects/TfbsPrediction/Results/Footprints/Predictions_NM/H1hesc/PIQ_DU/temp_RFX5//38//positive.tf38-chr5.RData"
[1] "/hpcwork/izkf/projects/TfbsPrediction/Results/Footprints/Predictions_NM/H1hesc/PIQ_DU/temp_RFX5//38//positive.tf38-chr6.RData"
[1] "/hpcwork/izkf/projects/TfbsPrediction/Results/Footprints/Predictions_NM/H1hesc/PIQ_DU/temp_RFX5//38//positive.tf38-chr7.RData"
[1] "/hpcwork/izkf/projects/TfbsPrediction/Results/Footprints/Predictions_NM/H1hesc/PIQ_DU/temp_RFX5//38//positive.tf38-chr8.RData"
[1] "/hpcwork/izkf/projects/TfbsPrediction/Results/Footprints/Predictions_NM/H1hesc/PIQ_DU/temp_RFX5//38//positive.tf38-chr9.RData"
[1] "/hpcwork/izkf/projects/TfbsPrediction/Results/Footprints/Predictions_NM/H1hesc/PIQ_DU/temp_RFX5//38//positive.tf38-chrM.RData"
[1] "/hpcwork/izkf/projects/TfbsPrediction/Results/Footprints/Predictions_NM/H1hesc/PIQ_DU/temp_RFX5//38//positive.tf38-chrX.RData"
[1] "/hpcwork/izkf/projects/TfbsPrediction/Results/Footprints/Predictions_NM/H1hesc/PIQ_DU/temp_RFX5//38//positive.tf38-chrY.RData"
[1] "/hpcwork/izkf/projects/TfbsPrediction/Results/Footprints/Predictions_NM/H1hesc/PIQ_DU/temp_RFX5//38//background.tf38-chr1.RData"
[1] "/hpcwork/izkf/projects/TfbsPrediction/Results/Footprints/Predictions_NM/H1hesc/PIQ_DU/temp_RFX5//38//background.tf38-chr10.RData"
[1] "/hpcwork/izkf/projects/TfbsPrediction/Results/Footprints/Predictions_NM/H1hesc/PIQ_DU/temp_RFX5//38//background.tf38-chr11.RData"
[1] "/hpcwork/izkf/projects/TfbsPrediction/Results/Footprints/Predictions_NM/H1hesc/PIQ_DU/temp_RFX5//38//background.tf38-chr12.RData"
[1] "/hpcwork/izkf/projects/TfbsPrediction/Results/Footprints/Predictions_NM/H1hesc/PIQ_DU/temp_RFX5//38//background.tf38-chr13.RData"
[1] "/hpcwork/izkf/projects/TfbsPrediction/Results/Footprints/Predictions_NM/H1hesc/PIQ_DU/temp_RFX5//38//background.tf38-chr14.RData"
[1] "/hpcwork/izkf/projects/TfbsPrediction/Results/Footprints/Predictions_NM/H1hesc/PIQ_DU/temp_RFX5//38//background.tf38-chr15.RData"
[1] "/hpcwork/izkf/projects/TfbsPrediction/Results/Footprints/Predictions_NM/H1hesc/PIQ_DU/temp_RFX5//38//background.tf38-chr16.RData"
[1] "/hpcwork/izkf/projects/TfbsPrediction/Results/Footprints/Predictions_NM/H1hesc/PIQ_DU/temp_RFX5//38//background.tf38-chr17.RData"
[1] "/hpcwork/izkf/projects/TfbsPrediction/Results/Footprints/Predictions_NM/H1hesc/PIQ_DU/temp_RFX5//38//background.tf38-chr18.RData"
[1] "/hpcwork/izkf/projects/TfbsPrediction/Results/Footprints/Predictions_NM/H1hesc/PIQ_DU/temp_RFX5//38//background.tf38-chr19.RData"
[1] "/hpcwork/izkf/projects/TfbsPrediction/Results/Footprints/Predictions_NM/H1hesc/PIQ_DU/temp_RFX5//38//background.tf38-chr2.RData"
[1] "/hpcwork/izkf/projects/TfbsPrediction/Results/Footprints/Predictions_NM/H1hesc/PIQ_DU/temp_RFX5//38//background.tf38-chr20.RData"
[1] "/hpcwork/izkf/projects/TfbsPrediction/Results/Footprints/Predictions_NM/H1hesc/PIQ_DU/temp_RFX5//38//background.tf38-chr21.RData"
[1] "/hpcwork/izkf/projects/TfbsPrediction/Results/Footprints/Predictions_NM/H1hesc/PIQ_DU/temp_RFX5//38//background.tf38-chr22.RData"
[1] "/hpcwork/izkf/projects/TfbsPrediction/Results/Footprints/Predictions_NM/H1hesc/PIQ_DU/temp_RFX5//38//background.tf38-chr3.RData"
[1] "/hpcwork/izkf/projects/TfbsPrediction/Results/Footprints/Predictions_NM/H1hesc/PIQ_DU/temp_RFX5//38//background.tf38-chr4.RData"
[1] "/hpcwork/izkf/projects/TfbsPrediction/Results/Footprints/Predictions_NM/H1hesc/PIQ_DU/temp_RFX5//38//background.tf38-chr5.RData"
[1] "/hpcwork/izkf/projects/TfbsPrediction/Results/Footprints/Predictions_NM/H1hesc/PIQ_DU/temp_RFX5//38//background.tf38-chr6.RData"
[1] "/hpcwork/izkf/projects/TfbsPrediction/Results/Footprints/Predictions_NM/H1hesc/PIQ_DU/temp_RFX5//38//background.tf38-chr7.RData"
[1] "/hpcwork/izkf/projects/TfbsPrediction/Results/Footprints/Predictions_NM/H1hesc/PIQ_DU/temp_RFX5//38//background.tf38-chr8.RData"
[1] "/hpcwork/izkf/projects/TfbsPrediction/Results/Footprints/Predictions_NM/H1hesc/PIQ_DU/temp_RFX5//38//background.tf38-chr9.RData"
[1] "/hpcwork/izkf/projects/TfbsPrediction/Results/Footprints/Predictions_NM/H1hesc/PIQ_DU/temp_RFX5//38//background.tf38-chrM.RData"
[1] "/hpcwork/izkf/projects/TfbsPrediction/Results/Footprints/Predictions_NM/H1hesc/PIQ_DU/temp_RFX5//38//background.tf38-chrX.RData"
[1] "/hpcwork/izkf/projects/TfbsPrediction/Results/Footprints/Predictions_NM/H1hesc/PIQ_DU/temp_RFX5//38//background.tf38-chrY.RData"
Time difference of 2.132208 mins
[1] "background.tf38-chr1.RData"
[1] "background.tf38-chr10.RData"
[1] "background.tf38-chr11.RData"
[1] "background.tf38-chr12.RData"
[1] "background.tf38-chr13.RData"
[1] "background.tf38-chr14.RData"
[1] "background.tf38-chr15.RData"
[1] "background.tf38-chr16.RData"
[1] "background.tf38-chr17.RData"
[1] "background.tf38-chr18.RData"
[1] "background.tf38-chr19.RData"
[1] "background.tf38-chr2.RData"
[1] "background.tf38-chr20.RData"
[1] "background.tf38-chr21.RData"
[1] "background.tf38-chr22.RData"
[1] "background.tf38-chr3.RData"
[1] "background.tf38-chr4.RData"
[1] "background.tf38-chr5.RData"
[1] "background.tf38-chr6.RData"
[1] "background.tf38-chr7.RData"
[1] "background.tf38-chr8.RData"
[1] "background.tf38-chr9.RData"
[1] "background.tf38-chrM.RData"
[1] "background.tf38-chrX.RData"
[1] "background.tf38-chrY.RData"
[1] "background.tf38-chr1.RData"
[1] 1486.349
[1] "background.tf38-chr10.RData"
[1] 1010.789
[1] "background.tf38-chr11.RData"
[1] 955.287
[1] "background.tf38-chr12.RData"
[1] 1019.128
[1] "background.tf38-chr13.RData"
[1] 1311.526
[1] "background.tf38-chr14.RData"
[1] 1180.325
[1] "background.tf38-chr15.RData"
[1] 1232.221
[1] "background.tf38-chr16.RData"
[1] 913.0882
[1] "background.tf38-chr17.RData"
[1] 886.1612
[1] "background.tf38-chr18.RData"
[1] 973.0015
[1] "background.tf38-chr19.RData"
[1] 864.2374
[1] "background.tf38-chr2.RData"
[1] 1142.187
[1] "background.tf38-chr20.RData"
[1] 993.3438
[1] "background.tf38-chr21.RData"
[1] 963.6456
[1] "background.tf38-chr22.RData"
[1] 893.5337
[1] "background.tf38-chr3.RData"
[1] 1087.643
[1] "background.tf38-chr4.RData"
[1] 1385.01
[1] "background.tf38-chr5.RData"
[1] 1237.617
[1] "background.tf38-chr6.RData"
[1] 1334.552
[1] "background.tf38-chr7.RData"
[1] 1555.897
[1] "background.tf38-chr8.RData"
[1] 1175.808
[1] "background.tf38-chr9.RData"
[1] 1212.092
[1] "background.tf38-chrM.RData"
[1] 98.73871
[1] "background.tf38-chrX.RData"
[1] 1338.574
[1] "background.tf38-chrY.RData"
[1] 928.3757
[1] 1
[1] 2
[1] 3
[1] 4
[1] 5
[1] 6
[1] 7
[1] 8
[1] 9
[1] 10
[1] 11
[1] 12
[1] 13
[1] 14
[1] 15
[1] 16
[1] 17
[1] 18
[1] 19
[1] 20
[1] 21
[1] 22
[1] 23
[1] 24
[1] 25
Time difference of 5.466204 mins
> 
> ###
> # do RC
> 
> match.rc = T
> 
> suppressWarnings(source(commonfile))
> if(overwrite==F & file.exists( file.path(outdir,paste0(pwmid,'-diag.rc.pdf')))){
+   stop(paste0('found previous run for ',pwmid,' avoiding overwrite'))
+ }
> 
> debugstring = c('loading pwm.rc','loadbam.rc','clustering.rc','binding outputs.rc')
> 
> tryCatch({
+ phase=0
+ load(paste0(pwmdir,pwmid,'.pwmout.rc.RData'))
+ if(sum(clengths[1])>0){
+ phase=1
+ at<-Sys.time()
+ source('loadbam.r')
+ print(Sys.time()-at);at<-Sys.time()
+ phase=2
+ source('cluster.r')
+ print(Sys.time()-at);at<-Sys.time()
+ phase=3
+ source('bindcall.r')
+ print(Sys.time()-at);at<-Sys.time()
+ }
+ },error = function(e){
+    e$message=paste0('error during ',debugstring[phase+1],'\n','Error msg: ',e$message,'\n Args:',paste0(commandArgs(trailingOnly = TRUE),collapse=':'))
+    stop(e)
+ })
[1] "chr1"
[1] "chr2"
[1] "chr3"
[1] "chr4"
[1] "chr5"
[1] "chr6"
[1] "chr7"
[1] "chr8"
[1] "chr9"
[1] "chr10"
[1] "chr11"
[1] "chr12"
[1] "chr13"
[1] "chr14"
[1] "chr15"
[1] "chr16"
[1] "chr17"
[1] "chr18"
[1] "chr19"
[1] "chr20"
[1] "chr21"
[1] "chr22"
[1] "chrX"
[1] "chrY"
[1] "chrM"
[1] "chr1"
[1] "chr2"
[1] "chr3"
[1] "chr4"
[1] "chr5"
[1] "chr6"
[1] "chr7"
[1] "chr8"
[1] "chr9"
[1] "chr10"
[1] "chr11"
[1] "chr12"
[1] "chr13"
[1] "chr14"
[1] "chr15"
[1] "chr16"
[1] "chr17"
[1] "chr18"
[1] "chr19"
[1] "chr20"
[1] "chr21"
[1] "chr22"
[1] "chrX"
[1] "chrY"
[1] "chrM"
Time difference of 2.511173 mins
[1] "/hpcwork/izkf/projects/TfbsPrediction/Results/Footprints/Predictions_NM/H1hesc/PIQ_DU/temp_RFX5//38//positive.tf38-chr1.RData"
[1] "/hpcwork/izkf/projects/TfbsPrediction/Results/Footprints/Predictions_NM/H1hesc/PIQ_DU/temp_RFX5//38//positive.tf38-chr10.RData"
[1] "/hpcwork/izkf/projects/TfbsPrediction/Results/Footprints/Predictions_NM/H1hesc/PIQ_DU/temp_RFX5//38//positive.tf38-chr11.RData"
[1] "/hpcwork/izkf/projects/TfbsPrediction/Results/Footprints/Predictions_NM/H1hesc/PIQ_DU/temp_RFX5//38//positive.tf38-chr12.RData"
[1] "/hpcwork/izkf/projects/TfbsPrediction/Results/Footprints/Predictions_NM/H1hesc/PIQ_DU/temp_RFX5//38//positive.tf38-chr13.RData"
[1] "/hpcwork/izkf/projects/TfbsPrediction/Results/Footprints/Predictions_NM/H1hesc/PIQ_DU/temp_RFX5//38//positive.tf38-chr14.RData"
[1] "/hpcwork/izkf/projects/TfbsPrediction/Results/Footprints/Predictions_NM/H1hesc/PIQ_DU/temp_RFX5//38//positive.tf38-chr15.RData"
[1] "/hpcwork/izkf/projects/TfbsPrediction/Results/Footprints/Predictions_NM/H1hesc/PIQ_DU/temp_RFX5//38//positive.tf38-chr16.RData"
[1] "/hpcwork/izkf/projects/TfbsPrediction/Results/Footprints/Predictions_NM/H1hesc/PIQ_DU/temp_RFX5//38//positive.tf38-chr17.RData"
[1] "/hpcwork/izkf/projects/TfbsPrediction/Results/Footprints/Predictions_NM/H1hesc/PIQ_DU/temp_RFX5//38//positive.tf38-chr18.RData"
[1] "/hpcwork/izkf/projects/TfbsPrediction/Results/Footprints/Predictions_NM/H1hesc/PIQ_DU/temp_RFX5//38//positive.tf38-chr19.RData"
[1] "/hpcwork/izkf/projects/TfbsPrediction/Results/Footprints/Predictions_NM/H1hesc/PIQ_DU/temp_RFX5//38//positive.tf38-chr2.RData"
[1] "/hpcwork/izkf/projects/TfbsPrediction/Results/Footprints/Predictions_NM/H1hesc/PIQ_DU/temp_RFX5//38//positive.tf38-chr20.RData"
[1] "/hpcwork/izkf/projects/TfbsPrediction/Results/Footprints/Predictions_NM/H1hesc/PIQ_DU/temp_RFX5//38//positive.tf38-chr21.RData"
[1] "/hpcwork/izkf/projects/TfbsPrediction/Results/Footprints/Predictions_NM/H1hesc/PIQ_DU/temp_RFX5//38//positive.tf38-chr22.RData"
[1] "/hpcwork/izkf/projects/TfbsPrediction/Results/Footprints/Predictions_NM/H1hesc/PIQ_DU/temp_RFX5//38//positive.tf38-chr3.RData"
[1] "/hpcwork/izkf/projects/TfbsPrediction/Results/Footprints/Predictions_NM/H1hesc/PIQ_DU/temp_RFX5//38//positive.tf38-chr4.RData"
[1] "/hpcwork/izkf/projects/TfbsPrediction/Results/Footprints/Predictions_NM/H1hesc/PIQ_DU/temp_RFX5//38//positive.tf38-chr5.RData"
[1] "/hpcwork/izkf/projects/TfbsPrediction/Results/Footprints/Predictions_NM/H1hesc/PIQ_DU/temp_RFX5//38//positive.tf38-chr6.RData"
[1] "/hpcwork/izkf/projects/TfbsPrediction/Results/Footprints/Predictions_NM/H1hesc/PIQ_DU/temp_RFX5//38//positive.tf38-chr7.RData"
[1] "/hpcwork/izkf/projects/TfbsPrediction/Results/Footprints/Predictions_NM/H1hesc/PIQ_DU/temp_RFX5//38//positive.tf38-chr8.RData"
[1] "/hpcwork/izkf/projects/TfbsPrediction/Results/Footprints/Predictions_NM/H1hesc/PIQ_DU/temp_RFX5//38//positive.tf38-chr9.RData"
[1] "/hpcwork/izkf/projects/TfbsPrediction/Results/Footprints/Predictions_NM/H1hesc/PIQ_DU/temp_RFX5//38//positive.tf38-chrM.RData"
[1] "/hpcwork/izkf/projects/TfbsPrediction/Results/Footprints/Predictions_NM/H1hesc/PIQ_DU/temp_RFX5//38//positive.tf38-chrX.RData"
[1] "/hpcwork/izkf/projects/TfbsPrediction/Results/Footprints/Predictions_NM/H1hesc/PIQ_DU/temp_RFX5//38//positive.tf38-chrY.RData"
[1] "/hpcwork/izkf/projects/TfbsPrediction/Results/Footprints/Predictions_NM/H1hesc/PIQ_DU/temp_RFX5//38//background.tf38-chr1.RData"
[1] "/hpcwork/izkf/projects/TfbsPrediction/Results/Footprints/Predictions_NM/H1hesc/PIQ_DU/temp_RFX5//38//background.tf38-chr10.RData"
[1] "/hpcwork/izkf/projects/TfbsPrediction/Results/Footprints/Predictions_NM/H1hesc/PIQ_DU/temp_RFX5//38//background.tf38-chr11.RData"
[1] "/hpcwork/izkf/projects/TfbsPrediction/Results/Footprints/Predictions_NM/H1hesc/PIQ_DU/temp_RFX5//38//background.tf38-chr12.RData"
[1] "/hpcwork/izkf/projects/TfbsPrediction/Results/Footprints/Predictions_NM/H1hesc/PIQ_DU/temp_RFX5//38//background.tf38-chr13.RData"
[1] "/hpcwork/izkf/projects/TfbsPrediction/Results/Footprints/Predictions_NM/H1hesc/PIQ_DU/temp_RFX5//38//background.tf38-chr14.RData"
[1] "/hpcwork/izkf/projects/TfbsPrediction/Results/Footprints/Predictions_NM/H1hesc/PIQ_DU/temp_RFX5//38//background.tf38-chr15.RData"
[1] "/hpcwork/izkf/projects/TfbsPrediction/Results/Footprints/Predictions_NM/H1hesc/PIQ_DU/temp_RFX5//38//background.tf38-chr16.RData"
[1] "/hpcwork/izkf/projects/TfbsPrediction/Results/Footprints/Predictions_NM/H1hesc/PIQ_DU/temp_RFX5//38//background.tf38-chr17.RData"
[1] "/hpcwork/izkf/projects/TfbsPrediction/Results/Footprints/Predictions_NM/H1hesc/PIQ_DU/temp_RFX5//38//background.tf38-chr18.RData"
[1] "/hpcwork/izkf/projects/TfbsPrediction/Results/Footprints/Predictions_NM/H1hesc/PIQ_DU/temp_RFX5//38//background.tf38-chr19.RData"
[1] "/hpcwork/izkf/projects/TfbsPrediction/Results/Footprints/Predictions_NM/H1hesc/PIQ_DU/temp_RFX5//38//background.tf38-chr2.RData"
[1] "/hpcwork/izkf/projects/TfbsPrediction/Results/Footprints/Predictions_NM/H1hesc/PIQ_DU/temp_RFX5//38//background.tf38-chr20.RData"
[1] "/hpcwork/izkf/projects/TfbsPrediction/Results/Footprints/Predictions_NM/H1hesc/PIQ_DU/temp_RFX5//38//background.tf38-chr21.RData"
[1] "/hpcwork/izkf/projects/TfbsPrediction/Results/Footprints/Predictions_NM/H1hesc/PIQ_DU/temp_RFX5//38//background.tf38-chr22.RData"
[1] "/hpcwork/izkf/projects/TfbsPrediction/Results/Footprints/Predictions_NM/H1hesc/PIQ_DU/temp_RFX5//38//background.tf38-chr3.RData"
[1] "/hpcwork/izkf/projects/TfbsPrediction/Results/Footprints/Predictions_NM/H1hesc/PIQ_DU/temp_RFX5//38//background.tf38-chr4.RData"
[1] "/hpcwork/izkf/projects/TfbsPrediction/Results/Footprints/Predictions_NM/H1hesc/PIQ_DU/temp_RFX5//38//background.tf38-chr5.RData"
[1] "/hpcwork/izkf/projects/TfbsPrediction/Results/Footprints/Predictions_NM/H1hesc/PIQ_DU/temp_RFX5//38//background.tf38-chr6.RData"
[1] "/hpcwork/izkf/projects/TfbsPrediction/Results/Footprints/Predictions_NM/H1hesc/PIQ_DU/temp_RFX5//38//background.tf38-chr7.RData"
[1] "/hpcwork/izkf/projects/TfbsPrediction/Results/Footprints/Predictions_NM/H1hesc/PIQ_DU/temp_RFX5//38//background.tf38-chr8.RData"
[1] "/hpcwork/izkf/projects/TfbsPrediction/Results/Footprints/Predictions_NM/H1hesc/PIQ_DU/temp_RFX5//38//background.tf38-chr9.RData"
[1] "/hpcwork/izkf/projects/TfbsPrediction/Results/Footprints/Predictions_NM/H1hesc/PIQ_DU/temp_RFX5//38//background.tf38-chrM.RData"
[1] "/hpcwork/izkf/projects/TfbsPrediction/Results/Footprints/Predictions_NM/H1hesc/PIQ_DU/temp_RFX5//38//background.tf38-chrX.RData"
[1] "/hpcwork/izkf/projects/TfbsPrediction/Results/Footprints/Predictions_NM/H1hesc/PIQ_DU/temp_RFX5//38//background.tf38-chrY.RData"
Time difference of 1.798421 mins
[1] "background.tf38-chr1.RData"
[1] "background.tf38-chr10.RData"
[1] "background.tf38-chr11.RData"
[1] "background.tf38-chr12.RData"
[1] "background.tf38-chr13.RData"
[1] "background.tf38-chr14.RData"
[1] "background.tf38-chr15.RData"
[1] "background.tf38-chr16.RData"
[1] "background.tf38-chr17.RData"
[1] "background.tf38-chr18.RData"
[1] "background.tf38-chr19.RData"
[1] "background.tf38-chr2.RData"
[1] "background.tf38-chr20.RData"
[1] "background.tf38-chr21.RData"
[1] "background.tf38-chr22.RData"
[1] "background.tf38-chr3.RData"
[1] "background.tf38-chr4.RData"
[1] "background.tf38-chr5.RData"
[1] "background.tf38-chr6.RData"
[1] "background.tf38-chr7.RData"
[1] "background.tf38-chr8.RData"
[1] "background.tf38-chr9.RData"
[1] "background.tf38-chrM.RData"
[1] "background.tf38-chrX.RData"
[1] "background.tf38-chrY.RData"
[1] "background.tf38-chr1.RData"
[1] 1455.409
[1] "background.tf38-chr10.RData"
[1] 1151.602
[1] "background.tf38-chr11.RData"
[1] 971.8724
[1] "background.tf38-chr12.RData"
[1] 1133.19
[1] "background.tf38-chr13.RData"
[1] 1249.279
[1] "background.tf38-chr14.RData"
[1] 1416.461
[1] "background.tf38-chr15.RData"
[1] 920.174
[1] "background.tf38-chr16.RData"
[1] 1296.886
[1] "background.tf38-chr17.RData"
[1] 1059.04
[1] "background.tf38-chr18.RData"
[1] 1069.125
[1] "background.tf38-chr19.RData"
[1] 824.1236
[1] "background.tf38-chr2.RData"
[1] 1198.961
[1] "background.tf38-chr20.RData"
[1] 840.3276
[1] "background.tf38-chr21.RData"
[1] 894.2098
[1] "background.tf38-chr22.RData"
[1] 1011.56
[1] "background.tf38-chr3.RData"
[1] 1122.219
[1] "background.tf38-chr4.RData"
[1] 1298.667
[1] "background.tf38-chr5.RData"
[1] 1261.661
[1] "background.tf38-chr6.RData"
[1] 955.3598
[1] "background.tf38-chr7.RData"
[1] 1536.9
[1] "background.tf38-chr8.RData"
[1] 1243.937
[1] "background.tf38-chr9.RData"
[1] 1253.683
[1] "background.tf38-chrM.RData"
[1] 67.38737
[1] "background.tf38-chrX.RData"
[1] 1283.093
[1] "background.tf38-chrY.RData"
[1] 1066.298
[1] 1
[1] 2
[1] 3
[1] 4
[1] 5
[1] 6
[1] 7
[1] 8
[1] 9
[1] 10
[1] 11
[1] 12
[1] 13
[1] 14
[1] 15
[1] 16
[1] 17
[1] 18
[1] 19
[1] 20
[1] 21
[1] 22
[1] 23
[1] 24
[1] 25
Time difference of 5.447247 mins
> 


PS:

Read file <DU_H1hesc_RFX5_APQ_err.txt> for stderr output of this job.

