Sender: LSF System <lsfadmin@linuxbmc0130>
Subject: Job 22415731: <DU_K562_JUN_APQ> in cluster <rcc> Done

Job <DU_K562_JUN_APQ> was submitted from host <cluster> by user <eg474423> in cluster <rcc>.
Job was executed on host(s) <linuxbmc0130>, in queue <normal>, as user <eg474423> in cluster <rcc>.
</home/eg474423> was used as the home directory.
</work/eg474423/eg474423_Projects/trunk/TfbsPrediction/Code/CompetingMethods/Pipeline> was used as the working directory.
Started at Mon Jun 15 23:21:10 2015
Results reported on Mon Jun 15 23:51:43 2015

Your job looked like:

------------------------------------------------------------
# LSBATCH: User input
./applyPIQ_pipeline.zsh 23 JUN /hpcwork/izkf/projects/TfbsPrediction/Results/MPBSAWG/PIQ/ /hpcwork/izkf/projects/TfbsPrediction/Results/Signals/Counts/DU_K562/PIQ/DNase.RData /hpcwork/izkf/projects/TfbsPrediction/Results/Footprints/Predictions_NM/K562/PIQ_DU/
------------------------------------------------------------

Successfully completed.

Resource usage summary:

    CPU time :                                   1152.01 sec.
    Max Memory :                                 6964 MB
    Average Memory :                             4362.23 MB
    Total Requested Memory :                     24000.00 MB
    Delta Memory :                               17036.00 MB
    Max Processes :                              8
    Max Threads :                                9

The output (if any) follows:

> args <- commandArgs(trailingOnly = TRUE)
> print(args)
[1] "common.r"                                                                                     
[2] "/hpcwork/izkf/projects/TfbsPrediction/Results/MPBSAWG/PIQ/"                                   
[3] "/hpcwork/izkf/projects/TfbsPrediction/Results/Footprints/Predictions_NM/K562/PIQ_DU/temp_JUN/"
[4] "/hpcwork/izkf/projects/TfbsPrediction/Results/Footprints/Predictions_NM/K562/PIQ_DU/res_JUN/" 
[5] "/hpcwork/izkf/projects/TfbsPrediction/Results/Signals/Counts/DU_K562/PIQ/DNase.RData"         
[6] "23"                                                                                           
> 
> #location of common.r containing runtime parameters
> commonfile = args[1]
> 
> #directory where pwm matches are stored
> pwmdir = args[2]
> 
> #directory to use as fast temporary storage
> tmpdir = args[3]
> 
> #location of output calls
> outdir = args[4]
> 
> #location of the bam RData file made by bam2rdata.r
> bamfile = args[5]
> 
> #which pwm file to use in pwmdir
> pwmid = args[6]
> 
> ###
> # do FW
> 
> match.rc = F
> dump.chropen = F
> 
> two.pass = F
> suppressWarnings(source(commonfile))
> if(overwrite==F & file.exists( file.path(outdir,paste0(pwmid,'-diag.pdf')))){
+   stop(paste0('found previous run for ',pwmid,' avoiding overwrite'))
+ }
> 
> debugstring = c('loading pwm','loadbam','clustering','binding outputs')
> 
> dump.bed = T
> 
> tryCatch({
+ phase=0
+ load(paste0(pwmdir,pwmid,'.pwmout.RData'))
+ if(sum(clengths[1])>0){
+ phase=1
+ at<-Sys.time()
+ source('loadbam.r')
+ print(Sys.time()-at);at<-Sys.time()
+ phase=2
+ source('cluster.r')
+ print(Sys.time()-at);at<-Sys.time()
+ phase=3
+ source('bindcall.r')
+ print(Sys.time()-at);at<-Sys.time()
+ }
+ },error = function(e){
+    e$message=paste0('error during ',debugstring[phase+1],'\n','Error msg: ',e$message,'\n Args:',paste0(commandArgs(trailingOnly = TRUE),collapse=':'))
+    stop(e)
+ })
[1] "chr1"
[1] "chr2"
[1] "chr3"
[1] "chr4"
[1] "chr5"
[1] "chr6"
[1] "chr7"
[1] "chr8"
[1] "chr9"
[1] "chr10"
[1] "chr11"
[1] "chr12"
[1] "chr13"
[1] "chr14"
[1] "chr15"
[1] "chr16"
[1] "chr17"
[1] "chr18"
[1] "chr19"
[1] "chr20"
[1] "chr21"
[1] "chr22"
[1] "chrX"
[1] "chrM"
[1] "chr1"
[1] "chr2"
[1] "chr3"
[1] "chr4"
[1] "chr5"
[1] "chr6"
[1] "chr7"
[1] "chr8"
[1] "chr9"
[1] "chr10"
[1] "chr11"
[1] "chr12"
[1] "chr13"
[1] "chr14"
[1] "chr15"
[1] "chr16"
[1] "chr17"
[1] "chr18"
[1] "chr19"
[1] "chr20"
[1] "chr21"
[1] "chr22"
[1] "chrX"
[1] "chrM"
Time difference of 5.363217 mins
[1] "/hpcwork/izkf/projects/TfbsPrediction/Results/Footprints/Predictions_NM/K562/PIQ_DU/temp_JUN//23//positive.tf23-chr1.RData"
[1] "/hpcwork/izkf/projects/TfbsPrediction/Results/Footprints/Predictions_NM/K562/PIQ_DU/temp_JUN//23//positive.tf23-chr10.RData"
[1] "/hpcwork/izkf/projects/TfbsPrediction/Results/Footprints/Predictions_NM/K562/PIQ_DU/temp_JUN//23//positive.tf23-chr11.RData"
[1] "/hpcwork/izkf/projects/TfbsPrediction/Results/Footprints/Predictions_NM/K562/PIQ_DU/temp_JUN//23//positive.tf23-chr12.RData"
[1] "/hpcwork/izkf/projects/TfbsPrediction/Results/Footprints/Predictions_NM/K562/PIQ_DU/temp_JUN//23//positive.tf23-chr13.RData"
[1] "/hpcwork/izkf/projects/TfbsPrediction/Results/Footprints/Predictions_NM/K562/PIQ_DU/temp_JUN//23//positive.tf23-chr14.RData"
[1] "/hpcwork/izkf/projects/TfbsPrediction/Results/Footprints/Predictions_NM/K562/PIQ_DU/temp_JUN//23//positive.tf23-chr15.RData"
[1] "/hpcwork/izkf/projects/TfbsPrediction/Results/Footprints/Predictions_NM/K562/PIQ_DU/temp_JUN//23//positive.tf23-chr16.RData"
[1] "/hpcwork/izkf/projects/TfbsPrediction/Results/Footprints/Predictions_NM/K562/PIQ_DU/temp_JUN//23//positive.tf23-chr17.RData"
[1] "/hpcwork/izkf/projects/TfbsPrediction/Results/Footprints/Predictions_NM/K562/PIQ_DU/temp_JUN//23//positive.tf23-chr18.RData"
[1] "/hpcwork/izkf/projects/TfbsPrediction/Results/Footprints/Predictions_NM/K562/PIQ_DU/temp_JUN//23//positive.tf23-chr19.RData"
[1] "/hpcwork/izkf/projects/TfbsPrediction/Results/Footprints/Predictions_NM/K562/PIQ_DU/temp_JUN//23//positive.tf23-chr2.RData"
[1] "/hpcwork/izkf/projects/TfbsPrediction/Results/Footprints/Predictions_NM/K562/PIQ_DU/temp_JUN//23//positive.tf23-chr20.RData"
[1] "/hpcwork/izkf/projects/TfbsPrediction/Results/Footprints/Predictions_NM/K562/PIQ_DU/temp_JUN//23//positive.tf23-chr21.RData"
[1] "/hpcwork/izkf/projects/TfbsPrediction/Results/Footprints/Predictions_NM/K562/PIQ_DU/temp_JUN//23//positive.tf23-chr22.RData"
[1] "/hpcwork/izkf/projects/TfbsPrediction/Results/Footprints/Predictions_NM/K562/PIQ_DU/temp_JUN//23//positive.tf23-chr3.RData"
[1] "/hpcwork/izkf/projects/TfbsPrediction/Results/Footprints/Predictions_NM/K562/PIQ_DU/temp_JUN//23//positive.tf23-chr4.RData"
[1] "/hpcwork/izkf/projects/TfbsPrediction/Results/Footprints/Predictions_NM/K562/PIQ_DU/temp_JUN//23//positive.tf23-chr5.RData"
[1] "/hpcwork/izkf/projects/TfbsPrediction/Results/Footprints/Predictions_NM/K562/PIQ_DU/temp_JUN//23//positive.tf23-chr6.RData"
[1] "/hpcwork/izkf/projects/TfbsPrediction/Results/Footprints/Predictions_NM/K562/PIQ_DU/temp_JUN//23//positive.tf23-chr7.RData"
[1] "/hpcwork/izkf/projects/TfbsPrediction/Results/Footprints/Predictions_NM/K562/PIQ_DU/temp_JUN//23//positive.tf23-chr8.RData"
[1] "/hpcwork/izkf/projects/TfbsPrediction/Results/Footprints/Predictions_NM/K562/PIQ_DU/temp_JUN//23//positive.tf23-chr9.RData"
[1] "/hpcwork/izkf/projects/TfbsPrediction/Results/Footprints/Predictions_NM/K562/PIQ_DU/temp_JUN//23//positive.tf23-chrM.RData"
[1] "/hpcwork/izkf/projects/TfbsPrediction/Results/Footprints/Predictions_NM/K562/PIQ_DU/temp_JUN//23//positive.tf23-chrX.RData"
[1] "/hpcwork/izkf/projects/TfbsPrediction/Results/Footprints/Predictions_NM/K562/PIQ_DU/temp_JUN//23//background.tf23-chr1.RData"
[1] "/hpcwork/izkf/projects/TfbsPrediction/Results/Footprints/Predictions_NM/K562/PIQ_DU/temp_JUN//23//background.tf23-chr10.RData"
[1] "/hpcwork/izkf/projects/TfbsPrediction/Results/Footprints/Predictions_NM/K562/PIQ_DU/temp_JUN//23//background.tf23-chr11.RData"
[1] "/hpcwork/izkf/projects/TfbsPrediction/Results/Footprints/Predictions_NM/K562/PIQ_DU/temp_JUN//23//background.tf23-chr12.RData"
[1] "/hpcwork/izkf/projects/TfbsPrediction/Results/Footprints/Predictions_NM/K562/PIQ_DU/temp_JUN//23//background.tf23-chr13.RData"
[1] "/hpcwork/izkf/projects/TfbsPrediction/Results/Footprints/Predictions_NM/K562/PIQ_DU/temp_JUN//23//background.tf23-chr14.RData"
[1] "/hpcwork/izkf/projects/TfbsPrediction/Results/Footprints/Predictions_NM/K562/PIQ_DU/temp_JUN//23//background.tf23-chr15.RData"
[1] "/hpcwork/izkf/projects/TfbsPrediction/Results/Footprints/Predictions_NM/K562/PIQ_DU/temp_JUN//23//background.tf23-chr16.RData"
[1] "/hpcwork/izkf/projects/TfbsPrediction/Results/Footprints/Predictions_NM/K562/PIQ_DU/temp_JUN//23//background.tf23-chr17.RData"
[1] "/hpcwork/izkf/projects/TfbsPrediction/Results/Footprints/Predictions_NM/K562/PIQ_DU/temp_JUN//23//background.tf23-chr18.RData"
[1] "/hpcwork/izkf/projects/TfbsPrediction/Results/Footprints/Predictions_NM/K562/PIQ_DU/temp_JUN//23//background.tf23-chr19.RData"
[1] "/hpcwork/izkf/projects/TfbsPrediction/Results/Footprints/Predictions_NM/K562/PIQ_DU/temp_JUN//23//background.tf23-chr2.RData"
[1] "/hpcwork/izkf/projects/TfbsPrediction/Results/Footprints/Predictions_NM/K562/PIQ_DU/temp_JUN//23//background.tf23-chr20.RData"
[1] "/hpcwork/izkf/projects/TfbsPrediction/Results/Footprints/Predictions_NM/K562/PIQ_DU/temp_JUN//23//background.tf23-chr21.RData"
[1] "/hpcwork/izkf/projects/TfbsPrediction/Results/Footprints/Predictions_NM/K562/PIQ_DU/temp_JUN//23//background.tf23-chr22.RData"
[1] "/hpcwork/izkf/projects/TfbsPrediction/Results/Footprints/Predictions_NM/K562/PIQ_DU/temp_JUN//23//background.tf23-chr3.RData"
[1] "/hpcwork/izkf/projects/TfbsPrediction/Results/Footprints/Predictions_NM/K562/PIQ_DU/temp_JUN//23//background.tf23-chr4.RData"
[1] "/hpcwork/izkf/projects/TfbsPrediction/Results/Footprints/Predictions_NM/K562/PIQ_DU/temp_JUN//23//background.tf23-chr5.RData"
[1] "/hpcwork/izkf/projects/TfbsPrediction/Results/Footprints/Predictions_NM/K562/PIQ_DU/temp_JUN//23//background.tf23-chr6.RData"
[1] "/hpcwork/izkf/projects/TfbsPrediction/Results/Footprints/Predictions_NM/K562/PIQ_DU/temp_JUN//23//background.tf23-chr7.RData"
[1] "/hpcwork/izkf/projects/TfbsPrediction/Results/Footprints/Predictions_NM/K562/PIQ_DU/temp_JUN//23//background.tf23-chr8.RData"
[1] "/hpcwork/izkf/projects/TfbsPrediction/Results/Footprints/Predictions_NM/K562/PIQ_DU/temp_JUN//23//background.tf23-chr9.RData"
[1] "/hpcwork/izkf/projects/TfbsPrediction/Results/Footprints/Predictions_NM/K562/PIQ_DU/temp_JUN//23//background.tf23-chrM.RData"
[1] "/hpcwork/izkf/projects/TfbsPrediction/Results/Footprints/Predictions_NM/K562/PIQ_DU/temp_JUN//23//background.tf23-chrX.RData"
Time difference of 3.911758 mins
[1] "background.tf23-chr1.RData"
[1] "background.tf23-chr10.RData"
[1] "background.tf23-chr11.RData"
[1] "background.tf23-chr12.RData"
[1] "background.tf23-chr13.RData"
[1] "background.tf23-chr14.RData"
[1] "background.tf23-chr15.RData"
[1] "background.tf23-chr16.RData"
[1] "background.tf23-chr17.RData"
[1] "background.tf23-chr18.RData"
[1] "background.tf23-chr19.RData"
[1] "background.tf23-chr2.RData"
[1] "background.tf23-chr20.RData"
[1] "background.tf23-chr21.RData"
[1] "background.tf23-chr22.RData"
[1] "background.tf23-chr3.RData"
[1] "background.tf23-chr4.RData"
[1] "background.tf23-chr5.RData"
[1] "background.tf23-chr6.RData"
[1] "background.tf23-chr7.RData"
[1] "background.tf23-chr8.RData"
[1] "background.tf23-chr9.RData"
[1] "background.tf23-chrM.RData"
[1] "background.tf23-chrX.RData"
[1] "background.tf23-chr1.RData"
[1] 2071.272
[1] "background.tf23-chr10.RData"
[1] 2029.259
[1] "background.tf23-chr11.RData"
[1] 1675.193
[1] "background.tf23-chr12.RData"
[1] 2013.421
[1] "background.tf23-chr13.RData"
[1] 1875.593
[1] "background.tf23-chr14.RData"
[1] 1586.96
[1] "background.tf23-chr15.RData"
[1] 1839.321
[1] "background.tf23-chr16.RData"
[1] 1739.002
[1] "background.tf23-chr17.RData"
[1] 1684.896
[1] "background.tf23-chr18.RData"
[1] 2176.461
[1] "background.tf23-chr19.RData"
[1] 1901.133
[1] "background.tf23-chr2.RData"
[1] 1898.192
[1] "background.tf23-chr20.RData"
[1] 2047.824
[1] "background.tf23-chr21.RData"
[1] 1560.639
[1] "background.tf23-chr22.RData"
[1] 2227.587
[1] "background.tf23-chr3.RData"
[1] 2019.283
[1] "background.tf23-chr4.RData"
[1] 2017.225
[1] "background.tf23-chr5.RData"
[1] 1826.627
[1] "background.tf23-chr6.RData"
[1] 2089.125
[1] "background.tf23-chr7.RData"
[1] 2060.692
[1] "background.tf23-chr8.RData"
[1] 2092.011
[1] "background.tf23-chr9.RData"
[1] 2270.595
[1] "background.tf23-chrM.RData"
[1] 279.4513
[1] "background.tf23-chrX.RData"
[1] 1985.668
[1] 1
[1] 2
[1] 3
[1] 4
[1] 5
[1] 6
[1] 7
[1] 8
[1] 9
[1] 10
[1] 11
[1] 12
[1] 13
[1] 14
[1] 15
[1] 16
[1] 17
[1] 18
[1] 19
[1] 20
[1] 21
[1] 22
[1] 23
[1] 24
Time difference of 5.679127 mins
> 
> ###
> # do RC
> 
> match.rc = T
> 
> suppressWarnings(source(commonfile))
> if(overwrite==F & file.exists( file.path(outdir,paste0(pwmid,'-diag.rc.pdf')))){
+   stop(paste0('found previous run for ',pwmid,' avoiding overwrite'))
+ }
> 
> debugstring = c('loading pwm.rc','loadbam.rc','clustering.rc','binding outputs.rc')
> 
> tryCatch({
+ phase=0
+ load(paste0(pwmdir,pwmid,'.pwmout.rc.RData'))
+ if(sum(clengths[1])>0){
+ phase=1
+ at<-Sys.time()
+ source('loadbam.r')
+ print(Sys.time()-at);at<-Sys.time()
+ phase=2
+ source('cluster.r')
+ print(Sys.time()-at);at<-Sys.time()
+ phase=3
+ source('bindcall.r')
+ print(Sys.time()-at);at<-Sys.time()
+ }
+ },error = function(e){
+    e$message=paste0('error during ',debugstring[phase+1],'\n','Error msg: ',e$message,'\n Args:',paste0(commandArgs(trailingOnly = TRUE),collapse=':'))
+    stop(e)
+ })
[1] "chr1"
[1] "chr2"
[1] "chr3"
[1] "chr4"
[1] "chr5"
[1] "chr6"
[1] "chr7"
[1] "chr8"
[1] "chr9"
[1] "chr10"
[1] "chr11"
[1] "chr12"
[1] "chr13"
[1] "chr14"
[1] "chr15"
[1] "chr16"
[1] "chr17"
[1] "chr18"
[1] "chr19"
[1] "chr20"
[1] "chr21"
[1] "chr22"
[1] "chrX"
[1] "chrM"
[1] "chr1"
[1] "chr2"
[1] "chr3"
[1] "chr4"
[1] "chr5"
[1] "chr6"
[1] "chr7"
[1] "chr8"
[1] "chr9"
[1] "chr10"
[1] "chr11"
[1] "chr12"
[1] "chr13"
[1] "chr14"
[1] "chr15"
[1] "chr16"
[1] "chr17"
[1] "chr18"
[1] "chr19"
[1] "chr20"
[1] "chr21"
[1] "chr22"
[1] "chrX"
[1] "chrM"
Time difference of 4.224042 mins
[1] "/hpcwork/izkf/projects/TfbsPrediction/Results/Footprints/Predictions_NM/K562/PIQ_DU/temp_JUN//23//positive.tf23-chr1.RData"
[1] "/hpcwork/izkf/projects/TfbsPrediction/Results/Footprints/Predictions_NM/K562/PIQ_DU/temp_JUN//23//positive.tf23-chr10.RData"
[1] "/hpcwork/izkf/projects/TfbsPrediction/Results/Footprints/Predictions_NM/K562/PIQ_DU/temp_JUN//23//positive.tf23-chr11.RData"
[1] "/hpcwork/izkf/projects/TfbsPrediction/Results/Footprints/Predictions_NM/K562/PIQ_DU/temp_JUN//23//positive.tf23-chr12.RData"
[1] "/hpcwork/izkf/projects/TfbsPrediction/Results/Footprints/Predictions_NM/K562/PIQ_DU/temp_JUN//23//positive.tf23-chr13.RData"
[1] "/hpcwork/izkf/projects/TfbsPrediction/Results/Footprints/Predictions_NM/K562/PIQ_DU/temp_JUN//23//positive.tf23-chr14.RData"
[1] "/hpcwork/izkf/projects/TfbsPrediction/Results/Footprints/Predictions_NM/K562/PIQ_DU/temp_JUN//23//positive.tf23-chr15.RData"
[1] "/hpcwork/izkf/projects/TfbsPrediction/Results/Footprints/Predictions_NM/K562/PIQ_DU/temp_JUN//23//positive.tf23-chr16.RData"
[1] "/hpcwork/izkf/projects/TfbsPrediction/Results/Footprints/Predictions_NM/K562/PIQ_DU/temp_JUN//23//positive.tf23-chr17.RData"
[1] "/hpcwork/izkf/projects/TfbsPrediction/Results/Footprints/Predictions_NM/K562/PIQ_DU/temp_JUN//23//positive.tf23-chr18.RData"
[1] "/hpcwork/izkf/projects/TfbsPrediction/Results/Footprints/Predictions_NM/K562/PIQ_DU/temp_JUN//23//positive.tf23-chr19.RData"
[1] "/hpcwork/izkf/projects/TfbsPrediction/Results/Footprints/Predictions_NM/K562/PIQ_DU/temp_JUN//23//positive.tf23-chr2.RData"
[1] "/hpcwork/izkf/projects/TfbsPrediction/Results/Footprints/Predictions_NM/K562/PIQ_DU/temp_JUN//23//positive.tf23-chr20.RData"
[1] "/hpcwork/izkf/projects/TfbsPrediction/Results/Footprints/Predictions_NM/K562/PIQ_DU/temp_JUN//23//positive.tf23-chr21.RData"
[1] "/hpcwork/izkf/projects/TfbsPrediction/Results/Footprints/Predictions_NM/K562/PIQ_DU/temp_JUN//23//positive.tf23-chr22.RData"
[1] "/hpcwork/izkf/projects/TfbsPrediction/Results/Footprints/Predictions_NM/K562/PIQ_DU/temp_JUN//23//positive.tf23-chr3.RData"
[1] "/hpcwork/izkf/projects/TfbsPrediction/Results/Footprints/Predictions_NM/K562/PIQ_DU/temp_JUN//23//positive.tf23-chr4.RData"
[1] "/hpcwork/izkf/projects/TfbsPrediction/Results/Footprints/Predictions_NM/K562/PIQ_DU/temp_JUN//23//positive.tf23-chr5.RData"
[1] "/hpcwork/izkf/projects/TfbsPrediction/Results/Footprints/Predictions_NM/K562/PIQ_DU/temp_JUN//23//positive.tf23-chr6.RData"
[1] "/hpcwork/izkf/projects/TfbsPrediction/Results/Footprints/Predictions_NM/K562/PIQ_DU/temp_JUN//23//positive.tf23-chr7.RData"
[1] "/hpcwork/izkf/projects/TfbsPrediction/Results/Footprints/Predictions_NM/K562/PIQ_DU/temp_JUN//23//positive.tf23-chr8.RData"
[1] "/hpcwork/izkf/projects/TfbsPrediction/Results/Footprints/Predictions_NM/K562/PIQ_DU/temp_JUN//23//positive.tf23-chr9.RData"
[1] "/hpcwork/izkf/projects/TfbsPrediction/Results/Footprints/Predictions_NM/K562/PIQ_DU/temp_JUN//23//positive.tf23-chrM.RData"
[1] "/hpcwork/izkf/projects/TfbsPrediction/Results/Footprints/Predictions_NM/K562/PIQ_DU/temp_JUN//23//positive.tf23-chrX.RData"
[1] "/hpcwork/izkf/projects/TfbsPrediction/Results/Footprints/Predictions_NM/K562/PIQ_DU/temp_JUN//23//background.tf23-chr1.RData"
[1] "/hpcwork/izkf/projects/TfbsPrediction/Results/Footprints/Predictions_NM/K562/PIQ_DU/temp_JUN//23//background.tf23-chr10.RData"
[1] "/hpcwork/izkf/projects/TfbsPrediction/Results/Footprints/Predictions_NM/K562/PIQ_DU/temp_JUN//23//background.tf23-chr11.RData"
[1] "/hpcwork/izkf/projects/TfbsPrediction/Results/Footprints/Predictions_NM/K562/PIQ_DU/temp_JUN//23//background.tf23-chr12.RData"
[1] "/hpcwork/izkf/projects/TfbsPrediction/Results/Footprints/Predictions_NM/K562/PIQ_DU/temp_JUN//23//background.tf23-chr13.RData"
[1] "/hpcwork/izkf/projects/TfbsPrediction/Results/Footprints/Predictions_NM/K562/PIQ_DU/temp_JUN//23//background.tf23-chr14.RData"
[1] "/hpcwork/izkf/projects/TfbsPrediction/Results/Footprints/Predictions_NM/K562/PIQ_DU/temp_JUN//23//background.tf23-chr15.RData"
[1] "/hpcwork/izkf/projects/TfbsPrediction/Results/Footprints/Predictions_NM/K562/PIQ_DU/temp_JUN//23//background.tf23-chr16.RData"
[1] "/hpcwork/izkf/projects/TfbsPrediction/Results/Footprints/Predictions_NM/K562/PIQ_DU/temp_JUN//23//background.tf23-chr17.RData"
[1] "/hpcwork/izkf/projects/TfbsPrediction/Results/Footprints/Predictions_NM/K562/PIQ_DU/temp_JUN//23//background.tf23-chr18.RData"
[1] "/hpcwork/izkf/projects/TfbsPrediction/Results/Footprints/Predictions_NM/K562/PIQ_DU/temp_JUN//23//background.tf23-chr19.RData"
[1] "/hpcwork/izkf/projects/TfbsPrediction/Results/Footprints/Predictions_NM/K562/PIQ_DU/temp_JUN//23//background.tf23-chr2.RData"
[1] "/hpcwork/izkf/projects/TfbsPrediction/Results/Footprints/Predictions_NM/K562/PIQ_DU/temp_JUN//23//background.tf23-chr20.RData"
[1] "/hpcwork/izkf/projects/TfbsPrediction/Results/Footprints/Predictions_NM/K562/PIQ_DU/temp_JUN//23//background.tf23-chr21.RData"
[1] "/hpcwork/izkf/projects/TfbsPrediction/Results/Footprints/Predictions_NM/K562/PIQ_DU/temp_JUN//23//background.tf23-chr22.RData"
[1] "/hpcwork/izkf/projects/TfbsPrediction/Results/Footprints/Predictions_NM/K562/PIQ_DU/temp_JUN//23//background.tf23-chr3.RData"
[1] "/hpcwork/izkf/projects/TfbsPrediction/Results/Footprints/Predictions_NM/K562/PIQ_DU/temp_JUN//23//background.tf23-chr4.RData"
[1] "/hpcwork/izkf/projects/TfbsPrediction/Results/Footprints/Predictions_NM/K562/PIQ_DU/temp_JUN//23//background.tf23-chr5.RData"
[1] "/hpcwork/izkf/projects/TfbsPrediction/Results/Footprints/Predictions_NM/K562/PIQ_DU/temp_JUN//23//background.tf23-chr6.RData"
[1] "/hpcwork/izkf/projects/TfbsPrediction/Results/Footprints/Predictions_NM/K562/PIQ_DU/temp_JUN//23//background.tf23-chr7.RData"
[1] "/hpcwork/izkf/projects/TfbsPrediction/Results/Footprints/Predictions_NM/K562/PIQ_DU/temp_JUN//23//background.tf23-chr8.RData"
[1] "/hpcwork/izkf/projects/TfbsPrediction/Results/Footprints/Predictions_NM/K562/PIQ_DU/temp_JUN//23//background.tf23-chr9.RData"
[1] "/hpcwork/izkf/projects/TfbsPrediction/Results/Footprints/Predictions_NM/K562/PIQ_DU/temp_JUN//23//background.tf23-chrM.RData"
[1] "/hpcwork/izkf/projects/TfbsPrediction/Results/Footprints/Predictions_NM/K562/PIQ_DU/temp_JUN//23//background.tf23-chrX.RData"
Time difference of 4.224815 mins
[1] "background.tf23-chr1.RData"
[1] "background.tf23-chr10.RData"
[1] "background.tf23-chr11.RData"
[1] "background.tf23-chr12.RData"
[1] "background.tf23-chr13.RData"
[1] "background.tf23-chr14.RData"
[1] "background.tf23-chr15.RData"
[1] "background.tf23-chr16.RData"
[1] "background.tf23-chr17.RData"
[1] "background.tf23-chr18.RData"
[1] "background.tf23-chr19.RData"
[1] "background.tf23-chr2.RData"
[1] "background.tf23-chr20.RData"
[1] "background.tf23-chr21.RData"
[1] "background.tf23-chr22.RData"
[1] "background.tf23-chr3.RData"
[1] "background.tf23-chr4.RData"
[1] "background.tf23-chr5.RData"
[1] "background.tf23-chr6.RData"
[1] "background.tf23-chr7.RData"
[1] "background.tf23-chr8.RData"
[1] "background.tf23-chr9.RData"
[1] "background.tf23-chrM.RData"
[1] "background.tf23-chrX.RData"
[1] "background.tf23-chr1.RData"
[1] 2067.947
[1] "background.tf23-chr10.RData"
[1] 1898.589
[1] "background.tf23-chr11.RData"
[1] 1505.889
[1] "background.tf23-chr12.RData"
[1] 1695.243
[1] "background.tf23-chr13.RData"
[1] 1757.434
[1] "background.tf23-chr14.RData"
[1] 1901.899
[1] "background.tf23-chr15.RData"
[1] 1763.953
[1] "background.tf23-chr16.RData"
[1] 1603.147
[1] "background.tf23-chr17.RData"
[1] 1690.498
[1] "background.tf23-chr18.RData"
[1] 2644.065
[1] "background.tf23-chr19.RData"
[1] 1648.439
[1] "background.tf23-chr2.RData"
[1] 1930.565
[1] "background.tf23-chr20.RData"
[1] 1467.027
[1] "background.tf23-chr21.RData"
[1] 2046.597
[1] "background.tf23-chr22.RData"
[1] 2085.783
[1] "background.tf23-chr3.RData"
[1] 1745.801
[1] "background.tf23-chr4.RData"
[1] 1892.061
[1] "background.tf23-chr5.RData"
[1] 2031.731
[1] "background.tf23-chr6.RData"
[1] 2014.885
[1] "background.tf23-chr7.RData"
[1] 1945.709
[1] "background.tf23-chr8.RData"
[1] 1987.153
[1] "background.tf23-chr9.RData"
[1] 2647.988
[1] "background.tf23-chrM.RData"
[1] 264.6259
[1] "background.tf23-chrX.RData"
[1] 2142.494
[1] 1
[1] 2
[1] 3
[1] 4
[1] 5
[1] 6
[1] 7
[1] 8
[1] 9
[1] 10
[1] 11
[1] 12
[1] 13
[1] 14
[1] 15
[1] 16
[1] 17
[1] 18
[1] 19
[1] 20
[1] 21
[1] 22
[1] 23
[1] 24
Time difference of 4.436051 mins
> 


PS:

Read file <DU_K562_JUN_APQ_err.txt> for stderr output of this job.

