Sender: LSF System <lsfadmin@linuxbmc0097>
Subject: Job 22415741: <DU_K562_NR2F2_APQ> in cluster <rcc> Done

Job <DU_K562_NR2F2_APQ> was submitted from host <cluster> by user <eg474423> in cluster <rcc>.
Job was executed on host(s) <linuxbmc0097>, in queue <normal>, as user <eg474423> in cluster <rcc>.
</home/eg474423> was used as the home directory.
</work/eg474423/eg474423_Projects/trunk/TfbsPrediction/Code/CompetingMethods/Pipeline> was used as the working directory.
Started at Mon Jun 15 23:39:34 2015
Results reported on Tue Jun 16 00:17:42 2015

Your job looked like:

------------------------------------------------------------
# LSBATCH: User input
./applyPIQ_pipeline.zsh 32 NR2F2 /hpcwork/izkf/projects/TfbsPrediction/Results/MPBSAWG/PIQ/ /hpcwork/izkf/projects/TfbsPrediction/Results/Signals/Counts/DU_K562/PIQ/DNase.RData /hpcwork/izkf/projects/TfbsPrediction/Results/Footprints/Predictions_NM/K562/PIQ_DU/
------------------------------------------------------------

Successfully completed.

Resource usage summary:

    CPU time :                                   1526.80 sec.
    Max Memory :                                 8231 MB
    Average Memory :                             5632.51 MB
    Total Requested Memory :                     24000.00 MB
    Delta Memory :                               15769.00 MB
    Max Processes :                              11
    Max Threads :                                12

The output (if any) follows:

> args <- commandArgs(trailingOnly = TRUE)
> print(args)
[1] "common.r"                                                                                       
[2] "/hpcwork/izkf/projects/TfbsPrediction/Results/MPBSAWG/PIQ/"                                     
[3] "/hpcwork/izkf/projects/TfbsPrediction/Results/Footprints/Predictions_NM/K562/PIQ_DU/temp_NR2F2/"
[4] "/hpcwork/izkf/projects/TfbsPrediction/Results/Footprints/Predictions_NM/K562/PIQ_DU/res_NR2F2/" 
[5] "/hpcwork/izkf/projects/TfbsPrediction/Results/Signals/Counts/DU_K562/PIQ/DNase.RData"           
[6] "32"                                                                                             
> 
> #location of common.r containing runtime parameters
> commonfile = args[1]
> 
> #directory where pwm matches are stored
> pwmdir = args[2]
> 
> #directory to use as fast temporary storage
> tmpdir = args[3]
> 
> #location of output calls
> outdir = args[4]
> 
> #location of the bam RData file made by bam2rdata.r
> bamfile = args[5]
> 
> #which pwm file to use in pwmdir
> pwmid = args[6]
> 
> ###
> # do FW
> 
> match.rc = F
> dump.chropen = F
> 
> two.pass = F
> suppressWarnings(source(commonfile))
> if(overwrite==F & file.exists( file.path(outdir,paste0(pwmid,'-diag.pdf')))){
+   stop(paste0('found previous run for ',pwmid,' avoiding overwrite'))
+ }
> 
> debugstring = c('loading pwm','loadbam','clustering','binding outputs')
> 
> dump.bed = T
> 
> tryCatch({
+ phase=0
+ load(paste0(pwmdir,pwmid,'.pwmout.RData'))
+ if(sum(clengths[1])>0){
+ phase=1
+ at<-Sys.time()
+ source('loadbam.r')
+ print(Sys.time()-at);at<-Sys.time()
+ phase=2
+ source('cluster.r')
+ print(Sys.time()-at);at<-Sys.time()
+ phase=3
+ source('bindcall.r')
+ print(Sys.time()-at);at<-Sys.time()
+ }
+ },error = function(e){
+    e$message=paste0('error during ',debugstring[phase+1],'\n','Error msg: ',e$message,'\n Args:',paste0(commandArgs(trailingOnly = TRUE),collapse=':'))
+    stop(e)
+ })
[1] "chr1"
[1] "chr2"
[1] "chr3"
[1] "chr4"
[1] "chr5"
[1] "chr6"
[1] "chr7"
[1] "chr8"
[1] "chr9"
[1] "chr10"
[1] "chr11"
[1] "chr12"
[1] "chr13"
[1] "chr14"
[1] "chr15"
[1] "chr16"
[1] "chr17"
[1] "chr18"
[1] "chr19"
[1] "chr20"
[1] "chr21"
[1] "chr22"
[1] "chrX"
[1] "chrM"
[1] "chr1"
[1] "chr2"
[1] "chr3"
[1] "chr4"
[1] "chr5"
[1] "chr6"
[1] "chr7"
[1] "chr8"
[1] "chr9"
[1] "chr10"
[1] "chr11"
[1] "chr12"
[1] "chr13"
[1] "chr14"
[1] "chr15"
[1] "chr16"
[1] "chr17"
[1] "chr18"
[1] "chr19"
[1] "chr20"
[1] "chr21"
[1] "chr22"
[1] "chrX"
[1] "chrM"
Time difference of 6.255315 mins
[1] "/hpcwork/izkf/projects/TfbsPrediction/Results/Footprints/Predictions_NM/K562/PIQ_DU/temp_NR2F2//32//positive.tf32-chr1.RData"
[1] "/hpcwork/izkf/projects/TfbsPrediction/Results/Footprints/Predictions_NM/K562/PIQ_DU/temp_NR2F2//32//positive.tf32-chr10.RData"
[1] "/hpcwork/izkf/projects/TfbsPrediction/Results/Footprints/Predictions_NM/K562/PIQ_DU/temp_NR2F2//32//positive.tf32-chr11.RData"
[1] "/hpcwork/izkf/projects/TfbsPrediction/Results/Footprints/Predictions_NM/K562/PIQ_DU/temp_NR2F2//32//positive.tf32-chr12.RData"
[1] "/hpcwork/izkf/projects/TfbsPrediction/Results/Footprints/Predictions_NM/K562/PIQ_DU/temp_NR2F2//32//positive.tf32-chr13.RData"
[1] "/hpcwork/izkf/projects/TfbsPrediction/Results/Footprints/Predictions_NM/K562/PIQ_DU/temp_NR2F2//32//positive.tf32-chr14.RData"
[1] "/hpcwork/izkf/projects/TfbsPrediction/Results/Footprints/Predictions_NM/K562/PIQ_DU/temp_NR2F2//32//positive.tf32-chr15.RData"
[1] "/hpcwork/izkf/projects/TfbsPrediction/Results/Footprints/Predictions_NM/K562/PIQ_DU/temp_NR2F2//32//positive.tf32-chr16.RData"
[1] "/hpcwork/izkf/projects/TfbsPrediction/Results/Footprints/Predictions_NM/K562/PIQ_DU/temp_NR2F2//32//positive.tf32-chr17.RData"
[1] "/hpcwork/izkf/projects/TfbsPrediction/Results/Footprints/Predictions_NM/K562/PIQ_DU/temp_NR2F2//32//positive.tf32-chr18.RData"
[1] "/hpcwork/izkf/projects/TfbsPrediction/Results/Footprints/Predictions_NM/K562/PIQ_DU/temp_NR2F2//32//positive.tf32-chr19.RData"
[1] "/hpcwork/izkf/projects/TfbsPrediction/Results/Footprints/Predictions_NM/K562/PIQ_DU/temp_NR2F2//32//positive.tf32-chr2.RData"
[1] "/hpcwork/izkf/projects/TfbsPrediction/Results/Footprints/Predictions_NM/K562/PIQ_DU/temp_NR2F2//32//positive.tf32-chr20.RData"
[1] "/hpcwork/izkf/projects/TfbsPrediction/Results/Footprints/Predictions_NM/K562/PIQ_DU/temp_NR2F2//32//positive.tf32-chr21.RData"
[1] "/hpcwork/izkf/projects/TfbsPrediction/Results/Footprints/Predictions_NM/K562/PIQ_DU/temp_NR2F2//32//positive.tf32-chr22.RData"
[1] "/hpcwork/izkf/projects/TfbsPrediction/Results/Footprints/Predictions_NM/K562/PIQ_DU/temp_NR2F2//32//positive.tf32-chr3.RData"
[1] "/hpcwork/izkf/projects/TfbsPrediction/Results/Footprints/Predictions_NM/K562/PIQ_DU/temp_NR2F2//32//positive.tf32-chr4.RData"
[1] "/hpcwork/izkf/projects/TfbsPrediction/Results/Footprints/Predictions_NM/K562/PIQ_DU/temp_NR2F2//32//positive.tf32-chr5.RData"
[1] "/hpcwork/izkf/projects/TfbsPrediction/Results/Footprints/Predictions_NM/K562/PIQ_DU/temp_NR2F2//32//positive.tf32-chr6.RData"
[1] "/hpcwork/izkf/projects/TfbsPrediction/Results/Footprints/Predictions_NM/K562/PIQ_DU/temp_NR2F2//32//positive.tf32-chr7.RData"
[1] "/hpcwork/izkf/projects/TfbsPrediction/Results/Footprints/Predictions_NM/K562/PIQ_DU/temp_NR2F2//32//positive.tf32-chr8.RData"
[1] "/hpcwork/izkf/projects/TfbsPrediction/Results/Footprints/Predictions_NM/K562/PIQ_DU/temp_NR2F2//32//positive.tf32-chr9.RData"
[1] "/hpcwork/izkf/projects/TfbsPrediction/Results/Footprints/Predictions_NM/K562/PIQ_DU/temp_NR2F2//32//positive.tf32-chrM.RData"
[1] "/hpcwork/izkf/projects/TfbsPrediction/Results/Footprints/Predictions_NM/K562/PIQ_DU/temp_NR2F2//32//positive.tf32-chrX.RData"
[1] "/hpcwork/izkf/projects/TfbsPrediction/Results/Footprints/Predictions_NM/K562/PIQ_DU/temp_NR2F2//32//background.tf32-chr1.RData"
[1] "/hpcwork/izkf/projects/TfbsPrediction/Results/Footprints/Predictions_NM/K562/PIQ_DU/temp_NR2F2//32//background.tf32-chr10.RData"
[1] "/hpcwork/izkf/projects/TfbsPrediction/Results/Footprints/Predictions_NM/K562/PIQ_DU/temp_NR2F2//32//background.tf32-chr11.RData"
[1] "/hpcwork/izkf/projects/TfbsPrediction/Results/Footprints/Predictions_NM/K562/PIQ_DU/temp_NR2F2//32//background.tf32-chr12.RData"
[1] "/hpcwork/izkf/projects/TfbsPrediction/Results/Footprints/Predictions_NM/K562/PIQ_DU/temp_NR2F2//32//background.tf32-chr13.RData"
[1] "/hpcwork/izkf/projects/TfbsPrediction/Results/Footprints/Predictions_NM/K562/PIQ_DU/temp_NR2F2//32//background.tf32-chr14.RData"
[1] "/hpcwork/izkf/projects/TfbsPrediction/Results/Footprints/Predictions_NM/K562/PIQ_DU/temp_NR2F2//32//background.tf32-chr15.RData"
[1] "/hpcwork/izkf/projects/TfbsPrediction/Results/Footprints/Predictions_NM/K562/PIQ_DU/temp_NR2F2//32//background.tf32-chr16.RData"
[1] "/hpcwork/izkf/projects/TfbsPrediction/Results/Footprints/Predictions_NM/K562/PIQ_DU/temp_NR2F2//32//background.tf32-chr17.RData"
[1] "/hpcwork/izkf/projects/TfbsPrediction/Results/Footprints/Predictions_NM/K562/PIQ_DU/temp_NR2F2//32//background.tf32-chr18.RData"
[1] "/hpcwork/izkf/projects/TfbsPrediction/Results/Footprints/Predictions_NM/K562/PIQ_DU/temp_NR2F2//32//background.tf32-chr19.RData"
[1] "/hpcwork/izkf/projects/TfbsPrediction/Results/Footprints/Predictions_NM/K562/PIQ_DU/temp_NR2F2//32//background.tf32-chr2.RData"
[1] "/hpcwork/izkf/projects/TfbsPrediction/Results/Footprints/Predictions_NM/K562/PIQ_DU/temp_NR2F2//32//background.tf32-chr20.RData"
[1] "/hpcwork/izkf/projects/TfbsPrediction/Results/Footprints/Predictions_NM/K562/PIQ_DU/temp_NR2F2//32//background.tf32-chr21.RData"
[1] "/hpcwork/izkf/projects/TfbsPrediction/Results/Footprints/Predictions_NM/K562/PIQ_DU/temp_NR2F2//32//background.tf32-chr22.RData"
[1] "/hpcwork/izkf/projects/TfbsPrediction/Results/Footprints/Predictions_NM/K562/PIQ_DU/temp_NR2F2//32//background.tf32-chr3.RData"
[1] "/hpcwork/izkf/projects/TfbsPrediction/Results/Footprints/Predictions_NM/K562/PIQ_DU/temp_NR2F2//32//background.tf32-chr4.RData"
[1] "/hpcwork/izkf/projects/TfbsPrediction/Results/Footprints/Predictions_NM/K562/PIQ_DU/temp_NR2F2//32//background.tf32-chr5.RData"
[1] "/hpcwork/izkf/projects/TfbsPrediction/Results/Footprints/Predictions_NM/K562/PIQ_DU/temp_NR2F2//32//background.tf32-chr6.RData"
[1] "/hpcwork/izkf/projects/TfbsPrediction/Results/Footprints/Predictions_NM/K562/PIQ_DU/temp_NR2F2//32//background.tf32-chr7.RData"
[1] "/hpcwork/izkf/projects/TfbsPrediction/Results/Footprints/Predictions_NM/K562/PIQ_DU/temp_NR2F2//32//background.tf32-chr8.RData"
[1] "/hpcwork/izkf/projects/TfbsPrediction/Results/Footprints/Predictions_NM/K562/PIQ_DU/temp_NR2F2//32//background.tf32-chr9.RData"
[1] "/hpcwork/izkf/projects/TfbsPrediction/Results/Footprints/Predictions_NM/K562/PIQ_DU/temp_NR2F2//32//background.tf32-chrM.RData"
[1] "/hpcwork/izkf/projects/TfbsPrediction/Results/Footprints/Predictions_NM/K562/PIQ_DU/temp_NR2F2//32//background.tf32-chrX.RData"
Time difference of 5.578363 mins
[1] "background.tf32-chr1.RData"
[1] "background.tf32-chr10.RData"
[1] "background.tf32-chr11.RData"
[1] "background.tf32-chr12.RData"
[1] "background.tf32-chr13.RData"
[1] "background.tf32-chr14.RData"
[1] "background.tf32-chr15.RData"
[1] "background.tf32-chr16.RData"
[1] "background.tf32-chr17.RData"
[1] "background.tf32-chr18.RData"
[1] "background.tf32-chr19.RData"
[1] "background.tf32-chr2.RData"
[1] "background.tf32-chr20.RData"
[1] "background.tf32-chr21.RData"
[1] "background.tf32-chr22.RData"
[1] "background.tf32-chr3.RData"
[1] "background.tf32-chr4.RData"
[1] "background.tf32-chr5.RData"
[1] "background.tf32-chr6.RData"
[1] "background.tf32-chr7.RData"
[1] "background.tf32-chr8.RData"
[1] "background.tf32-chr9.RData"
[1] "background.tf32-chrM.RData"
[1] "background.tf32-chrX.RData"
[1] "background.tf32-chr1.RData"
[1] 2140.15
[1] "background.tf32-chr10.RData"
[1] 2043.005
[1] "background.tf32-chr11.RData"
[1] 1585.113
[1] "background.tf32-chr12.RData"
[1] 1809.448
[1] "background.tf32-chr13.RData"
[1] 2492.578
[1] "background.tf32-chr14.RData"
[1] 1827.495
[1] "background.tf32-chr15.RData"
[1] 1841.98
[1] "background.tf32-chr16.RData"
[1] 1828.221
[1] "background.tf32-chr17.RData"
[1] 1707.408
[1] "background.tf32-chr18.RData"
[1] 1896.261
[1] "background.tf32-chr19.RData"
[1] 1831.05
[1] "background.tf32-chr2.RData"
[1] 1952.714
[1] "background.tf32-chr20.RData"
[1] 2023.899
[1] "background.tf32-chr21.RData"
[1] 1838.624
[1] "background.tf32-chr22.RData"
[1] 2465.524
[1] "background.tf32-chr3.RData"
[1] 2050.487
[1] "background.tf32-chr4.RData"
[1] 1819.329
[1] "background.tf32-chr5.RData"
[1] 2024.19
[1] "background.tf32-chr6.RData"
[1] 2148.133
[1] "background.tf32-chr7.RData"
[1] 2141.222
[1] "background.tf32-chr8.RData"
[1] 2293.951
[1] "background.tf32-chr9.RData"
[1] 2516.749
[1] "background.tf32-chrM.RData"
[1] 318.9202
[1] "background.tf32-chrX.RData"
[1] 1941.701
[1] 1
[1] 2
[1] 3
[1] 4
[1] 5
[1] 6
[1] 7
[1] 8
[1] 9
[1] 10
[1] 11
[1] 12
[1] 13
[1] 14
[1] 15
[1] 16
[1] 17
[1] 18
[1] 19
[1] 20
[1] 21
[1] 22
[1] 23
[1] 24
Time difference of 6.031795 mins
> 
> ###
> # do RC
> 
> match.rc = T
> 
> suppressWarnings(source(commonfile))
> if(overwrite==F & file.exists( file.path(outdir,paste0(pwmid,'-diag.rc.pdf')))){
+   stop(paste0('found previous run for ',pwmid,' avoiding overwrite'))
+ }
> 
> debugstring = c('loading pwm.rc','loadbam.rc','clustering.rc','binding outputs.rc')
> 
> tryCatch({
+ phase=0
+ load(paste0(pwmdir,pwmid,'.pwmout.rc.RData'))
+ if(sum(clengths[1])>0){
+ phase=1
+ at<-Sys.time()
+ source('loadbam.r')
+ print(Sys.time()-at);at<-Sys.time()
+ phase=2
+ source('cluster.r')
+ print(Sys.time()-at);at<-Sys.time()
+ phase=3
+ source('bindcall.r')
+ print(Sys.time()-at);at<-Sys.time()
+ }
+ },error = function(e){
+    e$message=paste0('error during ',debugstring[phase+1],'\n','Error msg: ',e$message,'\n Args:',paste0(commandArgs(trailingOnly = TRUE),collapse=':'))
+    stop(e)
+ })
[1] "chr1"
[1] "chr2"
[1] "chr3"
[1] "chr4"
[1] "chr5"
[1] "chr6"
[1] "chr7"
[1] "chr8"
[1] "chr9"
[1] "chr10"
[1] "chr11"
[1] "chr12"
[1] "chr13"
[1] "chr14"
[1] "chr15"
[1] "chr16"
[1] "chr17"
[1] "chr18"
[1] "chr19"
[1] "chr20"
[1] "chr21"
[1] "chr22"
[1] "chrX"
[1] "chrM"
[1] "chr1"
[1] "chr2"
[1] "chr3"
[1] "chr4"
[1] "chr5"
[1] "chr6"
[1] "chr7"
[1] "chr8"
[1] "chr9"
[1] "chr10"
[1] "chr11"
[1] "chr12"
[1] "chr13"
[1] "chr14"
[1] "chr15"
[1] "chr16"
[1] "chr17"
[1] "chr18"
[1] "chr19"
[1] "chr20"
[1] "chr21"
[1] "chr22"
[1] "chrX"
[1] "chrM"
Time difference of 5.151536 mins
[1] "/hpcwork/izkf/projects/TfbsPrediction/Results/Footprints/Predictions_NM/K562/PIQ_DU/temp_NR2F2//32//positive.tf32-chr1.RData"
[1] "/hpcwork/izkf/projects/TfbsPrediction/Results/Footprints/Predictions_NM/K562/PIQ_DU/temp_NR2F2//32//positive.tf32-chr10.RData"
[1] "/hpcwork/izkf/projects/TfbsPrediction/Results/Footprints/Predictions_NM/K562/PIQ_DU/temp_NR2F2//32//positive.tf32-chr11.RData"
[1] "/hpcwork/izkf/projects/TfbsPrediction/Results/Footprints/Predictions_NM/K562/PIQ_DU/temp_NR2F2//32//positive.tf32-chr12.RData"
[1] "/hpcwork/izkf/projects/TfbsPrediction/Results/Footprints/Predictions_NM/K562/PIQ_DU/temp_NR2F2//32//positive.tf32-chr13.RData"
[1] "/hpcwork/izkf/projects/TfbsPrediction/Results/Footprints/Predictions_NM/K562/PIQ_DU/temp_NR2F2//32//positive.tf32-chr14.RData"
[1] "/hpcwork/izkf/projects/TfbsPrediction/Results/Footprints/Predictions_NM/K562/PIQ_DU/temp_NR2F2//32//positive.tf32-chr15.RData"
[1] "/hpcwork/izkf/projects/TfbsPrediction/Results/Footprints/Predictions_NM/K562/PIQ_DU/temp_NR2F2//32//positive.tf32-chr16.RData"
[1] "/hpcwork/izkf/projects/TfbsPrediction/Results/Footprints/Predictions_NM/K562/PIQ_DU/temp_NR2F2//32//positive.tf32-chr17.RData"
[1] "/hpcwork/izkf/projects/TfbsPrediction/Results/Footprints/Predictions_NM/K562/PIQ_DU/temp_NR2F2//32//positive.tf32-chr18.RData"
[1] "/hpcwork/izkf/projects/TfbsPrediction/Results/Footprints/Predictions_NM/K562/PIQ_DU/temp_NR2F2//32//positive.tf32-chr19.RData"
[1] "/hpcwork/izkf/projects/TfbsPrediction/Results/Footprints/Predictions_NM/K562/PIQ_DU/temp_NR2F2//32//positive.tf32-chr2.RData"
[1] "/hpcwork/izkf/projects/TfbsPrediction/Results/Footprints/Predictions_NM/K562/PIQ_DU/temp_NR2F2//32//positive.tf32-chr20.RData"
[1] "/hpcwork/izkf/projects/TfbsPrediction/Results/Footprints/Predictions_NM/K562/PIQ_DU/temp_NR2F2//32//positive.tf32-chr21.RData"
[1] "/hpcwork/izkf/projects/TfbsPrediction/Results/Footprints/Predictions_NM/K562/PIQ_DU/temp_NR2F2//32//positive.tf32-chr22.RData"
[1] "/hpcwork/izkf/projects/TfbsPrediction/Results/Footprints/Predictions_NM/K562/PIQ_DU/temp_NR2F2//32//positive.tf32-chr3.RData"
[1] "/hpcwork/izkf/projects/TfbsPrediction/Results/Footprints/Predictions_NM/K562/PIQ_DU/temp_NR2F2//32//positive.tf32-chr4.RData"
[1] "/hpcwork/izkf/projects/TfbsPrediction/Results/Footprints/Predictions_NM/K562/PIQ_DU/temp_NR2F2//32//positive.tf32-chr5.RData"
[1] "/hpcwork/izkf/projects/TfbsPrediction/Results/Footprints/Predictions_NM/K562/PIQ_DU/temp_NR2F2//32//positive.tf32-chr6.RData"
[1] "/hpcwork/izkf/projects/TfbsPrediction/Results/Footprints/Predictions_NM/K562/PIQ_DU/temp_NR2F2//32//positive.tf32-chr7.RData"
[1] "/hpcwork/izkf/projects/TfbsPrediction/Results/Footprints/Predictions_NM/K562/PIQ_DU/temp_NR2F2//32//positive.tf32-chr8.RData"
[1] "/hpcwork/izkf/projects/TfbsPrediction/Results/Footprints/Predictions_NM/K562/PIQ_DU/temp_NR2F2//32//positive.tf32-chr9.RData"
[1] "/hpcwork/izkf/projects/TfbsPrediction/Results/Footprints/Predictions_NM/K562/PIQ_DU/temp_NR2F2//32//positive.tf32-chrM.RData"
[1] "/hpcwork/izkf/projects/TfbsPrediction/Results/Footprints/Predictions_NM/K562/PIQ_DU/temp_NR2F2//32//positive.tf32-chrX.RData"
[1] "/hpcwork/izkf/projects/TfbsPrediction/Results/Footprints/Predictions_NM/K562/PIQ_DU/temp_NR2F2//32//background.tf32-chr1.RData"
[1] "/hpcwork/izkf/projects/TfbsPrediction/Results/Footprints/Predictions_NM/K562/PIQ_DU/temp_NR2F2//32//background.tf32-chr10.RData"
[1] "/hpcwork/izkf/projects/TfbsPrediction/Results/Footprints/Predictions_NM/K562/PIQ_DU/temp_NR2F2//32//background.tf32-chr11.RData"
[1] "/hpcwork/izkf/projects/TfbsPrediction/Results/Footprints/Predictions_NM/K562/PIQ_DU/temp_NR2F2//32//background.tf32-chr12.RData"
[1] "/hpcwork/izkf/projects/TfbsPrediction/Results/Footprints/Predictions_NM/K562/PIQ_DU/temp_NR2F2//32//background.tf32-chr13.RData"
[1] "/hpcwork/izkf/projects/TfbsPrediction/Results/Footprints/Predictions_NM/K562/PIQ_DU/temp_NR2F2//32//background.tf32-chr14.RData"
[1] "/hpcwork/izkf/projects/TfbsPrediction/Results/Footprints/Predictions_NM/K562/PIQ_DU/temp_NR2F2//32//background.tf32-chr15.RData"
[1] "/hpcwork/izkf/projects/TfbsPrediction/Results/Footprints/Predictions_NM/K562/PIQ_DU/temp_NR2F2//32//background.tf32-chr16.RData"
[1] "/hpcwork/izkf/projects/TfbsPrediction/Results/Footprints/Predictions_NM/K562/PIQ_DU/temp_NR2F2//32//background.tf32-chr17.RData"
[1] "/hpcwork/izkf/projects/TfbsPrediction/Results/Footprints/Predictions_NM/K562/PIQ_DU/temp_NR2F2//32//background.tf32-chr18.RData"
[1] "/hpcwork/izkf/projects/TfbsPrediction/Results/Footprints/Predictions_NM/K562/PIQ_DU/temp_NR2F2//32//background.tf32-chr19.RData"
[1] "/hpcwork/izkf/projects/TfbsPrediction/Results/Footprints/Predictions_NM/K562/PIQ_DU/temp_NR2F2//32//background.tf32-chr2.RData"
[1] "/hpcwork/izkf/projects/TfbsPrediction/Results/Footprints/Predictions_NM/K562/PIQ_DU/temp_NR2F2//32//background.tf32-chr20.RData"
[1] "/hpcwork/izkf/projects/TfbsPrediction/Results/Footprints/Predictions_NM/K562/PIQ_DU/temp_NR2F2//32//background.tf32-chr21.RData"
[1] "/hpcwork/izkf/projects/TfbsPrediction/Results/Footprints/Predictions_NM/K562/PIQ_DU/temp_NR2F2//32//background.tf32-chr22.RData"
[1] "/hpcwork/izkf/projects/TfbsPrediction/Results/Footprints/Predictions_NM/K562/PIQ_DU/temp_NR2F2//32//background.tf32-chr3.RData"
[1] "/hpcwork/izkf/projects/TfbsPrediction/Results/Footprints/Predictions_NM/K562/PIQ_DU/temp_NR2F2//32//background.tf32-chr4.RData"
[1] "/hpcwork/izkf/projects/TfbsPrediction/Results/Footprints/Predictions_NM/K562/PIQ_DU/temp_NR2F2//32//background.tf32-chr5.RData"
[1] "/hpcwork/izkf/projects/TfbsPrediction/Results/Footprints/Predictions_NM/K562/PIQ_DU/temp_NR2F2//32//background.tf32-chr6.RData"
[1] "/hpcwork/izkf/projects/TfbsPrediction/Results/Footprints/Predictions_NM/K562/PIQ_DU/temp_NR2F2//32//background.tf32-chr7.RData"
[1] "/hpcwork/izkf/projects/TfbsPrediction/Results/Footprints/Predictions_NM/K562/PIQ_DU/temp_NR2F2//32//background.tf32-chr8.RData"
[1] "/hpcwork/izkf/projects/TfbsPrediction/Results/Footprints/Predictions_NM/K562/PIQ_DU/temp_NR2F2//32//background.tf32-chr9.RData"
[1] "/hpcwork/izkf/projects/TfbsPrediction/Results/Footprints/Predictions_NM/K562/PIQ_DU/temp_NR2F2//32//background.tf32-chrM.RData"
[1] "/hpcwork/izkf/projects/TfbsPrediction/Results/Footprints/Predictions_NM/K562/PIQ_DU/temp_NR2F2//32//background.tf32-chrX.RData"
Time difference of 6.099288 mins
[1] "background.tf32-chr1.RData"
[1] "background.tf32-chr10.RData"
[1] "background.tf32-chr11.RData"
[1] "background.tf32-chr12.RData"
[1] "background.tf32-chr13.RData"
[1] "background.tf32-chr14.RData"
[1] "background.tf32-chr15.RData"
[1] "background.tf32-chr16.RData"
[1] "background.tf32-chr17.RData"
[1] "background.tf32-chr18.RData"
[1] "background.tf32-chr19.RData"
[1] "background.tf32-chr2.RData"
[1] "background.tf32-chr20.RData"
[1] "background.tf32-chr21.RData"
[1] "background.tf32-chr22.RData"
[1] "background.tf32-chr3.RData"
[1] "background.tf32-chr4.RData"
[1] "background.tf32-chr5.RData"
[1] "background.tf32-chr6.RData"
[1] "background.tf32-chr7.RData"
[1] "background.tf32-chr8.RData"
[1] "background.tf32-chr9.RData"
[1] "background.tf32-chrM.RData"
[1] "background.tf32-chrX.RData"
[1] "background.tf32-chr1.RData"
[1] 2120.14
[1] "background.tf32-chr10.RData"
[1] 2060.713
[1] "background.tf32-chr11.RData"
[1] 1668.974
[1] "background.tf32-chr12.RData"
[1] 1805.177
[1] "background.tf32-chr13.RData"
[1] 1501.969
[1] "background.tf32-chr14.RData"
[1] 2003.879
[1] "background.tf32-chr15.RData"
[1] 1983.061
[1] "background.tf32-chr16.RData"
[1] 2025.622
[1] "background.tf32-chr17.RData"
[1] 2065.038
[1] "background.tf32-chr18.RData"
[1] 2474.329
[1] "background.tf32-chr19.RData"
[1] 1710.876
[1] "background.tf32-chr2.RData"
[1] 1856.047
[1] "background.tf32-chr20.RData"
[1] 1579.188
[1] "background.tf32-chr21.RData"
[1] 2186.267
[1] "background.tf32-chr22.RData"
[1] 2259.765
[1] "background.tf32-chr3.RData"
[1] 1979.617
[1] "background.tf32-chr4.RData"
[1] 2152.001
[1] "background.tf32-chr5.RData"
[1] 1783.601
[1] "background.tf32-chr6.RData"
[1] 2003.933
[1] "background.tf32-chr7.RData"
[1] 1805.92
[1] "background.tf32-chr8.RData"
[1] 1829.481
[1] "background.tf32-chr9.RData"
[1] 1979.888
[1] "background.tf32-chrM.RData"
[1] 304.035
[1] "background.tf32-chrX.RData"
[1] 1661.197
[1] 1
[1] 2
[1] 3
[1] 4
[1] 5
[1] 6
[1] 7
[1] 8
[1] 9
[1] 10
[1] 11
[1] 12
[1] 13
[1] 14
[1] 15
[1] 16
[1] 17
[1] 18
[1] 19
[1] 20
[1] 21
[1] 22
[1] 23
[1] 24
Time difference of 6.582465 mins
> 


PS:

Read file <DU_K562_NR2F2_APQ_err.txt> for stderr output of this job.

