Sender: LSF System <lsfadmin@linuxbmc0071>
Subject: Job 22415753: <DU_K562_STAT1_APQ> in cluster <rcc> Done

Job <DU_K562_STAT1_APQ> was submitted from host <cluster> by user <eg474423> in cluster <rcc>.
Job was executed on host(s) <linuxbmc0071>, in queue <normal>, as user <eg474423> in cluster <rcc>.
</home/eg474423> was used as the home directory.
</work/eg474423/eg474423_Projects/trunk/TfbsPrediction/Code/CompetingMethods/Pipeline> was used as the working directory.
Started at Mon Jun 15 20:50:00 2015
Results reported on Mon Jun 15 21:32:02 2015

Your job looked like:

------------------------------------------------------------
# LSBATCH: User input
./applyPIQ_pipeline.zsh 44 STAT1 /hpcwork/izkf/projects/TfbsPrediction/Results/MPBSAWG/PIQ/ /hpcwork/izkf/projects/TfbsPrediction/Results/Signals/Counts/DU_K562/PIQ/DNase.RData /hpcwork/izkf/projects/TfbsPrediction/Results/Footprints/Predictions_NM/K562/PIQ_DU/
------------------------------------------------------------

Successfully completed.

Resource usage summary:

    CPU time :                                   1883.65 sec.
    Max Memory :                                 9970 MB
    Average Memory :                             6771.85 MB
    Total Requested Memory :                     24000.00 MB
    Delta Memory :                               14030.00 MB
    Max Processes :                              15
    Max Threads :                                16

The output (if any) follows:

> args <- commandArgs(trailingOnly = TRUE)
> print(args)
[1] "common.r"                                                                                       
[2] "/hpcwork/izkf/projects/TfbsPrediction/Results/MPBSAWG/PIQ/"                                     
[3] "/hpcwork/izkf/projects/TfbsPrediction/Results/Footprints/Predictions_NM/K562/PIQ_DU/temp_STAT1/"
[4] "/hpcwork/izkf/projects/TfbsPrediction/Results/Footprints/Predictions_NM/K562/PIQ_DU/res_STAT1/" 
[5] "/hpcwork/izkf/projects/TfbsPrediction/Results/Signals/Counts/DU_K562/PIQ/DNase.RData"           
[6] "44"                                                                                             
> 
> #location of common.r containing runtime parameters
> commonfile = args[1]
> 
> #directory where pwm matches are stored
> pwmdir = args[2]
> 
> #directory to use as fast temporary storage
> tmpdir = args[3]
> 
> #location of output calls
> outdir = args[4]
> 
> #location of the bam RData file made by bam2rdata.r
> bamfile = args[5]
> 
> #which pwm file to use in pwmdir
> pwmid = args[6]
> 
> ###
> # do FW
> 
> match.rc = F
> dump.chropen = F
> 
> two.pass = F
> suppressWarnings(source(commonfile))
> if(overwrite==F & file.exists( file.path(outdir,paste0(pwmid,'-diag.pdf')))){
+   stop(paste0('found previous run for ',pwmid,' avoiding overwrite'))
+ }
> 
> debugstring = c('loading pwm','loadbam','clustering','binding outputs')
> 
> dump.bed = T
> 
> tryCatch({
+ phase=0
+ load(paste0(pwmdir,pwmid,'.pwmout.RData'))
+ if(sum(clengths[1])>0){
+ phase=1
+ at<-Sys.time()
+ source('loadbam.r')
+ print(Sys.time()-at);at<-Sys.time()
+ phase=2
+ source('cluster.r')
+ print(Sys.time()-at);at<-Sys.time()
+ phase=3
+ source('bindcall.r')
+ print(Sys.time()-at);at<-Sys.time()
+ }
+ },error = function(e){
+    e$message=paste0('error during ',debugstring[phase+1],'\n','Error msg: ',e$message,'\n Args:',paste0(commandArgs(trailingOnly = TRUE),collapse=':'))
+    stop(e)
+ })
[1] "chr1"
[1] "chr2"
[1] "chr3"
[1] "chr4"
[1] "chr5"
[1] "chr6"
[1] "chr7"
[1] "chr8"
[1] "chr9"
[1] "chr10"
[1] "chr11"
[1] "chr12"
[1] "chr13"
[1] "chr14"
[1] "chr15"
[1] "chr16"
[1] "chr17"
[1] "chr18"
[1] "chr19"
[1] "chr20"
[1] "chr21"
[1] "chr22"
[1] "chrX"
[1] "chrM"
[1] "chr1"
[1] "chr2"
[1] "chr3"
[1] "chr4"
[1] "chr5"
[1] "chr6"
[1] "chr7"
[1] "chr8"
[1] "chr9"
[1] "chr10"
[1] "chr11"
[1] "chr12"
[1] "chr13"
[1] "chr14"
[1] "chr15"
[1] "chr16"
[1] "chr17"
[1] "chr18"
[1] "chr19"
[1] "chr20"
[1] "chr21"
[1] "chr22"
[1] "chrX"
[1] "chrM"
Time difference of 5.742543 mins
[1] "/hpcwork/izkf/projects/TfbsPrediction/Results/Footprints/Predictions_NM/K562/PIQ_DU/temp_STAT1//44//positive.tf44-chr1.RData"
[1] "/hpcwork/izkf/projects/TfbsPrediction/Results/Footprints/Predictions_NM/K562/PIQ_DU/temp_STAT1//44//positive.tf44-chr10.RData"
[1] "/hpcwork/izkf/projects/TfbsPrediction/Results/Footprints/Predictions_NM/K562/PIQ_DU/temp_STAT1//44//positive.tf44-chr11.RData"
[1] "/hpcwork/izkf/projects/TfbsPrediction/Results/Footprints/Predictions_NM/K562/PIQ_DU/temp_STAT1//44//positive.tf44-chr12.RData"
[1] "/hpcwork/izkf/projects/TfbsPrediction/Results/Footprints/Predictions_NM/K562/PIQ_DU/temp_STAT1//44//positive.tf44-chr13.RData"
[1] "/hpcwork/izkf/projects/TfbsPrediction/Results/Footprints/Predictions_NM/K562/PIQ_DU/temp_STAT1//44//positive.tf44-chr14.RData"
[1] "/hpcwork/izkf/projects/TfbsPrediction/Results/Footprints/Predictions_NM/K562/PIQ_DU/temp_STAT1//44//positive.tf44-chr15.RData"
[1] "/hpcwork/izkf/projects/TfbsPrediction/Results/Footprints/Predictions_NM/K562/PIQ_DU/temp_STAT1//44//positive.tf44-chr16.RData"
[1] "/hpcwork/izkf/projects/TfbsPrediction/Results/Footprints/Predictions_NM/K562/PIQ_DU/temp_STAT1//44//positive.tf44-chr17.RData"
[1] "/hpcwork/izkf/projects/TfbsPrediction/Results/Footprints/Predictions_NM/K562/PIQ_DU/temp_STAT1//44//positive.tf44-chr18.RData"
[1] "/hpcwork/izkf/projects/TfbsPrediction/Results/Footprints/Predictions_NM/K562/PIQ_DU/temp_STAT1//44//positive.tf44-chr19.RData"
[1] "/hpcwork/izkf/projects/TfbsPrediction/Results/Footprints/Predictions_NM/K562/PIQ_DU/temp_STAT1//44//positive.tf44-chr2.RData"
[1] "/hpcwork/izkf/projects/TfbsPrediction/Results/Footprints/Predictions_NM/K562/PIQ_DU/temp_STAT1//44//positive.tf44-chr20.RData"
[1] "/hpcwork/izkf/projects/TfbsPrediction/Results/Footprints/Predictions_NM/K562/PIQ_DU/temp_STAT1//44//positive.tf44-chr21.RData"
[1] "/hpcwork/izkf/projects/TfbsPrediction/Results/Footprints/Predictions_NM/K562/PIQ_DU/temp_STAT1//44//positive.tf44-chr22.RData"
[1] "/hpcwork/izkf/projects/TfbsPrediction/Results/Footprints/Predictions_NM/K562/PIQ_DU/temp_STAT1//44//positive.tf44-chr3.RData"
[1] "/hpcwork/izkf/projects/TfbsPrediction/Results/Footprints/Predictions_NM/K562/PIQ_DU/temp_STAT1//44//positive.tf44-chr4.RData"
[1] "/hpcwork/izkf/projects/TfbsPrediction/Results/Footprints/Predictions_NM/K562/PIQ_DU/temp_STAT1//44//positive.tf44-chr5.RData"
[1] "/hpcwork/izkf/projects/TfbsPrediction/Results/Footprints/Predictions_NM/K562/PIQ_DU/temp_STAT1//44//positive.tf44-chr6.RData"
[1] "/hpcwork/izkf/projects/TfbsPrediction/Results/Footprints/Predictions_NM/K562/PIQ_DU/temp_STAT1//44//positive.tf44-chr7.RData"
[1] "/hpcwork/izkf/projects/TfbsPrediction/Results/Footprints/Predictions_NM/K562/PIQ_DU/temp_STAT1//44//positive.tf44-chr8.RData"
[1] "/hpcwork/izkf/projects/TfbsPrediction/Results/Footprints/Predictions_NM/K562/PIQ_DU/temp_STAT1//44//positive.tf44-chr9.RData"
[1] "/hpcwork/izkf/projects/TfbsPrediction/Results/Footprints/Predictions_NM/K562/PIQ_DU/temp_STAT1//44//positive.tf44-chrM.RData"
[1] "/hpcwork/izkf/projects/TfbsPrediction/Results/Footprints/Predictions_NM/K562/PIQ_DU/temp_STAT1//44//positive.tf44-chrX.RData"
[1] "/hpcwork/izkf/projects/TfbsPrediction/Results/Footprints/Predictions_NM/K562/PIQ_DU/temp_STAT1//44//background.tf44-chr1.RData"
[1] "/hpcwork/izkf/projects/TfbsPrediction/Results/Footprints/Predictions_NM/K562/PIQ_DU/temp_STAT1//44//background.tf44-chr10.RData"
[1] "/hpcwork/izkf/projects/TfbsPrediction/Results/Footprints/Predictions_NM/K562/PIQ_DU/temp_STAT1//44//background.tf44-chr11.RData"
[1] "/hpcwork/izkf/projects/TfbsPrediction/Results/Footprints/Predictions_NM/K562/PIQ_DU/temp_STAT1//44//background.tf44-chr12.RData"
[1] "/hpcwork/izkf/projects/TfbsPrediction/Results/Footprints/Predictions_NM/K562/PIQ_DU/temp_STAT1//44//background.tf44-chr13.RData"
[1] "/hpcwork/izkf/projects/TfbsPrediction/Results/Footprints/Predictions_NM/K562/PIQ_DU/temp_STAT1//44//background.tf44-chr14.RData"
[1] "/hpcwork/izkf/projects/TfbsPrediction/Results/Footprints/Predictions_NM/K562/PIQ_DU/temp_STAT1//44//background.tf44-chr15.RData"
[1] "/hpcwork/izkf/projects/TfbsPrediction/Results/Footprints/Predictions_NM/K562/PIQ_DU/temp_STAT1//44//background.tf44-chr16.RData"
[1] "/hpcwork/izkf/projects/TfbsPrediction/Results/Footprints/Predictions_NM/K562/PIQ_DU/temp_STAT1//44//background.tf44-chr17.RData"
[1] "/hpcwork/izkf/projects/TfbsPrediction/Results/Footprints/Predictions_NM/K562/PIQ_DU/temp_STAT1//44//background.tf44-chr18.RData"
[1] "/hpcwork/izkf/projects/TfbsPrediction/Results/Footprints/Predictions_NM/K562/PIQ_DU/temp_STAT1//44//background.tf44-chr19.RData"
[1] "/hpcwork/izkf/projects/TfbsPrediction/Results/Footprints/Predictions_NM/K562/PIQ_DU/temp_STAT1//44//background.tf44-chr2.RData"
[1] "/hpcwork/izkf/projects/TfbsPrediction/Results/Footprints/Predictions_NM/K562/PIQ_DU/temp_STAT1//44//background.tf44-chr20.RData"
[1] "/hpcwork/izkf/projects/TfbsPrediction/Results/Footprints/Predictions_NM/K562/PIQ_DU/temp_STAT1//44//background.tf44-chr21.RData"
[1] "/hpcwork/izkf/projects/TfbsPrediction/Results/Footprints/Predictions_NM/K562/PIQ_DU/temp_STAT1//44//background.tf44-chr22.RData"
[1] "/hpcwork/izkf/projects/TfbsPrediction/Results/Footprints/Predictions_NM/K562/PIQ_DU/temp_STAT1//44//background.tf44-chr3.RData"
[1] "/hpcwork/izkf/projects/TfbsPrediction/Results/Footprints/Predictions_NM/K562/PIQ_DU/temp_STAT1//44//background.tf44-chr4.RData"
[1] "/hpcwork/izkf/projects/TfbsPrediction/Results/Footprints/Predictions_NM/K562/PIQ_DU/temp_STAT1//44//background.tf44-chr5.RData"
[1] "/hpcwork/izkf/projects/TfbsPrediction/Results/Footprints/Predictions_NM/K562/PIQ_DU/temp_STAT1//44//background.tf44-chr6.RData"
[1] "/hpcwork/izkf/projects/TfbsPrediction/Results/Footprints/Predictions_NM/K562/PIQ_DU/temp_STAT1//44//background.tf44-chr7.RData"
[1] "/hpcwork/izkf/projects/TfbsPrediction/Results/Footprints/Predictions_NM/K562/PIQ_DU/temp_STAT1//44//background.tf44-chr8.RData"
[1] "/hpcwork/izkf/projects/TfbsPrediction/Results/Footprints/Predictions_NM/K562/PIQ_DU/temp_STAT1//44//background.tf44-chr9.RData"
[1] "/hpcwork/izkf/projects/TfbsPrediction/Results/Footprints/Predictions_NM/K562/PIQ_DU/temp_STAT1//44//background.tf44-chrM.RData"
[1] "/hpcwork/izkf/projects/TfbsPrediction/Results/Footprints/Predictions_NM/K562/PIQ_DU/temp_STAT1//44//background.tf44-chrX.RData"
Time difference of 5.568916 mins
[1] "background.tf44-chr1.RData"
[1] "background.tf44-chr10.RData"
[1] "background.tf44-chr11.RData"
[1] "background.tf44-chr12.RData"
[1] "background.tf44-chr13.RData"
[1] "background.tf44-chr14.RData"
[1] "background.tf44-chr15.RData"
[1] "background.tf44-chr16.RData"
[1] "background.tf44-chr17.RData"
[1] "background.tf44-chr18.RData"
[1] "background.tf44-chr19.RData"
[1] "background.tf44-chr2.RData"
[1] "background.tf44-chr20.RData"
[1] "background.tf44-chr21.RData"
[1] "background.tf44-chr22.RData"
[1] "background.tf44-chr3.RData"
[1] "background.tf44-chr4.RData"
[1] "background.tf44-chr5.RData"
[1] "background.tf44-chr6.RData"
[1] "background.tf44-chr7.RData"
[1] "background.tf44-chr8.RData"
[1] "background.tf44-chr9.RData"
[1] "background.tf44-chrM.RData"
[1] "background.tf44-chrX.RData"
[1] "background.tf44-chr1.RData"
[1] 2058.669
[1] "background.tf44-chr10.RData"
[1] 1563.021
[1] "background.tf44-chr11.RData"
[1] 1551.072
[1] "background.tf44-chr12.RData"
[1] 1764.013
[1] "background.tf44-chr13.RData"
[1] 1713.014
[1] "background.tf44-chr14.RData"
[1] 1813.668
[1] "background.tf44-chr15.RData"
[1] 1825.022
[1] "background.tf44-chr16.RData"
[1] 1560.616
[1] "background.tf44-chr17.RData"
[1] 1712.975
[1] "background.tf44-chr18.RData"
[1] 1547.828
[1] "background.tf44-chr19.RData"
[1] 1902.927
[1] "background.tf44-chr2.RData"
[1] 1921.29
[1] "background.tf44-chr20.RData"
[1] 1627.094
[1] "background.tf44-chr21.RData"
[1] 1658.49
[1] "background.tf44-chr22.RData"
[1] 2466.242
[1] "background.tf44-chr3.RData"
[1] 1772.52
[1] "background.tf44-chr4.RData"
[1] 1928.865
[1] "background.tf44-chr5.RData"
[1] 1901.391
[1] "background.tf44-chr6.RData"
[1] 2063.182
[1] "background.tf44-chr7.RData"
[1] 1781.275
[1] "background.tf44-chr8.RData"
[1] 2029.206
[1] "background.tf44-chr9.RData"
[1] 2070.937
[1] "background.tf44-chrM.RData"
[1] 0
[1] "background.tf44-chrX.RData"
[1] 1797.107
[1] 1
[1] 2
[1] 3
[1] 4
[1] 5
[1] 6
[1] 7
[1] 8
[1] 9
[1] 10
[1] 11
[1] 12
[1] 13
[1] 14
[1] 15
[1] 16
[1] 17
[1] 18
[1] 19
[1] 20
[1] 21
[1] 22
[1] 23
[1] 24
Time difference of 8.991971 mins
> 
> ###
> # do RC
> 
> match.rc = T
> 
> suppressWarnings(source(commonfile))
> if(overwrite==F & file.exists( file.path(outdir,paste0(pwmid,'-diag.rc.pdf')))){
+   stop(paste0('found previous run for ',pwmid,' avoiding overwrite'))
+ }
> 
> debugstring = c('loading pwm.rc','loadbam.rc','clustering.rc','binding outputs.rc')
> 
> tryCatch({
+ phase=0
+ load(paste0(pwmdir,pwmid,'.pwmout.rc.RData'))
+ if(sum(clengths[1])>0){
+ phase=1
+ at<-Sys.time()
+ source('loadbam.r')
+ print(Sys.time()-at);at<-Sys.time()
+ phase=2
+ source('cluster.r')
+ print(Sys.time()-at);at<-Sys.time()
+ phase=3
+ source('bindcall.r')
+ print(Sys.time()-at);at<-Sys.time()
+ }
+ },error = function(e){
+    e$message=paste0('error during ',debugstring[phase+1],'\n','Error msg: ',e$message,'\n Args:',paste0(commandArgs(trailingOnly = TRUE),collapse=':'))
+    stop(e)
+ })
[1] "chr1"
[1] "chr2"
[1] "chr3"
[1] "chr4"
[1] "chr5"
[1] "chr6"
[1] "chr7"
[1] "chr8"
[1] "chr9"
[1] "chr10"
[1] "chr11"
[1] "chr12"
[1] "chr13"
[1] "chr14"
[1] "chr15"
[1] "chr16"
[1] "chr17"
[1] "chr18"
[1] "chr19"
[1] "chr20"
[1] "chr21"
[1] "chr22"
[1] "chrX"
[1] "chrM"
[1] "chr1"
[1] "chr2"
[1] "chr3"
[1] "chr4"
[1] "chr5"
[1] "chr6"
[1] "chr7"
[1] "chr8"
[1] "chr9"
[1] "chr10"
[1] "chr11"
[1] "chr12"
[1] "chr13"
[1] "chr14"
[1] "chr15"
[1] "chr16"
[1] "chr17"
[1] "chr18"
[1] "chr19"
[1] "chr20"
[1] "chr21"
[1] "chr22"
[1] "chrX"
[1] "chrM"
Time difference of 6.096451 mins
[1] "/hpcwork/izkf/projects/TfbsPrediction/Results/Footprints/Predictions_NM/K562/PIQ_DU/temp_STAT1//44//positive.tf44-chr1.RData"
[1] "/hpcwork/izkf/projects/TfbsPrediction/Results/Footprints/Predictions_NM/K562/PIQ_DU/temp_STAT1//44//positive.tf44-chr10.RData"
[1] "/hpcwork/izkf/projects/TfbsPrediction/Results/Footprints/Predictions_NM/K562/PIQ_DU/temp_STAT1//44//positive.tf44-chr11.RData"
[1] "/hpcwork/izkf/projects/TfbsPrediction/Results/Footprints/Predictions_NM/K562/PIQ_DU/temp_STAT1//44//positive.tf44-chr12.RData"
[1] "/hpcwork/izkf/projects/TfbsPrediction/Results/Footprints/Predictions_NM/K562/PIQ_DU/temp_STAT1//44//positive.tf44-chr13.RData"
[1] "/hpcwork/izkf/projects/TfbsPrediction/Results/Footprints/Predictions_NM/K562/PIQ_DU/temp_STAT1//44//positive.tf44-chr14.RData"
[1] "/hpcwork/izkf/projects/TfbsPrediction/Results/Footprints/Predictions_NM/K562/PIQ_DU/temp_STAT1//44//positive.tf44-chr15.RData"
[1] "/hpcwork/izkf/projects/TfbsPrediction/Results/Footprints/Predictions_NM/K562/PIQ_DU/temp_STAT1//44//positive.tf44-chr16.RData"
[1] "/hpcwork/izkf/projects/TfbsPrediction/Results/Footprints/Predictions_NM/K562/PIQ_DU/temp_STAT1//44//positive.tf44-chr17.RData"
[1] "/hpcwork/izkf/projects/TfbsPrediction/Results/Footprints/Predictions_NM/K562/PIQ_DU/temp_STAT1//44//positive.tf44-chr18.RData"
[1] "/hpcwork/izkf/projects/TfbsPrediction/Results/Footprints/Predictions_NM/K562/PIQ_DU/temp_STAT1//44//positive.tf44-chr19.RData"
[1] "/hpcwork/izkf/projects/TfbsPrediction/Results/Footprints/Predictions_NM/K562/PIQ_DU/temp_STAT1//44//positive.tf44-chr2.RData"
[1] "/hpcwork/izkf/projects/TfbsPrediction/Results/Footprints/Predictions_NM/K562/PIQ_DU/temp_STAT1//44//positive.tf44-chr20.RData"
[1] "/hpcwork/izkf/projects/TfbsPrediction/Results/Footprints/Predictions_NM/K562/PIQ_DU/temp_STAT1//44//positive.tf44-chr21.RData"
[1] "/hpcwork/izkf/projects/TfbsPrediction/Results/Footprints/Predictions_NM/K562/PIQ_DU/temp_STAT1//44//positive.tf44-chr22.RData"
[1] "/hpcwork/izkf/projects/TfbsPrediction/Results/Footprints/Predictions_NM/K562/PIQ_DU/temp_STAT1//44//positive.tf44-chr3.RData"
[1] "/hpcwork/izkf/projects/TfbsPrediction/Results/Footprints/Predictions_NM/K562/PIQ_DU/temp_STAT1//44//positive.tf44-chr4.RData"
[1] "/hpcwork/izkf/projects/TfbsPrediction/Results/Footprints/Predictions_NM/K562/PIQ_DU/temp_STAT1//44//positive.tf44-chr5.RData"
[1] "/hpcwork/izkf/projects/TfbsPrediction/Results/Footprints/Predictions_NM/K562/PIQ_DU/temp_STAT1//44//positive.tf44-chr6.RData"
[1] "/hpcwork/izkf/projects/TfbsPrediction/Results/Footprints/Predictions_NM/K562/PIQ_DU/temp_STAT1//44//positive.tf44-chr7.RData"
[1] "/hpcwork/izkf/projects/TfbsPrediction/Results/Footprints/Predictions_NM/K562/PIQ_DU/temp_STAT1//44//positive.tf44-chr8.RData"
[1] "/hpcwork/izkf/projects/TfbsPrediction/Results/Footprints/Predictions_NM/K562/PIQ_DU/temp_STAT1//44//positive.tf44-chr9.RData"
[1] "/hpcwork/izkf/projects/TfbsPrediction/Results/Footprints/Predictions_NM/K562/PIQ_DU/temp_STAT1//44//positive.tf44-chrM.RData"
[1] "/hpcwork/izkf/projects/TfbsPrediction/Results/Footprints/Predictions_NM/K562/PIQ_DU/temp_STAT1//44//positive.tf44-chrX.RData"
[1] "/hpcwork/izkf/projects/TfbsPrediction/Results/Footprints/Predictions_NM/K562/PIQ_DU/temp_STAT1//44//background.tf44-chr1.RData"
[1] "/hpcwork/izkf/projects/TfbsPrediction/Results/Footprints/Predictions_NM/K562/PIQ_DU/temp_STAT1//44//background.tf44-chr10.RData"
[1] "/hpcwork/izkf/projects/TfbsPrediction/Results/Footprints/Predictions_NM/K562/PIQ_DU/temp_STAT1//44//background.tf44-chr11.RData"
[1] "/hpcwork/izkf/projects/TfbsPrediction/Results/Footprints/Predictions_NM/K562/PIQ_DU/temp_STAT1//44//background.tf44-chr12.RData"
[1] "/hpcwork/izkf/projects/TfbsPrediction/Results/Footprints/Predictions_NM/K562/PIQ_DU/temp_STAT1//44//background.tf44-chr13.RData"
[1] "/hpcwork/izkf/projects/TfbsPrediction/Results/Footprints/Predictions_NM/K562/PIQ_DU/temp_STAT1//44//background.tf44-chr14.RData"
[1] "/hpcwork/izkf/projects/TfbsPrediction/Results/Footprints/Predictions_NM/K562/PIQ_DU/temp_STAT1//44//background.tf44-chr15.RData"
[1] "/hpcwork/izkf/projects/TfbsPrediction/Results/Footprints/Predictions_NM/K562/PIQ_DU/temp_STAT1//44//background.tf44-chr16.RData"
[1] "/hpcwork/izkf/projects/TfbsPrediction/Results/Footprints/Predictions_NM/K562/PIQ_DU/temp_STAT1//44//background.tf44-chr17.RData"
[1] "/hpcwork/izkf/projects/TfbsPrediction/Results/Footprints/Predictions_NM/K562/PIQ_DU/temp_STAT1//44//background.tf44-chr18.RData"
[1] "/hpcwork/izkf/projects/TfbsPrediction/Results/Footprints/Predictions_NM/K562/PIQ_DU/temp_STAT1//44//background.tf44-chr19.RData"
[1] "/hpcwork/izkf/projects/TfbsPrediction/Results/Footprints/Predictions_NM/K562/PIQ_DU/temp_STAT1//44//background.tf44-chr2.RData"
[1] "/hpcwork/izkf/projects/TfbsPrediction/Results/Footprints/Predictions_NM/K562/PIQ_DU/temp_STAT1//44//background.tf44-chr20.RData"
[1] "/hpcwork/izkf/projects/TfbsPrediction/Results/Footprints/Predictions_NM/K562/PIQ_DU/temp_STAT1//44//background.tf44-chr21.RData"
[1] "/hpcwork/izkf/projects/TfbsPrediction/Results/Footprints/Predictions_NM/K562/PIQ_DU/temp_STAT1//44//background.tf44-chr22.RData"
[1] "/hpcwork/izkf/projects/TfbsPrediction/Results/Footprints/Predictions_NM/K562/PIQ_DU/temp_STAT1//44//background.tf44-chr3.RData"
[1] "/hpcwork/izkf/projects/TfbsPrediction/Results/Footprints/Predictions_NM/K562/PIQ_DU/temp_STAT1//44//background.tf44-chr4.RData"
[1] "/hpcwork/izkf/projects/TfbsPrediction/Results/Footprints/Predictions_NM/K562/PIQ_DU/temp_STAT1//44//background.tf44-chr5.RData"
[1] "/hpcwork/izkf/projects/TfbsPrediction/Results/Footprints/Predictions_NM/K562/PIQ_DU/temp_STAT1//44//background.tf44-chr6.RData"
[1] "/hpcwork/izkf/projects/TfbsPrediction/Results/Footprints/Predictions_NM/K562/PIQ_DU/temp_STAT1//44//background.tf44-chr7.RData"
[1] "/hpcwork/izkf/projects/TfbsPrediction/Results/Footprints/Predictions_NM/K562/PIQ_DU/temp_STAT1//44//background.tf44-chr8.RData"
[1] "/hpcwork/izkf/projects/TfbsPrediction/Results/Footprints/Predictions_NM/K562/PIQ_DU/temp_STAT1//44//background.tf44-chr9.RData"
[1] "/hpcwork/izkf/projects/TfbsPrediction/Results/Footprints/Predictions_NM/K562/PIQ_DU/temp_STAT1//44//background.tf44-chrM.RData"
[1] "/hpcwork/izkf/projects/TfbsPrediction/Results/Footprints/Predictions_NM/K562/PIQ_DU/temp_STAT1//44//background.tf44-chrX.RData"
Time difference of 5.802038 mins
[1] "background.tf44-chr1.RData"
[1] "background.tf44-chr10.RData"
[1] "background.tf44-chr11.RData"
[1] "background.tf44-chr12.RData"
[1] "background.tf44-chr13.RData"
[1] "background.tf44-chr14.RData"
[1] "background.tf44-chr15.RData"
[1] "background.tf44-chr16.RData"
[1] "background.tf44-chr17.RData"
[1] "background.tf44-chr18.RData"
[1] "background.tf44-chr19.RData"
[1] "background.tf44-chr2.RData"
[1] "background.tf44-chr20.RData"
[1] "background.tf44-chr21.RData"
[1] "background.tf44-chr22.RData"
[1] "background.tf44-chr3.RData"
[1] "background.tf44-chr4.RData"
[1] "background.tf44-chr5.RData"
[1] "background.tf44-chr6.RData"
[1] "background.tf44-chr7.RData"
[1] "background.tf44-chr8.RData"
[1] "background.tf44-chr9.RData"
[1] "background.tf44-chrM.RData"
[1] "background.tf44-chrX.RData"
[1] "background.tf44-chr1.RData"
[1] 2049.208
[1] "background.tf44-chr10.RData"
[1] 1993.822
[1] "background.tf44-chr11.RData"
[1] 1758.973
[1] "background.tf44-chr12.RData"
[1] 1590.449
[1] "background.tf44-chr13.RData"
[1] 1951.332
[1] "background.tf44-chr14.RData"
[1] 2245.426
[1] "background.tf44-chr15.RData"
[1] 1990.357
[1] "background.tf44-chr16.RData"
[1] 1588.791
[1] "background.tf44-chr17.RData"
[1] 1819.027
[1] "background.tf44-chr18.RData"
[1] 1927.36
[1] "background.tf44-chr19.RData"
[1] 1687.453
[1] "background.tf44-chr2.RData"
[1] 1742.948
[1] "background.tf44-chr20.RData"
[1] 1396.34
[1] "background.tf44-chr21.RData"
[1] 2141.837
[1] "background.tf44-chr22.RData"
[1] 1957.084
[1] "background.tf44-chr3.RData"
[1] 1944.907
[1] "background.tf44-chr4.RData"
[1] 2206.273
[1] "background.tf44-chr5.RData"
[1] 1901.391
[1] "background.tf44-chr6.RData"
[1] 2087.939
[1] "background.tf44-chr7.RData"
[1] 1955.239
[1] "background.tf44-chr8.RData"
[1] 1792.095
[1] "background.tf44-chr9.RData"
[1] 2147.225
[1] "background.tf44-chrM.RData"
[1] 397.5517
[1] "background.tf44-chrX.RData"
[1] 1830.397
[1] 1
[1] 2
[1] 3
[1] 4
[1] 5
[1] 6
[1] 7
[1] 8
[1] 9
[1] 10
[1] 11
[1] 12
[1] 13
[1] 14
[1] 15
[1] 16
[1] 17
[1] 18
[1] 19
[1] 20
[1] 21
[1] 22
[1] 23
[1] 24
Time difference of 6.76861 mins
> 


PS:

Read file <DU_K562_STAT1_APQ_err.txt> for stderr output of this job.

