Sender: LSF System <lsfadmin@linuxbcsc66>
Subject: Job 22415749: <DU_K562_SMC3_APQ> in cluster <rcc> Done

Job <DU_K562_SMC3_APQ> was submitted from host <cluster> by user <eg474423> in cluster <rcc>.
Job was executed on host(s) <linuxbcsc66>, in queue <normal>, as user <eg474423> in cluster <rcc>.
</home/eg474423> was used as the home directory.
</work/eg474423/eg474423_Projects/trunk/TfbsPrediction/Code/CompetingMethods/Pipeline> was used as the working directory.
Started at Mon Jun 15 20:39:44 2015
Results reported on Mon Jun 15 21:41:20 2015

Your job looked like:

------------------------------------------------------------
# LSBATCH: User input
./applyPIQ_pipeline.zsh 8 SMC3 /hpcwork/izkf/projects/TfbsPrediction/Results/MPBSAWG/PIQ/ /hpcwork/izkf/projects/TfbsPrediction/Results/Signals/Counts/DU_K562/PIQ/DNase.RData /hpcwork/izkf/projects/TfbsPrediction/Results/Footprints/Predictions_NM/K562/PIQ_DU/
------------------------------------------------------------

Successfully completed.

Resource usage summary:

    CPU time :                                   2203.01 sec.
    Max Memory :                                 6679 MB
    Average Memory :                             4762.25 MB
    Total Requested Memory :                     24000.00 MB
    Delta Memory :                               17321.00 MB
    Max Processes :                              8
    Max Threads :                                9

The output (if any) follows:

> args <- commandArgs(trailingOnly = TRUE)
> print(args)
[1] "common.r"                                                                                      
[2] "/hpcwork/izkf/projects/TfbsPrediction/Results/MPBSAWG/PIQ/"                                    
[3] "/hpcwork/izkf/projects/TfbsPrediction/Results/Footprints/Predictions_NM/K562/PIQ_DU/temp_SMC3/"
[4] "/hpcwork/izkf/projects/TfbsPrediction/Results/Footprints/Predictions_NM/K562/PIQ_DU/res_SMC3/" 
[5] "/hpcwork/izkf/projects/TfbsPrediction/Results/Signals/Counts/DU_K562/PIQ/DNase.RData"          
[6] "8"                                                                                             
> 
> #location of common.r containing runtime parameters
> commonfile = args[1]
> 
> #directory where pwm matches are stored
> pwmdir = args[2]
> 
> #directory to use as fast temporary storage
> tmpdir = args[3]
> 
> #location of output calls
> outdir = args[4]
> 
> #location of the bam RData file made by bam2rdata.r
> bamfile = args[5]
> 
> #which pwm file to use in pwmdir
> pwmid = args[6]
> 
> ###
> # do FW
> 
> match.rc = F
> dump.chropen = F
> 
> two.pass = F
> suppressWarnings(source(commonfile))
> if(overwrite==F & file.exists( file.path(outdir,paste0(pwmid,'-diag.pdf')))){
+   stop(paste0('found previous run for ',pwmid,' avoiding overwrite'))
+ }
> 
> debugstring = c('loading pwm','loadbam','clustering','binding outputs')
> 
> dump.bed = T
> 
> tryCatch({
+ phase=0
+ load(paste0(pwmdir,pwmid,'.pwmout.RData'))
+ if(sum(clengths[1])>0){
+ phase=1
+ at<-Sys.time()
+ source('loadbam.r')
+ print(Sys.time()-at);at<-Sys.time()
+ phase=2
+ source('cluster.r')
+ print(Sys.time()-at);at<-Sys.time()
+ phase=3
+ source('bindcall.r')
+ print(Sys.time()-at);at<-Sys.time()
+ }
+ },error = function(e){
+    e$message=paste0('error during ',debugstring[phase+1],'\n','Error msg: ',e$message,'\n Args:',paste0(commandArgs(trailingOnly = TRUE),collapse=':'))
+    stop(e)
+ })
[1] "chr1"
[1] "chr2"
[1] "chr3"
[1] "chr4"
[1] "chr5"
[1] "chr6"
[1] "chr7"
[1] "chr8"
[1] "chr9"
[1] "chr10"
[1] "chr11"
[1] "chr12"
[1] "chr13"
[1] "chr14"
[1] "chr15"
[1] "chr16"
[1] "chr17"
[1] "chr18"
[1] "chr19"
[1] "chr20"
[1] "chr21"
[1] "chr22"
[1] "chrX"
[1] "chr1"
[1] "chr2"
[1] "chr3"
[1] "chr4"
[1] "chr5"
[1] "chr6"
[1] "chr7"
[1] "chr8"
[1] "chr9"
[1] "chr10"
[1] "chr11"
[1] "chr12"
[1] "chr13"
[1] "chr14"
[1] "chr15"
[1] "chr16"
[1] "chr17"
[1] "chr18"
[1] "chr19"
[1] "chr20"
[1] "chr21"
[1] "chr22"
[1] "chrX"
Time difference of 11.46648 mins
[1] "/hpcwork/izkf/projects/TfbsPrediction/Results/Footprints/Predictions_NM/K562/PIQ_DU/temp_SMC3//8//positive.tf8-chr1.RData"
[1] "/hpcwork/izkf/projects/TfbsPrediction/Results/Footprints/Predictions_NM/K562/PIQ_DU/temp_SMC3//8//positive.tf8-chr10.RData"
[1] "/hpcwork/izkf/projects/TfbsPrediction/Results/Footprints/Predictions_NM/K562/PIQ_DU/temp_SMC3//8//positive.tf8-chr11.RData"
[1] "/hpcwork/izkf/projects/TfbsPrediction/Results/Footprints/Predictions_NM/K562/PIQ_DU/temp_SMC3//8//positive.tf8-chr12.RData"
[1] "/hpcwork/izkf/projects/TfbsPrediction/Results/Footprints/Predictions_NM/K562/PIQ_DU/temp_SMC3//8//positive.tf8-chr13.RData"
[1] "/hpcwork/izkf/projects/TfbsPrediction/Results/Footprints/Predictions_NM/K562/PIQ_DU/temp_SMC3//8//positive.tf8-chr14.RData"
[1] "/hpcwork/izkf/projects/TfbsPrediction/Results/Footprints/Predictions_NM/K562/PIQ_DU/temp_SMC3//8//positive.tf8-chr15.RData"
[1] "/hpcwork/izkf/projects/TfbsPrediction/Results/Footprints/Predictions_NM/K562/PIQ_DU/temp_SMC3//8//positive.tf8-chr16.RData"
[1] "/hpcwork/izkf/projects/TfbsPrediction/Results/Footprints/Predictions_NM/K562/PIQ_DU/temp_SMC3//8//positive.tf8-chr17.RData"
[1] "/hpcwork/izkf/projects/TfbsPrediction/Results/Footprints/Predictions_NM/K562/PIQ_DU/temp_SMC3//8//positive.tf8-chr18.RData"
[1] "/hpcwork/izkf/projects/TfbsPrediction/Results/Footprints/Predictions_NM/K562/PIQ_DU/temp_SMC3//8//positive.tf8-chr19.RData"
[1] "/hpcwork/izkf/projects/TfbsPrediction/Results/Footprints/Predictions_NM/K562/PIQ_DU/temp_SMC3//8//positive.tf8-chr2.RData"
[1] "/hpcwork/izkf/projects/TfbsPrediction/Results/Footprints/Predictions_NM/K562/PIQ_DU/temp_SMC3//8//positive.tf8-chr20.RData"
[1] "/hpcwork/izkf/projects/TfbsPrediction/Results/Footprints/Predictions_NM/K562/PIQ_DU/temp_SMC3//8//positive.tf8-chr21.RData"
[1] "/hpcwork/izkf/projects/TfbsPrediction/Results/Footprints/Predictions_NM/K562/PIQ_DU/temp_SMC3//8//positive.tf8-chr22.RData"
[1] "/hpcwork/izkf/projects/TfbsPrediction/Results/Footprints/Predictions_NM/K562/PIQ_DU/temp_SMC3//8//positive.tf8-chr3.RData"
[1] "/hpcwork/izkf/projects/TfbsPrediction/Results/Footprints/Predictions_NM/K562/PIQ_DU/temp_SMC3//8//positive.tf8-chr4.RData"
[1] "/hpcwork/izkf/projects/TfbsPrediction/Results/Footprints/Predictions_NM/K562/PIQ_DU/temp_SMC3//8//positive.tf8-chr5.RData"
[1] "/hpcwork/izkf/projects/TfbsPrediction/Results/Footprints/Predictions_NM/K562/PIQ_DU/temp_SMC3//8//positive.tf8-chr6.RData"
[1] "/hpcwork/izkf/projects/TfbsPrediction/Results/Footprints/Predictions_NM/K562/PIQ_DU/temp_SMC3//8//positive.tf8-chr7.RData"
[1] "/hpcwork/izkf/projects/TfbsPrediction/Results/Footprints/Predictions_NM/K562/PIQ_DU/temp_SMC3//8//positive.tf8-chr8.RData"
[1] "/hpcwork/izkf/projects/TfbsPrediction/Results/Footprints/Predictions_NM/K562/PIQ_DU/temp_SMC3//8//positive.tf8-chr9.RData"
[1] "/hpcwork/izkf/projects/TfbsPrediction/Results/Footprints/Predictions_NM/K562/PIQ_DU/temp_SMC3//8//positive.tf8-chrX.RData"
[1] "/hpcwork/izkf/projects/TfbsPrediction/Results/Footprints/Predictions_NM/K562/PIQ_DU/temp_SMC3//8//background.tf8-chr1.RData"
[1] "/hpcwork/izkf/projects/TfbsPrediction/Results/Footprints/Predictions_NM/K562/PIQ_DU/temp_SMC3//8//background.tf8-chr10.RData"
[1] "/hpcwork/izkf/projects/TfbsPrediction/Results/Footprints/Predictions_NM/K562/PIQ_DU/temp_SMC3//8//background.tf8-chr11.RData"
[1] "/hpcwork/izkf/projects/TfbsPrediction/Results/Footprints/Predictions_NM/K562/PIQ_DU/temp_SMC3//8//background.tf8-chr12.RData"
[1] "/hpcwork/izkf/projects/TfbsPrediction/Results/Footprints/Predictions_NM/K562/PIQ_DU/temp_SMC3//8//background.tf8-chr13.RData"
[1] "/hpcwork/izkf/projects/TfbsPrediction/Results/Footprints/Predictions_NM/K562/PIQ_DU/temp_SMC3//8//background.tf8-chr14.RData"
[1] "/hpcwork/izkf/projects/TfbsPrediction/Results/Footprints/Predictions_NM/K562/PIQ_DU/temp_SMC3//8//background.tf8-chr15.RData"
[1] "/hpcwork/izkf/projects/TfbsPrediction/Results/Footprints/Predictions_NM/K562/PIQ_DU/temp_SMC3//8//background.tf8-chr16.RData"
[1] "/hpcwork/izkf/projects/TfbsPrediction/Results/Footprints/Predictions_NM/K562/PIQ_DU/temp_SMC3//8//background.tf8-chr17.RData"
[1] "/hpcwork/izkf/projects/TfbsPrediction/Results/Footprints/Predictions_NM/K562/PIQ_DU/temp_SMC3//8//background.tf8-chr18.RData"
[1] "/hpcwork/izkf/projects/TfbsPrediction/Results/Footprints/Predictions_NM/K562/PIQ_DU/temp_SMC3//8//background.tf8-chr19.RData"
[1] "/hpcwork/izkf/projects/TfbsPrediction/Results/Footprints/Predictions_NM/K562/PIQ_DU/temp_SMC3//8//background.tf8-chr2.RData"
[1] "/hpcwork/izkf/projects/TfbsPrediction/Results/Footprints/Predictions_NM/K562/PIQ_DU/temp_SMC3//8//background.tf8-chr20.RData"
[1] "/hpcwork/izkf/projects/TfbsPrediction/Results/Footprints/Predictions_NM/K562/PIQ_DU/temp_SMC3//8//background.tf8-chr21.RData"
[1] "/hpcwork/izkf/projects/TfbsPrediction/Results/Footprints/Predictions_NM/K562/PIQ_DU/temp_SMC3//8//background.tf8-chr22.RData"
[1] "/hpcwork/izkf/projects/TfbsPrediction/Results/Footprints/Predictions_NM/K562/PIQ_DU/temp_SMC3//8//background.tf8-chr3.RData"
[1] "/hpcwork/izkf/projects/TfbsPrediction/Results/Footprints/Predictions_NM/K562/PIQ_DU/temp_SMC3//8//background.tf8-chr4.RData"
[1] "/hpcwork/izkf/projects/TfbsPrediction/Results/Footprints/Predictions_NM/K562/PIQ_DU/temp_SMC3//8//background.tf8-chr5.RData"
[1] "/hpcwork/izkf/projects/TfbsPrediction/Results/Footprints/Predictions_NM/K562/PIQ_DU/temp_SMC3//8//background.tf8-chr6.RData"
[1] "/hpcwork/izkf/projects/TfbsPrediction/Results/Footprints/Predictions_NM/K562/PIQ_DU/temp_SMC3//8//background.tf8-chr7.RData"
[1] "/hpcwork/izkf/projects/TfbsPrediction/Results/Footprints/Predictions_NM/K562/PIQ_DU/temp_SMC3//8//background.tf8-chr8.RData"
[1] "/hpcwork/izkf/projects/TfbsPrediction/Results/Footprints/Predictions_NM/K562/PIQ_DU/temp_SMC3//8//background.tf8-chr9.RData"
[1] "/hpcwork/izkf/projects/TfbsPrediction/Results/Footprints/Predictions_NM/K562/PIQ_DU/temp_SMC3//8//background.tf8-chrX.RData"
Time difference of 20.1591 mins
[1] "background.tf8-chr1.RData"
[1] "background.tf8-chr10.RData"
[1] "background.tf8-chr11.RData"
[1] "background.tf8-chr12.RData"
[1] "background.tf8-chr13.RData"
[1] "background.tf8-chr14.RData"
[1] "background.tf8-chr15.RData"
[1] "background.tf8-chr16.RData"
[1] "background.tf8-chr17.RData"
[1] "background.tf8-chr18.RData"
[1] "background.tf8-chr19.RData"
[1] "background.tf8-chr2.RData"
[1] "background.tf8-chr20.RData"
[1] "background.tf8-chr21.RData"
[1] "background.tf8-chr22.RData"
[1] "background.tf8-chr3.RData"
[1] "background.tf8-chr4.RData"
[1] "background.tf8-chr5.RData"
[1] "background.tf8-chr6.RData"
[1] "background.tf8-chr7.RData"
[1] "background.tf8-chr8.RData"
[1] "background.tf8-chr9.RData"
[1] "background.tf8-chrX.RData"
[1] "background.tf8-chr1.RData"
[1] 1979.627
[1] "background.tf8-chr10.RData"
[1] 2047.886
[1] "background.tf8-chr11.RData"
[1] 1592.559
[1] "background.tf8-chr12.RData"
[1] 1874.147
[1] "background.tf8-chr13.RData"
[1] 1609.809
[1] "background.tf8-chr14.RData"
[1] 2068.026
[1] "background.tf8-chr15.RData"
[1] 1506.14
[1] "background.tf8-chr16.RData"
[1] 1768.446
[1] "background.tf8-chr17.RData"
[1] 1589.122
[1] "background.tf8-chr18.RData"
[1] 1617.28
[1] "background.tf8-chr19.RData"
[1] 1712.438
[1] "background.tf8-chr2.RData"
[1] 1855.179
[1] "background.tf8-chr20.RData"
[1] 1676.199
[1] "background.tf8-chr21.RData"
[1] 1689.915
[1] "background.tf8-chr22.RData"
[1] 1917.948
[1] "background.tf8-chr3.RData"
[1] 1936.185
[1] "background.tf8-chr4.RData"
[1] 2070.736
[1] "background.tf8-chr5.RData"
[1] 1742.499
[1] "background.tf8-chr6.RData"
[1] 2201.207
[1] "background.tf8-chr7.RData"
[1] 2100.951
[1] "background.tf8-chr8.RData"
[1] 1849.662
[1] "background.tf8-chr9.RData"
[1] 2877.878
[1] "background.tf8-chrX.RData"
[1] 1930.515
[1] 1
[1] 2
[1] 3
[1] 4
[1] 5
[1] 6
[1] 7
[1] 8
[1] 9
[1] 10
[1] 11
[1] 12
[1] 13
[1] 14
[1] 15
[1] 16
[1] 17
[1] 18
[1] 19
[1] 20
[1] 21
[1] 22
[1] 23
Time difference of 4.734267 mins
> 
> ###
> # do RC
> 
> match.rc = T
> 
> suppressWarnings(source(commonfile))
> if(overwrite==F & file.exists( file.path(outdir,paste0(pwmid,'-diag.rc.pdf')))){
+   stop(paste0('found previous run for ',pwmid,' avoiding overwrite'))
+ }
> 
> debugstring = c('loading pwm.rc','loadbam.rc','clustering.rc','binding outputs.rc')
> 
> tryCatch({
+ phase=0
+ load(paste0(pwmdir,pwmid,'.pwmout.rc.RData'))
+ if(sum(clengths[1])>0){
+ phase=1
+ at<-Sys.time()
+ source('loadbam.r')
+ print(Sys.time()-at);at<-Sys.time()
+ phase=2
+ source('cluster.r')
+ print(Sys.time()-at);at<-Sys.time()
+ phase=3
+ source('bindcall.r')
+ print(Sys.time()-at);at<-Sys.time()
+ }
+ },error = function(e){
+    e$message=paste0('error during ',debugstring[phase+1],'\n','Error msg: ',e$message,'\n Args:',paste0(commandArgs(trailingOnly = TRUE),collapse=':'))
+    stop(e)
+ })
[1] "chr1"
[1] "chr2"
[1] "chr3"
[1] "chr4"
[1] "chr5"
[1] "chr6"
[1] "chr7"
[1] "chr8"
[1] "chr9"
[1] "chr10"
[1] "chr11"
[1] "chr12"
[1] "chr13"
[1] "chr14"
[1] "chr15"
[1] "chr16"
[1] "chr17"
[1] "chr18"
[1] "chr19"
[1] "chr20"
[1] "chr21"
[1] "chr22"
[1] "chrX"
[1] "chrM"
[1] "chr1"
[1] "chr2"
[1] "chr3"
[1] "chr4"
[1] "chr5"
[1] "chr6"
[1] "chr7"
[1] "chr8"
[1] "chr9"
[1] "chr10"
[1] "chr11"
[1] "chr12"
[1] "chr13"
[1] "chr14"
[1] "chr15"
[1] "chr16"
[1] "chr17"
[1] "chr18"
[1] "chr19"
[1] "chr20"
[1] "chr21"
[1] "chr22"
[1] "chrX"
[1] "chrM"
Time difference of 7.754283 mins
[1] "/hpcwork/izkf/projects/TfbsPrediction/Results/Footprints/Predictions_NM/K562/PIQ_DU/temp_SMC3//8//positive.tf8-chr1.RData"
[1] "/hpcwork/izkf/projects/TfbsPrediction/Results/Footprints/Predictions_NM/K562/PIQ_DU/temp_SMC3//8//positive.tf8-chr10.RData"
[1] "/hpcwork/izkf/projects/TfbsPrediction/Results/Footprints/Predictions_NM/K562/PIQ_DU/temp_SMC3//8//positive.tf8-chr11.RData"
[1] "/hpcwork/izkf/projects/TfbsPrediction/Results/Footprints/Predictions_NM/K562/PIQ_DU/temp_SMC3//8//positive.tf8-chr12.RData"
[1] "/hpcwork/izkf/projects/TfbsPrediction/Results/Footprints/Predictions_NM/K562/PIQ_DU/temp_SMC3//8//positive.tf8-chr13.RData"
[1] "/hpcwork/izkf/projects/TfbsPrediction/Results/Footprints/Predictions_NM/K562/PIQ_DU/temp_SMC3//8//positive.tf8-chr14.RData"
[1] "/hpcwork/izkf/projects/TfbsPrediction/Results/Footprints/Predictions_NM/K562/PIQ_DU/temp_SMC3//8//positive.tf8-chr15.RData"
[1] "/hpcwork/izkf/projects/TfbsPrediction/Results/Footprints/Predictions_NM/K562/PIQ_DU/temp_SMC3//8//positive.tf8-chr16.RData"
[1] "/hpcwork/izkf/projects/TfbsPrediction/Results/Footprints/Predictions_NM/K562/PIQ_DU/temp_SMC3//8//positive.tf8-chr17.RData"
[1] "/hpcwork/izkf/projects/TfbsPrediction/Results/Footprints/Predictions_NM/K562/PIQ_DU/temp_SMC3//8//positive.tf8-chr18.RData"
[1] "/hpcwork/izkf/projects/TfbsPrediction/Results/Footprints/Predictions_NM/K562/PIQ_DU/temp_SMC3//8//positive.tf8-chr19.RData"
[1] "/hpcwork/izkf/projects/TfbsPrediction/Results/Footprints/Predictions_NM/K562/PIQ_DU/temp_SMC3//8//positive.tf8-chr2.RData"
[1] "/hpcwork/izkf/projects/TfbsPrediction/Results/Footprints/Predictions_NM/K562/PIQ_DU/temp_SMC3//8//positive.tf8-chr20.RData"
[1] "/hpcwork/izkf/projects/TfbsPrediction/Results/Footprints/Predictions_NM/K562/PIQ_DU/temp_SMC3//8//positive.tf8-chr21.RData"
[1] "/hpcwork/izkf/projects/TfbsPrediction/Results/Footprints/Predictions_NM/K562/PIQ_DU/temp_SMC3//8//positive.tf8-chr22.RData"
[1] "/hpcwork/izkf/projects/TfbsPrediction/Results/Footprints/Predictions_NM/K562/PIQ_DU/temp_SMC3//8//positive.tf8-chr3.RData"
[1] "/hpcwork/izkf/projects/TfbsPrediction/Results/Footprints/Predictions_NM/K562/PIQ_DU/temp_SMC3//8//positive.tf8-chr4.RData"
[1] "/hpcwork/izkf/projects/TfbsPrediction/Results/Footprints/Predictions_NM/K562/PIQ_DU/temp_SMC3//8//positive.tf8-chr5.RData"
[1] "/hpcwork/izkf/projects/TfbsPrediction/Results/Footprints/Predictions_NM/K562/PIQ_DU/temp_SMC3//8//positive.tf8-chr6.RData"
[1] "/hpcwork/izkf/projects/TfbsPrediction/Results/Footprints/Predictions_NM/K562/PIQ_DU/temp_SMC3//8//positive.tf8-chr7.RData"
[1] "/hpcwork/izkf/projects/TfbsPrediction/Results/Footprints/Predictions_NM/K562/PIQ_DU/temp_SMC3//8//positive.tf8-chr8.RData"
[1] "/hpcwork/izkf/projects/TfbsPrediction/Results/Footprints/Predictions_NM/K562/PIQ_DU/temp_SMC3//8//positive.tf8-chr9.RData"
[1] "/hpcwork/izkf/projects/TfbsPrediction/Results/Footprints/Predictions_NM/K562/PIQ_DU/temp_SMC3//8//positive.tf8-chrM.RData"
[1] "/hpcwork/izkf/projects/TfbsPrediction/Results/Footprints/Predictions_NM/K562/PIQ_DU/temp_SMC3//8//positive.tf8-chrX.RData"
[1] "/hpcwork/izkf/projects/TfbsPrediction/Results/Footprints/Predictions_NM/K562/PIQ_DU/temp_SMC3//8//background.tf8-chr1.RData"
[1] "/hpcwork/izkf/projects/TfbsPrediction/Results/Footprints/Predictions_NM/K562/PIQ_DU/temp_SMC3//8//background.tf8-chr10.RData"
[1] "/hpcwork/izkf/projects/TfbsPrediction/Results/Footprints/Predictions_NM/K562/PIQ_DU/temp_SMC3//8//background.tf8-chr11.RData"
[1] "/hpcwork/izkf/projects/TfbsPrediction/Results/Footprints/Predictions_NM/K562/PIQ_DU/temp_SMC3//8//background.tf8-chr12.RData"
[1] "/hpcwork/izkf/projects/TfbsPrediction/Results/Footprints/Predictions_NM/K562/PIQ_DU/temp_SMC3//8//background.tf8-chr13.RData"
[1] "/hpcwork/izkf/projects/TfbsPrediction/Results/Footprints/Predictions_NM/K562/PIQ_DU/temp_SMC3//8//background.tf8-chr14.RData"
[1] "/hpcwork/izkf/projects/TfbsPrediction/Results/Footprints/Predictions_NM/K562/PIQ_DU/temp_SMC3//8//background.tf8-chr15.RData"
[1] "/hpcwork/izkf/projects/TfbsPrediction/Results/Footprints/Predictions_NM/K562/PIQ_DU/temp_SMC3//8//background.tf8-chr16.RData"
[1] "/hpcwork/izkf/projects/TfbsPrediction/Results/Footprints/Predictions_NM/K562/PIQ_DU/temp_SMC3//8//background.tf8-chr17.RData"
[1] "/hpcwork/izkf/projects/TfbsPrediction/Results/Footprints/Predictions_NM/K562/PIQ_DU/temp_SMC3//8//background.tf8-chr18.RData"
[1] "/hpcwork/izkf/projects/TfbsPrediction/Results/Footprints/Predictions_NM/K562/PIQ_DU/temp_SMC3//8//background.tf8-chr19.RData"
[1] "/hpcwork/izkf/projects/TfbsPrediction/Results/Footprints/Predictions_NM/K562/PIQ_DU/temp_SMC3//8//background.tf8-chr2.RData"
[1] "/hpcwork/izkf/projects/TfbsPrediction/Results/Footprints/Predictions_NM/K562/PIQ_DU/temp_SMC3//8//background.tf8-chr20.RData"
[1] "/hpcwork/izkf/projects/TfbsPrediction/Results/Footprints/Predictions_NM/K562/PIQ_DU/temp_SMC3//8//background.tf8-chr21.RData"
[1] "/hpcwork/izkf/projects/TfbsPrediction/Results/Footprints/Predictions_NM/K562/PIQ_DU/temp_SMC3//8//background.tf8-chr22.RData"
[1] "/hpcwork/izkf/projects/TfbsPrediction/Results/Footprints/Predictions_NM/K562/PIQ_DU/temp_SMC3//8//background.tf8-chr3.RData"
[1] "/hpcwork/izkf/projects/TfbsPrediction/Results/Footprints/Predictions_NM/K562/PIQ_DU/temp_SMC3//8//background.tf8-chr4.RData"
[1] "/hpcwork/izkf/projects/TfbsPrediction/Results/Footprints/Predictions_NM/K562/PIQ_DU/temp_SMC3//8//background.tf8-chr5.RData"
[1] "/hpcwork/izkf/projects/TfbsPrediction/Results/Footprints/Predictions_NM/K562/PIQ_DU/temp_SMC3//8//background.tf8-chr6.RData"
[1] "/hpcwork/izkf/projects/TfbsPrediction/Results/Footprints/Predictions_NM/K562/PIQ_DU/temp_SMC3//8//background.tf8-chr7.RData"
[1] "/hpcwork/izkf/projects/TfbsPrediction/Results/Footprints/Predictions_NM/K562/PIQ_DU/temp_SMC3//8//background.tf8-chr8.RData"
[1] "/hpcwork/izkf/projects/TfbsPrediction/Results/Footprints/Predictions_NM/K562/PIQ_DU/temp_SMC3//8//background.tf8-chr9.RData"
[1] "/hpcwork/izkf/projects/TfbsPrediction/Results/Footprints/Predictions_NM/K562/PIQ_DU/temp_SMC3//8//background.tf8-chrM.RData"
[1] "/hpcwork/izkf/projects/TfbsPrediction/Results/Footprints/Predictions_NM/K562/PIQ_DU/temp_SMC3//8//background.tf8-chrX.RData"
Time difference of 8.669256 mins
[1] "background.tf8-chr1.RData"
[1] "background.tf8-chr10.RData"
[1] "background.tf8-chr11.RData"
[1] "background.tf8-chr12.RData"
[1] "background.tf8-chr13.RData"
[1] "background.tf8-chr14.RData"
[1] "background.tf8-chr15.RData"
[1] "background.tf8-chr16.RData"
[1] "background.tf8-chr17.RData"
[1] "background.tf8-chr18.RData"
[1] "background.tf8-chr19.RData"
[1] "background.tf8-chr2.RData"
[1] "background.tf8-chr20.RData"
[1] "background.tf8-chr21.RData"
[1] "background.tf8-chr22.RData"
[1] "background.tf8-chr3.RData"
[1] "background.tf8-chr4.RData"
[1] "background.tf8-chr5.RData"
[1] "background.tf8-chr6.RData"
[1] "background.tf8-chr7.RData"
[1] "background.tf8-chr8.RData"
[1] "background.tf8-chr9.RData"
[1] "background.tf8-chrM.RData"
[1] "background.tf8-chrX.RData"
[1] "background.tf8-chr1.RData"
[1] 2122.785
[1] "background.tf8-chr10.RData"
[1] 1838.767
[1] "background.tf8-chr11.RData"
[1] 1548.412
[1] "background.tf8-chr12.RData"
[1] 1504.799
[1] "background.tf8-chr13.RData"
[1] 1960.329
[1] "background.tf8-chr14.RData"
[1] 1941.95
[1] "background.tf8-chr15.RData"
[1] 1531.533
[1] "background.tf8-chr16.RData"
[1] 1868.695
[1] "background.tf8-chr17.RData"
[1] 1861.756
[1] "background.tf8-chr18.RData"
[1] 2040.885
[1] "background.tf8-chr19.RData"
[1] 1909.518
[1] "background.tf8-chr2.RData"
[1] 1607.786
[1] "background.tf8-chr20.RData"
[1] 1955.127
[1] "background.tf8-chr21.RData"
[1] 1723.116
[1] "background.tf8-chr22.RData"
[1] 2274.337
[1] "background.tf8-chr3.RData"
[1] 1982.779
[1] "background.tf8-chr4.RData"
[1] 1782.619
[1] "background.tf8-chr5.RData"
[1] 1816.557
[1] "background.tf8-chr6.RData"
[1] 2223.79
[1] "background.tf8-chr7.RData"
[1] 2081.848
[1] "background.tf8-chr8.RData"
[1] 1891.08
[1] "background.tf8-chr9.RData"
[1] 2937.855
[1] "background.tf8-chrM.RData"
[1] 0
[1] "background.tf8-chrX.RData"
[1] 2003.695
[1] 1
[1] 2
[1] 3
[1] 4
[1] 5
[1] 6
[1] 7
[1] 8
[1] 9
[1] 10
[1] 11
[1] 12
[1] 13
[1] 14
[1] 15
[1] 16
[1] 17
[1] 18
[1] 19
[1] 20
[1] 21
[1] 22
[1] 23
[1] 24
Time difference of 6.491833 mins
> 


PS:

Read file <DU_K562_SMC3_APQ_err.txt> for stderr output of this job.

