Sender: LSF System <lsfadmin@linuxbsc003>
Subject: Job 22415759: <DU_K562_TR4_APQ> in cluster <rcc> Done

Job <DU_K562_TR4_APQ> was submitted from host <cluster> by user <eg474423> in cluster <rcc>.
Job was executed on host(s) <linuxbsc003>, in queue <normal>, as user <eg474423> in cluster <rcc>.
</home/eg474423> was used as the home directory.
</work/eg474423/eg474423_Projects/trunk/TfbsPrediction/Code/CompetingMethods/Pipeline> was used as the working directory.
Started at Mon Jun 15 20:57:52 2015
Results reported on Mon Jun 15 21:43:38 2015

Your job looked like:

------------------------------------------------------------
# LSBATCH: User input
./applyPIQ_pipeline.zsh 51 TR4 /hpcwork/izkf/projects/TfbsPrediction/Results/MPBSAWG/PIQ/ /hpcwork/izkf/projects/TfbsPrediction/Results/Signals/Counts/DU_K562/PIQ/DNase.RData /hpcwork/izkf/projects/TfbsPrediction/Results/Footprints/Predictions_NM/K562/PIQ_DU/
------------------------------------------------------------

Successfully completed.

Resource usage summary:

    CPU time :                                   2364.43 sec.
    Max Memory :                                 8719 MB
    Average Memory :                             6064.93 MB
    Total Requested Memory :                     24000.00 MB
    Delta Memory :                               15281.00 MB
    Max Processes :                              8
    Max Threads :                                9

The output (if any) follows:

> args <- commandArgs(trailingOnly = TRUE)
> print(args)
[1] "common.r"                                                                                     
[2] "/hpcwork/izkf/projects/TfbsPrediction/Results/MPBSAWG/PIQ/"                                   
[3] "/hpcwork/izkf/projects/TfbsPrediction/Results/Footprints/Predictions_NM/K562/PIQ_DU/temp_TR4/"
[4] "/hpcwork/izkf/projects/TfbsPrediction/Results/Footprints/Predictions_NM/K562/PIQ_DU/res_TR4/" 
[5] "/hpcwork/izkf/projects/TfbsPrediction/Results/Signals/Counts/DU_K562/PIQ/DNase.RData"         
[6] "51"                                                                                           
> 
> #location of common.r containing runtime parameters
> commonfile = args[1]
> 
> #directory where pwm matches are stored
> pwmdir = args[2]
> 
> #directory to use as fast temporary storage
> tmpdir = args[3]
> 
> #location of output calls
> outdir = args[4]
> 
> #location of the bam RData file made by bam2rdata.r
> bamfile = args[5]
> 
> #which pwm file to use in pwmdir
> pwmid = args[6]
> 
> ###
> # do FW
> 
> match.rc = F
> dump.chropen = F
> 
> two.pass = F
> suppressWarnings(source(commonfile))
> if(overwrite==F & file.exists( file.path(outdir,paste0(pwmid,'-diag.pdf')))){
+   stop(paste0('found previous run for ',pwmid,' avoiding overwrite'))
+ }
> 
> debugstring = c('loading pwm','loadbam','clustering','binding outputs')
> 
> dump.bed = T
> 
> tryCatch({
+ phase=0
+ load(paste0(pwmdir,pwmid,'.pwmout.RData'))
+ if(sum(clengths[1])>0){
+ phase=1
+ at<-Sys.time()
+ source('loadbam.r')
+ print(Sys.time()-at);at<-Sys.time()
+ phase=2
+ source('cluster.r')
+ print(Sys.time()-at);at<-Sys.time()
+ phase=3
+ source('bindcall.r')
+ print(Sys.time()-at);at<-Sys.time()
+ }
+ },error = function(e){
+    e$message=paste0('error during ',debugstring[phase+1],'\n','Error msg: ',e$message,'\n Args:',paste0(commandArgs(trailingOnly = TRUE),collapse=':'))
+    stop(e)
+ })
[1] "chr1"
[1] "chr2"
[1] "chr3"
[1] "chr4"
[1] "chr5"
[1] "chr6"
[1] "chr7"
[1] "chr8"
[1] "chr9"
[1] "chr10"
[1] "chr11"
[1] "chr12"
[1] "chr13"
[1] "chr14"
[1] "chr15"
[1] "chr16"
[1] "chr17"
[1] "chr18"
[1] "chr19"
[1] "chr20"
[1] "chr21"
[1] "chr22"
[1] "chrX"
[1] "chrM"
[1] "chr1"
[1] "chr2"
[1] "chr3"
[1] "chr4"
[1] "chr5"
[1] "chr6"
[1] "chr7"
[1] "chr8"
[1] "chr9"
[1] "chr10"
[1] "chr11"
[1] "chr12"
[1] "chr13"
[1] "chr14"
[1] "chr15"
[1] "chr16"
[1] "chr17"
[1] "chr18"
[1] "chr19"
[1] "chr20"
[1] "chr21"
[1] "chr22"
[1] "chrX"
[1] "chrM"
Time difference of 7.513713 mins
[1] "/hpcwork/izkf/projects/TfbsPrediction/Results/Footprints/Predictions_NM/K562/PIQ_DU/temp_TR4//51//positive.tf51-chr1.RData"
[1] "/hpcwork/izkf/projects/TfbsPrediction/Results/Footprints/Predictions_NM/K562/PIQ_DU/temp_TR4//51//positive.tf51-chr10.RData"
[1] "/hpcwork/izkf/projects/TfbsPrediction/Results/Footprints/Predictions_NM/K562/PIQ_DU/temp_TR4//51//positive.tf51-chr11.RData"
[1] "/hpcwork/izkf/projects/TfbsPrediction/Results/Footprints/Predictions_NM/K562/PIQ_DU/temp_TR4//51//positive.tf51-chr12.RData"
[1] "/hpcwork/izkf/projects/TfbsPrediction/Results/Footprints/Predictions_NM/K562/PIQ_DU/temp_TR4//51//positive.tf51-chr13.RData"
[1] "/hpcwork/izkf/projects/TfbsPrediction/Results/Footprints/Predictions_NM/K562/PIQ_DU/temp_TR4//51//positive.tf51-chr14.RData"
[1] "/hpcwork/izkf/projects/TfbsPrediction/Results/Footprints/Predictions_NM/K562/PIQ_DU/temp_TR4//51//positive.tf51-chr15.RData"
[1] "/hpcwork/izkf/projects/TfbsPrediction/Results/Footprints/Predictions_NM/K562/PIQ_DU/temp_TR4//51//positive.tf51-chr16.RData"
[1] "/hpcwork/izkf/projects/TfbsPrediction/Results/Footprints/Predictions_NM/K562/PIQ_DU/temp_TR4//51//positive.tf51-chr17.RData"
[1] "/hpcwork/izkf/projects/TfbsPrediction/Results/Footprints/Predictions_NM/K562/PIQ_DU/temp_TR4//51//positive.tf51-chr18.RData"
[1] "/hpcwork/izkf/projects/TfbsPrediction/Results/Footprints/Predictions_NM/K562/PIQ_DU/temp_TR4//51//positive.tf51-chr19.RData"
[1] "/hpcwork/izkf/projects/TfbsPrediction/Results/Footprints/Predictions_NM/K562/PIQ_DU/temp_TR4//51//positive.tf51-chr2.RData"
[1] "/hpcwork/izkf/projects/TfbsPrediction/Results/Footprints/Predictions_NM/K562/PIQ_DU/temp_TR4//51//positive.tf51-chr20.RData"
[1] "/hpcwork/izkf/projects/TfbsPrediction/Results/Footprints/Predictions_NM/K562/PIQ_DU/temp_TR4//51//positive.tf51-chr21.RData"
[1] "/hpcwork/izkf/projects/TfbsPrediction/Results/Footprints/Predictions_NM/K562/PIQ_DU/temp_TR4//51//positive.tf51-chr22.RData"
[1] "/hpcwork/izkf/projects/TfbsPrediction/Results/Footprints/Predictions_NM/K562/PIQ_DU/temp_TR4//51//positive.tf51-chr3.RData"
[1] "/hpcwork/izkf/projects/TfbsPrediction/Results/Footprints/Predictions_NM/K562/PIQ_DU/temp_TR4//51//positive.tf51-chr4.RData"
[1] "/hpcwork/izkf/projects/TfbsPrediction/Results/Footprints/Predictions_NM/K562/PIQ_DU/temp_TR4//51//positive.tf51-chr5.RData"
[1] "/hpcwork/izkf/projects/TfbsPrediction/Results/Footprints/Predictions_NM/K562/PIQ_DU/temp_TR4//51//positive.tf51-chr6.RData"
[1] "/hpcwork/izkf/projects/TfbsPrediction/Results/Footprints/Predictions_NM/K562/PIQ_DU/temp_TR4//51//positive.tf51-chr7.RData"
[1] "/hpcwork/izkf/projects/TfbsPrediction/Results/Footprints/Predictions_NM/K562/PIQ_DU/temp_TR4//51//positive.tf51-chr8.RData"
[1] "/hpcwork/izkf/projects/TfbsPrediction/Results/Footprints/Predictions_NM/K562/PIQ_DU/temp_TR4//51//positive.tf51-chr9.RData"
[1] "/hpcwork/izkf/projects/TfbsPrediction/Results/Footprints/Predictions_NM/K562/PIQ_DU/temp_TR4//51//positive.tf51-chrM.RData"
[1] "/hpcwork/izkf/projects/TfbsPrediction/Results/Footprints/Predictions_NM/K562/PIQ_DU/temp_TR4//51//positive.tf51-chrX.RData"
[1] "/hpcwork/izkf/projects/TfbsPrediction/Results/Footprints/Predictions_NM/K562/PIQ_DU/temp_TR4//51//background.tf51-chr1.RData"
[1] "/hpcwork/izkf/projects/TfbsPrediction/Results/Footprints/Predictions_NM/K562/PIQ_DU/temp_TR4//51//background.tf51-chr10.RData"
[1] "/hpcwork/izkf/projects/TfbsPrediction/Results/Footprints/Predictions_NM/K562/PIQ_DU/temp_TR4//51//background.tf51-chr11.RData"
[1] "/hpcwork/izkf/projects/TfbsPrediction/Results/Footprints/Predictions_NM/K562/PIQ_DU/temp_TR4//51//background.tf51-chr12.RData"
[1] "/hpcwork/izkf/projects/TfbsPrediction/Results/Footprints/Predictions_NM/K562/PIQ_DU/temp_TR4//51//background.tf51-chr13.RData"
[1] "/hpcwork/izkf/projects/TfbsPrediction/Results/Footprints/Predictions_NM/K562/PIQ_DU/temp_TR4//51//background.tf51-chr14.RData"
[1] "/hpcwork/izkf/projects/TfbsPrediction/Results/Footprints/Predictions_NM/K562/PIQ_DU/temp_TR4//51//background.tf51-chr15.RData"
[1] "/hpcwork/izkf/projects/TfbsPrediction/Results/Footprints/Predictions_NM/K562/PIQ_DU/temp_TR4//51//background.tf51-chr16.RData"
[1] "/hpcwork/izkf/projects/TfbsPrediction/Results/Footprints/Predictions_NM/K562/PIQ_DU/temp_TR4//51//background.tf51-chr17.RData"
[1] "/hpcwork/izkf/projects/TfbsPrediction/Results/Footprints/Predictions_NM/K562/PIQ_DU/temp_TR4//51//background.tf51-chr18.RData"
[1] "/hpcwork/izkf/projects/TfbsPrediction/Results/Footprints/Predictions_NM/K562/PIQ_DU/temp_TR4//51//background.tf51-chr19.RData"
[1] "/hpcwork/izkf/projects/TfbsPrediction/Results/Footprints/Predictions_NM/K562/PIQ_DU/temp_TR4//51//background.tf51-chr2.RData"
[1] "/hpcwork/izkf/projects/TfbsPrediction/Results/Footprints/Predictions_NM/K562/PIQ_DU/temp_TR4//51//background.tf51-chr20.RData"
[1] "/hpcwork/izkf/projects/TfbsPrediction/Results/Footprints/Predictions_NM/K562/PIQ_DU/temp_TR4//51//background.tf51-chr21.RData"
[1] "/hpcwork/izkf/projects/TfbsPrediction/Results/Footprints/Predictions_NM/K562/PIQ_DU/temp_TR4//51//background.tf51-chr22.RData"
[1] "/hpcwork/izkf/projects/TfbsPrediction/Results/Footprints/Predictions_NM/K562/PIQ_DU/temp_TR4//51//background.tf51-chr3.RData"
[1] "/hpcwork/izkf/projects/TfbsPrediction/Results/Footprints/Predictions_NM/K562/PIQ_DU/temp_TR4//51//background.tf51-chr4.RData"
[1] "/hpcwork/izkf/projects/TfbsPrediction/Results/Footprints/Predictions_NM/K562/PIQ_DU/temp_TR4//51//background.tf51-chr5.RData"
[1] "/hpcwork/izkf/projects/TfbsPrediction/Results/Footprints/Predictions_NM/K562/PIQ_DU/temp_TR4//51//background.tf51-chr6.RData"
[1] "/hpcwork/izkf/projects/TfbsPrediction/Results/Footprints/Predictions_NM/K562/PIQ_DU/temp_TR4//51//background.tf51-chr7.RData"
[1] "/hpcwork/izkf/projects/TfbsPrediction/Results/Footprints/Predictions_NM/K562/PIQ_DU/temp_TR4//51//background.tf51-chr8.RData"
[1] "/hpcwork/izkf/projects/TfbsPrediction/Results/Footprints/Predictions_NM/K562/PIQ_DU/temp_TR4//51//background.tf51-chr9.RData"
[1] "/hpcwork/izkf/projects/TfbsPrediction/Results/Footprints/Predictions_NM/K562/PIQ_DU/temp_TR4//51//background.tf51-chrM.RData"
[1] "/hpcwork/izkf/projects/TfbsPrediction/Results/Footprints/Predictions_NM/K562/PIQ_DU/temp_TR4//51//background.tf51-chrX.RData"
Time difference of 6.995129 mins
[1] "background.tf51-chr1.RData"
[1] "background.tf51-chr10.RData"
[1] "background.tf51-chr11.RData"
[1] "background.tf51-chr12.RData"
[1] "background.tf51-chr13.RData"
[1] "background.tf51-chr14.RData"
[1] "background.tf51-chr15.RData"
[1] "background.tf51-chr16.RData"
[1] "background.tf51-chr17.RData"
[1] "background.tf51-chr18.RData"
[1] "background.tf51-chr19.RData"
[1] "background.tf51-chr2.RData"
[1] "background.tf51-chr20.RData"
[1] "background.tf51-chr21.RData"
[1] "background.tf51-chr22.RData"
[1] "background.tf51-chr3.RData"
[1] "background.tf51-chr4.RData"
[1] "background.tf51-chr5.RData"
[1] "background.tf51-chr6.RData"
[1] "background.tf51-chr7.RData"
[1] "background.tf51-chr8.RData"
[1] "background.tf51-chr9.RData"
[1] "background.tf51-chrM.RData"
[1] "background.tf51-chrX.RData"
[1] "background.tf51-chr1.RData"
[1] 2119.885
[1] "background.tf51-chr10.RData"
[1] 1692.483
[1] "background.tf51-chr11.RData"
[1] 1477.689
[1] "background.tf51-chr12.RData"
[1] 1741.985
[1] "background.tf51-chr13.RData"
[1] 1698.827
[1] "background.tf51-chr14.RData"
[1] 1745.892
[1] "background.tf51-chr15.RData"
[1] 1825.176
[1] "background.tf51-chr16.RData"
[1] 2015.086
[1] "background.tf51-chr17.RData"
[1] 1690.516
[1] "background.tf51-chr18.RData"
[1] 1434.024
[1] "background.tf51-chr19.RData"
[1] 1730.389
[1] "background.tf51-chr2.RData"
[1] 1701.373
[1] "background.tf51-chr20.RData"
[1] 1648.119
[1] "background.tf51-chr21.RData"
[1] 1886.043
[1] "background.tf51-chr22.RData"
[1] 2524.074
[1] "background.tf51-chr3.RData"
[1] 1682.655
[1] "background.tf51-chr4.RData"
[1] 1785.23
[1] "background.tf51-chr5.RData"
[1] 1704.54
[1] "background.tf51-chr6.RData"
[1] 1971.076
[1] "background.tf51-chr7.RData"
[1] 1926.988
[1] "background.tf51-chr8.RData"
[1] 1859.719
[1] "background.tf51-chr9.RData"
[1] 2126.41
[1] "background.tf51-chrM.RData"
[1] 261.819
[1] "background.tf51-chrX.RData"
[1] 2096.456
[1] 1
[1] 2
[1] 3
[1] 4
[1] 5
[1] 6
[1] 7
[1] 8
[1] 9
[1] 10
[1] 11
[1] 12
[1] 13
[1] 14
[1] 15
[1] 16
[1] 17
[1] 18
[1] 19
[1] 20
[1] 21
[1] 22
[1] 23
[1] 24
Time difference of 8.172733 mins
> 
> ###
> # do RC
> 
> match.rc = T
> 
> suppressWarnings(source(commonfile))
> if(overwrite==F & file.exists( file.path(outdir,paste0(pwmid,'-diag.rc.pdf')))){
+   stop(paste0('found previous run for ',pwmid,' avoiding overwrite'))
+ }
> 
> debugstring = c('loading pwm.rc','loadbam.rc','clustering.rc','binding outputs.rc')
> 
> tryCatch({
+ phase=0
+ load(paste0(pwmdir,pwmid,'.pwmout.rc.RData'))
+ if(sum(clengths[1])>0){
+ phase=1
+ at<-Sys.time()
+ source('loadbam.r')
+ print(Sys.time()-at);at<-Sys.time()
+ phase=2
+ source('cluster.r')
+ print(Sys.time()-at);at<-Sys.time()
+ phase=3
+ source('bindcall.r')
+ print(Sys.time()-at);at<-Sys.time()
+ }
+ },error = function(e){
+    e$message=paste0('error during ',debugstring[phase+1],'\n','Error msg: ',e$message,'\n Args:',paste0(commandArgs(trailingOnly = TRUE),collapse=':'))
+    stop(e)
+ })
[1] "chr1"
[1] "chr2"
[1] "chr3"
[1] "chr4"
[1] "chr5"
[1] "chr6"
[1] "chr7"
[1] "chr8"
[1] "chr9"
[1] "chr10"
[1] "chr11"
[1] "chr12"
[1] "chr13"
[1] "chr14"
[1] "chr15"
[1] "chr16"
[1] "chr17"
[1] "chr18"
[1] "chr19"
[1] "chr20"
[1] "chr21"
[1] "chr22"
[1] "chrX"
[1] "chrM"
[1] "chr1"
[1] "chr2"
[1] "chr3"
[1] "chr4"
[1] "chr5"
[1] "chr6"
[1] "chr7"
[1] "chr8"
[1] "chr9"
[1] "chr10"
[1] "chr11"
[1] "chr12"
[1] "chr13"
[1] "chr14"
[1] "chr15"
[1] "chr16"
[1] "chr17"
[1] "chr18"
[1] "chr19"
[1] "chr20"
[1] "chr21"
[1] "chr22"
[1] "chrX"
[1] "chrM"
Time difference of 8.178406 mins
[1] "/hpcwork/izkf/projects/TfbsPrediction/Results/Footprints/Predictions_NM/K562/PIQ_DU/temp_TR4//51//positive.tf51-chr1.RData"
[1] "/hpcwork/izkf/projects/TfbsPrediction/Results/Footprints/Predictions_NM/K562/PIQ_DU/temp_TR4//51//positive.tf51-chr10.RData"
[1] "/hpcwork/izkf/projects/TfbsPrediction/Results/Footprints/Predictions_NM/K562/PIQ_DU/temp_TR4//51//positive.tf51-chr11.RData"
[1] "/hpcwork/izkf/projects/TfbsPrediction/Results/Footprints/Predictions_NM/K562/PIQ_DU/temp_TR4//51//positive.tf51-chr12.RData"
[1] "/hpcwork/izkf/projects/TfbsPrediction/Results/Footprints/Predictions_NM/K562/PIQ_DU/temp_TR4//51//positive.tf51-chr13.RData"
[1] "/hpcwork/izkf/projects/TfbsPrediction/Results/Footprints/Predictions_NM/K562/PIQ_DU/temp_TR4//51//positive.tf51-chr14.RData"
[1] "/hpcwork/izkf/projects/TfbsPrediction/Results/Footprints/Predictions_NM/K562/PIQ_DU/temp_TR4//51//positive.tf51-chr15.RData"
[1] "/hpcwork/izkf/projects/TfbsPrediction/Results/Footprints/Predictions_NM/K562/PIQ_DU/temp_TR4//51//positive.tf51-chr16.RData"
[1] "/hpcwork/izkf/projects/TfbsPrediction/Results/Footprints/Predictions_NM/K562/PIQ_DU/temp_TR4//51//positive.tf51-chr17.RData"
[1] "/hpcwork/izkf/projects/TfbsPrediction/Results/Footprints/Predictions_NM/K562/PIQ_DU/temp_TR4//51//positive.tf51-chr18.RData"
[1] "/hpcwork/izkf/projects/TfbsPrediction/Results/Footprints/Predictions_NM/K562/PIQ_DU/temp_TR4//51//positive.tf51-chr19.RData"
[1] "/hpcwork/izkf/projects/TfbsPrediction/Results/Footprints/Predictions_NM/K562/PIQ_DU/temp_TR4//51//positive.tf51-chr2.RData"
[1] "/hpcwork/izkf/projects/TfbsPrediction/Results/Footprints/Predictions_NM/K562/PIQ_DU/temp_TR4//51//positive.tf51-chr20.RData"
[1] "/hpcwork/izkf/projects/TfbsPrediction/Results/Footprints/Predictions_NM/K562/PIQ_DU/temp_TR4//51//positive.tf51-chr21.RData"
[1] "/hpcwork/izkf/projects/TfbsPrediction/Results/Footprints/Predictions_NM/K562/PIQ_DU/temp_TR4//51//positive.tf51-chr22.RData"
[1] "/hpcwork/izkf/projects/TfbsPrediction/Results/Footprints/Predictions_NM/K562/PIQ_DU/temp_TR4//51//positive.tf51-chr3.RData"
[1] "/hpcwork/izkf/projects/TfbsPrediction/Results/Footprints/Predictions_NM/K562/PIQ_DU/temp_TR4//51//positive.tf51-chr4.RData"
[1] "/hpcwork/izkf/projects/TfbsPrediction/Results/Footprints/Predictions_NM/K562/PIQ_DU/temp_TR4//51//positive.tf51-chr5.RData"
[1] "/hpcwork/izkf/projects/TfbsPrediction/Results/Footprints/Predictions_NM/K562/PIQ_DU/temp_TR4//51//positive.tf51-chr6.RData"
[1] "/hpcwork/izkf/projects/TfbsPrediction/Results/Footprints/Predictions_NM/K562/PIQ_DU/temp_TR4//51//positive.tf51-chr7.RData"
[1] "/hpcwork/izkf/projects/TfbsPrediction/Results/Footprints/Predictions_NM/K562/PIQ_DU/temp_TR4//51//positive.tf51-chr8.RData"
[1] "/hpcwork/izkf/projects/TfbsPrediction/Results/Footprints/Predictions_NM/K562/PIQ_DU/temp_TR4//51//positive.tf51-chr9.RData"
[1] "/hpcwork/izkf/projects/TfbsPrediction/Results/Footprints/Predictions_NM/K562/PIQ_DU/temp_TR4//51//positive.tf51-chrM.RData"
[1] "/hpcwork/izkf/projects/TfbsPrediction/Results/Footprints/Predictions_NM/K562/PIQ_DU/temp_TR4//51//positive.tf51-chrX.RData"
[1] "/hpcwork/izkf/projects/TfbsPrediction/Results/Footprints/Predictions_NM/K562/PIQ_DU/temp_TR4//51//background.tf51-chr1.RData"
[1] "/hpcwork/izkf/projects/TfbsPrediction/Results/Footprints/Predictions_NM/K562/PIQ_DU/temp_TR4//51//background.tf51-chr10.RData"
[1] "/hpcwork/izkf/projects/TfbsPrediction/Results/Footprints/Predictions_NM/K562/PIQ_DU/temp_TR4//51//background.tf51-chr11.RData"
[1] "/hpcwork/izkf/projects/TfbsPrediction/Results/Footprints/Predictions_NM/K562/PIQ_DU/temp_TR4//51//background.tf51-chr12.RData"
[1] "/hpcwork/izkf/projects/TfbsPrediction/Results/Footprints/Predictions_NM/K562/PIQ_DU/temp_TR4//51//background.tf51-chr13.RData"
[1] "/hpcwork/izkf/projects/TfbsPrediction/Results/Footprints/Predictions_NM/K562/PIQ_DU/temp_TR4//51//background.tf51-chr14.RData"
[1] "/hpcwork/izkf/projects/TfbsPrediction/Results/Footprints/Predictions_NM/K562/PIQ_DU/temp_TR4//51//background.tf51-chr15.RData"
[1] "/hpcwork/izkf/projects/TfbsPrediction/Results/Footprints/Predictions_NM/K562/PIQ_DU/temp_TR4//51//background.tf51-chr16.RData"
[1] "/hpcwork/izkf/projects/TfbsPrediction/Results/Footprints/Predictions_NM/K562/PIQ_DU/temp_TR4//51//background.tf51-chr17.RData"
[1] "/hpcwork/izkf/projects/TfbsPrediction/Results/Footprints/Predictions_NM/K562/PIQ_DU/temp_TR4//51//background.tf51-chr18.RData"
[1] "/hpcwork/izkf/projects/TfbsPrediction/Results/Footprints/Predictions_NM/K562/PIQ_DU/temp_TR4//51//background.tf51-chr19.RData"
[1] "/hpcwork/izkf/projects/TfbsPrediction/Results/Footprints/Predictions_NM/K562/PIQ_DU/temp_TR4//51//background.tf51-chr2.RData"
[1] "/hpcwork/izkf/projects/TfbsPrediction/Results/Footprints/Predictions_NM/K562/PIQ_DU/temp_TR4//51//background.tf51-chr20.RData"
[1] "/hpcwork/izkf/projects/TfbsPrediction/Results/Footprints/Predictions_NM/K562/PIQ_DU/temp_TR4//51//background.tf51-chr21.RData"
[1] "/hpcwork/izkf/projects/TfbsPrediction/Results/Footprints/Predictions_NM/K562/PIQ_DU/temp_TR4//51//background.tf51-chr22.RData"
[1] "/hpcwork/izkf/projects/TfbsPrediction/Results/Footprints/Predictions_NM/K562/PIQ_DU/temp_TR4//51//background.tf51-chr3.RData"
[1] "/hpcwork/izkf/projects/TfbsPrediction/Results/Footprints/Predictions_NM/K562/PIQ_DU/temp_TR4//51//background.tf51-chr4.RData"
[1] "/hpcwork/izkf/projects/TfbsPrediction/Results/Footprints/Predictions_NM/K562/PIQ_DU/temp_TR4//51//background.tf51-chr5.RData"
[1] "/hpcwork/izkf/projects/TfbsPrediction/Results/Footprints/Predictions_NM/K562/PIQ_DU/temp_TR4//51//background.tf51-chr6.RData"
[1] "/hpcwork/izkf/projects/TfbsPrediction/Results/Footprints/Predictions_NM/K562/PIQ_DU/temp_TR4//51//background.tf51-chr7.RData"
[1] "/hpcwork/izkf/projects/TfbsPrediction/Results/Footprints/Predictions_NM/K562/PIQ_DU/temp_TR4//51//background.tf51-chr8.RData"
[1] "/hpcwork/izkf/projects/TfbsPrediction/Results/Footprints/Predictions_NM/K562/PIQ_DU/temp_TR4//51//background.tf51-chr9.RData"
[1] "/hpcwork/izkf/projects/TfbsPrediction/Results/Footprints/Predictions_NM/K562/PIQ_DU/temp_TR4//51//background.tf51-chrM.RData"
[1] "/hpcwork/izkf/projects/TfbsPrediction/Results/Footprints/Predictions_NM/K562/PIQ_DU/temp_TR4//51//background.tf51-chrX.RData"
Time difference of 6.621135 mins
[1] "background.tf51-chr1.RData"
[1] "background.tf51-chr10.RData"
[1] "background.tf51-chr11.RData"
[1] "background.tf51-chr12.RData"
[1] "background.tf51-chr13.RData"
[1] "background.tf51-chr14.RData"
[1] "background.tf51-chr15.RData"
[1] "background.tf51-chr16.RData"
[1] "background.tf51-chr17.RData"
[1] "background.tf51-chr18.RData"
[1] "background.tf51-chr19.RData"
[1] "background.tf51-chr2.RData"
[1] "background.tf51-chr20.RData"
[1] "background.tf51-chr21.RData"
[1] "background.tf51-chr22.RData"
[1] "background.tf51-chr3.RData"
[1] "background.tf51-chr4.RData"
[1] "background.tf51-chr5.RData"
[1] "background.tf51-chr6.RData"
[1] "background.tf51-chr7.RData"
[1] "background.tf51-chr8.RData"
[1] "background.tf51-chr9.RData"
[1] "background.tf51-chrM.RData"
[1] "background.tf51-chrX.RData"
[1] "background.tf51-chr1.RData"
[1] 1835.555
[1] "background.tf51-chr10.RData"
[1] 2017.202
[1] "background.tf51-chr11.RData"
[1] 1662.035
[1] "background.tf51-chr12.RData"
[1] 1812.569
[1] "background.tf51-chr13.RData"
[1] 2093.66
[1] "background.tf51-chr14.RData"
[1] 2275.768
[1] "background.tf51-chr15.RData"
[1] 1973.805
[1] "background.tf51-chr16.RData"
[1] 1856.314
[1] "background.tf51-chr17.RData"
[1] 1630.233
[1] "background.tf51-chr18.RData"
[1] 2916.455
[1] "background.tf51-chr19.RData"
[1] 1648.806
[1] "background.tf51-chr2.RData"
[1] 1997.409
[1] "background.tf51-chr20.RData"
[1] 1808.779
[1] "background.tf51-chr21.RData"
[1] 1993.817
[1] "background.tf51-chr22.RData"
[1] 2379.778
[1] "background.tf51-chr3.RData"
[1] 2023.744
[1] "background.tf51-chr4.RData"
[1] 2235.004
[1] "background.tf51-chr5.RData"
[1] 1984.301
[1] "background.tf51-chr6.RData"
[1] 2079.298
[1] "background.tf51-chr7.RData"
[1] 2170.945
[1] "background.tf51-chr8.RData"
[1] 1932.936
[1] "background.tf51-chr9.RData"
[1] 2694.595
[1] "background.tf51-chrM.RData"
[1] 266.0573
[1] "background.tf51-chrX.RData"
[1] 1956.456
[1] 1
[1] 2
[1] 3
[1] 4
[1] 5
[1] 6
[1] 7
[1] 8
[1] 9
[1] 10
[1] 11
[1] 12
[1] 13
[1] 14
[1] 15
[1] 16
[1] 17
[1] 18
[1] 19
[1] 20
[1] 21
[1] 22
[1] 23
[1] 24
Time difference of 6.238005 mins
> 


PS:

Read file <DU_K562_TR4_APQ_err.txt> for stderr output of this job.

